cmdq_record.c:1212:16:cmdq_dummy_irq_callback	0	static
cmdq_record.c:34:9:cmdq_rec_realloc_addr_metadata_buffer	64	static
cmdq_record.c:63:5:cmdq_rec_realloc_cmd_buffer	48	static
cmdq_record.c:110:9:cmdq_task_create	48	static
cmdq_record.c:216:9:cmdq_check_before_append	32	static
cmdq_record.c:449:9:cmdq_task_set_engine	32	static
cmdq_record.c:489:9:cmdq_task_set_secure	32	static
cmdq_record.c:508:9:cmdq_task_is_secure	0	static
cmdq_record.c:531:9:cmdq_task_secure_enable_dapc	32	static
cmdq_record.c:545:9:cmdq_task_secure_enable_port_security	32	static
cmdq_record.c:582:9:cmdq_op_write_reg_secure	32	static
cmdq_record.c:769:9:cmdq_alloc_mem	48	static
cmdq_record.c:794:9:cmdq_cpu_read_mem	48	static
cmdq_record.c:817:9:cmdq_cpu_write_mem	16	static
cmdq_record.c:838:9:cmdq_free_mem	16	static
cmdq_record.c:1029:9:cmdq_setup_sec_data_of_command_desc_by_rec_handle	0	static
cmdq_record.c:1048:9:cmdq_rec_setup_profile_marker_data	0	static
cmdq_record.c:1256:9:cmdq_task_stop_loop	32	static
cmdq_record.c:460:9:cmdq_task_reset	32	static
cmdq_record.c:1273:9:cmdq_task_get_instruction_count	0	static
cmdq_record.c:1343:9:cmdq_task_dump_command	64	static
cmdq_record.c:1379:9:cmdq_task_estimate_command_exec_time	32	static
cmdq_record.c:1393:9:cmdq_task_destroy	32	static
cmdq_record.c:1411:9:cmdq_op_set_nop	48	static
cmdq_record.c:1428:9:cmdq_task_query_offset	48	static
cmdq_record.c:1514:9:cmdq_resource_acquire	32	static
cmdq_record.c:1560:9:cmdqRecCreate	16	static
cmdq_record.c:1565:9:cmdqRecSetEngine	16	static
cmdq_record.c:1570:9:cmdqRecReset	16	static
cmdq_record.c:1575:9:cmdqRecSetSecure	16	static
cmdq_record.c:1580:9:cmdqRecIsSecure	0	static
cmdq_record.c:1593:9:cmdqRecSecureEnableDAPC	16	static
cmdq_record.c:1598:9:cmdqRecSecureEnablePortSecurity	16	static
cmdq_record.c:1639:9:cmdqRecWriteSecure	32	static
cmdq_record.c:1691:9:cmdqBackupAllocateSlot	16	static
cmdq_record.c:1696:9:cmdqBackupReadSlot	16	static
cmdq_record.c:1701:9:cmdqBackupWriteSlot	16	static
cmdq_record.c:1706:9:cmdqBackupFreeSlot	16	static
cmdq_record.c:1732:9:cmdqRecEnablePrefetch	32	static
cmdq_record.c:1753:9:cmdqRecDisablePrefetch	16	static
cmdq_record.c:336:9:cmdq_append_command	112	static
cmdq_record.c:559:9:cmdq_op_write_reg	48	static
cmdq_record.c:1526:9:cmdq_resource_acquire_and_write	64	static
cmdq_record.c:1634:9:cmdqRecWrite	16	static
cmdq_record.c:652:9:cmdq_op_poll	48	static
cmdq_record.c:1654:9:cmdqRecPoll	16	static
cmdq_record.c:667:9:cmdq_op_wait	32	static
cmdq_record.c:1659:9:cmdqRecWait	16	static
cmdq_record.c:681:9:cmdq_op_wait_no_clear	32	static
cmdq_record.c:1664:9:cmdqRecWaitNoClear	16	static
cmdq_record.c:695:9:cmdq_op_clear_event	32	static
cmdq_record.c:1669:9:cmdqRecClearEventToken	16	static
cmdq_record.c:710:9:cmdq_op_set_event	32	static
cmdq_record.c:1540:9:cmdq_resource_release	48	static
cmdq_record.c:1546:9:cmdq_resource_release_and_write	80	static
cmdq_record.c:1674:9:cmdqRecSetEventToken	16	static
cmdq_record.c:725:9:cmdq_op_read_to_data_register	16	static
cmdq_record.c:1679:9:cmdqRecReadToDataRegister	16	static
cmdq_record.c:747:9:cmdq_op_write_from_data_register	16	static
cmdq_record.c:1685:9:cmdqRecWriteFromDataRegister	16	static
cmdq_record.c:855:9:cmdq_op_read_reg_to_mem	48	static
cmdq_record.c:1285:9:cmdq_op_profile_marker	80	static
cmdq_record.c:1711:9:cmdqRecBackupRegisterToSlot	16	static
cmdq_record.c:906:9:cmdq_op_read_mem_to_reg	48	static
cmdq_record.c:1718:9:cmdqRecBackupWriteRegisterFromSlot	16	static
cmdq_record.c:945:9:cmdq_op_write_mem	48	static
cmdq_record.c:1725:9:cmdqRecBackupUpdateSlot	16	static
cmdq_record.c:985:9:cmdq_op_finalize_command	32	static
cmdq_record.c:1062:9:cmdq_task_flush	256	static
cmdq_record.c:1088:9:cmdq_task_flush_and_read_register	272	static
cmdq_record.c:1119:9:cmdq_task_flush_async	272	static
cmdq_record.c:1164:9:cmdq_task_flush_async_callback	288	static
cmdq_record.c:1222:9:cmdq_task_start_loop_callback	272	static
cmdq_record.c:1217:9:cmdq_task_start_loop	16	static
cmdq_record.c:1603:9:cmdqRecMark	32	static
cmdq_record.c:1784:9:cmdqRecFlush	16	static
cmdq_record.c:1789:9:cmdqRecFlushAndReadRegister	16	static
cmdq_record.c:1795:9:cmdqRecFlushAsync	16	static
cmdq_record.c:1800:9:cmdqRecFlushAsyncCallback	16	static
cmdq_record.c:1806:9:cmdqRecStartLoop	16	static
cmdq_record.c:1811:9:cmdqRecStartLoopWithCallback	16	static
cmdq_record.c:1816:9:cmdqRecStopLoop	16	static
cmdq_record.c:1821:9:cmdqRecGetInstructionCount	16	static
cmdq_record.c:1826:9:cmdqRecProfileMarker	16	static
cmdq_record.c:1831:9:cmdqRecDumpCommand	16	static
cmdq_record.c:1836:9:cmdqRecEstimateCommandExecTime	16	static
cmdq_record.c:1841:6:cmdqRecDestroy	16	static
cmdq_record.c:1846:9:cmdqRecSetNOP	16	static
cmdq_record.c:1851:9:cmdqRecQueryOffset	16	static
cmdq_record.c:1857:9:cmdqRecAcquireResource	16	static
cmdq_record.c:1862:9:cmdqRecWriteForResource	16	static
cmdq_record.c:1868:9:cmdqRecReleaseResource	16	static
cmdq_record.c:1873:9:cmdqRecWriteAndReleaseResource	16	static
