cmdq_device.c:307:6:cmdq_dev_get_module_PA.part.1	16	static
cmdq_device.c:389:6:cmdq_dev_test_subsys_correctness_impl.part.2	48	static
cmdq_device.c:420:6:cmdq_dev_get_event_value_by_name.part.3	48	static
cmdq_device.c:46:16:cmdq_dev_get	0	static
cmdq_device.c:51:10:cmdq_dev_get_irq_id	0	static
cmdq_device.c:56:10:cmdq_dev_get_irq_secure_id	0	static
cmdq_device.c:61:6:cmdq_dev_get_module_base_VA_GCE	0	static
cmdq_device.c:66:6:cmdq_dev_get_module_base_PA_GCE	0	static
cmdq_device.c:71:9:cmdq_dev_get_dma_mask_result	0	static
cmdq_device.c:76:6:cmdq_dev_get_module_base_VA_MMSYS_CONFIG	0	static
cmdq_device.c:81:6:cmdq_dev_set_module_base_VA_MMSYS_CONFIG	0	static
cmdq_device.c:86:6:cmdq_dev_get_APXGPT2_count	0	static
cmdq_device.c:91:10:cmdq_dev_get_mmsys_dummy_reg_offset	0	static
cmdq_device.c:110:6:cmdq_dev_deinit_module_base_VA	16	static
cmdq_device.c:121:6:cmdq_dev_alloc_module_base_VA_by_name	32	static
cmdq_device.c:96:6:cmdq_dev_init_module_base_VA	32	static
cmdq_device.c:133:6:cmdq_dev_free_module_base_VA	16	static
cmdq_device.c:138:6:cmdq_dev_get_gce_node_PA	80	static
cmdq_device.c:193:6:cmdq_dev_get_module_clock_by_dev	48	static
cmdq_device.c:206:6:cmdq_dev_get_module_clock_by_name	32	static
cmdq_device.c:223:10:cmdq_dev_enable_device_clock	48	static
cmdq_device.c:241:6:cmdq_dev_device_clock_is_enable	0	static
cmdq_device.c:247:10:cmdq_dev_enable_clock_SMI_COMMON	48	static
cmdq_device.c:264:1:cmdq_dev_enable_clock_SMI_LARB0	16	static
cmdq_device.c:273:6:cmdq_dev_init_module_clk	32	static
cmdq_device.c:289:6:cmdq_dev_enable_gce_clock	16	static
cmdq_device.c:298:6:cmdq_dev_gce_clock_is_enable	0	static
cmdq_device.c:307:6:cmdq_dev_get_module_PA	112	static
cmdq_device.c:329:6:cmdq_dev_init_MDP_PA	64	static
cmdq_device.c:363:6:cmdq_dev_get_subsys_by_name	80	static
cmdq_device.c:389:6:cmdq_dev_test_subsys_correctness_impl	16	static
cmdq_device.c:406:6:cmdq_dev_init_subsys	48	static
cmdq_device.c:420:6:cmdq_dev_get_event_value_by_name	16	static
cmdq_device.c:437:6:cmdq_dev_test_event_correctness_impl	32	static
cmdq_device.c:448:6:cmdq_dev_init_event_table	64	static
cmdq_device.c:461:6:cmdq_dev_test_dts_correctness	32	static
cmdq_device.c:484:6:cmdq_dev_get_dts_setting	32	static
cmdq_device.c:500:6:cmdq_dev_init_resource	80	static
cmdq_device.c:528:6:cmdq_dev_init_device_tree	64	static
cmdq_device.c:565:6:cmdq_dev_init	48	static
cmdq_device.c:608:6:cmdq_dev_deinit	32	static
