xfrm_state.c:1475:27:__xfrm_find_acq_byseq	0	static
xfrm_state.c:1680:13:xfrm_replay_timer_handler	48	static
xfrm_state.c:654:27:__xfrm_state_lookup	0	static
xfrm_state.c:678:27:__xfrm_state_lookup_byaddr	0	static
xfrm_state.c:970:13:__xfrm_state_bump_genids	0	static
xfrm_state.c:100:13:xfrm_hash_resize	96	static
xfrm_state.c:356:13:xfrm_state_gc_task	48	static
xfrm_state.c:2135:13:xfrm_audit_helper_sainfo	48	static
xfrm_state.c:718:13:xfrm_hash_grow_check	16	static
xfrm_state.c:939:13:__xfrm_state_insert	32	static
xfrm_state.c:726:13:xfrm_state_look_at.isra.23	48	static
xfrm_state.c:2159:13:xfrm_audit_helper_pktinfo	16	static
xfrm_state.c:468:20:xfrm_state_alloc	32	static
xfrm_state.c:1002:27:__find_acq_core	112	static
xfrm_state.c:501:6:__xfrm_state_destroy	32	static
xfrm_state.c:514:5:__xfrm_state_delete	32	static
xfrm_state.c:542:5:xfrm_state_delete	32	static
xfrm_state.c:622:6:xfrm_sad_getinfo	48	static
xfrm_state.c:885:1:xfrm_stateonly_find	96	static
xfrm_state.c:917:20:xfrm_state_lookup_byspi	64	static
xfrm_state.c:990:6:xfrm_state_insert	32	static
xfrm_state.c:1080:5:xfrm_state_add	112	static
xfrm_state.c:1220:20:xfrm_migrate_state_find	64	static
xfrm_state.c:1392:1:xfrm_state_lookup	80	static
xfrm_state.c:1405:1:xfrm_state_lookup_byaddr	80	static
xfrm_state.c:1419:1:xfrm_find_acq	112	static
xfrm_state.c:1494:20:xfrm_find_acq_byseq	48	static
xfrm_state.c:1505:5:xfrm_get_acqseq	0	static
xfrm_state.c:1518:5:verify_spi_info	0	static
xfrm_state.c:1542:5:xfrm_alloc_spi	112	static
xfrm_state.c:1614:5:xfrm_state_walk	128	static
xfrm_state.c:1656:6:xfrm_state_walk_init	0	static
xfrm_state.c:1667:6:xfrm_state_walk_done	48	static
xfrm_state.c:1698:6:km_policy_notify	80	static
xfrm_state.c:1709:6:km_state_notify	64	static
xfrm_state.c:1722:6:km_state_expired	48	static
xfrm_state.c:1369:5:xfrm_state_check_expire	32	static
xfrm_state.c:1297:5:xfrm_state_update	64	static
xfrm_state.c:1737:5:km_query	80	static
xfrm_state.c:1753:5:km_new_mapping	96	static
xfrm_state.c:1770:6:km_policy_expired	48	static
xfrm_state.c:1782:5:km_migrate	112	static
xfrm_state.c:1804:5:km_report	96	static
xfrm_state.c:1823:6:km_is_alive	64	static
xfrm_state.c:1841:5:xfrm_user_policy	112	static
xfrm_state.c:1883:5:xfrm_register_km	32	static
xfrm_state.c:1892:5:xfrm_unregister_km	32	static
xfrm_state.c:1902:5:xfrm_state_register_afinfo	48	static
xfrm_state.c:1919:5:xfrm_state_unregister_afinfo	48	static
xfrm_state.c:1939:27:xfrm_state_get_afinfo	32	static
xfrm_state.c:161:5:xfrm_register_type	48	static
xfrm_state.c:182:5:xfrm_unregister_type	48	static
xfrm_state.c:236:5:xfrm_register_mode	48	static
xfrm_state.c:270:5:xfrm_unregister_mode	48	static
xfrm_state.c:764:1:xfrm_state_find	192	static
xfrm_state.c:1435:1:xfrm_tmpl_sort	80	static
xfrm_state.c:1453:1:xfrm_state_sort	64	static
xfrm_state.c:298:26:xfrm_get_mode.part.27	48	static
xfrm_state.c:1951:6:xfrm_state_put_afinfo	16	static
xfrm_state.c:1957:6:xfrm_state_delete_tunnel	32	static
xfrm_state.c:1971:5:xfrm_state_mtu	48	static
xfrm_state.c:1985:5:__xfrm_init_state	64	static
xfrm_state.c:2074:5:xfrm_init_state	16	static
xfrm_state.c:1267:20:xfrm_state_migrate	64	static
xfrm_state.c:2081:16:xfrm_state_init	32	static
xfrm_state.c:2183:6:xfrm_audit_state_add	48	static
xfrm_state.c:2197:6:xfrm_audit_state_delete	48	static
xfrm_state.c:379:29:xfrm_timer_handler	64	static
xfrm_state.c:582:5:xfrm_state_flush	96	static
xfrm_state.c:2115:6:xfrm_state_fini	32	static
xfrm_state.c:2211:6:xfrm_audit_state_replay_overflow	48	static
xfrm_state.c:2229:6:xfrm_audit_state_replay	48	static
xfrm_state.c:2246:6:xfrm_audit_state_notfound_simple	48	static
xfrm_state.c:2258:6:xfrm_audit_state_notfound	64	static
xfrm_state.c:2275:6:xfrm_audit_state_icvfail	64	static
