ccci_modem.c:888:13:ccci_md_dump_log_rec	80	static
ccci_modem.c:459:13:append_runtime_feature	48	static
ccci_modem.c:47:5:ccci_md_get_ex_type	16	static
ccci_modem.c:51:6:ccci_md_exception_notify	32	static
ccci_modem.c:61:20:ccci_md_alloc	32	static
ccci_modem.c:89:6:ccci_md_config	64	static
ccci_modem.c:224:20:ccci_md_get_modem_by_id	0	static
ccci_modem.c:235:5:ccci_md_register	32	static
ccci_modem.c:260:20:ccci_md_get_port_proxy	0	static
ccci_modem.c:275:5:ccci_md_set_boot_data	0	static
ccci_modem.c:290:20:ccci_md_get_another	16	static
ccci_modem.c:303:5:ccci_md_get_state_by_id	0	static
ccci_modem.c:314:5:ccci_md_force_assert	32	static
ccci_modem.c:346:19:get_md_state_for_user	32	static
ccci_modem.c:375:5:ccci_md_check_ee_done	80	static
ccci_modem.c:405:6:ccci_md_set_reload_type	32	static
ccci_modem.c:415:5:ccci_md_store_load_type	48	static
ccci_modem.c:439:6:ccci_md_status_notice	16	static
ccci_modem.c:444:5:ccci_md_send_msg_to_user	16	static
ccci_modem.c:449:5:ccci_send_msg_to_md	16	static
ccci_modem.c:454:6:ccci_md_dump_port_status	16	static
ccci_modem.c:581:5:ccci_md_prepare_runtime_data	240	static
ccci_modem.c:843:30:ccci_md_get_rt_feature_by_id	32	static
ccci_modem.c:872:5:ccci_md_parse_rt_feature	48	static
ccci_modem.c:907:6:ccci_md_add_log_history	64	static
ccci_modem.c:930:6:ccci_md_dump_log_history	112	static
