mt_ppm_interface.c:523:1:ppm_dump_dvfs_table_proc_open	32	static
mt_ppm_interface.c:522:1:ppm_root_cluster_proc_open	32	static
mt_ppm_interface.c:521:1:ppm_mode_proc_open	32	static
mt_ppm_interface.c:520:1:ppm_policy_status_proc_open	32	static
mt_ppm_interface.c:519:1:ppm_dump_policy_list_proc_open	32	static
mt_ppm_interface.c:518:1:ppm_dump_power_table_proc_open	32	static
mt_ppm_interface.c:517:1:ppm_enabled_proc_open	32	static
mt_ppm_interface.c:516:1:ppm_debug_proc_open	32	static
mt_ppm_interface.c:515:1:ppm_func_debug_proc_open	32	static
mt_ppm_interface.c:399:12:ppm_root_cluster_proc_show	16	static
mt_ppm_interface.c:84:12:ppm_debug_proc_show	16	static
mt_ppm_interface.c:58:12:ppm_func_debug_proc_show	16	static
mt_ppm_interface.c:434:12:ppm_dump_dvfs_table_proc_show	64	static
mt_ppm_interface.c:278:12:ppm_policy_status_proc_show	64	static
mt_ppm_interface.c:110:12:ppm_enabled_proc_show	16	static
mt_ppm_interface.c:247:12:ppm_dump_policy_list_proc_show	112	static
mt_ppm_interface.c:159:12:ppm_dump_power_table_proc_show	112	static
mt_ppm_interface.c:327:12:ppm_mode_proc_show	32	static
mt_ppm_interface.c:35:7:ppm_copy_from_user_for_proc	48	static
mt_ppm_interface.c:406:16:ppm_root_cluster_proc_write	64	static
mt_ppm_interface.c:353:16:ppm_mode_proc_write	80	static
mt_ppm_interface.c:291:16:ppm_policy_status_proc_write	64	static
mt_ppm_interface.c:120:16:ppm_enabled_proc_write	128	static
mt_ppm_interface.c:91:16:ppm_debug_proc_write	48	static
mt_ppm_interface.c:65:16:ppm_func_debug_proc_write	48	static
mt_ppm_interface.c:529:5:ppm_procfs_init	240	static
