mt_ppm_profile.c:42:13:ppm_profile_update_state_time	48	static
mt_ppm_profile.c:256:1:ppm_profile_on_proc_open	32	static
mt_ppm_profile.c:255:1:ppm_client_exec_time_proc_open	32	static
mt_ppm_profile.c:254:1:ppm_trans_tbl_proc_open	32	static
mt_ppm_profile.c:253:1:ppm_time_in_state_proc_open	32	static
mt_ppm_profile.c:252:1:ppm_dump_info_proc_open	32	static
mt_ppm_profile.c:188:12:ppm_profile_on_proc_show	16	static
mt_ppm_profile.c:195:16:ppm_profile_on_proc_write	64	static
mt_ppm_profile.c:99:13:ppm_profile_dump_client_exec_time	64	static
mt_ppm_profile.c:179:12:ppm_client_exec_time_proc_show	32	static
mt_ppm_profile.c:72:13:ppm_profile_dump_trans_tbl	96	static
mt_ppm_profile.c:170:12:ppm_trans_tbl_proc_show	32	static
mt_ppm_profile.c:55:13:ppm_profile_dump_time_in_state	48	static
mt_ppm_profile.c:161:12:ppm_time_in_state_proc_show	32	static
mt_ppm_profile.c:150:12:ppm_dump_info_proc_show	32	static
mt_ppm_profile.c:115:6:ppm_profile_update_client_exec_time	64	static
mt_ppm_profile.c:134:6:ppm_profile_state_change_notify	48	static
mt_ppm_profile.c:258:5:ppm_profile_init	144	static
mt_ppm_profile.c:306:6:ppm_profile_exit	16	static
