clk-mt6755-pg.c:1616:12:sys_get_state_op	0	static
clk-mt6755-pg.c:1835:12:pg_is_enabled	16	static
clk-mt6755-pg.c:1845:5:pg_prepare	48	static
clk-mt6755-pg.c:1758:12:disable_subsys	48	static
clk-mt6755-pg.c:1866:6:pg_unprepare	32	static
clk-mt6755-pg.c:320:22:register_pg_callback	0	static
clk-mt6755-pg.c:329:5:spm_topaxi_protect	80	static
clk-mt6755-pg.c:1532:12:CONN_sys_enable_op	16	static
clk-mt6755-pg.c:1578:12:CONN_sys_disable_op	32	static
clk-mt6755-pg.c:376:6:reset_infra_md	64	static
clk-mt6755-pg.c:652:5:spm_mtcmos_ctrl_mdsys_intf_infra2	32	static
clk-mt6755-pg.c:1573:12:C2K_sys_disable_op	16	static
clk-mt6755-pg.c:1527:12:C2K_sys_enable_op	16	static
clk-mt6755-pg.c:1568:12:MD1_sys_disable_op	16	static
clk-mt6755-pg.c:1522:12:MD1_sys_enable_op	16	static
clk-mt6755-pg.c:745:5:spm_mtcmos_ctrl_dis	32	static
clk-mt6755-pg.c:1588:12:DIS_sys_disable_op	16	static
clk-mt6755-pg.c:1541:12:DIS_sys_enable_op	16	static
clk-mt6755-pg.c:826:5:spm_mtcmos_ctrl_mfg2	32	static
clk-mt6755-pg.c:955:5:spm_mtcmos_ctrl_isp2	0	static
clk-mt6755-pg.c:1593:12:ISP_sys_disable_op	16	static
clk-mt6755-pg.c:1545:12:ISP_sys_enable_op	16	static
clk-mt6755-pg.c:1023:5:spm_mtcmos_ctrl_ifr	0	static
clk-mt6755-pg.c:1093:5:spm_mtcmos_ctrl_vde	0	static
clk-mt6755-pg.c:1597:12:VDE_sys_disable_op	16	static
clk-mt6755-pg.c:1549:12:VDE_sys_enable_op	16	static
clk-mt6755-pg.c:1160:5:spm_mtcmos_ctrl_ven	0	static
clk-mt6755-pg.c:1601:12:VEN_sys_disable_op	16	static
clk-mt6755-pg.c:1553:12:VEN_sys_enable_op	16	static
clk-mt6755-pg.c:1230:5:spm_mtcmos_ctrl_mfg_async	16	static
clk-mt6755-pg.c:1582:12:MFG_sys_disable_op	16	static
clk-mt6755-pg.c:1536:12:MFG_sys_enable_op	16	static
clk-mt6755-pg.c:1297:5:spm_mtcmos_ctrl_audio	0	static
clk-mt6755-pg.c:1606:12:AUD_sys_disable_op	16	static
clk-mt6755-pg.c:1558:12:AUD_sys_enable_op	16	static
clk-mt6755-pg.c:1888:13:mt_clk_register_power_gate	112	static
clk-mt6755-pg.c:2053:20:mt_scpsys_init	64	static
clk-mt6755-pg.c:2095:6:subsys_if_on	32	static
