sch_api.c:308:22:qdisc_leaf	48	static
sch_api.c:1064:12:check_loop	64	static
sch_api.c:1080:1:check_loop_fn	32	static
sch_api.c:500:13:stab_kfree_rcu	16	static
sch_api.c:576:29:qdisc_watchdog	32	static
sch_api.c:619:27:qdisc_class_hash_alloc	32	static
sch_api.c:637:13:qdisc_class_hash_free	16	static
sch_api.c:1643:12:tc_fill_tclass	208	static
sch_api.c:1715:12:qdisc_class_dump	16	static
sch_api.c:443:33:qdisc_get_stab	128	static
sch_api.c:1322:12:tc_fill_qdisc	224	static
sch_api.c:1421:12:tc_dump_qdisc_root	80	static
sch_api.c:1461:12:tc_dump_qdisc	96	static
sch_api.c:1919:24:psched_net_exit	16	static
sch_api.c:1895:12:psched_open	16	static
sch_api.c:1882:12:psched_show	48	static
sch_api.c:1908:23:psched_net_init	16	static
sch_api.c:1723:12:tc_dump_tclass_qdisc.isra.19	80	static
sch_api.c:1752:12:tc_dump_tclass_root	80	static
sch_api.c:1772:12:tc_dump_tclass	80	static
sch_api.c:1689:12:tclass_notify.constprop	80	static
sch_api.c:1390:12:qdisc_notify.constprop	64	static
sch_api.c:774:13:notify_and_destroy.constprop	32	static
sch_api.c:794:12:qdisc_graft	112	static
sch_api.c:140:5:register_qdisc	48	static
sch_api.c:1939:19:pktsched_init	32	static
sch_api.c:184:5:unregister_qdisc	48	static
sch_api.c:204:6:qdisc_get_default	48	static
sch_api.c:227:5:qdisc_set_default	48	static
sch_api.c:274:6:qdisc_list_add	48	static
sch_api.c:285:6:qdisc_list_del	0	static
sch_api.c:292:15:qdisc_lookup	0	static
sch_api.c:1510:12:tc_ctl_tclass	176	static
sch_api.c:1099:12:tc_get_qdisc	160	static
sch_api.c:386:26:qdisc_get_rtab	64	static
sch_api.c:416:6:qdisc_put_rtab	16	static
sch_api.c:505:6:qdisc_put_stab	32	static
sch_api.c:880:1:qdisc_create	112	static
sch_api.c:1168:12:tc_modify_qdisc	176	static
sch_api.c:538:6:__qdisc_calculate_pkt_len	0	static
sch_api.c:566:6:qdisc_warn_nonwc	32	static
sch_api.c:589:6:qdisc_watchdog_init	32	static
sch_api.c:597:6:qdisc_watchdog_schedule_ns	32	static
sch_api.c:612:6:qdisc_watchdog_cancel	32	static
sch_api.c:647:6:qdisc_class_hash_grow	80	static
sch_api.c:683:5:qdisc_class_hash_init	32	static
sch_api.c:697:6:qdisc_class_hash_destroy	16	static
sch_api.c:703:6:qdisc_class_hash_insert	0	static
sch_api.c:715:6:qdisc_class_hash_remove	0	static
sch_api.c:743:6:qdisc_tree_decrease_qlen	64	static
sch_api.c:1809:5:tc_classify_compat	48	static
sch_api.c:1833:5:tc_classify	48	static
sch_api.c:1863:6:tcf_destroy	32	static
sch_api.c:1870:6:tcf_destroy_chain	32	static
