camera_isp.c:3790:6:ISP_ScheduleWork_VD	16	static
camera_isp.c:3804:6:ISP_ScheduleWork_EXPDONE	16	static
camera_isp.c:7305:15:ISP_ED_BufQue_Erase	0	static
camera_isp.c:10631:12:compat_get_isp_read_register_data	0	static
camera_isp.c:13710:9:ISP_BeginGCECallback	0	static
camera_isp.c:13722:9:ISP_EndGCECallback	0	static
camera_isp.c:12579:20:ISP_M4U_TranslationFault_callback	48	static
camera_isp.c:9868:13:ISP_TaskletFunc	80	static
camera_isp.c:12441:16:CAMIO_RegDebug	16	static
camera_isp.c:12393:16:CAMIO_DumpRegToProc	16	static
camera_isp.c:12340:16:ISP_RegDebug	16	static
camera_isp.c:12228:16:ISP_DumpRegToProc	16	static
camera_isp.c:3484:15:ISP_WriteRegToHw	80	static
camera_isp.c:3762:13:ISP_BufWrite_WriteToHw	32	static
camera_isp.c:3818:6:ISP_Tasklet_VD	32	static
camera_isp.c:3837:6:ISP_Tasklet_EXPDONE	32	static
camera_isp.c:12146:5:ISP_pm_restore_noirq	32	static
camera_isp.c:12501:16:imem_debug_trigger	128	static
camera_isp.c:3553:13:ISP_BufWrite_Free	48	static
camera_isp.c:11983:15:ISP_remove	48	static
camera_isp.c:6703:15:ISP_CAMSV_SOF_Buf_Get	160	static
camera_isp.c:6272:15:ISP_SOF_Buf_Get	176	static
camera_isp.c:3227:13:ISP_EnableClock	48	static
camera_isp.c:13541:9:ISP_MDPClockOnCallback	16	static
camera_isp.c:13569:9:ISP_MDPClockOffCallback	16	static
camera_isp.c:11408:15:ISP_release	96	static
camera_isp.c:11211:15:ISP_open	112	static
camera_isp.c:10659:12:compat_get_isp_waitirq_data	112	static
camera_isp.c:10699:12:compat_put_isp_waitirq_data	112	static
camera_isp.c:10885:13:ISP_ioctl_compat	96	static
camera_isp.c:13560:9:ISP_MDPResetCallback	48	static
camera_isp.c:4022:13:ISP_REF_CNT_CTRL_FUNC	96	static
camera_isp.c:7825:15:ISP_REGISTER_IRQ_USERKEY	208	static
camera_isp.c:4335:13:ISP_FBC_DUMP	288	static
camera_isp.c:4678:13:ISP_Buf_CTRL_FUNC	432	static
camera_isp.c:9903:15:ISP_WaitImemDump	128	static
camera_isp.c:11710:15:ISP_probe	128	static
camera_isp.c:12051:15:ISP_suspend.part.2	48	static
camera_isp.c:12051:15:ISP_suspend	16	static
camera_isp.c:12087:15:ISP_resume	48	static
camera_isp.c:12121:5:ISP_pm_suspend	16	static
camera_isp.c:12132:5:ISP_pm_resume	32	static
camera_isp.c:6826:15:ISP_CAMSV_DONE_Buf_Time.isra.7	128	static
camera_isp.c:8975:30:ISP_Irq_CAMSV2	176	static
camera_isp.c:8793:30:ISP_Irq_CAMSV	176	static
camera_isp.c:6927:15:ISP_DONE_Buf_Time.isra.8	224	static
camera_isp.c:9165:30:ISP_Irq_CAM	384	static
camera_isp.c:11540:15:ISP_mmap	16	static
camera_isp.c:7191:15:ISP_ED_BufQue_Update_GPtr.constprop	0	static
camera_isp.c:7530:15:ISP_ED_BufQue_CTRL_FUNC	240	static
camera_isp.c:1150:5:getTaskInfo	48	static
camera_isp.c:1175:5:sendSignal	16	static
camera_isp.c:1416:7:ISP_chkModuleSetting	416	static
camera_isp.c:2559:15:ISP_DumpReg	144	static
camera_isp.c:8366:15:ISP_WaitIrq_v3	176	static
camera_isp.c:9987:13:ISP_ioctl	432	static
camera_isp.c:13550:9:ISP_MDPDumpCallback	16	static
camera_isp.c:12552:6:DBGfs_Init	16	static
camera_isp.c:13232:22:ISP_Init	80	static
camera_isp.c:12559:6:DBGfs_UnInit	16	static
camera_isp.c:13378:20:ISP_Exit	64	static
camera_isp.c:13411:7:ISP_RegCallback	16	static
camera_isp.c:13434:7:ISP_UnregCallback	16	static
camera_isp.c:13449:6:ISP_MCLK1_EN	48	static
camera_isp.c:13483:6:ISP_MCLK2_EN	48	static
camera_isp.c:13513:6:ISP_MCLK3_EN	48	static
