hw_breakpoint.c:850:13:hw_breakpoint_reset	0	static
hw_breakpoint.c:143:13:write_wb_reg	16	static
hw_breakpoint.c:127:12:read_wb_reg	16	static
hw_breakpoint.c:227:12:hw_breakpoint_control	96	static
hw_breakpoint.c:912:19:arch_hw_breakpoint_init	32	static
hw_breakpoint.c:887:12:hw_breakpoint_reset_notify	16	static
hw_breakpoint.c:541:13:toggle_bp_registers	80	static
hw_breakpoint.c:656:12:watchpoint_handler	128	static
hw_breakpoint.c:580:12:breakpoint_handler	112	static
hw_breakpoint.c:64:5:hw_breakpoint_slots	16	static
hw_breakpoint.c:293:5:arch_install_hw_breakpoint	16	static
hw_breakpoint.c:298:6:arch_uninstall_hw_breakpoint	16	static
hw_breakpoint.c:328:5:arch_check_bp_in_kernelspace	0	static
hw_breakpoint.c:345:5:arch_bp_generic_fields	0	static
hw_breakpoint.c:473:5:arch_validate_hwbkpt_settings	32	static
hw_breakpoint.c:761:5:reinstall_suspended_bps	48	static
hw_breakpoint.c:818:6:hw_breakpoint_thread_switch	32	static
hw_breakpoint.c:947:6:hw_breakpoint_pmu_read	0	static
hw_breakpoint.c:954:5:hw_breakpoint_exceptions_notify	0	static
