insn.c:335:12:aarch64_insn_encode_register	16	static
insn.c:121:22:__aarch64_insn_write	64	static
insn.c:57:44:aarch64_get_insn_class	0	static
insn.c:63:16:aarch64_insn_is_nop	0	static
insn.c:144:23:__aarch64_insn_hotpatch_safe.part.2	16	static
insn.c:109:15:aarch64_insn_read	48	static
insn.c:138:15:aarch64_insn_write	16	static
insn.c:168:16:aarch64_insn_hotpatch_safe	48	static
insn.c:174:15:aarch64_insn_patch_text_nosync	32	static
insn.c:198:22:aarch64_insn_patch_text_cb	48	static
insn.c:224:15:aarch64_insn_patch_text_sync	48	static
insn.c:240:15:aarch64_insn_patch_text	80	static
insn.c:268:15:aarch64_insn_encode_immediate	16	static
insn.c:419:15:aarch64_insn_gen_branch_imm	16	static
insn.c:448:5:aarch64_insn_gen_comp_branch_imm	32	static
insn.c:487:5:aarch64_insn_gen_cond_branch_imm	16	static
insn.c:504:15:aarch64_insn_gen_hint	0	static
insn.c:509:15:aarch64_insn_gen_nop	0	static
insn.c:514:5:aarch64_insn_gen_branch_reg	16	static
insn.c:537:5:aarch64_insn_gen_load_store_reg	48	static
insn.c:568:5:aarch64_insn_gen_load_store_pair	64	static
insn.c:628:5:aarch64_insn_gen_add_sub_imm	32	static
insn.c:673:5:aarch64_insn_gen_bitfield	48	static
insn.c:722:5:aarch64_insn_gen_movewide	32	static
insn.c:767:5:aarch64_insn_gen_add_sub_shifted_reg	48	static
insn.c:817:5:aarch64_insn_gen_data1	32	static
insn.c:856:5:aarch64_insn_gen_data2	32	static
insn.c:906:5:aarch64_insn_gen_data3	48	static
insn.c:949:5:aarch64_insn_gen_logical_shifted_reg	48	static
insn.c:1011:6:aarch32_insn_is_wide	0	static
insn.c:1019:5:aarch32_insn_extract_reg_num	0	static
insn.c:1026:5:aarch32_insn_mcr_extract_opc2	0	static
insn.c:1032:5:aarch32_insn_mcr_extract_crm	0	static
