ipi.h:18:1:ftrace_define_fields_ipi_raise	32	static
ipi.h:37:1:ftrace_define_fields_ipi_handler	16	static
ipi.h:37:1:perf_trace_ipi_handler	368	static
ipi.h:18:1:perf_trace_ipi_raise	368	static
ipi.h:18:1:ftrace_raw_event_ipi_raise	96	static
ipi.h:37:1:ftrace_raw_event_ipi_handler	96	static
ipi.h:18:1:ftrace_raw_output_ipi_raise	32	static
ipi.h:37:1:ftrace_raw_output_ipi_handler	32	static
smp.c:608:13:smp_cross_call	48	static
smp.c:109:5:__cpu_up	80	static
smp.c:170:17:secondary_start_kernel	64	static
smp.c:298:5:__cpu_disable	32	static
smp.c:353:6:__cpu_die	64	static
smp.c:390:6:cpu_die	32	static
smp.c:422:13:smp_cpus_done	32	static
smp.c:432:13:smp_prepare_boot_cpu	16	static
smp.c:442:13:smp_init_cpus	80	static
smp.c:545:13:smp_prepare_cpus	64	static
smp.c:593:13:set_smp_cross_call	0	static
smp.c:614:6:show_ipi_list	128	static
smp.c:628:5:smp_irq_stat_cpu	0	static
smp.c:639:6:arch_send_call_function_ipi_mask	16	static
smp.c:644:6:arch_send_call_function_single_ipi	16	static
smp.c:650:6:arch_irq_work_raise	16	static
smp.c:683:6:handle_IPI	96	static
smp.c:842:6:smp_send_reschedule	16	static
smp.c:848:6:tick_broadcast	16	static
smp.c:854:6:smp_send_stop	48	static
smp.c:879:5:setup_profiling_timer	0	static
