wlan_lib.c:1950:6:wlanReturnPacketDelaySetupTimeout	96	static
wlan_lib.c:3332:1:nicTxSecFrameTxDone	48	static
wlan_lib.c:3448:6:wlanSecurityFrameTxDone	48	static
wlan_lib.c:3489:6:wlanSecurityFrameTxTimeout	32	static
wlan_lib.c:172:9:wlanIsHandlerNeedHwAccess	0	static
wlan_lib.c:207:6:wlanCardEjected	32	static
wlan_lib.c:229:13:wlanAdapterCreate	48	static
wlan_lib.c:262:6:wlanAdapterDestroy	16	static
wlan_lib.c:1010:6:wlanISR	32	static
wlan_lib.c:1032:6:wlanIST	32	static
wlan_lib.c:1259:13:wlanSendCommand	80	static
wlan_lib.c:1339:13:wlanSendCommandMthread	80	static
wlan_lib.c:1413:13:wlanTxCmdMthread	128	static
wlan_lib.c:1497:13:wlanTxCmdDoneMthread	64	static
wlan_lib.c:1623:6:wlanClearTxCommandDoneQueue	64	static
wlan_lib.c:1660:6:wlanClearDataQueue	64	static
wlan_lib.c:1693:6:wlanClearRxToOsQueue	64	static
wlan_lib.c:1728:6:wlanReleaseCommand	96	static
wlan_lib.c:1062:13:wlanProcessCommandQueue	160	static
wlan_lib.c:1540:6:wlanClearTxCommandQueue	64	static
wlan_lib.c:1577:6:wlanClearTxOidCommand	80	static
wlan_lib.c:1798:6:wlanReleasePendingOid	80	static
wlan_lib.c:1893:6:wlanReleasePendingCMDbyBssIdx	96	static
wlan_lib.c:1999:6:wlanReturnPacket	64	static
wlan_lib.c:2060:1:wlanQueryInformation	32	static
wlan_lib.c:2116:1:wlanSetInformation	32	static
wlan_lib.c:2167:9:wlanQueryWapiMode	32	static
wlan_lib.c:2185:6:wlanSetPromiscuousMode	32	static
wlan_lib.c:2202:6:wlanRxSetBroadcast	32	static
wlan_lib.c:2218:13:wlanSendNicPowerCtrlCmd	64	static
wlan_lib.c:2315:9:wlanIsHandlerAllowedInRFTest	0	static
wlan_lib.c:2463:13:wlanImageSectionDownload	64	static
wlan_lib.c:2578:1:wlanFwDwnloadHandler	64	static
wlan_lib.c:2720:13:wlanImageSectionDownloadStatus	64	static
wlan_lib.c:2356:1:wlanImageSectionConfig	64	static
wlan_lib.c:2522:1:wlanFwDvdDwnloadHandler	96	static
wlan_lib.c:2772:13:wlanConfigWifiFunc	48	static
wlan_lib.c:2851:9:wlanCRC32	1056	static
wlan_lib.c:2926:13:wlanProcessQueuedSwRfb	48	static
wlan_lib.c:2993:13:wlanProcessQueuedMsduInfo	32	static
wlan_lib.c:3053:6:wlanoidClearTimeoutCheck	32	static
wlan_lib.c:3072:13:wlanUpdateNetworkAddress	64	static
wlan_lib.c:3125:13:wlanUpdateBasicConfig	32	static
wlan_lib.c:3212:9:wlanQueryTestMode	32	static
wlan_lib.c:3219:9:wlanProcessTxFrame	80	static
wlan_lib.c:3365:9:wlanProcessSecurityFrame	144	static
wlan_lib.c:3506:6:wlanClearScanningResult	80	static
wlan_lib.c:3566:6:wlanClearBssInScanningResult	112	static
wlan_lib.c:3678:13:wlanQueryNicCapability	208	static
wlan_lib.c:3787:9:wlanGetFwIDVersion	0	static
wlan_lib.c:3933:13:wlanLoadManufactureData_5G	80	static
wlan_lib.c:4008:13:wlanLoadManufactureData.part.4	592	static
wlan_lib.c:4008:13:wlanLoadManufactureData	48	static
wlan_lib.c:4220:9:wlanResetMediaStreamMode	32	static
wlan_lib.c:4242:13:wlanTimerTimeoutCheck	32	static
wlan_lib.c:4261:13:wlanProcessMboxMessage	32	static
wlan_lib.c:4327:13:wlanFlushTxPendingPackets	32	static
wlan_lib.c:4344:13:wlanTxPendingPackets	64	static
wlan_lib.c:4402:13:wlanAcquirePowerControl	32	static
wlan_lib.c:4426:13:wlanReleasePowerControl	32	static
wlan_lib.c:4447:9:wlanGetTxPendingFrameCount	32	static
wlan_lib.c:4470:19:wlanGetAcpiState	32	static
wlan_lib.c:4488:6:wlanSetAcpiState	32	static
wlan_lib.c:4506:8:wlanGetEcoVersion	32	static
wlan_lib.c:4538:6:wlanDefTxPowerCfg	32	static
wlan_lib.c:4583:6:wlanSetPreferBandByNetwork	32	static
wlan_lib.c:4611:8:wlanGetChannelNumberByNetwork	32	static
wlan_lib.c:4634:13:wlanCheckSystemConfiguration	272	static
wlan_lib.c:4800:1:wlanoidQueryBssStatistics	32	static
wlan_lib.c:4869:6:wlanDumpBssStatistics	160	static
wlan_lib.c:4941:6:wlanDumpAllBssStatistics	48	static
wlan_lib.c:4961:1:wlanoidQueryStaStatistics	144	static
wlan_lib.c:5166:6:wlanQueryNicResourceInformation	16	static
wlan_lib.c:5210:6:wlanBindBssIdxToNetInterface	0	static
wlan_lib.c:5259:7:wlanGetNetInterfaceByBssIdx	0	static
wlan_lib.c:5275:8:wlanGetAisBssIndex	32	static
wlan_lib.c:5669:20:wlanCfgGetEntry	64	static
wlan_lib.c:5697:13:wlanCfgGet	48	static
wlan_lib.c:5488:6:wlanCfgSetSwCtrl	176	static
wlan_lib.c:5547:6:wlanCfgSetChip	480	static
wlan_lib.c:5582:6:wlanCfgSetDebugLevel	192	static
wlan_lib.c:5649:6:wlanCfgSetCountryCode	64	static
wlan_lib.c:5722:9:wlanCfgGetUint32	48	static
wlan_lib.c:5749:8:wlanCfgGetInt32	48	static
wlan_lib.c:5291:6:wlanInitFeatureOption	48	static
wlan_lib.c:288:1:wlanAdapterStart	160	static
wlan_lib.c:5775:13:wlanCfgSet	80	static
wlan_lib.c:5855:1:wlanCfgSetCb	48	static
wlan_lib.c:5879:13:wlanCfgSetUint32	64	static
wlan_lib.c:5909:8:wlanCfgFindNextToken	0	static
wlan_lib.c:6028:13:wlanCfgParseArgument	80	static
wlan_lib.c:6068:1:wlanCfgParseAddEntry	112	static
wlan_lib.c:6119:13:wlanCfgParse	160	static
wlan_lib.c:6239:13:wlanCfgInit	64	static
wlan_lib.c:6277:8:wlanHexToNum	0	static
wlan_lib.c:6288:8:wlanHexToByte	32	static
wlan_lib.c:6301:8:wlanHwAddrToBin	64	static
wlan_lib.c:6324:9:wlanIsChipNoAck	16	static
wlan_lib.c:896:13:wlanAdapterStop	80	static
wlan_lib.c:3015:9:wlanoidTimeoutCheck	32	static
wlan_lib.c:6335:6:wlanTxLifetimeUpdateStaStats	32	static
wlan_lib.c:6385:9:wlanTxLifetimeIsProfilingEnabled	0	static
wlan_lib.c:6400:9:wlanTxLifetimeIsTargetMsdu	0	static
wlan_lib.c:6431:6:wlanTxLifetimeTagPacket	48	static
wlan_lib.c:6486:6:wlanTxLifetimeTagPacketQue	80	static
wlan_lib.c:6551:6:wlanTxProfilingTagPacket	16	static
wlan_lib.c:6558:6:wlanTxProfilingTagMsdu	48	static
wlan_lib.c:4285:13:wlanEnqueueTxPacket	48	static
wlan_lib.c:6610:6:wlanUpdateRxStatistics	32	static
wlan_lib.c:6622:13:wlanTriggerStatsLog	96	static
wlan_lib.c:6565:6:wlanUpdateTxStatistics	48	static
wlan_lib.c:6639:1:wlanDhcpTxDone	80	static
wlan_lib.c:6665:1:wlanArpTxDone	80	static
wlan_lib.c:6691:1:wlanIcmpTxDone	16	static
wlan_lib.c:6700:1:wlanTdlsTxDone	16	static
wlan_lib.c:6709:1:wlanDnsTxDone	16	static
wlan_lib.c:6716:6:wlanReleasePendingCmdById	96	static
