wlan_oid.c:138:1:wlanoidQueryNetworkTypesSupported	80	static
wlan_oid.c:202:1:wlanoidQueryNetworkTypeInUse	48	static
wlan_oid.c:253:1:wlanoidSetNetworkTypeInUse	64	static
wlan_oid.c:331:1:wlanoidQueryBssid	64	static
wlan_oid.c:387:1:wlanoidQueryBssidList	80	static
wlan_oid.c:489:1:wlanoidSetBssidListScan	112	static
wlan_oid.c:562:1:wlanoidSetBssidListScanExt	64	static
wlan_oid.c:639:9:wlanoidGetChannelInfo	128	static
wlan_oid.c:745:1:wlanoidSetBssidListScanAdv	256	static
wlan_oid.c:857:1:wlanoidSetBssid	64	static
wlan_oid.c:961:1:wlanoidSetSsid	64	static
wlan_oid.c:1100:1:wlanoidSetConnect	128	static
wlan_oid.c:1267:1:wlanoidQuerySsid	48	static
wlan_oid.c:1327:1:wlanoidQueryInfrastructureMode	32	static
wlan_oid.c:1498:1:wlanoidQueryAuthMode	32	static
wlan_oid.c:1578:1:wlanoidSetAuthMode	32	static
wlan_oid.c:1875:1:wlanoidSetReloadDefaults	80	static
wlan_oid.c:2203:1:wlanoidSetAddKey	128	static
wlan_oid.c:2011:1:wlanoidSetAddWep	64	static
wlan_oid.c:2678:1:wlanoidSetRemoveKey	80	static
wlan_oid.c:2126:1:wlanoidSetRemoveWep	80	static
wlan_oid.c:2853:1:wlanoidQueryEncryptionStatus	32	static
wlan_oid.c:2929:1:wlanoidSetEncryptionStatus	48	static
wlan_oid.c:3017:1:wlanoidSetTest	48	static
wlan_oid.c:3085:1:wlanoidQueryCapability	32	static
wlan_oid.c:3178:1:wlanoidQueryPmkid	32	static
wlan_oid.c:3234:1:wlanoidSetPmkid	160	static
wlan_oid.c:3351:1:wlanoidQuerySupportedRates	32	static
wlan_oid.c:3403:1:wlanoidQueryDesiredRates	32	static
wlan_oid.c:3504:1:wlanoidQueryMaxFrameSize	32	static
wlan_oid.c:3544:1:wlanoidQueryMaxTotalSize	32	static
wlan_oid.c:3583:1:wlanoidQueryVendorId	32	static
wlan_oid.c:3750:1:wlanoidQueryRssiTrigger	32	static
wlan_oid.c:3794:1:wlanoidSetRssiTrigger	32	static
wlan_oid.c:3849:1:wlanoidSetCurrentLookahead	32	static
wlan_oid.c:4202:1:wlanoidQueryMediaStreamMode	32	static
wlan_oid.c:4294:1:wlanoidQueryPermanentAddr	64	static
wlan_oid.c:4331:1:wlanoidQueryCurrentAddr	64	static
wlan_oid.c:5378:1:wlanoidSetKeyCfg	64	static
wlan_oid.c:5928:1:wlanoidQueryOidInterfaceVersion	32	static
wlan_oid.c:5964:1:wlanoidQueryMulticastList	0	static
wlan_oid.c:6188:1:wlanoidQueryCurrentPacketFilter	32	static
wlan_oid.c:6222:1:wlanoidQueryAcpiDevicePowerState	32	static
wlan_oid.c:6281:1:wlanoidSetAcpiDevicePowerState	48	static
wlan_oid.c:6340:1:wlanoidQueryFragThreshold	32	static
wlan_oid.c:6382:1:wlanoidSetFragThreshold	0	static
wlan_oid.c:6414:1:wlanoidQueryRtsThreshold	64	static
wlan_oid.c:6455:1:wlanoidSetRtsThreshold	32	static
wlan_oid.c:6493:1:wlanoidSetDisassociate	48	static
wlan_oid.c:6556:1:wlanoidQuery802dot11PowerSaveProfile	32	static
wlan_oid.c:6601:1:wlanoidSet802dot11PowerSaveProfile	80	static
wlan_oid.c:6683:1:wlanoidQueryAdHocMode	0	static
wlan_oid.c:6707:1:wlanoidSetAdHocMode	0	static
wlan_oid.c:6731:1:wlanoidQueryFrequency	32	static
wlan_oid.c:6774:1:wlanoidSetFrequency	48	static
wlan_oid.c:6817:1:wlanoidSetChannel	32	static
wlan_oid.c:6842:1:wlanoidQueryBeaconInterval	48	static
wlan_oid.c:6889:1:wlanoidSetBeaconInterval	32	static
wlan_oid.c:6937:1:wlanoidQueryAtimWindow	32	static
wlan_oid.c:6979:1:wlanoidSetAtimWindow	32	static
wlan_oid.c:7021:1:wlanoidSetCurrentAddr	32	static
wlan_oid.c:7516:13:rftestSetATInfo	80	static
wlan_oid.c:7491:1:wlanoidRftestSetAutoTest	32	static
wlan_oid.c:7582:1:rftestQueryATInfo	96	static
wlan_oid.c:7445:1:wlanoidRftestQueryAutoTest	48	static
wlan_oid.c:7716:1:wlanSendSetQueryCmd	112	static
wlan_oid.c:1385:1:wlanoidSetInfrastructureMode	96	static
wlan_oid.c:3446:1:wlanoidSetDesiredRates	64	static
wlan_oid.c:3614:1:wlanoidRssiMonitor	96	static
wlan_oid.c:3679:1:wlanoidQueryRssi	96	static
wlan_oid.c:3887:1:wlanoidQueryRcvError	96	static
wlan_oid.c:3954:1:wlanoidQueryRcvNoBuffer	96	static
wlan_oid.c:4019:1:wlanoidQueryRcvCrcError	96	static
wlan_oid.c:4082:1:wlanoidQueryStatistics	96	static
wlan_oid.c:4152:1:wlanoidQueryBugReport	96	static
wlan_oid.c:4242:1:wlanoidSetMediaStreamMode	64	static
wlan_oid.c:4369:1:wlanoidQueryLinkSpeed	80	static
wlan_oid.c:4423:1:wlanoidQueryMcrRead	128	static
wlan_oid.c:4512:1:wlanoidSetMcrWrite	128	static
wlan_oid.c:4833:1:wlanoidQuerySwCtrlRead	368	static
wlan_oid.c:4952:1:wlanoidSetSwCtrlWrite	384	static
wlan_oid.c:5251:1:wlanoidQueryChipConfig	448	static
wlan_oid.c:5314:1:wlanoidSetChipConfig	448	static
wlan_oid.c:5424:1:wlanoidQueryEepromRead	80	static
wlan_oid.c:5476:1:wlanoidSetEepromWrite	112	static
wlan_oid.c:5532:1:wlanoidQueryXmitOk	96	static
wlan_oid.c:5598:1:wlanoidQueryRcvOk	96	static
wlan_oid.c:5664:1:wlanoidQueryXmitError	96	static
wlan_oid.c:5729:1:wlanoidQueryXmitOneCollision	96	static
wlan_oid.c:5798:1:wlanoidQueryXmitMoreCollisions	96	static
wlan_oid.c:5863:1:wlanoidQueryXmitMaxCollisions	96	static
wlan_oid.c:6004:1:wlanoidSetMulticastList	288	static
wlan_oid.c:6151:13:wlanoidSetPacketFilter	96	static
wlan_oid.c:6077:1:wlanoidSetCurrentPacketFilter	64	static
wlan_oid.c:7048:1:wlanoidSetCSUMOffload	112	static
wlan_oid.c:7122:1:wlanoidSetNetworkAddress	144	static
wlan_oid.c:7267:1:wlanoidRftestSetTestMode	80	static
wlan_oid.c:7327:1:wlanoidRftestSetTestIcapMode	80	static
wlan_oid.c:7386:1:wlanoidRftestSetAbortTestMode	80	static
wlan_oid.c:7680:13:rftestSetFrequency	80	static
wlan_oid.c:7809:1:wlanoidSetWapiMode	48	static
wlan_oid.c:7899:1:wlanoidSetWapiAssocInfo	112	static
wlan_oid.c:8012:1:wlanoidSetWapiKey	80	static
wlan_oid.c:8253:1:wlanoidSetWSCAssocInfo	64	static
wlan_oid.c:8404:1:wlanoidSetWiFiWmmPsTest	80	static
wlan_oid.c:8474:1:wlanoidSetTxAmpdu	80	static
wlan_oid.c:8518:1:wlanoidSetAddbaReject	80	static
wlan_oid.c:8903:1:wlanoidQueryNvramRead	64	static
wlan_oid.c:8964:1:wlanoidSetNvramWrite	64	static
wlan_oid.c:9014:1:wlanoidQueryCfgSrcType	48	static
wlan_oid.c:9046:1:wlanoidQueryEepromType	32	static
wlan_oid.c:9082:1:wlanoidSetCountryCode	32	static
wlan_oid.c:9260:1:wlanoidSetBT	64	static
wlan_oid.c:9321:1:wlanoidQueryBT	32	static
wlan_oid.c:9522:1:wlanoidSetTxPower	80	static
wlan_oid.c:9588:13:wlanSendMemDumpCmd	96	static
wlan_oid.c:9663:1:wlanoidQueryMemDump	64	static
wlan_oid.c:9707:1:wlanoidSetP2pMode	48	static
wlan_oid.c:9770:1:wlanoidSetDefaultKey	80	static
wlan_oid.c:9886:1:wlanoidSetGtkRekeyData	112	static
wlan_oid.c:9935:1:wlanoidSetStartSchedScan	64	static
wlan_oid.c:10001:1:wlanoidSetStopSchedScan	32	static
wlan_oid.c:10077:1:batchSetCmd	256	static
wlan_oid.c:10267:1:batchGetCmd	160	static
wlan_oid.c:10320:1:wlanoidSetBatchScanReq	16	static
wlan_oid.c:10344:1:wlanoidQueryBatchScanResult	16	static
wlan_oid.c:10375:1:wlanoidSetGSCNAction	32	static
wlan_oid.c:10441:1:wlanoidSetGSCNParam	32	static
wlan_oid.c:10500:1:wlanoidSetGSCNConfig	48	static
wlan_oid.c:10563:1:wlanoidGetGSCNResult	32	static
wlan_oid.c:10803:1:wlanoidSetMonitor	80	static
wlan_oid.c:10846:1:wlanoidNotifyFwSuspend	64	static
wlan_oid.c:10869:1:wlanoidPacketKeepAlive	96	static
wlan_oid.c:10929:1:wlanoidQueryLteSafeChannel	96	static
wlan_oid.c:10963:1:wlanoidSetRoamingCtrl	64	static
wlan_oid.c:11014:13:wlanoidQueryCfgRead	384	static
wlan_oid.c:11050:1:wlanoidDisableTdlsPs	80	static
