mt_dramc.c:1267:16:complex_mem_test_store	0	static
mt_dramc.c:1303:16:read_dram_data_rate_store	0	static
mt_dramc.c:1334:12:dram_remove	0	static
mt_dramc.c:1470:20:dram_test_exit	16	static
mt_dramc.c:1325:12:dram_probe	16	static
mt_dramc.c:77:19:dt_scan_dram_info	64	static
mt_dramc.c:120:7:mt_dramc_base_get	0	static
mt_dramc.c:126:7:mt_dramc_nao_base_get	0	static
mt_dramc.c:132:7:mt_ddrphy_base_get	0	static
mt_dramc.c:138:14:support_4GB_mode	16	static
mt_dramc.c:199:6:spm_dpd_init	32	static
mt_dramc.c:256:6:spm_dpd_dram_init	48	static
mt_dramc.c:438:5:enter_pasr_dpd_config	128	static
mt_dramc.c:522:5:exit_pasr_dpd_config	16	static
mt_dramc.c:543:5:Binning_DRAM_complex_mem_test	32	static
mt_dramc.c:1257:16:complex_mem_test_show	32	static
mt_dramc.c:922:14:ucDram_Register_Read	32	static
mt_dramc.c:938:6:ucDram_Register_Write	48	static
mt_dramc.c:951:6:pasr_is_valid	0	static
mt_dramc.c:964:14:Round_Operation	0	static
mt_dramc.c:979:14:get_dram_data_rate_from_reg	48	static
mt_dramc.c:1026:14:get_dram_data_rate	16	static
mt_dramc.c:1298:16:read_dram_data_rate_show	32	static
mt_dramc.c:1073:5:get_ddr_type	16	static
mt_dramc.c:1097:5:dram_steps_freq	0	static
mt_dramc.c:1116:5:dram_can_support_fh	0	static
mt_dramc.c:1150:5:DFS_APDMA_early_init	32	static
mt_dramc.c:1132:5:dram_get_dummy_read_addr	16	static
mt_dramc.c:1410:19:dram_test_init	48	static
