pty.c:158:12:pty_chars_in_buffer	0	static
pty.c:176:12:pty_get_lock	0	static
pty.c:205:12:pty_get_pktmode	0	static
pty.c:269:13:pty_set_termios	0	static
pty.c:466:13:pty_remove	0	static
pty.c:672:27:ptm_unix98_lookup	0	static
pty.c:710:13:pty_unix98_remove	0	static
pty.c:285:12:pty_resize	80	static
pty.c:231:13:pty_flush_buffer	48	static
pty.c:333:13:pty_start	48	static
pty.c:346:13:pty_stop	48	static
pty.c:85:13:pty_unthrottle	32	static
pty.c:116:12:pty_write	48	static
pty.c:453:13:pty_cleanup	16	static
pty.c:247:12:pty_open	48	static
pty.c:381:12:pty_common_install	80	static
pty.c:461:12:pty_install	16	static
pty.c:705:12:pty_unix98_install	16	static
pty.c:930:19:pty_init	112	static
pty.c:715:13:pty_unix98_shutdown	32	static
pty.c:688:27:pts_unix98_lookup	48	static
pty.c:183:12:pty_set_pktmode	48	static
pty.c:212:12:pty_signal.isra.3	48	static
pty.c:143:12:pty_write_room	16	static
pty.c:36:13:pty_close	32	static
pty.c:164:12:pty_set_lock	16	static
pty.c:474:12:pty_bsd_ioctl	16	static
pty.c:629:12:pts_unix98_ioctl	16	static
pty.c:595:12:pty_unix98_ioctl	16	static
pty.c:776:12:ptmx_open	80	static
