tty_port.c:20:6:tty_port_init	32	static
tty_port.c:47:6:tty_port_link_device	16	static
tty_port.c:67:16:tty_port_register_device	48	static
tty_port.c:89:16:tty_port_register_device_attr	64	static
tty_port.c:100:5:tty_port_alloc_xmit_buf	32	static
tty_port.c:113:6:tty_port_free_xmit_buf	32	static
tty_port.c:132:6:tty_port_destroy	32	static
tty_port.c:139:13:tty_port_destructor	32	static
tty_port.c:155:6:tty_port_put	16	static
tty_port.c:170:20:tty_port_tty_get	48	static
tty_port.c:191:6:tty_port_tty_set	64	static
tty_port.c:260:6:tty_port_tty_hangup	32	static
tty_port.c:275:6:tty_port_tty_wakeup	32	static
tty_port.c:295:5:tty_port_carrier_raised	16	static
tty_port.c:312:6:tty_port_raise_dtr_rts	16	static
tty_port.c:328:6:tty_port_lower_dtr_rts	16	static
tty_port.c:203:13:tty_port_shutdown	48	static
tty_port.c:234:6:tty_port_hangup	48	static
tty_port.c:360:5:tty_port_block_til_ready	176	static
tty_port.c:471:5:tty_port_close_start	80	static
tty_port.c:521:6:tty_port_close_end	48	static
tty_port.c:553:6:tty_port_close	32	static
tty_port.c:575:5:tty_port_install	16	static
tty_port.c:591:5:tty_port_open	64	static
