focaltech_core.c:2682:20:tpd_driver_exit	16	static
focaltech_core.c:759:13:fts_release_all_finger	48	static
focaltech_core.c:2226:13:force_reset_guitar	32	static
focaltech_core.c:604:12:fts_proc_open	16	static
focaltech_core.c:546:12:fts_get_touchinfo	16	static
focaltech_core.c:593:12:fts_tpinfo_proc_show	112	static
focaltech_core.c:581:16:fts_information_show	16	static
focaltech_core.c:617:16:fts_glove_show	16	static
focaltech_core.c:668:16:lenovo_gesture_flag_show	16	static
focaltech_core.c:676:16:lenovo_gesture_wakeup_show	16	static
focaltech_core.c:682:16:lenovo_gesture_wakeup_store	64	static
focaltech_core.c:1894:20:tpd_eint_interrupt_handler	32	static
focaltech_core.c:2665:19:tpd_driver_init	16	static
focaltech_core.c:2421:12:tpd_local_init	48	static
focaltech_core.c:869:6:fts_usb_insert	0	static
focaltech_core.c:972:5:fts_i2c_read	112	static
focaltech_core.c:1373:12:fts_read_Touchdata	112	static
focaltech_core.c:1078:5:fts_i2c_write	96	static
focaltech_core.c:520:12:fts_read_touchinfo	80	static
focaltech_core.c:1959:22:tpd_probe	144	static
focaltech_core.c:1144:5:fts_write_reg	32	static
focaltech_core.c:804:13:fts_enter_glove	48	static
focaltech_core.c:623:16:fts_glove_store	48	static
focaltech_core.c:2557:13:tpd_suspend	48	static
focaltech_core.c:1160:5:fts_read_reg	32	static
focaltech_core.c:827:5:fts_accdet	64	static
focaltech_core.c:2483:13:tpd_resume	96	static
focaltech_core.c:2264:13:gtp_esd_check_func	80	static
focaltech_core.c:1862:6:fts_reset_tp	16	static
focaltech_core.c:2159:22:tpd_remove	80	static
focaltech_core.c:2189:6:esd_switch	16	static
focaltech_core.c:1724:12:touch_event_handler	288	static
focaltech_core.c:476:13:fts_fw_update_work_func	48	static
