mt_hotplug_strategy_procfs.c:630:1:hps_num_limit_power_serv_proc_open	32	static
mt_hotplug_strategy_procfs.c:544:1:hps_num_limit_ultra_power_saving_proc_open	32	static
mt_hotplug_strategy_procfs.c:453:1:hps_num_limit_low_battery_proc_open	32	static
mt_hotplug_strategy_procfs.c:368:1:hps_num_limit_thermal_proc_open	32	static
mt_hotplug_strategy_procfs.c:285:1:hps_num_base_perf_serv_proc_open	32	static
mt_hotplug_strategy_procfs.c:172:1:hps_tlp_times_proc_open	16	static
mt_hotplug_strategy_procfs.c:171:1:hps_rush_boost_times_proc_open	16	static
mt_hotplug_strategy_procfs.c:169:1:hps_rush_boost_threshold_proc_open	16	static
mt_hotplug_strategy_procfs.c:168:1:hps_rush_boost_enabled_proc_open	16	static
mt_hotplug_strategy_procfs.c:167:1:hps_input_boost_cpu_num_proc_open	16	static
mt_hotplug_strategy_procfs.c:166:1:hps_input_boost_enabled_proc_open	16	static
mt_hotplug_strategy_procfs.c:165:1:hps_down_times_proc_open	16	static
mt_hotplug_strategy_procfs.c:164:1:hps_down_threshold_proc_open	16	static
mt_hotplug_strategy_procfs.c:163:1:hps_up_times_proc_open	16	static
mt_hotplug_strategy_procfs.c:162:1:hps_up_threshold_proc_open	16	static
mt_hotplug_strategy_procfs.c:147:1:hps_stats_dump_enabled_proc_open	16	static
mt_hotplug_strategy_procfs.c:146:1:hps_cur_dump_enabled_proc_open	16	static
mt_hotplug_strategy_procfs.c:145:1:hps_suspend_enabled_proc_open	16	static
mt_hotplug_strategy_procfs.c:144:1:hps_enabled_proc_open	16	static
mt_hotplug_strategy_procfs.c:135:1:hps_state_proc_open	16	static
mt_hotplug_strategy_procfs.c:134:1:hps_init_state_proc_open	16	static
mt_hotplug_strategy_procfs.c:25:12:hps_proc_uint_show	16	static
mt_hotplug_strategy_procfs.c:66:13:lock_hps_ctxt	16	static
mt_hotplug_strategy_procfs.c:71:13:unlock_hps_ctxt	16	static
mt_hotplug_strategy_procfs.c:561:16:hps_num_limit_power_serv_proc_write	96	static
mt_hotplug_strategy_procfs.c:471:16:hps_num_limit_ultra_power_saving_proc_write	96	static
mt_hotplug_strategy_procfs.c:385:16:hps_num_limit_low_battery_proc_write	96	static
mt_hotplug_strategy_procfs.c:302:16:hps_num_limit_thermal_proc_write	96	static
mt_hotplug_strategy_procfs.c:189:16:hps_num_base_perf_serv_proc_write	96	static
mt_hotplug_strategy_procfs.c:76:13:reset_unlock_hps_ctxt	16	static
mt_hotplug_strategy_procfs.c:551:12:hps_num_limit_power_serv_proc_show	16	static
mt_hotplug_strategy_procfs.c:460:12:hps_num_limit_ultra_power_saving_proc_show	16	static
mt_hotplug_strategy_procfs.c:375:12:hps_num_limit_low_battery_proc_show	16	static
mt_hotplug_strategy_procfs.c:292:12:hps_num_limit_thermal_proc_show	16	static
mt_hotplug_strategy_procfs.c:179:12:hps_num_base_perf_serv_proc_show	16	static
mt_hotplug_strategy_procfs.c:33:16:hps_proc_uint_write.isra.5.constprop	112	static
mt_hotplug_strategy_procfs.c:82:16:hps_proc_uint_write_with_lock	16	static
mt_hotplug_strategy_procfs.c:88:16:hps_proc_uint_write_with_lock_reset	16	static
mt_hotplug_strategy_procfs.c:635:5:hps_procfs_init	400	static
