f_audio_source.c:476:13:audio_control_complete	0	static
f_audio_source.c:623:13:audio_free_func	0	static
f_audio_source.c:832:26:audio_pcm_pointer	0	static
f_audio_source.c:1066:29:audio_source_alloc	0	static
f_audio_source.c:1071:1:audio_sourcemod_exit	16	static
f_audio_source.c:615:13:audio_disable	32	static
f_audio_source.c:351:28:audio_req_get	32	static
f_audio_source.c:814:12:audio_pcm_prepare	48	static
f_audio_source.c:782:12:audio_pcm_close	32	static
f_audio_source.c:725:1:audio_unbind	64	static
f_audio_source.c:369:13:audio_send	112	static
f_audio_source.c:842:12:audio_pcm_playback_trigger	32	static
f_audio_source.c:809:12:audio_pcm_hw_free	16	static
f_audio_source.c:794:12:audio_pcm_hw_params	16	static
f_audio_source.c:765:12:audio_pcm_open	48	static
f_audio_source.c:1005:38:audio_source_alloc_inst	48	static
f_audio_source.c:982:13:audio_source_free_inst	32	static
f_audio_source.c:993:16:audio_source_pcm_show	16	static
f_audio_source.c:954:13:audio_source_attr_release	16	static
f_audio_source.c:961:12:audio_source_set_inst_name	48	static
f_audio_source.c:1071:1:audio_sourcemod_init	16	static
f_audio_source.c:560:1:audio_setup	80	static
f_audio_source.c:599:12:audio_set_alt	32	static
f_audio_source.c:481:13:audio_data_complete	48	static
f_audio_source.c:654:1:audio_bind	96	static
