cpuidle.c:561:12:cpuidle_latency_notify	16	static
cpuidle.c:586:19:cpuidle_init	32	static
cpuidle.c:37:5:cpuidle_disabled	0	static
cpuidle.c:41:6:disable_cpuidle	0	static
cpuidle.c:51:5:cpuidle_play_dead	32	static
cpuidle.c:78:6:cpuidle_use_deepest_state	0	static
cpuidle.c:113:5:cpuidle_enter_state	80	static
cpuidle.c:178:5:cpuidle_select	16	static
cpuidle.c:202:5:cpuidle_enter	16	static
cpuidle.c:218:6:cpuidle_reflect	16	static
cpuidle.c:227:6:cpuidle_install_idle_handler	0	static
cpuidle.c:239:6:cpuidle_uninstall_idle_handler	16	static
cpuidle.c:256:6:cpuidle_pause_and_lock	16	static
cpuidle.c:267:6:cpuidle_resume_and_unlock	16	static
cpuidle.c:276:6:cpuidle_pause	32	static
cpuidle.c:284:6:cpuidle_resume	32	static
cpuidle.c:298:5:cpuidle_enable_device	48	static
cpuidle.c:347:6:cpuidle_disable_device	32	static
cpuidle.c:416:5:cpuidle_register_device	80	static
cpuidle.c:462:6:cpuidle_unregister_device	32	static
cpuidle.c:489:6:cpuidle_unregister	48	static
cpuidle.c:514:5:cpuidle_register	80	static
