sysfs.c:22:19:cpuidle_sysfs_setup	0	static
sysfs.c:338:16:cpuidle_state_show	16	static
sysfs.c:352:16:cpuidle_state_store	16	static
sysfs.c:84:16:store_current_governor	80	static
sysfs.c:204:16:cpuidle_store	64	static
sysfs.c:189:16:cpuidle_show	64	static
sysfs.c:302:1:show_state_disable	16	static
sysfs.c:299:1:show_state_time	16	static
sysfs.c:298:1:show_state_usage	16	static
sysfs.c:297:1:show_state_power_usage	16	static
sysfs.c:296:1:show_state_target_residency	16	static
sysfs.c:295:1:show_state_exit_latency	16	static
sysfs.c:68:16:show_current_governor	32	static
sysfs.c:50:16:show_current_driver	48	static
sysfs.c:29:16:show_available_governors	64	static
sysfs.c:303:1:store_state_disable	64	static
sysfs.c:371:13:cpuidle_state_sysfs_release	16	static
sysfs.c:224:13:cpuidle_sysfs_release	16	static
sysfs.c:301:1:show_state_desc	16	static
sysfs.c:300:1:show_state_name	16	static
sysfs.c:146:5:cpuidle_add_interface	16	static
sysfs.c:157:6:cpuidle_remove_interface	16	static
sysfs.c:582:5:cpuidle_add_device_sysfs	112	static
sysfs.c:600:6:cpuidle_remove_device_sysfs	48	static
sysfs.c:610:5:cpuidle_add_sysfs	48	static
sysfs.c:640:6:cpuidle_remove_sysfs	32	static
