rq_stats.c:516:12:system_suspend_handler	0	static
rq_stats.c:122:12:update_average_load	80	static
rq_stats.c:536:16:hotplug_disable_show	16	static
rq_stats.c:560:16:run_queue_avg_show	64	static
rq_stats.c:615:16:show_def_timer_ms	16	static
rq_stats.c:303:13:__trace_out	224	static
rq_stats.c:711:16:htask_cpucap_ctrl_store	48	static
rq_stats.c:696:16:store_heavy_task_threshold	48	static
rq_stats.c:591:16:store_run_queue_poll_ms	96	static
rq_stats.c:577:16:show_run_queue_poll_ms	64	static
rq_stats.c:621:16:store_def_timer_ms	48	static
rq_stats.c:444:12:cpufreq_transition_handler	112	static
rq_stats.c:472:12:cpu_hotplug_handler	96	static
rq_stats.c:759:19:rq_stats_init	96	static
rq_stats.c:825:19:rq_stats_early_init	16	static
rq_stats.c:241:6:sched_get_percpu_load2	80	static
rq_stats.c:274:14:sched_get_percpu_load	48	static
rq_stats.c:346:14:sched_get_nr_heavy_task_by_threshold	160	static
rq_stats.c:391:14:sched_get_nr_heavy_task	48	static
rq_stats.c:402:14:sched_get_nr_heavy_task2	16	static
rq_stats.c:681:16:show_heavy_tasks	64	static
rq_stats.c:637:16:cpu_normalized_load_show	96	static
rq_stats.c:408:6:sched_set_heavy_task_threshold	0	static
