mt_gpio_base.c:34:5:mt_set_gpio_dir_base	0	static
mt_gpio_base.c:60:5:mt_get_gpio_dir_base	0	static
mt_gpio_base.c:81:5:mt_set_gpio_out_base	0	static
mt_gpio_base.c:110:5:mt_get_gpio_out_base	0	static
mt_gpio_base.c:131:5:mt_get_gpio_in_base	0	static
mt_gpio_base.c:152:5:mt_set_gpio_mode_base	0	static
mt_gpio_base.c:219:5:mt_get_gpio_mode_base	0	static
mt_gpio_base.c:254:5:mt_set_gpio_smt_base	0	static
mt_gpio_base.c:282:5:mt_get_gpio_smt_base	0	static
mt_gpio_base.c:304:5:mt_set_gpio_ies_base	0	static
mt_gpio_base.c:325:5:mt_get_gpio_ies_base	0	static
mt_gpio_base.c:344:5:mt_set_gpio_pull_enable_base	0	static
mt_gpio_base.c:377:5:mt_get_gpio_pull_enable_base	0	static
mt_gpio_base.c:404:5:mt_set_gpio_pull_select_base	0	static
mt_gpio_base.c:441:5:mt_get_gpio_pull_select_base	0	static
mt_gpio_base.c:463:5:mt_set_gpio_inversion_base	16	static
mt_gpio_base.c:471:5:mt_get_gpio_inversion_base	16	static
mt_gpio_base.c:477:5:mt_set_gpio_slew_rate_base	0	static
mt_gpio_base.c:483:5:mt_get_gpio_slew_rate_base	0	static
mt_gpio_base.c:488:5:mt_set_gpio_pull_resistor_base	0	static
mt_gpio_base.c:493:5:mt_get_gpio_pull_resistor_base	0	static
mt_gpio_base.c:498:5:mt_set_gpio_driving_base	0	static
mt_gpio_base.c:503:5:mt_get_gpio_driving_base	0	static
mt_gpio_base.c:509:6:get_gpio_vbase	32	static
mt_gpio_base.c:557:6:get_io_cfg_vbase	16	static
mt_gpio_base.c:575:6:mt_gpio_suspend	0	static
mt_gpio_base.c:581:6:mt_gpio_resume	0	static
