f_hid.c:319:21:f_hidg_poll	48	static
f_hid.c:339:12:f_hidg_release	0	static
f_hid.c:345:12:f_hidg_open	0	static
f_midi.c:406:12:f_midi_snd_free	0	static
f_midi.c:572:12:f_midi_in_open	0	static
f_midi.c:585:12:f_midi_in_close	0	static
f_midi.c:606:12:f_midi_out_open	0	static
f_midi.c:618:12:f_midi_out_close	0	static
f_midi.c:936:1:f_midi_opts_attr_show	16	static
f_midi.c:936:1:f_midi_opts_attr_store	16	static
f_accessory.c:393:12:acc_hid_start	0	static
f_accessory.c:398:13:acc_hid_stop	0	static
f_accessory.c:402:12:acc_hid_open	0	static
f_accessory.c:407:13:acc_hid_close	0	static
f_accessory.c:411:12:acc_hid_raw_request	0	static
f_accessory.c:446:28:acc_hid_get	0	static
f_accessory.c:1343:13:acc_free	0	static
f_mtp.c:1620:13:mtp_free	0	static
f_eem.c:545:1:f_eem_opts_attr_show	16	static
f_eem.c:545:1:f_eem_opts_attr_store	16	static
f_rndis.c:1049:1:f_rndis_opts_attr_show	16	static
f_rndis.c:1049:1:f_rndis_opts_attr_store	16	static
u_ether.c:393:12:prealloc	64	static
f_mbim.c:1866:12:mbim_get_alt	0	static
android.c:587:13:acm_function_unbind_config	0	static
android.c:896:1:ptp_function_init	0	static
android.c:903:13:ptp_function_cleanup	0	static
android.c:2224:13:android_unbind_config	48	static
f_hid.c:248:13:f_hidg_req_complete	32	static
f_mtp.c:458:13:mtp_complete_out	16	static
rndis.c:1346:16:rndis_test_proc_write	64	static
f_hid.c:261:16:f_hidg_write	144	static
f_hid.c:474:13:hidg_disable	32	static
f_midi.c:1164:13:f_midi_free	64	static
f_midi.c:1065:13:f_midi_free_inst	32	static
f_accessory.c:231:13:acc_request_free	48	static
f_mtp.c:394:13:mtp_request_free	48	static
f_eem.c:606:13:eem_free	32	static
f_mbim.c:1090:13:mbim_free_ctrl_pkt	32	static
android.c:1683:13:midi_function_cleanup	16	static
android.c:1061:13:rndis_function_cleanup	32	static
android.c:955:13:eem_function_cleanup	32	static
f_accessory.c:251:28:req_get	48	static
f_mtp.c:430:2:mtp_req_get	48	static
f_mtp.c:1324:1:mtp_function_unbind	32	static
f_mtp.c:418:13:mtp_req_put	48	static
f_mtp.c:469:13:mtp_complete_intr	32	static
f_mtp.c:446:13:mtp_complete_in	32	static
f_hid.c:185:16:f_hidg_read	160	static
android.c:1571:12:audio_source_function_bind_config	16	static
f_hid.c:383:12:hidg_setup	48	static
android.c:2102:1:log_show	48	static
f_midi.c:308:12:f_midi_start_ep	64	static
f_hid.c:491:12:hidg_set_alt	64	static
f_midi.c:335:12:f_midi_set_alt	64	static
f_hid.c:665:13:hidg_unbind	32	static
f_mbim.c:2206:13:mbim_unbind	48	static
android.c:946:1:eem_function_init	32	static
android.c:1052:1:rndis_function_init	32	static
android.c:1669:12:midi_function_init	32	static
f_eem.c:688:29:eem_alloc	48	static
f_hid.c:364:13:hidg_set_report_complete	48	static
rndis.c:1117:22:rndis_add_response	32	static
rndis.c:810:12:rndis_indicate_status_msg	32	static
f_mbim.c:1068:25:mbim_alloc_ctrl_pkt	48	static
f_hid.c:575:12:hidg_bind	80	static
f_accessory.c:300:13:acc_complete_set_string	64	static
f_accessory.c:1356:29:acc_alloc	32	static
f_accessory.c:762:12:acc_open	32	static
f_mtp.c:1131:12:mtp_release	16	static
android.c:1511:12:accessory_function_bind_config	48	static
android.c:1420:12:mass_storage_function_bind_config	16	static
f_mtp.c:1403:12:mtp_bind_config	64	static
android.c:909:1:ptp_function_bind_config	16	static
android.c:889:1:mtp_function_bind_config	16	static
android.c:2212:12:android_bind_config	64	static
android.c:2231:12:android_setup_config	48	static
f_midi.c:1201:29:f_midi_alloc	64	static
f_midi.c:391:13:f_midi_disable	32	static
f_accessory.c:1170:13:acc_function_disable	32	static
f_accessory.c:1136:12:acc_function_set_alt	48	static
f_mtp.c:1158:12:mtp_ctrlrequest	80	static
f_mtp.c:1614:12:mtp_ctrlreq_configfs	16	static
android.c:915:12:mtp_function_ctrlrequest	16	static
f_mtp.c:1386:13:mtp_function_disable	32	static
f_mtp.c:1342:12:mtp_function_set_alt	48	static
f_eem.c:170:12:eem_setup	16	static
f_eem.c:627:1:eem_old_unbind	32	static
f_eem.c:619:13:eem_unbind	32	static
f_rndis.c:423:13:rndis_response_available	32	static
f_rndis.c:449:13:rndis_response_complete	48	static
f_midi.c:1182:13:f_midi_unbind	32	static
f_midi.c:725:12:f_midi_bind	592	static
f_midi.c:626:13:f_midi_out_trigger	16	static
f_midi.c:593:13:f_midi_in_trigger	32	static
f_midi.c:1361:1:midimod_exit	16	static
f_accessory.c:1375:1:accessorymod_exit	16	static
f_mtp.c:1674:1:mtpmod_exit	16	static
f_eem.c:721:1:eemmod_exit	16	static
f_midi.c:1136:38:f_midi_alloc_inst	32	static
f_midi.c:1018:16:f_midi_opts_id_store	80	static
f_midi.c:1001:16:f_midi_opts_id_show	48	static
u_ether.c:199:13:eth_get_drvinfo	32	static
android.c:2115:1:log_store	336	static
android.c:2183:1:iSerial_store	16	static
android.c:2182:1:iProduct_store	16	static
android.c:2181:1:iManufacturer_store	16	static
f_midi.c:999:1:f_midi_opts_out_ports_store	80	static
f_midi.c:998:1:f_midi_opts_in_ports_store	80	static
f_midi.c:997:1:f_midi_opts_qlen_store	80	static
f_midi.c:996:1:f_midi_opts_buflen_store	80	static
f_midi.c:995:1:f_midi_opts_index_store	80	static
android.c:844:16:serial_port_store	48	static
f_midi.c:999:1:f_midi_opts_out_ports_show	48	static
f_midi.c:998:1:f_midi_opts_in_ports_show	48	static
f_midi.c:997:1:f_midi_opts_qlen_show	48	static
f_midi.c:996:1:f_midi_opts_buflen_show	48	static
f_midi.c:995:1:f_midi_opts_index_show	48	static
android.c:1698:16:midi_alsa_show	16	static
android.c:1193:16:rndis_vendorID_show	16	static
android.c:1166:16:rndis_ethaddr_show	16	static
android.c:1141:16:rndis_wceis_show	16	static
android.c:1117:16:rndis_manufacturer_show	16	static
android.c:835:16:serial_port_show	16	static
android.c:1000:16:eem_ethaddr_show	16	static
android.c:619:16:acm_port_index_show	16	static
android.c:594:16:acm_instances_show	16	static
android.c:395:1:ffs_aliases_show	48	static
android.c:2076:16:state_show	64	static
android.c:1989:16:enable_show	16	static
android.c:1894:1:functions_show	64	static
android.c:2183:1:iSerial_show	16	static
android.c:2182:1:iProduct_show	16	static
android.c:2181:1:iManufacturer_show	16	static
android.c:2180:1:bDeviceProtocol_show	16	static
android.c:2179:1:bDeviceSubClass_show	16	static
android.c:2178:1:bDeviceClass_show	16	static
android.c:2177:1:bcdDevice_show	16	static
android.c:2176:1:idProduct_show	16	static
android.c:2175:1:idVendor_show	16	static
f_eem.c:554:1:eem_opts_qmult_show	48	static
f_rndis.c:1058:1:rndis_opts_qmult_show	48	static
f_midi.c:938:13:midi_attr_release	16	static
f_accessory.c:1269:13:acc_attr_release	16	static
f_mtp.c:1520:13:mtp_attr_release	16	static
f_eem.c:545:1:eem_attr_release	16	static
f_rndis.c:1049:1:rndis_attr_release	16	static
android.c:338:13:ffs_function_cleanup	32	static
f_midi.c:1361:1:midimod_init	16	static
f_accessory.c:1375:1:accessorymod_init	16	static
f_mtp.c:1674:1:mtpmod_init	16	static
f_eem.c:721:1:eemmod_init	16	static
f_accessory.c:371:13:acc_complete_send_hid_event	16	static
f_accessory.c:994:1:kill_all_hid_devices	32	static
f_accessory.c:348:13:acc_complete_set_hid_report_desc	48	static
f_accessory.c:1028:1:acc_function_unbind	32	static
f_accessory.c:287:13:acc_complete_out	32	static
f_accessory.c:653:16:acc_write	160	static
f_accessory.c:574:16:acc_read	128	static
f_rndis.c:1138:13:rndis_unbind	32	static
u_ether.c:179:12:ueth_change_mtu	48	static
f_mbim.c:1249:13:mbim_clear_queues	64	static
f_mbim.c:1220:13:mbim_reset_function_queue	48	static
f_mbim.c:1532:1:mbim_setup	112	static
f_mbim.c:1437:13:mbim_ep0out_complete	48	static
f_mbim.c:1491:1:fmbim_cmd_complete	64	static
f_mbim.c:1271:13:mbim_reset_response	32	static
f_mbim.c:1322:13:fmbim_reset_cmd_complete	32	static
f_mbim.c:1394:13:mbim_notify_complete	80	static
f_mbim.c:2491:12:mbim_release	32	static
f_mbim.c:2406:1:mbim_write	64	static
f_mbim.c:2323:1:mbim_read	144	static
f_accessory.c:1309:13:acc_free_inst	32	static
u_ether.c:995:12:eth_stop	64	static
f_accessory.c:773:12:acc_release	32	static
f_accessory.c:723:13:acc_ioctl	48	static
f_accessory.c:1290:12:acc_set_inst_name	48	static
f_mtp.c:1541:12:mtp_set_inst_name	48	static
f_accessory.c:1215:12:acc_setup	48	static
f_accessory.c:1318:38:acc_alloc_inst	32	static
android.c:1500:12:accessory_function_init	16	static
f_accessory.c:385:12:acc_hid_parse	16	static
f_accessory.c:1042:13:acc_start_work	32	static
f_mtp.c:1501:13:mtp_cleanup	32	static
f_mtp.c:1561:13:mtp_free_inst	32	static
android.c:883:13:mtp_function_cleanup	16	static
u_ether.c:1607:20:gether_exit	32	static
f_mtp.c:669:16:mtp_write	192	static
f_mtp.c:1010:13:mtp_ioctl	144	static
f_mtp.c:563:16:mtp_read	176	static
f_mtp.c:1440:12:__mtp_setup	48	static
android.c:877:1:mtp_function_init	16	static
f_mtp.c:866:13:receive_file_work	192	static
f_mtp.c:762:13:send_file_work	176	static
f_eem.c:340:13:eem_cmd_complete	16	static
f_eem.c:401:12:eem_unwrap	96	static
rndis.c:1134:5:rndis_rm_hdr	96	static
f_eem.c:352:24:eem_wrap	48	static
f_mbim.c:643:24:mbim_wrap_ntb	96	static
f_eem.c:554:1:eem_opts_qmult_store	80	static
f_rndis.c:1058:1:rndis_opts_qmult_store	80	static
rndis.c:1341:12:rndis_test_proc_open	16	static
rndis.c:1316:12:rndis_test_proc_show	64	static
u_ether.c:1068:12:get_ether_addr_str	32	static
f_eem.c:548:1:eem_opts_dev_addr_show	48	static
f_rndis.c:1052:1:rndis_opts_dev_addr_show	48	static
f_eem.c:551:1:eem_opts_host_addr_show	48	static
f_rndis.c:1055:1:rndis_opts_host_addr_show	48	static
u_ether.c:740:20:eth_start_xmit	208	static
u_ether.c:562:13:tx_complete	64	static
mbim_ether.c:99:13:mbim_tx_complete	80	static
f_mbim.c:2512:13:mbim_ioctl	64	static
android.c:1876:12:android_enable_function	48	static
android.c:2355:12:android_usb_unbind	48	static
android.c:2300:12:android_bind	112	static
android.c:2624:19:init	64	static
android.c:208:13:android_work	128	static
android.c:1560:13:audio_source_function_cleanup	32	static
android.c:802:13:serial_function_cleanup	48	static
android.c:533:13:acm_function_cleanup	48	static
android.c:1537:12:audio_source_function_init	32	static
android.c:767:12:serial_function_init	48	static
android.c:497:1:acm_function_init	48	static
android.c:372:12:ffs_function_bind_config	32	static
android.c:1402:13:mass_storage_function_cleanup	48	static
android.c:1309:12:mass_storage_function_init	224	static
android.c:1470:16:mass_storage_bicr_store	16	static
android.c:1460:16:mass_storage_bicr_show	16	static
android.c:1445:16:mass_storage_inquiry_store	16	static
android.c:1434:16:mass_storage_inquiry_show	16	static
android.c:1201:16:rndis_vendorID_store	64	static
android.c:1176:16:rndis_ethaddr_store	32	static
android.c:1149:16:rndis_wceis_store	64	static
android.c:1125:16:rndis_manufacturer_store	32	static
android.c:1011:16:eem_ethaddr_store	32	static
android.c:629:16:acm_port_index_store	64	static
android.c:602:16:acm_instances_store	64	static
android.c:2180:1:bDeviceProtocol_store	48	static
android.c:2179:1:bDeviceSubClass_store	48	static
android.c:2178:1:bDeviceClass_store	48	static
android.c:2177:1:bcdDevice_store	48	static
android.c:2176:1:idProduct_store	48	static
android.c:2175:1:idVendor_store	48	static
android.c:816:1:serial_function_bind_config	48	static
android.c:547:1:acm_function_bind_config	96	static
android.c:268:13:android_disable	32	static
android.c:348:13:ffs_function_enable	16	static
android.c:464:13:functionfs_closed_callback	48	static
android.c:316:12:ffs_function_init	32	static
android.c:408:1:ffs_aliases_store	320	static
android.c:1914:1:functions_store	624	static
android.c:2675:20:cleanup	32	static
f_accessory.c:795:12:acc_hid_probe	48	static
f_mtp.c:1113:12:mtp_open	32	static
f_midi.c:243:13:f_midi_handle_out_data	64	static
f_mbim.c:2063:13:mbim_gether_close	16	static
f_mbim.c:2058:13:mbim_gether_open	16	static
f_mbim.c:2456:12:mbim_open	48	static
u_ether.c:1590:19:gether_init	32	static
mbim_ether.c:1045:19:mbim_gether_init	32	static
f_mbim.c:855:12:mbim_unwrap_ntb	144	static
u_ether.c:500:13:process_rx_w	64	static
u_ether.c:1047:12:get_ether_addr	64	static
mbim_ether.c:328:13:process_mbim_rx_w	64	static
android.c:254:13:android_enable	32	static
android.c:360:13:ffs_function_disable	16	static
android.c:446:12:functionfs_ready_callback	48	static
android.c:1996:16:enable_store	96	static
f_mbim.c:2069:1:mbim_bind	96	static
rndis.c:174:12:gen_ndis_query_resp.constprop	368	static
mbim_ether.c:745:12:mbim_prealloc.constprop	64	static
f_accessory.c:211:28:acc_request_new.constprop	32	static
u_ether.c:220:13:defer_kevent.constprop	32	static
u_ether.c:234:1:rx_submit	80	static
u_ether.c:469:13:rx_fill	80	static
u_ether.c:977:12:eth_open	32	static
u_ether.c:551:13:process_rx_w1	16	static
u_ether.c:538:13:eth_work	32	static
u_ether.c:307:13:rx_complete	48	static
mbim_ether.c:234:13:mbim_defer_kevent.constprop	32	static
mbim_ether.c:244:1:mbim_rx_submit	64	static
mbim_ether.c:295:13:mbim_rx_fill	80	static
mbim_ether.c:359:13:process_mbim_rx_w1	16	static
mbim_ether.c:369:13:mbim_rx_complete	48	static
android.c:1506:13:accessory_function_cleanup	32	static
f_accessory.c:273:13:acc_complete_in	48	static
f_accessory.c:1081:13:acc_hid_work	128	static
f_accessory.c:930:1:__acc_function_bind	96	static
f_accessory.c:988:1:acc_function_bind_configfs	16	static
f_accessory.c:983:1:acc_function_bind	16	static
f_mtp.c:1251:1:mtp_function_bind	112	static
f_midi.c:525:13:f_midi_transmit	112	static
f_midi.c:566:13:f_midi_in_tasklet	16	static
f_midi.c:257:1:f_midi_complete	48	static
f_hid.c:719:5:hidg_bind_config	64	static
android.c:288:12:hid_function_bind_config	16	static
f_hid.c:776:5:ghid_setup	64	static
android.c:283:12:hid_function_init	16	static
f_hid.c:792:6:ghid_cleanup	32	static
android.c:293:13:hid_function_cleanup	16	static
f_midi.c:1281:18:f_midi_bind_config	128	static
android.c:1688:12:midi_function_bind_config	16	static
f_accessory.c:823:5:acc_ctrlrequest	80	static
f_accessory.c:1348:5:acc_ctrlrequest_configfs	16	static
android.c:2368:1:android_setup	80	static
android.c:1517:12:accessory_function_ctrlrequest	16	static
f_accessory.c:1250:6:acc_disconnect	16	static
android.c:2414:13:android_disconnect	32	static
f_mtp.c:1572:31:alloc_inst_mtp_ptp	48	static
f_mtp.c:1609:38:mtp_alloc_inst	16	static
f_mtp.c:1625:22:function_alloc_mtp_ptp	16	static
f_mtp.c:1669:29:mtp_alloc	16	static
f_eem.c:646:5:eem_bind_config	64	static
rndis.c:835:5:rndis_signal_connect	16	static
rndis.c:844:5:rndis_signal_disconnect	16	static
rndis.c:868:6:rndis_set_host_mac	0	static
rndis.c:980:5:rndis_register	32	static
f_rndis.c:976:1:rndis_bind_config_vendor	64	static
rndis.c:1003:6:rndis_deregister	32	static
f_rndis.c:959:1:rndis_old_unbind	32	static
f_rndis.c:1124:13:rndis_free	32	static
rndis.c:1012:5:rndis_set_param_dev	48	static
rndis.c:1028:5:rndis_set_param_vendor	48	static
rndis.c:1041:5:rndis_set_param_medium	48	static
f_rndis.c:746:13:rndis_close	32	static
f_rndis.c:733:13:rndis_open	48	static
rndis.c:1053:6:rndis_set_max_pkt_xfer	32	static
rndis.c:1060:6:rndis_add_hdr	32	static
f_rndis.c:388:24:rndis_add_header	32	static
rndis.c:1075:6:rndis_free_response	48	static
rndis.c:1095:5:rndis_get_next_response	0	static
f_rndis.c:533:1:rndis_setup	128	static
rndis.c:853:6:rndis_uninit	48	static
rndis.c:877:5:rndis_msg_parser	224	static
rndis.c:1368:5:rndis_init	16	static
f_rndis.c:1203:19:rndis_mod_init	16	static
rndis.c:1404:6:rndis_exit	16	static
f_rndis.c:1215:20:rndis_mod_exit	16	static
u_ether.c:1120:17:gether_setup_name	96	static
android.c:1068:1:rndis_function_bind_config	64	static
android.c:962:1:eem_function_bind_config	48	static
u_ether.c:1189:20:gether_setup_name_default	48	static
f_eem.c:585:38:eem_alloc_inst	32	static
f_rndis.c:1093:38:rndis_alloc_inst	48	static
u_ether.c:1228:5:gether_register_netdev	80	static
f_eem.c:248:12:eem_bind	64	static
f_rndis.c:769:1:rndis_bind	96	static
u_ether.c:1266:6:gether_set_gadget	0	static
u_ether.c:1276:5:gether_set_dev_addr	48	static
f_eem.c:548:1:eem_opts_dev_addr_store	64	static
f_rndis.c:1052:1:rndis_opts_dev_addr_store	64	static
u_ether.c:1289:5:gether_get_dev_addr	16	static
u_ether.c:1298:5:gether_set_host_addr	48	static
f_eem.c:551:1:eem_opts_host_addr_store	64	static
f_rndis.c:1055:1:rndis_opts_host_addr_store	64	static
u_ether.c:1311:5:gether_get_host_addr	16	static
u_ether.c:1320:5:gether_get_host_addr_cdc	32	static
u_ether.c:1334:6:gether_get_host_addr_u8	0	static
f_rndis.c:1151:29:rndis_alloc	48	static
u_ether.c:1343:6:gether_set_qmult	0	static
u_ether.c:1352:10:gether_get_qmult	0	static
u_ether.c:1361:5:gether_get_ifname	48	static
f_eem.c:557:1:eem_opts_ifname_show	48	static
f_rndis.c:1061:1:rndis_opts_ifname_show	48	static
u_ether.c:1370:6:gether_update_dl_max_xfer_size	32	static
f_rndis.c:493:13:rndis_command_complete	32	static
u_ether.c:1386:6:gether_cleanup	32	static
f_eem.c:573:13:eem_free_inst	32	static
f_rndis.c:1028:6:rndis_borrow_net	32	static
f_rndis.c:1077:13:rndis_free_inst	32	static
android.c:1110:13:rndis_function_unbind_config	16	static
android.c:992:13:eem_function_unbind_config	16	static
u_ether.c:1413:20:gether_connect	64	static
u_ether.c:1506:6:gether_disconnect	64	static
f_eem.c:233:13:eem_disable	32	static
f_eem.c:187:12:eem_set_alt	48	static
f_rndis.c:706:13:rndis_disable	48	static
f_rndis.c:627:12:rndis_set_alt	48	static
mbim_ether.c:494:5:mbim_start_xmit	112	static
mbim_ether.c:837:20:mbim_connect	64	static
mbim_ether.c:917:22:mbim_ether_setup_name	32	static
mbim_ether.c:953:6:mbim_ether_cleanup	32	static
android.c:1283:13:mbim_function_unbind_config	16	static
mbim_ether.c:975:6:mbim_disconnect	64	static
f_mbim.c:1878:13:mbim_disable	48	static
f_mbim.c:1734:12:mbim_set_alt	64	static
f_mbim.c:1118:6:fmbim_free_req	48	static
f_mbim.c:1946:5:mbim_daemon_signal	80	static
f_mbim.c:2046:13:mbim_linkdown_work	32	static
f_mbim.c:2035:13:mbim_linkup_work	32	static
f_mbim.c:2221:1:mbim_bind_config	64	static
android.c:1267:12:mbim_function_bind_config	48	static
f_mbim.c:2827:5:mbim_init	80	static
android.c:1244:12:mbim_function_init	32	static
f_mbim.c:2912:6:mbim_cleanup	48	static
android.c:1260:13:mbim_function_cleanup	32	static
android.c:1758:16:create_function_device	48	static
