configfs.c:390:1:gadget_info_attr_show	16	static
configfs.c:390:1:gadget_info_attr_store	16	static
configfs.c:501:1:config_usb_cfg_attr_show	16	static
configfs.c:501:1:config_usb_cfg_attr_store	16	static
configfs.c:681:1:gadget_config_name_attr_show	16	static
configfs.c:681:1:gadget_config_name_attr_store	16	static
configfs.c:790:1:gadget_strings_attr_show	16	static
configfs.c:790:1:gadget_strings_attr_store	16	static
configfs.c:799:1:os_desc_attr_show	16	static
configfs.c:799:1:os_desc_attr_store	16	static
configfs.c:986:1:usb_os_desc_attr_show	16	static
configfs.c:986:1:usb_os_desc_attr_store	16	static
configfs.c:996:1:usb_os_desc_ext_prop_attr_show	16	static
configfs.c:996:1:usb_os_desc_ext_prop_attr_store	16	static
configfs.c:235:16:gadget_dev_desc_bcdDevice_store	48	static
configfs.c:219:1:gadget_dev_desc_idProduct_store	48	static
configfs.c:218:1:gadget_dev_desc_idVendor_store	48	static
configfs.c:518:16:gadget_config_desc_MaxPower_store	48	static
configfs.c:1220:16:interf_grp_sub_compatible_id_show	0	static
configfs.c:1189:16:interf_grp_compatible_id_show	0	static
configfs.c:1044:16:ext_prop_data_show	32	static
configfs.c:869:16:os_desc_qw_sign_show	0	static
configfs.c:1227:16:interf_grp_sub_compatible_id_store	64	static
configfs.c:1196:16:interf_grp_compatible_id_store	64	static
configfs.c:920:12:os_desc_link	48	static
configfs.c:1105:13:usb_os_desc_ext_prop_release	16	static
configfs.c:914:13:os_desc_attr_release	16	static
configfs.c:778:13:gadget_strings_attr_release	32	static
configfs.c:671:13:gadget_config_name_attr_release	32	static
configfs.c:1163:13:ext_prop_drop	32	static
configfs.c:1778:13:gadgets_drop	16	static
configfs.c:791:1:gadget_strings_strings_drop	16	static
configfs.c:749:13:config_desc_drop	16	static
configfs.c:682:1:gadget_config_name_strings_drop	16	static
configfs.c:638:13:function_drop	32	static
configfs.c:1058:16:ext_prop_data_store	64	static
configfs.c:1004:16:ext_prop_type_store	80	static
configfs.c:217:1:gadget_dev_desc_bMaxPacketSize0_store	48	static
configfs.c:216:1:gadget_dev_desc_bDeviceProtocol_store	48	static
configfs.c:215:1:gadget_dev_desc_bDeviceSubClass_store	48	static
configfs.c:214:1:gadget_dev_desc_bDeviceClass_store	48	static
configfs.c:844:16:os_desc_b_vendor_code_store	80	static
configfs.c:538:16:gadget_config_desc_bmAttributes_store	48	static
configfs.c:998:16:ext_prop_type_show	16	static
configfs.c:269:16:gadget_dev_desc_UDC_show	16	static
configfs.c:213:1:gadget_dev_desc_bcdUSB_show	16	static
configfs.c:220:1:gadget_dev_desc_bcdDevice_show	16	static
configfs.c:219:1:gadget_dev_desc_idProduct_show	16	static
configfs.c:218:1:gadget_dev_desc_idVendor_show	16	static
configfs.c:217:1:gadget_dev_desc_bMaxPacketSize0_show	16	static
configfs.c:216:1:gadget_dev_desc_bDeviceProtocol_show	16	static
configfs.c:215:1:gadget_dev_desc_bDeviceSubClass_show	16	static
configfs.c:214:1:gadget_dev_desc_bDeviceClass_show	16	static
configfs.c:835:16:os_desc_b_vendor_code_show	16	static
configfs.c:801:16:os_desc_use_show	16	static
configfs.c:769:1:gadget_strings_serialnumber_show	16	static
configfs.c:768:1:gadget_strings_product_show	16	static
configfs.c:767:1:gadget_strings_manufacturer_show	16	static
configfs.c:664:1:gadget_config_name_configuration_show	16	static
configfs.c:532:16:gadget_config_desc_bmAttributes_show	16	static
configfs.c:512:16:gadget_config_desc_MaxPower_show	16	static
configfs.c:1118:28:ext_prop_make	64	static
configfs.c:1816:19:gadget_cfs_init	32	static
configfs.c:1709:29:gadgets_make	64	static
configfs.c:379:13:gadget_info_attr_release	32	static
configfs.c:1311:12:configfs_do_nothing	16	static
configfs.c:398:13:gadget_config_attr_release	32	static
configfs.c:1323:13:purge_configs_funcs	80	static
configfs.c:1529:13:configfs_composite_unbind	32	static
configfs.c:1350:12:configfs_composite_bind	112	static
configfs.c:880:16:os_desc_qw_sign_store	64	static
configfs.c:810:16:os_desc_use_store	80	static
configfs.c:136:12:usb_string_copy	48	static
configfs.c:769:1:gadget_strings_serialnumber_store	32	static
configfs.c:768:1:gadget_strings_product_store	32	static
configfs.c:767:1:gadget_strings_manufacturer_store	32	static
configfs.c:664:1:gadget_config_name_configuration_store	32	static
configfs.c:684:29:config_desc_make	112	static
configfs.c:408:12:config_usb_cfg_link	64	static
configfs.c:589:29:function_make	96	static
configfs.c:1834:20:gadget_cfs_exit	16	static
configfs.c:274:12:unregister_gadget	32	static
configfs.c:289:16:gadget_dev_desc_UDC_store	64	static
configfs.c:955:12:os_desc_unlink	48	static
configfs.c:464:12:config_usb_cfg_unlink	48	static
configfs.c:252:16:gadget_dev_desc_bcdUSB_store	48	static
configfs.c:37:5:check_user_usb_string	48	static
configfs.c:791:1:gadget_strings_strings_make	64	static
configfs.c:682:1:gadget_config_name_strings_make	64	static
configfs.c:1257:5:usb_os_desc_prepare_interf_dir	112	static
configfs.c:1808:6:unregister_gadget_item	16	static
