bio.c:345:13:punt_bios_to_rescuer	64	static
bio.c:879:13:submit_bio_wait_endio	16	static
bio.c:1044:12:__bio_copy_iov	144	static
bio.c:328:13:bio_alloc_rescue	48	static
bio.c:703:12:__bio_add_page.part.22	112	static
bio.c:157:14:bvec_nr_vecs	0	static
bio.c:162:6:bvec_free	16	static
bio.c:175:17:bvec_alloc	48	static
bio.c:270:6:bio_init	0	static
bio.c:289:6:bio_reset	0	static
bio.c:318:6:bio_chain	16	static
bio.c:411:13:bio_alloc_bioset	80	static
bio.c:503:6:zero_fill_bio	96	static
bio.c:526:6:bio_put	32	static
bio.c:1484:13:bio_map_kern_endio	16	static
bio.c:1556:13:bio_copy_kern_endio	96	static
bio.c:538:12:bio_phys_segments	32	static
bio.c:558:6:__bio_clone_fast	16	static
bio.c:582:13:bio_clone_fast	32	static
bio.c:616:13:bio_clone_bioset	112	static
bio.c:689:5:bio_get_nr_vecs	0	static
bio.c:840:5:bio_add_pc_page	16	static
bio.c:860:5:bio_add_page	16	static
bio.c:895:5:submit_bio_wait	96	static
bio.c:921:6:bio_advance	48	static
bio.c:940:5:bio_alloc_pages	64	static
bio.c:970:6:bio_copy_data	160	static
bio.c:1102:5:bio_uncopy_user	48	static
bio.c:1140:13:bio_copy_user_iov	128	static
bio.c:1266:13:bio_copy_user	32	static
bio.c:1428:13:bio_map_user_iov	144	static
bio.c:1403:13:bio_map_user	32	static
bio.c:1477:6:bio_unmap_user	48	static
bio.c:1536:13:bio_map_kern	112	static
bio.c:1589:13:bio_copy_kern	80	static
bio.c:1646:6:bio_set_pages_dirty	48	static
bio.c:1692:13:bio_dirty_fn	48	static
bio.c:1712:6:bio_check_pages_dirty	48	static
bio.c:1743:6:bio_flush_dcache_pages	96	static
bio.c:1768:6:bio_endio	64	static
bio.c:301:13:bio_chain_endio	32	static
bio.c:1810:6:bio_endio_nodec	16	static
bio.c:1830:13:bio_split	48	static
bio.c:1859:6:bio_trim	48	static
bio.c:1881:12:biovec_create_pool	16	static
bio.c:1888:6:bioset_free	48	static
bio.c:1906:24:__bioset_create	96	static
bio.c:1962:17:bioset_create	16	static
bio.c:2060:19:init_bio	48	static
bio.c:1977:17:bioset_create_nobvec	16	static
