genhd.c:491:24:exact_match	0	static
genhd.c:893:24:base_probe	0	static
genhd.c:1140:14:block_devnode	16	static
genhd.c:1718:16:disk_events_poll_msecs_show	16	static
genhd.c:955:16:disk_capability_show	16	static
genhd.c:972:16:disk_discard_alignment_show	16	static
genhd.c:963:16:disk_alignment_offset_show	16	static
genhd.c:947:16:disk_ro_show	16	static
genhd.c:938:16:disk_removable_show	16	static
genhd.c:930:16:disk_ext_range_show	16	static
genhd.c:922:16:disk_range_show	16	static
genhd.c:1685:16:__disk_events_show	48	static
genhd.c:1710:16:disk_events_async_show	16	static
genhd.c:1702:16:disk_events_show	16	static
genhd.c:1497:13:__disk_unblock_events	80	static
genhd.c:812:14:disk_seqf_next	16	static
genhd.c:791:14:disk_seqf_start	48	static
genhd.c:824:13:disk_seqf_stop	32	static
genhd.c:879:12:partitions_open	16	static
genhd.c:1216:12:diskstats_open	16	static
genhd.c:1228:19:proc_genhd_init	32	static
genhd.c:836:14:show_partition_start	48	static
genhd.c:1637:13:disk_check_events	112	static
genhd.c:1629:13:disk_events_workfn	16	static
genhd.c:60:19:disk_get_part	48	static
genhd.c:94:6:disk_part_iter_init	48	static
genhd.c:127:19:disk_part_iter_next	48	static
genhd.c:187:6:disk_part_iter_exit	32	static
genhd.c:1121:12:disk_uevent	64	static
genhd.c:846:12:show_partition	144	static
genhd.c:1166:12:diskstats_show	320	static
genhd.c:215:19:disk_map_sector_rcu	0	static
genhd.c:256:6:blkdev_show	48	static
genhd.c:285:5:register_blkdev	64	static
genhd.c:901:19:genhd_device_init	48	static
genhd.c:341:6:unregister_blkdev	64	static
genhd.c:411:5:blk_alloc_devt	64	static
genhd.c:446:6:blk_free_devt	48	static
genhd.c:1106:13:disk_release	48	static
genhd.c:475:6:blk_register_region	16	static
genhd.c:484:6:blk_unregister_region	16	static
genhd.c:720:22:bdget_disk	32	static
genhd.c:582:6:add_disk	112	static
genhd.c:739:13:printk_all_partitions	192	static
genhd.c:1069:5:disk_expand_part_tbl	48	static
genhd.c:1237:7:blk_lookup_devt	80	static
genhd.c:1278:17:alloc_disk_node	48	static
genhd.c:1272:17:alloc_disk	16	static
genhd.c:1318:17:get_disk	16	static
genhd.c:498:12:exact_lock	16	static
genhd.c:681:17:get_gendisk	48	static
genhd.c:1339:6:put_disk	16	static
genhd.c:1357:6:set_device_ro	0	static
genhd.c:1364:6:set_disk_ro	80	static
genhd.c:1382:5:bdev_read_only	0	static
genhd.c:1391:5:invalidate_partition	32	static
genhd.c:1472:6:disk_block_events	64	static
genhd.c:1727:16:disk_events_poll_msecs_store	48	static
genhd.c:635:6:del_gendisk	80	static
genhd.c:1537:6:disk_unblock_events	16	static
genhd.c:1555:6:disk_flush_events	48	static
genhd.c:1766:12:disk_events_set_dfl_poll_msecs	48	static
genhd.c:1581:14:disk_clear_events	80	static
