trace.c:90:1:dummy_set_flag	0	static
trace.c:169:19:stop_trace_on_warning	0	static
trace.c:176:19:boot_alloc_snapshot	0	static
trace.c:3177:5:tracing_open_generic	0	static
trace.c:3401:1:tracing_write_stub	0	static
trace.c:3861:14:saved_cmdlines_next	0	static
trace.c:4972:1:tracing_free_buffer_write	0	static
trace.c:5623:13:buffer_pipe_buf_get	0	static
mtk_events.h:87:1:ftrace_define_fields_irq_exit	16	static
mtk_events.h:104:1:ftrace_define_fields_gpu_freq	16	static
trace.c:2030:14:get_trace_buf	32	static
mtk_events.h:22:1:perf_trace_tracing_on	368	static
mtk_events.h:43:1:perf_trace_cpu_hotplug	384	static
mtk_events.h:87:1:perf_trace_irq_exit	368	static
mtk_events.h:104:1:perf_trace_gpu_freq	368	static
mtk_events.h:22:1:ftrace_raw_event_tracing_on	96	static
mtk_events.h:43:1:ftrace_raw_event_cpu_hotplug	112	static
mtk_events.h:87:1:ftrace_raw_event_irq_exit	96	static
mtk_events.h:104:1:ftrace_raw_event_gpu_freq	96	static
mtk_events.h:22:1:ftrace_raw_output_tracing_on	32	static
mtk_events.h:43:1:ftrace_raw_output_cpu_hotplug	32	static
mtk_events.h:68:1:ftrace_raw_output_irq_entry	32	static
mtk_events.h:87:1:ftrace_raw_output_irq_exit	32	static
mtk_events.h:104:1:ftrace_raw_output_gpu_freq	32	static
mtk_events.h:121:1:ftrace_raw_output_ppm_update	32	static
mtk_events.h:140:1:ftrace_raw_output_hps_update	96	static
mtk_events.h:68:1:perf_trace_irq_entry	384	static
mtk_events.h:68:1:ftrace_raw_event_irq_entry	96	static
mtk_events.h:121:1:perf_trace_ppm_update	400	static
mtk_events.h:121:1:ftrace_raw_event_ppm_update	112	static
mtk_events.h:140:1:perf_trace_hps_update	496	static
mtk_events.h:140:1:ftrace_raw_event_hps_update	176	static
trace.c:143:19:set_cmdline_ftrace	32	static
trace.c:189:19:set_trace_boot_options	32	static
trace.c:200:19:set_trace_boot_clock	32	static
trace.c:153:19:set_ftrace_dump_on_oops	16	static
trace.c:3353:13:t_stop	16	static
trace.c:780:19:set_buf_size	32	static
trace.c:795:19:set_tracing_thresh	32	static
trace.c:7067:19:clear_boot_tracer	32	static
trace.c:1336:12:allocate_cmdlines_buffer	48	static
trace.c:6117:1:trace_options_read	16	static
trace.c:3848:1:tracing_readme_read	16	static
trace.c:6169:1:trace_options_core_read	16	static
trace.c:6363:1:rb_simple_write	96	static
trace.c:3881:14:saved_cmdlines_start	64	static
trace.c:3899:13:saved_cmdlines_stop	16	static
trace.c:2320:1:peek_next_entry	32	static
trace.c:2341:1:__find_next_entry	144	static
trace.c:3528:12:tracing_trace_options_show	96	static
trace.c:2591:13:print_lat_help_header	32	static
trace.c:2564:1:get_total_entries	96	static
trace.c:2603:13:print_event_info	64	static
trace.c:3407:8:tracing_lseek	16	static
trace.c:3938:1:tracing_saved_cmdlines_size_read	112	static
trace.c:3922:12:tracing_saved_cmdlines_open	16	static
trace.c:3381:12:show_traces_open	32	static
trace.c:6349:1:rb_simple_read	112	static
trace.c:4948:1:tracing_total_entries_read	176	static
trace.c:4069:1:tracing_set_trace_read	176	static
trace.c:5106:12:tracing_clock_show	96	static
trace.c:3358:12:t_show	32	static
trace.c:4866:1:tracing_entries_read	176	static
trace.c:4723:13:tracing_spd_release_pipe	16	static
trace.c:1108:12:wait_on_pipe	16	static
trace.c:2547:13:s_stop	32	static
trace.c:4558:1:trace_poll	16	static
trace.c:4575:1:tracing_poll_pipe	16	static
trace.c:5497:1:tracing_buffers_poll	16	static
trace.c:3470:1:tracing_cpumask_write	144	static
trace.c:3447:1:tracing_cpumask_read	64	static
trace.c:5795:1:tracing_stats_read	80	static
trace.c:5644:13:buffer_spd_release	48	static
trace.c:5610:13:buffer_pipe_buf_release	32	static
trace.c:5658:1:tracing_buffers_splice_read	560	static
trace.c:4125:12:__tracing_resize_ring_buffer	80	static
mtk_events.h:22:1:ftrace_define_fields_tracing_on	32	static
mtk_events.h:43:1:ftrace_define_fields_cpu_hotplug	32	static
mtk_events.h:68:1:ftrace_define_fields_irq_entry	32	static
mtk_events.h:121:1:ftrace_define_fields_ppm_update	32	static
mtk_events.h:140:1:ftrace_define_fields_hps_update	48	static
trace.c:250:13:__trace_array_put.isra.36	32	static
trace.c:5586:12:tracing_buffers_release	32	static
trace.c:1587:13:__trace_find_cmdline	32	static
trace.c:3905:12:saved_cmdlines_show	48	static
trace.c:4420:1:tracing_thresh_read	112	static
trace.c:4427:1:tracing_thresh_write	80	static
trace.c:3995:1:tracing_saved_cmdlines_size_write	64	static
trace.c:3325:1:t_next	0	static
trace.c:3338:14:t_start	64	static
trace.c:6132:1:trace_options_write	96	static
trace.c:6416:1:allocate_trace_buffer	64	static
trace.c:6628:12:instance_rmdir	64	static
trace.c:209:20:ns2usecs	0	static
trace.c:232:5:trace_array_get	48	static
trace.c:3195:12:tracing_open_generic_tr	48	static
trace.c:4465:12:tracing_open_pipe	80	static
trace.c:256:6:trace_array_put	32	static
trace.c:3252:12:tracing_release_generic_tr	16	static
trace.c:3260:12:tracing_single_release_tr	48	static
trace.c:5183:12:tracing_clock_open	48	static
trace.c:4535:12:tracing_release_pipe	48	static
trace.c:3692:12:tracing_trace_options_open	48	static
trace.c:5457:12:tracing_buffers_open	64	static
trace.c:263:5:filter_check_discard	32	static
trace.c:277:5:call_filter_check_discard	32	static
trace.c:305:9:ftrace_now	48	static
trace.c:319:5:tracing_is_enabled	0	static
trace.c:348:6:update_buf_size	0	static
trace.c:472:6:tracing_on	32	static
trace.c:699:6:tracing_snapshot	32	static
trace.c:704:5:tracing_alloc_snapshot	32	static
trace.c:710:6:tracing_snapshot_alloc	16	static
trace.c:743:6:tracing_off	32	static
trace.c:752:6:disable_trace_on_warning	16	static
trace.c:774:5:tracing_is_on	16	static
trace.c:810:15:nsecs_to_usecs	0	static
trace.c:864:5:trace_parser_get_init	32	static
trace.c:879:6:trace_parser_put	16	static
trace.c:895:5:trace_get_user	0	static
trace.c:1259:6:tracing_reset	32	static
trace.c:1275:6:tracing_reset_online_cpus	64	static
trace.c:5121:12:tracing_set_clock	64	static
trace.c:5155:16:tracing_clock_write	112	static
trace.c:1298:6:tracing_reset_all_online_cpus	32	static
trace.c:1398:5:is_tracing_stopped	0	static
trace.c:1409:6:tracing_start	48	static
trace.c:3210:12:tracing_release	80	static
trace.c:1493:6:tracing_stop	48	static
trace.c:1613:6:trace_find_cmdline	48	static
trace.c:1624:5:trace_find_tgid	32	static
trace.c:4025:1:tracing_saved_tgids_read	112	static
trace.c:1643:6:tracing_record_cmdline	48	static
trace.c:1656:1:tracing_generic_entry_update	0	static
trace.c:1677:1:trace_buffer_lock_reserve	64	static
trace.c:1696:1:__buffer_unlock_commit	48	static
trace.c:1823:13:__ftrace_trace_stack	112	static
trace.c:5002:1:tracing_mark_write	144	static
trace.c:1724:1:trace_event_buffer_lock_reserve	80	static
trace.c:1750:1:trace_current_buffer_lock_reserve	16	static
trace.c:1780:6:trace_current_buffer_discard_commit	16	static
trace.c:1788:1:trace_function	64	static
trace.c:1904:6:ftrace_trace_stack_regs	16	static
trace.c:1913:6:ftrace_trace_stack	16	static
trace.c:487:5:__trace_puts	96	static
trace.c:537:5:__trace_bputs	80	static
trace.c:2216:1:__trace_array_vprintk	128	static
trace.c:1922:6:__trace_stack	16	static
trace.c:1932:6:trace_dump_stack	16	static
trace.c:1953:1:ftrace_trace_userstack	64	static
trace.c:1713:6:trace_buffer_unlock_commit	48	static
trace.c:1760:6:trace_current_buffer_unlock_commit	48	static
trace.c:1768:6:trace_buffer_unlock_commit_regs	64	static
trace.c:2096:6:trace_printk_init_buffers	48	static
trace.c:2136:6:trace_printk_start_comm	16	static
trace.c:2159:5:trace_vbprintk	128	static
trace.c:2268:5:trace_array_vprintk	48	static
trace.c:2274:5:trace_array_printk	128	static
trace.c:2289:5:trace_array_printk_buf	128	static
trace.c:2304:5:trace_vprintk	48	static
trace.c:2401:21:trace_find_next_entry	16	static
trace.c:2408:7:trace_find_next_entry_inc	32	static
trace.c:2425:14:s_next	48	static
trace.c:2452:6:tracing_iter_reset	80	static
trace.c:2486:14:s_start	96	static
trace.c:3269:12:tracing_open	96	static
trace.c:2656:1:print_trace_header	112	static
trace.c:2847:5:trace_empty	48	static
trace.c:4583:12:tracing_wait_pipe	48	static
trace.c:5506:1:tracing_buffers_read	128	static
trace.c:2881:19:print_trace_line	80	static
trace.c:4771:16:tracing_splice_read_pipe	544	static
trace.c:4623:1:tracing_read_pipe	144	static
trace.c:2923:6:trace_latency_header	48	static
trace.c:2938:6:trace_default_header	48	static
trace.c:3020:12:s_show	48	static
trace.c:3186:6:tracing_is_disabled	0	static
trace.c:3594:5:trace_keep_overwrite	0	static
trace.c:3602:5:set_tracer_flag	64	static
trace.c:3634:12:trace_set_options	96	static
trace.c:3667:1:tracing_trace_options_write	112	static
trace.c:6184:1:trace_options_core_write	64	static
trace.c:4083:5:tracer_init	48	static
trace.c:4191:9:tracing_resize_ring_buffer	64	static
trace.c:4986:1:tracing_free_buffer_release	32	static
trace.c:4914:1:tracing_entries_write	80	static
trace.c:4227:5:tracing_update_buffers	48	static
trace.c:6009:16:tracing_init_dentry_tr	32	static
trace.c:6234:23:trace_options_init_dentry.part.52	32	static
trace.c:6026:16:tracing_init_dentry	16	static
trace.c:6218:16:trace_create_file	32	static
trace.c:4265:12:tracing_set_tracer	128	static
trace.c:1190:5:register_tracer	64	static
trace.c:6964:19:tracer_alloc_buffers	48	static
trace.c:4356:1:tracing_set_trace_write	176	static
trace.c:6051:1:trace_create_cpu_file	32	static
trace.c:6676:1:init_tracer_debugfs	144	static
trace.c:6601:12:instance_mkdir	112	static
trace.c:6737:19:tracer_init_debugfs	80	static
trace.c:6821:1:trace_printk_seq	32	static
trace.c:6835:6:trace_init_global_iter	32	static
trace.c:6854:6:ftrace_dump	80	static
trace.c:6787:12:trace_die_handler	16	static
trace.c:6773:12:trace_panic_handler	16	static
