trace_output.c:778:19:trace_nop_print	16	static
trace_output.c:1394:26:trace_print_raw	32	static
trace_output.c:1343:1:trace_bprint_raw	32	static
trace_output.c:1285:1:trace_bputs_raw	32	static
trace_output.c:969:26:trace_graph_ret_raw	32	static
trace_output.c:892:26:trace_graph_ent_raw	32	static
trace_output.c:816:26:trace_fn_raw	32	static
trace_output.c:1144:26:trace_ctxwake_bin	32	static
trace_output.c:1004:26:trace_graph_ret_bin	32	static
trace_output.c:921:26:trace_graph_ent_bin	32	static
trace_output.c:845:26:trace_fn_bin	32	static
trace_output.c:987:26:trace_graph_ret_hex	32	static
trace_output.c:907:26:trace_graph_ent_hex	32	static
trace_output.c:831:26:trace_fn_hex	32	static
trace_output.c:600:12:task_state_char	0	static
trace_output.c:1073:12:trace_ctxwake_raw	64	static
trace_output.c:1102:26:trace_wake_raw	16	static
trace_output.c:1096:26:trace_ctx_raw	16	static
trace_output.c:1034:26:trace_ctxwake_print	112	static
trace_output.c:1067:26:trace_wake_print	16	static
trace_output.c:1061:26:trace_ctx_print	16	static
trace_output.c:1109:12:trace_ctxwake_hex	64	static
trace_output.c:1138:26:trace_wake_hex	16	static
trace_output.c:1132:26:trace_ctx_hex	16	static
trace_output.c:280:1:seq_print_sym_offset.constprop	272	static
trace_output.c:264:1:seq_print_sym_short.constprop	272	static
trace_output.c:23:19:trace_print_bputs_msg_only	32	static
trace_output.c:39:19:trace_print_bprintk_msg_only	32	static
trace_output.c:55:19:trace_print_printk_msg_only	32	static
trace_output.c:72:1:ftrace_print_flags_seq	80	static
trace_output.c:110:1:ftrace_print_symbols_seq	48	static
trace_output.c:162:1:ftrace_print_bitmask_seq	32	static
trace_output.c:175:1:ftrace_print_hex_seq	80	static
trace_output.c:189:5:ftrace_raw_output_prep	32	static
trace_output.c:233:5:ftrace_output_call	176	static
trace_output.c:301:5:seq_print_user_ip	80	static
trace_output.c:334:1:seq_print_userip_objs	96	static
trace_output.c:1228:26:trace_user_stack_print	48	static
trace_output.c:381:1:seq_print_ip_sym	48	static
trace_output.c:1374:26:trace_print_print	48	static
trace_output.c:1317:1:trace_bprint_print	48	static
trace_output.c:1259:1:trace_bputs_print	48	static
trace_output.c:1188:26:trace_stack_print	64	static
trace_output.c:948:26:trace_graph_ret_trace	48	static
trace_output.c:872:26:trace_graph_ent_trace	48	static
trace_output.c:788:26:trace_fn_trace	48	static
trace_output.c:409:5:trace_print_lat_fmt	32	static
trace_output.c:516:5:trace_print_context	64	static
trace_output.c:561:5:trace_print_lat_context	112	static
trace_output.c:614:21:ftrace_find_event	0	static
trace_output.c:659:6:trace_event_read_lock	16	static
trace_output.c:664:6:trace_event_read_unlock	16	static
trace_output.c:684:5:register_ftrace_event	48	static
trace_output.c:1435:19:init_events	64	static
trace_output.c:753:5:__unregister_ftrace_event	0	static
trace_output.c:764:5:unregister_ftrace_event	32	static
