que_mgt.c:3156:6:qmHandleReorderBubbleTimeout	80	static
que_mgt.c:1244:1:qmDequeueTxPacketsFromPerStaQueues	96	static
que_mgt.c:1497:1:qmDequeueTxPacketsFromGlobalQueue	96	static
que_mgt.c:197:6:qmInit	64	static
que_mgt.c:396:6:qmUpdateStaRec	32	static
que_mgt.c:533:6:qmFreeAllByBssIdx	32	static
que_mgt.c:582:15:qmFlushTxQueues	32	static
que_mgt.c:673:15:qmFlushStaTxQueues	32	static
que_mgt.c:741:12:qmFlushRxQueues	32	static
que_mgt.c:795:12:qmFlushStaRxQueue	48	static
que_mgt.c:842:9:qmDetermineStaTxQueue	112	static
que_mgt.c:908:6:qmSetTxPacketDescTemplate	32	static
que_mgt.c:935:1:qmSetStaRecTxAllowed	0	static
que_mgt.c:1134:6:qmDetermineStaRecIndex	80	static
que_mgt.c:1220:16:qmDetermineStaToBeDequeued	0	static
que_mgt.c:1226:9:qmDequeueStaTxPackets	0	static
que_mgt.c:1419:1:qmDequeueTxPacketsFromPerTypeQueues	80	static
que_mgt.c:1570:15:qmDequeueTxPackets	112	static
que_mgt.c:1631:15:qmDequeueTxPacketsMthread	96	static
que_mgt.c:1680:1:qmAdjustTcQuotasMthread	96	static
que_mgt.c:1771:9:qmAdjustTcQuotas	32	static
que_mgt.c:1852:6:qmUpdateAverageTxQueLen	80	static
que_mgt.c:1903:1:qmAllocateResidualTcResource	48	static
que_mgt.c:1986:6:qmReassignTcResource	64	static
que_mgt.c:2309:6:qmDoAdaptiveTcResourceCtrl	32	static
que_mgt.c:2365:6:qmCheckForFastTcResourceCtrl	16	static
que_mgt.c:2394:6:qmInitRxQueues	0	static
que_mgt.c:2965:6:qmInsertFallAheadReorderPkt	32	static
que_mgt.c:2990:6:qmPopOutDueToFallWithin	128	static
que_mgt.c:3336:9:qmCompareSnIsLessThan	0	static
que_mgt.c:2900:6:qmInsertFallWithinReorderPkt	80	static
que_mgt.c:3085:6:qmPopOutDueToFallAhead	80	static
que_mgt.c:2660:6:qmProcessPktWithReordering	80	static
que_mgt.c:2822:6:qmProcessBarFrame	96	static
que_mgt.c:2409:12:qmHandleRxPackets	128	static
que_mgt.c:3361:6:qmHandleMailboxRxMessage	0	static
que_mgt.c:3457:17:qmLookupRxBaEntry	0	static
que_mgt.c:3227:6:qmHandleEventCheckReorderBubble	112	static
que_mgt.c:3549:6:qmDelRxBaEntry	64	static
que_mgt.c:488:6:qmDeactivateStaRec	48	static
que_mgt.c:439:6:qmActivateStaRec	48	static
que_mgt.c:3432:6:qmHandleEventRxDelBa	32	static
que_mgt.c:3474:1:qmAddRxBaEntry	80	static
que_mgt.c:3377:6:qmHandleEventRxAddBa	48	static
que_mgt.c:3635:6:mqmParseAssocReqWmmIe	64	static
que_mgt.c:3699:6:mqmProcessAssocReq	80	static
que_mgt.c:3753:6:mqmParseAssocRspWmmIe	48	static
que_mgt.c:4028:9:mqmCompareEdcaParameters	0	static
que_mgt.c:4080:6:mqmFillAcQueParam	0	static
que_mgt.c:3908:9:mqmUpdateEdcaParameters	176	static
que_mgt.c:3969:1:mqmParseEdcaParameters	80	static
que_mgt.c:3869:6:mqmProcessBcn	80	static
que_mgt.c:4109:6:mqmProcessScanResult	80	static
que_mgt.c:4203:1:mqmFillWmmInfoIE	48	static
que_mgt.c:4286:1:mqmGenerateWmmInfoIEByStaRec	32	static
que_mgt.c:4324:6:mqmGenerateWmmInfoIE	32	static
que_mgt.c:4366:6:mqmGenerateWmmParamIE	64	static
que_mgt.c:4472:9:mqmGenerateWmmParamIEByParam	64	static
que_mgt.c:4558:1:qmGetFrameAction	80	static
que_mgt.c:4668:6:qmHandleEventBssAbsencePresence	48	static
que_mgt.c:4797:1:qmUpdateFreeQuota	48	static
que_mgt.c:4708:6:qmHandleEventStaChangePsMode	48	static
que_mgt.c:4749:6:qmHandleEventStaUpdateFreeQuota	32	static
que_mgt.c:4888:9:qmGetRxReorderQueuedBufferCount	32	static
que_mgt.c:4915:6:qmDumpQueueStatus	128	static
que_mgt.c:5789:6:qmDetectArpNoResponse	64	static
que_mgt.c:956:15:qmEnqueueTxPackets	128	static
que_mgt.c:5825:6:qmHandleRxArpPackets	32	static
que_mgt.c:5858:6:qmHandleRxDhcpPackets	80	static
que_mgt.c:5950:6:qmResetArpDetect	0	static
que_mgt.c:3791:6:mqmProcessAssocRsp	112	static
