devinet.c:697:13:set_ifa_lifetime	0	static
devinet.c:1622:15:inet_get_link_af_size	0	static
devinet.c:126:13:inet_hash_remove	32	static
devinet.c:1479:12:inet_fill_ifaddr	112	static
devinet.c:1595:13:rtmsg_ifa	80	static
devinet.c:1538:12:inet_dump_ifaddr	112	static
devinet.c:1655:12:inet_validate_link_af	32	static
devinet.c:1683:12:inet_set_link_af	80	static
devinet.c:1632:12:inet_fill_link_af	32	static
devinet.c:1132:12:inet_gifconf	128	static
devinet.c:2155:12:__devinet_sysctl_register	96	static
devinet.c:2072:12:ipv4_doint_and_flush	64	static
devinet.c:1217:15:confirm_addr_indev.isra.16	0	static
devinet.c:864:12:inet_abc_len	0	static
devinet.c:2187:13:__devinet_sysctl_unregister.isra.21	32	static
devinet.c:2309:24:devinet_exit_net	32	static
devinet.c:2237:23:devinet_init_net	64	static
devinet.c:2199:12:devinet_sysctl_register	48	static
devinet.c:1721:12:inet_netconf_fill_devconf.constprop	96	static
devinet.c:1858:12:inet_netconf_dump_devconf	80	static
devinet.c:1797:12:inet_netconf_get_devconf	128	static
devinet.c:327:13:__inet_del_ifa	112	static
devinet.c:599:13:check_lifetime	96	static
devinet.c:437:12:__inet_insert_ifa	64	static
devinet.c:494:12:inet_insert_ifa	16	static
devinet.c:822:12:inet_rtm_newaddr	160	static
devinet.c:140:20:__ip_dev_find	144	static
devinet.c:216:6:in_dev_finish_destroy	32	static
devinet.c:279:13:in_dev_rcu_put	16	static
devinet.c:203:13:inet_rcu_free_ifa	32	static
devinet.c:234:26:inetdev_init	48	static
devinet.c:1353:12:inetdev_event	112	static
devinet.c:312:5:inet_addr_onlink	48	static
devinet.c:524:19:inetdev_by_index	48	static
devinet.c:552:12:inet_rtm_deladdr	144	static
devinet.c:540:19:inet_ifa_byprefix	48	static
devinet.c:885:5:devinet_ioctl	160	static
devinet.c:1168:8:inet_select_addr	64	static
devinet.c:1262:8:inet_confirm_addr	96	static
devinet.c:1290:5:register_inetaddr_notifier	16	static
devinet.c:1296:5:unregister_inetaddr_notifier	16	static
devinet.c:1765:6:inet_netconf_notify_devconf	64	static
devinet.c:1989:12:devinet_conf_proc	96	static
devinet.c:2029:12:devinet_sysctl_forward	96	static
devinet.c:2337:13:devinet_init	32	static
