inet_connection_sock.c:900:26:inet_csk_rebuild_route	112	static
inet_connection_sock.c:32:6:inet_get_local_port_range	0	static
inet_connection_sock.c:45:5:inet_csk_bind_conflict	80	static
inet_connection_sock.c:92:5:inet_csk_get_port	128	static
inet_connection_sock.c:292:14:inet_csk_accept	144	static
inet_connection_sock.c:358:6:inet_csk_init_xmit_timers	48	static
inet_connection_sock.c:374:6:inet_csk_clear_xmit_timers	32	static
inet_connection_sock.c:386:6:inet_csk_delete_keepalive_timer	16	static
inet_connection_sock.c:392:6:inet_csk_reset_keepalive_timer	16	static
inet_connection_sock.c:398:19:inet_csk_route_req	128	static
inet_connection_sock.c:431:19:inet_csk_route_child_sock	128	static
inet_connection_sock.c:482:22:inet_csk_search_req	48	static
inet_connection_sock.c:511:6:inet_csk_reqsk_queue_hash_add	80	static
inet_connection_sock.c:551:5:inet_rtx_syn_ack	32	static
inet_connection_sock.c:561:6:inet_csk_reqsk_queue_prune	144	static
inet_connection_sock.c:665:14:inet_csk_clone_lock	32	static
inet_connection_sock.c:703:6:inet_csk_destroy_sock	32	static
inet_connection_sock.c:730:6:inet_csk_prepare_forced_close	32	static
inet_connection_sock.c:744:5:inet_csk_listen_start	48	static
inet_connection_sock.c:786:6:inet_csk_listen_stop	112	static
inet_connection_sock.c:861:6:inet_csk_addr2sockaddr	0	static
inet_connection_sock.c:873:5:inet_csk_compat_getsockopt	16	static
inet_connection_sock.c:886:5:inet_csk_compat_setsockopt	16	static
inet_connection_sock.c:926:19:inet_csk_update_pmtu	32	static
