gro_cells.h:48:19:gro_cell_poll	80	static
ip_tunnel.c:128:13:ip_tunnel_key_match	0	static
ip_tunnel.c:268:13:ip_tunnel_del	0	static
ip_tunnel.c:273:26:ip_tunnel_find	80	static
ip_tunnel.c:296:27:__ip_tunnel_create	96	static
ip_tunnel.c:953:13:ip_tunnel_dev_free	48	static
ip_tunnel.c:84:22:tunnel_dst_set.isra.17	48	static
ip_tunnel.c:356:12:ip_tunnel_bind_dev	112	static
ip_tunnel.c:261:13:ip_tunnel_add	0	static
ip_tunnel.c:95:6:ip_tunnel_dst_reset_all	80	static
ip_tunnel.c:804:13:ip_tunnel_update	64	static
ip_tunnel.c:152:19:ip_tunnel_lookup	96	static
ip_tunnel.c:423:5:ip_tunnel_rcv	48	static
ip_tunnel.c:506:5:ip_tunnel_encap_setup	0	static
ip_tunnel.c:573:5:ip_tunnel_encap	80	static
ip_tunnel.c:639:6:ip_tunnel_xmit	192	static
ip_tunnel.c:837:5:ip_tunnel_ioctl	64	static
ip_tunnel.c:940:5:ip_tunnel_change_mtu	0	static
ip_tunnel.c:963:6:ip_tunnel_dellink	64	static
ip_tunnel.c:977:5:ip_tunnel_init_net	144	static
ip_tunnel.c:1037:6:ip_tunnel_delete_net	80	static
ip_tunnel.c:1048:5:ip_tunnel_newlink	64	static
ip_tunnel.c:1083:5:ip_tunnel_changelink	64	static
ip_tunnel.c:1121:5:ip_tunnel_init	64	static
ip_tunnel.c:1155:6:ip_tunnel_uninit	48	static
ip_tunnel.c:1171:6:ip_tunnel_setup	0	static
