ipmr.c:146:25:ipmr_get_table	16	static
ipmr.c:175:12:ipmr_rule_action	32	static
ipmr.c:200:12:ipmr_rule_match	0	static
ipmr.c:209:12:ipmr_rule_configure	0	static
ipmr.c:215:12:ipmr_rule_compare	0	static
ipmr.c:221:12:ipmr_rule_fill	0	static
ipmr.c:482:13:reg_vif_setup	0	static
ipmr.c:822:26:ipmr_cache_find	16	static
ipmr.c:837:26:ipmr_cache_find_any_parent	16	static
ipmr.c:853:26:ipmr_cache_find_any	96	static
ipmr.c:1674:19:ipmr_forward_finish	32	static
ipmr.c:606:13:ipmr_cache_free_rcu	16	static
ipmr.c:692:13:ipmr_update_thresholds	0	static
ipmr.c:622:13:ipmr_destroy_unres	80	static
ipmr.c:2474:13:ipmr_vif_seq_stop	16	static
ipmr.c:2618:13:ipmr_mfc_seq_stop	16	static
ipmr.c:944:12:ipmr_cache_report	64	static
ipmr.c:550:12:vif_delete	80	static
ipmr.c:1616:12:ipmr_device_event	80	static
ipmr.c:357:13:ipmr_del_tunnel	144	static
ipmr.c:2677:12:ipmr_mfc_open	16	static
ipmr.c:2509:12:ipmr_vif_open	16	static
ipmr.c:2480:12:ipmr_vif_seq_show	48	static
ipmr.c:2629:12:ipmr_mfc_seq_show	64	static
ipmr.c:2456:14:ipmr_vif_seq_next	0	static
ipmr.c:2531:26:ipmr_mfc_seq_idx.isra.20	64	static
ipmr.c:2558:14:ipmr_mfc_seq_start	48	static
ipmr.c:2575:14:ipmr_mfc_seq_next	32	static
ipmr.c:2144:12:__ipmr_fill_mroute.isra.21	144	static
ipmr.c:2258:12:ipmr_fill_mroute	80	static
ipmr.c:2322:13:mroute_netlink_event	64	static
ipmr.c:1204:13:mroute_clean_tables	96	static
ipmr.c:1245:13:mrtsock_destruct	64	static
ipmr.c:277:24:ipmr_rules_exit	48	static
ipmr.c:2730:24:ipmr_net_exit	32	static
ipmr.c:652:13:ipmr_expire_process	80	static
ipmr.c:1031:1:ipmr_cache_unresolved	80	static
ipmr.c:2347:12:ipmr_rtm_dumproute	144	static
ipmr.c:492:27:ipmr_reg_vif.isra.23	48	static
ipmr.c:315:25:ipmr_new_table.part.25	48	static
ipmr.c:2045:12:__pim_rcv.constprop	64	static
ipmr.c:713:12:vif_add.constprop	192	static
ipmr.c:452:20:reg_vif_xmit	128	static
ipmr.c:1691:13:ipmr_queue_xmit.isra.24.constprop	144	static
ipmr.c:1804:13:ip_mr_forward.constprop	96	static
ipmr.c:2703:23:ipmr_net_init	48	static
ipmr.c:1921:25:ipmr_rt_fib_lookup.constprop	96	static
ipmr.c:2117:12:pim_rcv	32	static
ipmr.c:2438:14:ipmr_vif_seq_start	48	static
ipmr.c:1271:5:ip_mroute_setsockopt	176	static
ipmr.c:1435:5:ip_mroute_getsockopt	64	static
ipmr.c:1483:5:ipmr_ioctl	96	static
ipmr.c:1557:5:ipmr_compat_ioctl	80	static
ipmr.c:1950:5:ip_mr_input	64	static
ipmr.c:2090:5:pim_rcv_v1	48	static
ipmr.c:2189:5:ipmr_get_route	96	static
ipmr.c:2744:12:ip_mr_init	48	static
