tcp_metrics.c:96:13:tcpm_suck_dst	0	static
tcp_metrics.c:137:13:tcpm_check_stamp	16	static
tcp_metrics.c:1108:19:set_tcpmhash_entries	16	static
tcp_metrics.c:768:12:tcp_metrics_fill_info	192	static
tcp_metrics.c:896:12:tcp_metrics_nl_dump	96	static
tcp_metrics.c:1149:24:tcp_net_metrics_exit	48	static
tcp_metrics.c:1123:23:tcp_net_metrics_init	32	static
tcp_metrics.c:74:13:addr_same	0	static
tcp_metrics.c:927:12:__parse_nl_addr.isra.12	0	static
tcp_metrics.c:210:34:__tcp_get_metrics.constprop	48	static
tcp_metrics.c:313:34:tcp_get_metrics	144	static
tcp_metrics.c:968:12:tcp_metrics_nl_cmd_get	128	static
tcp_metrics.c:1052:12:tcp_metrics_nl_cmd_del	128	static
tcp_metrics.c:367:6:tcp_update_metrics	48	static
tcp_metrics.c:488:6:tcp_init_metrics	48	static
tcp_metrics.c:579:6:tcp_peer_is_proven	112	static
tcp_metrics.c:610:6:tcp_fetch_timewait_stamp	48	static
tcp_metrics.c:633:6:tcp_remember_stamp	64	static
tcp_metrics.c:659:6:tcp_tw_remember_stamp	96	static
tcp_metrics.c:686:6:tcp_fastopen_cache_get	64	static
tcp_metrics.c:710:6:tcp_fastopen_cache_set	80	static
tcp_metrics.c:1171:13:tcp_metrics_init	32	static
