tcp_input.c:175:13:tcp_incr_quickack	0	static
tcp_input.c:488:13:tcp_rcv_rtt_update	0	static
tcp_input.c:2378:13:tcp_undo_cwnd_reduction	32	static
tcp_input.c:2510:13:tcp_cwnd_reduction	0	static
tcp_input.c:282:13:tcp_sndbuf_expand	0	static
tcp_input.c:4809:13:tcp_check_space	32	static
tcp_input.c:2466:13:tcp_try_undo_loss	48	static
tcp_input.c:2215:13:tcp_mark_head_lost	80	static
tcp_input.c:1144:12:tcp_match_skb_to_sack	32	static
tcp_input.c:4694:13:tcp_prune_ofo_queue	48	static
tcp_input.c:4828:13:__tcp_ack_snd_check	48	static
tcp_input.c:3323:13:tcp_send_challenge_ack	48	static
tcp_input.c:1191:11:tcp_sacktag_one	96	static
tcp_input.c:1281:13:tcp_shifted_skb	80	static
tcp_input.c:682:13:tcp_rtt_estimator	48	static
tcp_input.c:3877:13:tcp_fin	32	static
tcp_input.c:354:13:tcp_grow_window	0	static
tcp_input.c:1594:24:tcp_sacktag_skip.isra.21	0	static
tcp_input.c:3685:13:tcp_parse_aligned_timestamp.part.22	0	static
tcp_input.c:2333:13:tcp_any_retrans_done	0	static
tcp_input.c:2560:13:tcp_try_keep_open	32	static
tcp_input.c:2419:13:tcp_try_undo_recovery	32	static
tcp_input.c:3962:13:tcp_dsack_set	48	static
tcp_input.c:3982:13:tcp_dsack_extend	16	static
tcp_input.c:2452:13:tcp_try_undo_dsack	16	static
tcp_input.c:2277:13:tcp_update_scoreboard	16	static
tcp_input.c:4531:24:tcp_collapse_one.isra.28	32	static
tcp_input.c:4555:1:tcp_collapse	128	static
tcp_input.c:4201:12:tcp_try_rmem_schedule	96	static
tcp_input.c:4130:13:tcp_try_coalesce	64	static
tcp_input.c:4347:25:tcp_queue_rcv	48	static
tcp_input.c:4935:13:tcp_urg	64	static
tcp_input.c:2496:13:tcp_init_cwnd_reduction	32	static
tcp_input.c:2671:13:tcp_enter_recovery	48	static
tcp_input.c:3371:13:tcp_process_tlp_ack	32	static
tcp_input.c:3992:13:tcp_send_dupack	48	static
tcp_input.c:222:13:__tcp_ecn_check_ce	32	static
tcp_input.c:627:13:tcp_event_data_recv	48	static
tcp_input.c:888:13:tcp_skb_mark_lost_uncond_verify	0	static
tcp_input.c:1517:24:tcp_sacktag_walk	144	static
tcp_input.c:403:6:tcp_init_buffer_space	48	static
tcp_input.c:464:6:tcp_initialize_rcv_mss	0	static
tcp_input.c:551:6:tcp_rcv_space_adjust	0	static
tcp_input.c:4414:13:tcp_data_queue	128	static
tcp_input.c:803:7:tcp_init_cwnd	0	static
tcp_input.c:816:6:tcp_disable_fack	0	static
tcp_input.c:830:13:tcp_update_reordering	32	static
tcp_input.c:1863:13:tcp_check_reno_reordering	16	static
tcp_input.c:1872:13:tcp_add_reno_sack	32	static
tcp_input.c:1635:1:tcp_sacktag_write_queue	208	static
tcp_input.c:1902:6:tcp_clear_retrans	0	static
tcp_input.c:1923:6:tcp_enter_loss	48	static
tcp_input.c:2548:6:tcp_enter_cwr	32	static
tcp_input.c:2624:6:tcp_simple_retransmit	64	static
tcp_input.c:2786:13:tcp_fastretrans_alert	96	static
tcp_input.c:2964:6:tcp_rearm_rto	48	static
tcp_input.c:3409:12:tcp_ack	224	static
tcp_input.c:3000:6:tcp_resume_early_retransmit	32	static
tcp_input.c:3575:6:tcp_parse_options	112	static
tcp_input.c:3839:6:tcp_reset	32	static
tcp_input.c:5008:13:tcp_validate_incoming	64	static
tcp_input.c:4364:5:tcp_send_rcvq	80	static
tcp_input.c:5099:6:tcp_rcv_established	96	static
tcp_input.c:5294:6:tcp_finish_connect	32	static
tcp_input.c:5615:5:tcp_rcv_state_process	128	static
tcp_input.c:5933:5:tcp_conn_request	240	static
