udp.h:188:20:udp_lib_hash	16	static
udp.h:196:20:udp_lib_close	16	static
udplite.h:19:23:udplite_getfrag	16	static
udp.c:335:12:ipv4_rcv_saddr_equal	0	static
udp.c:2384:13:udp_seq_stop	16	static
udp.c:1406:6:udp_lib_unhash	48	static
udp.c:1382:5:udp_disconnect	32	static
udp.c:1204:21:first_packet_length	112	static
udp.c:1278:5:udp_recvmsg	144	static
udp.c:1475:12:__udp_queue_rcv_skb	64	static
udp.c:2392:5:udp_seq_open	48	static
udp.c:2456:5:udp4_seq_show	208	static
udp.c:344:21:udp4_portaddr_hash.isra.26	0	static
udp.c:2308:21:udp_get_first.isra.30	48	static
udp.c:2336:21:udp_get_next	32	static
udp.c:2353:21:udp_get_idx	32	static
udp.c:2363:14:udp_seq_start	16	static
udp.c:2371:14:udp_seq_next	32	static
udp.c:2518:19:set_uhash_entries	32	static
udp.c:193:12:udp_lib_lport_inuse2.isra.34	80	static
udp.c:158:12:udp_lib_lport_inuse.isra.35	112	static
udp.c:434:21:udp_ehashfn.isra.36	64	static
udp.c:448:21:udp4_lib_lookup2.isra.37	128	static
udp.c:1240:5:udp_ioctl	32	static
udp.c:147:6:udp_event_trace_printk	64	static
udp.c:231:5:udp_lib_get_port	160	static
udp.c:350:5:udp_v4_get_port	32	static
udp.c:502:14:__udp4_lib_lookup	128	static
udp.c:594:14:udp4_lib_lookup	16	static
udp.c:632:6:__udp4_lib_err	80	static
udp.c:703:6:udp_err	16	static
udp.c:711:6:udp_flush_pending_frames	16	static
udp.c:2041:6:udp_destroy_sock	32	static
udp.c:730:6:udp4_hwcsum	64	static
udp.c:806:12:udp_send_skb	64	static
udp.c:865:5:udp_push_pending_frames	32	static
udp.c:886:5:udp_sendmsg	320	static
udp.c:1143:5:udp_sendpage	128	static
udp.c:772:6:udp_set_csum	64	static
udp.c:1435:6:udp_lib_rehash	80	static
udp.c:1467:13:udp_v4_rehash	32	static
udp.c:1503:6:udp_encap_enable	32	static
udp.c:1518:5:udp_queue_rcv_skb	64	static
udp.c:1635:13:flush_stack	96	static
udp.c:1681:12:__udp4_lib_mcast_deliver.isra.42	384	static
udp.c:1764:5:__udp4_lib_rcv	128	static
udp.c:1979:6:udp_v4_early_demux	112	static
udp.c:2036:5:udp_rcv	16	static
udp.c:2058:5:udp_lib_setsockopt	32	static
udp.c:2151:5:udp_setsockopt	16	static
udp.c:2161:5:compat_udp_setsockopt	16	static
udp.c:2171:5:udp_lib_getsockopt	32	static
udp.c:2224:5:udp_getsockopt	16	static
udp.c:2233:5:compat_udp_getsockopt	16	static
udp.c:2254:14:udp_poll	48	static
udp.c:2411:5:udp_proc_register	16	static
udp.c:2491:23:udp4_proc_init_net	16	static
udp.c:2428:6:udp_proc_unregister	16	static
udp.c:2496:24:udp4_proc_exit_net	16	static
udp.c:2506:12:udp4_proc_init	16	static
udp.c:2511:6:udp4_proc_exit	16	static
udp.c:2535:13:udp_table_init	48	static
udp.c:2562:13:udp_init	32	static
