gl_p2p_kal.c:85:26:kalP2PGetState	32	static
gl_p2p_kal.c:106:1:kalP2PUpdateAssocInfo	80	static
gl_p2p_kal.c:177:1:kalP2PSetState	304	static
gl_p2p_kal.c:219:9:kalP2PGetFreqInKHz	32	static
gl_p2p_kal.c:239:8:kalP2PGetRole	32	static
gl_p2p_kal.c:265:6:kalP2PSetRole	32	static
gl_p2p_kal.c:319:6:kalP2PSetCipher	32	static
gl_p2p_kal.c:340:9:kalP2PGetCipher	32	static
gl_p2p_kal.c:357:9:kalP2PGetCcmpCipher	32	static
gl_p2p_kal.c:371:9:kalP2PGetTkipCipher	32	static
gl_p2p_kal.c:395:6:kalP2PSetWscMode	32	static
gl_p2p_kal.c:413:8:kalP2PGetWscMode	32	static
gl_p2p_kal.c:433:9:kalP2PCalWSC_IELen	32	static
gl_p2p_kal.c:453:6:kalP2PGenWSC_IE	16	static
gl_p2p_kal.c:469:6:kalP2PUpdateWSC_IE	48	static
gl_p2p_kal.c:503:6:kalP2PIndicateConnReq	336	static
gl_p2p_kal.c:543:1:kalP2PInvitationIndication	336	static
gl_p2p_kal.c:648:6:kalP2PInvitationStatus	304	static
gl_p2p_kal.c:678:6:kalP2PIndicateSDRequest	304	static
gl_p2p_kal.c:705:6:kalP2PIndicateSDResponse	304	static
gl_p2p_kal.c:734:6:kalP2PIndicateTXDone	304	static
gl_p2p_kal.c:751:20:kalP2PGetDevHdlr	32	static
gl_p2p_kal.c:768:6:kalP2PIndicateSecCheckRsp	320	static
gl_p2p_kal.c:799:1:kalGetChnlList	16	static
gl_p2p_kal.c:880:6:kalP2PIndicateScanDone	80	static
gl_p2p_kal.c:967:6:kalP2PIndicateMgmtTxStatus	32	static
gl_p2p_kal.c:1011:1:kalP2PIndicateRxMgmtFrame	64	static
gl_p2p_kal.c:1069:1:kalP2PGCIndicateConnectionStatus	32	static
gl_p2p_kal.c:1108:1:kalP2PGOStationUpdate	192	static
gl_p2p_kal.c:1147:9:kalP2pFuncGetChannelType	32	static
gl_p2p_kal.c:1178:27:kalP2pFuncGetChannelEntry	0	static
gl_p2p_kal.c:810:1:kalP2PIndicateChannelReady	80	static
gl_p2p_kal.c:842:1:kalP2PIndicateChannelExpired	80	static
gl_p2p_kal.c:923:1:kalP2PIndicateBssInfo	64	static
gl_p2p_kal.c:1232:9:kalP2PSetBlackList	64	static
gl_p2p_kal.c:1277:9:kalP2PCmpBlackList	64	static
gl_p2p_kal.c:1309:6:kalP2PSetMaxClients	32	static
gl_p2p_kal.c:1330:9:kalP2PMaxClients	32	static
