gl_wext_priv.c:2062:1:reqExtSetAcpiDevicePowerState	32	static
gl_wext_priv.c:1537:1:priv_set_ndis.constprop	64	static
gl_wext_priv.c:1650:1:priv_get_ndis.constprop	48	static
gl_wext_priv.c:458:9:batchChannelNum2Freq	0	static
gl_wext_priv.c:485:1:batchConvertResult	256	static
gl_wext_priv.c:608:1:priv_set_int	64	static
gl_wext_priv.c:877:1:priv_get_int	640	static
gl_wext_priv.c:1067:1:priv_set_ints	80	static
gl_wext_priv.c:1172:1:priv_get_ints	640	static
gl_wext_priv.c:1232:1:priv_set_struct	96	static
gl_wext_priv.c:1419:1:priv_get_struct	96	static
gl_wext_priv.c:419:5:priv_support_ioctl	32	static
gl_wext_priv.c:2216:5:priv_driver_set_sw_ctrl	128	static
gl_wext_priv.c:2260:5:priv_driver_set_cfg	192	static
gl_wext_priv.c:2298:5:priv_driver_get_cfg	160	static
gl_wext_priv.c:2330:5:priv_driver_set_chip_config	384	static
gl_wext_priv.c:2380:5:priv_driver_get_chip_config	512	static
gl_wext_priv.c:2532:5:priv_driver_get_linkspeed	48	static
gl_wext_priv.c:2561:5:priv_driver_set_band	128	static
gl_wext_priv.c:2604:5:priv_driver_set_txpower	160	static
gl_wext_priv.c:2714:5:priv_driver_set_country	128	static
gl_wext_priv.c:2746:5:priv_driver_set_miracast	144	static
gl_wext_priv.c:2820:5:priv_driver_set_suspend_mode	128	static
gl_wext_priv.c:2865:5:priv_driver_set_monitor	192	static
gl_wext_priv.c:3021:8:priv_driver_cmds	176	static
gl_wext_priv.c:1796:1:priv_set_driver	64	static
gl_wext_priv.c:3151:5:priv_support_driver_cmd	64	static
