mt_idle.c:1690:22:go_to_rgidle	0	static
mt_idle.c:1869:19:dpidle_select_handler	48	static
mt_idle.c:1881:19:soidle3_select_handler	32	static
mt_idle.c:1894:19:soidle_select_handler	32	static
mt_idle.c:1907:19:mcidle_select_handler	16	static
mt_idle.c:1919:19:slidle_select_handler	32	static
mt_idle.c:1931:19:rgidle_select_handler	0	static
mt_idle.c:2197:12:_idle_state_open	0	static
mt_idle.c:2307:12:_mcidle_state_open	0	static
mt_idle.c:2388:12:_dpidle_state_open	0	static
mt_idle.c:2518:12:_soidle3_state_open	0	static
mt_idle.c:2656:12:_soidle_state_open	0	static
mt_idle.c:2782:12:_slidle_state_open	0	static
mt_idle.c:2864:12:_reg_dump_open	0	static
mt_idle.c:2945:16:reg_dump_write	0	static
mt_idle.c:2869:12:reg_dump_open	16	static
mt_idle.c:2787:12:slidle_state_open	16	static
mt_idle.c:2312:12:mcidle_state_open	16	static
mt_idle.c:2661:12:soidle_state_open	16	static
mt_idle.c:2523:12:soidle3_state_open	16	static
mt_idle.c:2393:12:dpidle_state_open	16	static
mt_idle.c:2202:12:idle_state_open	16	static
mt_idle.c:2874:16:reg_dump_read	112	static
mt_idle.c:2317:16:mcidle_state_read	128	static
mt_idle.c:2348:16:mcidle_state_write	176	static
mt_idle.c:2792:16:slidle_state_read	144	static
mt_idle.c:2666:16:soidle_state_read	144	static
mt_idle.c:2398:16:dpidle_state_read	160	static
mt_idle.c:2528:16:soidle3_state_read	160	static
mt_idle.c:2258:16:idle_state_write	176	static
mt_idle.c:2207:16:idle_state_read	160	static
mt_idle.c:2988:12:mt_idle_cpu_callback	0	static
mt_spm_internal.h:614:28:is_clk_buf_under_flightmode	0	static
mt_idle.c:136:1:bus_dcm_enable	0	static
mt_idle.c:141:1:bus_dcm_disable	0	static
mt_idle.c:147:1:mt_get_clk_mem_sel	0	static
mt_idle.c:153:1:tscpu_cancel_thermal_timer	0	static
mt_idle.c:158:1:tscpu_start_thermal_timer	0	static
mt_idle.c:163:28:mtkts_bts_cancel_thermal_timer	0	static
mt_idle.c:168:28:mtkts_btsmdpa_cancel_thermal_timer	0	static
mt_idle.c:173:28:mtkts_pmic_cancel_thermal_timer	0	static
mt_idle.c:178:28:mtkts_battery_cancel_thermal_timer	0	static
mt_idle.c:183:28:mtkts_pa_cancel_thermal_timer	0	static
mt_idle.c:188:28:mtkts_wmt_cancel_thermal_timer	0	static
mt_idle.c:193:28:mtkts_bts_start_thermal_timer	0	static
mt_idle.c:198:28:mtkts_btsmdpa_start_thermal_timer	0	static
mt_idle.c:203:28:mtkts_pmic_start_thermal_timer	0	static
mt_idle.c:208:28:mtkts_battery_start_thermal_timer	0	static
mt_idle.c:213:28:mtkts_pa_start_thermal_timer	0	static
mt_idle.c:218:28:mtkts_wmt_start_thermal_timer	0	static
mt_idle.c:223:28:mtkts_allts_cancel_ts1_timer	0	static
mt_idle.c:228:28:mtkts_allts_cancel_ts2_timer	0	static
mt_idle.c:233:28:mtkts_allts_cancel_ts3_timer	0	static
mt_idle.c:238:28:mtkts_allts_cancel_ts4_timer	0	static
mt_idle.c:243:28:mtkts_allts_cancel_ts5_timer	0	static
mt_idle.c:248:28:mtkts_allts_start_ts1_timer	0	static
mt_idle.c:253:28:mtkts_allts_start_ts2_timer	0	static
mt_idle.c:258:28:mtkts_allts_start_ts3_timer	0	static
mt_idle.c:263:28:mtkts_allts_start_ts4_timer	0	static
mt_idle.c:268:28:mtkts_allts_start_ts5_timer	0	static
mt_idle.c:273:28:mtk_gpu_sodi_entry	0	static
mt_idle.c:278:28:mtk_gpu_sodi_exit	0	static
mt_idle.c:283:28:spm_mcdi_can_enter	0	static
mt_idle.c:288:28:spm_get_sodi3_en	0	static
mt_idle.c:293:28:spm_get_sodi_en	0	static
mt_idle.c:298:27:hps_del_timer	0	static
mt_idle.c:303:27:hps_restart_timer	0	static
mt_idle.c:308:28:msdc_clk_status	0	static
mt_idle.c:313:37:spm_go_to_dpidle	0	static
mt_idle.c:318:28:spm_enable_sodi	0	static
mt_idle.c:323:28:spm_sodi_mempll_pwr_mode	0	static
mt_idle.c:328:37:spm_go_to_sodi3	0	static
mt_idle.c:333:37:spm_go_to_sodi	0	static
mt_idle.c:338:28:go_to_mcidle	0	static
mt_idle.c:343:28:spm_mcdi_switch_on_off	0	static
mt_idle.c:2148:12:mcdi_cpu_notify	16	static
mt_idle.c:360:27:is_teei_ready	0	static
mt_idle.c:544:6:idle_lock_spm	32	static
mt_idle.c:553:6:idle_unlock_spm	32	static
mt_idle.c:564:6:idle_lock_by_conn	32	static
mt_idle.c:608:6:enable_soidle3_by_bit	48	static
mt_idle.c:618:6:disable_soidle3_by_bit	48	static
mt_idle.c:2598:16:soidle3_state_write	192	static
mt_idle.c:632:6:faudintbus_pll2sq	0	static
mt_idle.c:639:6:faudintbus_sq2pll	0	static
mt_idle.c:661:6:soidle3_can_enter	48	static
mt_idle.c:852:6:soidle3_before_wfi	0	static
mt_idle.c:878:6:soidle3_after_wfi	32	static
mt_idle.c:940:6:enable_soidle_by_bit	48	static
mt_idle.c:952:6:disable_soidle_by_bit	48	static
mt_idle.c:2724:16:soidle_state_write	192	static
mt_idle.c:964:6:soidle_can_enter	48	static
mt_idle.c:1130:6:soidle_before_wfi	16	static
mt_idle.c:1152:6:soidle_after_wfi	32	static
mt_idle.c:1194:6:mcidle_can_enter	32	static
mt_idle.c:1267:6:mcidle_before_wfi	0	static
mt_idle.c:1297:6:mcidle_after_wfi	0	static
mt_idle.c:1337:6:enable_dpidle_by_bit	48	static
mt_idle.c:1347:6:disable_dpidle_by_bit	48	static
mt_idle.c:2463:16:dpidle_state_write	192	static
mt_idle.c:1518:6:spm_dpidle_before_wfi	16	static
mt_idle.c:1546:6:spm_dpidle_after_wfi	48	static
mt_idle.c:1610:6:enable_slidle_by_bit	48	static
mt_idle.c:1620:6:disable_slidle_by_bit	48	static
mt_idle.c:2825:16:slidle_state_write	192	static
mt_idle.c:1952:5:mt_idle_select	48	static
mt_idle.c:1967:5:dpidle_enter	32	static
mt_idle.c:2005:5:soidle3_enter	64	static
mt_idle.c:2060:5:soidle_enter	64	static
mt_idle.c:2111:5:mcidle_enter	32	static
mt_idle.c:2124:5:slidle_enter	32	static
mt_idle.c:2134:5:rgidle_enter	32	static
mt_idle.c:2185:6:mt_idle_init	16	static
mt_idle.c:3036:6:mt_cpuidle_framework_init	48	static
