mt_spm_vcorefs_mt6755.c:248:13:dump_pmic_info	32	static
mt_spm_internal.h:614:28:is_clk_buf_under_flightmode	0	static
mt_spm_vcorefs_mt6755.c:65:6:set_aee_vcore_dvfs_status	32	static
mt_spm_vcorefs_mt6755.c:147:12:_wait_spm_dvfs_idle	48	static
mt_spm_vcorefs_mt6755.c:208:6:_get_total_bw_enable	0	static
mt_spm_vcorefs_mt6755.c:221:5:_find_spm_dvfs_result	0	static
mt_spm_vcorefs_mt6755.c:341:6:_spm_vcorefs_init_reg	32	static
mt_spm_vcorefs_mt6755.c:372:7:spm_vcorefs_dump_dvfs_regs	32	static
mt_spm_vcorefs_mt6755.c:275:12:_check_dvfs_result	64	static
mt_spm_vcorefs_mt6755.c:421:5:spm_vcorefs_get_clk_mem_pll	0	static
mt_spm_vcorefs_mt6755.c:440:6:spm_go_to_vcore_dvfs	48	static
mt_spm_vcorefs_mt6755.c:458:5:spm_vcorefs_set_total_bw_threshold	48	static
mt_spm_vcorefs_mt6755.c:481:5:spm_vcorefs_set_perform_bw_threshold	48	static
mt_spm_vcorefs_mt6755.c:503:6:spm_vcorefs_enable_total_bw	48	static
mt_spm_vcorefs_mt6755.c:521:6:spm_vcorefs_enable_perform_bw	48	static
mt_spm_vcorefs_mt6755.c:541:5:spm_vcorefs_set_dvfs_hpm_force	96	static
mt_spm_vcorefs_mt6755.c:595:5:spm_vcorefs_set_dvfs_hpm	112	static
mt_spm_vcorefs_mt6755.c:668:5:spm_vcorefs_set_dvfs_lpm_force	96	static
mt_spm_vcorefs_mt6755.c:720:5:spm_vcorefs_set_total_bw	16	static
mt_spm_vcorefs_mt6755.c:733:5:spm_vcorefs_get_MD_status	0	static
mt_spm_vcorefs_mt6755.c:738:5:spm_vcorefs_set_cpu_dvfs_req	0	static
mt_spm_vcorefs_mt6755.c:746:6:spm_vcorefs_is_dvfs_in_porgress	0	static
mt_spm_vcorefs_mt6755.c:754:6:spm_vcorefs_set_pcm_flag	0	static
