leds_strobe.c:1179:22:ledTimeOutCallback	16	static
leds_strobe.c:1610:20:flashchip_exit	16	static
leds_strobe.c:1519:12:flashchip_probe	48	static
leds_strobe.c:1005:22:TorchTimeOutCallback	16	static
leds_strobe.c:1555:12:flashchip_remove	32	static
leds_strobe.c:1589:19:flashchip_init	32	static
leds_strobe.c:957:8:FL_ENT_SETMODE_GPIO.part.4	16	static
leds_strobe.c:932:6:FL_PWM_SetTorchBegin	16	static
leds_strobe.c:940:6:FL_PWM_SetFlashBegin	0	static
leds_strobe.c:946:6:FL_PWM_SetTorchEnd	16	static
leds_strobe.c:957:8:FL_ENT_SETMODE_GPIO	16	static
leds_strobe.c:969:8:FL_ENF_SETMODE_GPIO	16	static
leds_strobe.c:978:7:FL_ENT_SETMODE_PWM	16	static
leds_strobe.c:1425:13:chip_flash_brightness_set	48	static
leds_strobe.c:991:5:FL_PWM_SetBrightness	16	static
leds_strobe.c:1334:13:chip_torch_brightness_set	48	static
leds_strobe.c:1013:6:Torch_timerInit	32	static
leds_strobe.c:1020:5:FL_Enable	64	static
leds_strobe.c:1069:5:FL_Disable	16	static
leds_strobe.c:1171:13:work_timeOutFunc	16	static
leds_strobe.c:1086:5:FL_dim_duty	16	static
leds_strobe.c:1196:12:constant_flashlight_ioctl	48	static
leds_strobe.c:1094:5:FL_Init	16	static
leds_strobe.c:1104:5:FL_Uninit	16	static
leds_strobe.c:1282:12:constant_flashlight_release	48	static
leds_strobe.c:1186:6:timerInit	32	static
leds_strobe.c:1252:12:constant_flashlight_open	48	static
leds_strobe.c:1314:9:constantFlashlightInit	0	static
leds_strobe.c:1324:9:strobe_VDIrq	0	static
