btm_core.c:147:18:_stp_btm_get_op.part.1	48	static
btm_core.c:313:14:_stp_btm_wait_for_msg	16	static
btm_core.c:80:15:wmt_plat_force_trigger_assert	0	static
btm_core.c:238:11:_stp_btm_get_free_op	32	static
btm_core.c:497:7:stp_notify_btm_poll_cpupcr_ctrl	16	static
btm_core.c:566:7:stp_btm_deinit	32	static
btm_core.c:604:7:stp_notify_btm_dump	16	static
btm_core.c:676:7:stp_notify_btm_do_fw_assert	48	static
btm_core.c:685:7:stp_btm_set_current_op	32	static
btm_core.c:696:11:stp_btm_get_current_op	32	static
btm_core.c:167:14:_stp_btm_put_op	80	static
btm_core.c:252:7:_stp_btm_put_act_op	64	static
btm_core.c:477:7:stp_btm_notify_wmt_rst_wq	48	static
btm_core.c:680:7:wmt_btm_trigger_reset	16	static
btm_core.c:482:7:stp_btm_notify_stp_retry_wq	48	static
btm_core.c:492:7:stp_btm_notify_wmt_dmp_wq	48	static
btm_core.c:516:7:stp_notify_btm_handle_wmt_lte_coex	48	static
btm_core.c:522:15:stp_btm_init	80	static
btm_core.c:586:7:stp_btm_reset_btm_wq	48	static
btm_core.c:487:7:stp_btm_notify_coredump_timeout_wq	48	static
btm_core.c:320:14:_stp_btm_proc	96	static
