stp_core.c:617:13:stp_change_rx_state	0	static
stp_core.c:1021:13:stp_send_tx_queue	64	static
stp_core.c:903:13:stp_add_to_tx_queue	48	static
stp_core.c:931:14:stp_add_to_rx_queue	80	static
stp_core.c:1225:14:stp_process_rxack	48	static
stp_core.c:480:6:stp_dbg_pkt_log	32	static
stp_core.c:624:13:stp_tx_timeout_handler	32	static
stp_core.c:976:14:wmt_parser_data.constprop	96	static
stp_core.c:238:14:stp_ctx_unlock.constprop	16	static
stp_core.c:1069:13:stp_send_ack	32	static
stp_core.c:577:13:stp_rest_ctx_state	32	static
stp_core.c:164:14:mtk_wcn_consys_stp_btif_logger_ctrl	16	static
stp_core.c:169:14:mtk_wcn_consys_stp_btif_open	16	static
stp_core.c:176:14:mtk_wcn_consys_stp_btif_close	16	static
stp_core.c:183:14:mtk_wcn_consys_stp_btif_rx_cb_register	16	static
stp_core.c:189:14:mtk_wcn_consys_stp_btif_tx	16	static
stp_core.c:196:14:mtk_wcn_consys_stp_btif_wakeup	16	static
stp_core.c:211:14:mtk_wcn_consys_stp_btif_lpbk_ctrl	16	static
stp_core.c:251:14:mtk_wcn_stp_dbg_level	32	static
stp_core.c:1553:7:mtk_wcn_stp_deinit	48	static
stp_core.c:1584:7:mtk_wcn_stp_btm_get_dmp	16	static
stp_core.c:1599:7:mtk_wcn_stp_psm_notify_stp	16	static
stp_core.c:1604:7:mtk_wcn_stp_set_psm_state	16	static
stp_core.c:1650:7:mtk_wcn_stp_psm_reset	16	static
stp_core.c:1655:7:mtk_wcn_stp_dbg_disable	32	static
stp_core.c:1667:7:mtk_wcn_stp_dbg_enable	32	static
stp_core.c:1459:7:mtk_wcn_stp_init	64	static
stp_core.c:1679:7:mtk_wcn_stp_dbg_log_ctrl	16	static
stp_core.c:1685:7:mtk_wcn_stp_coredump_flag_ctrl	16	static
stp_core.c:1692:7:mtk_wcn_stp_coredump_flag_get	0	static
stp_core.c:2514:7:mtk_wcn_stp_coredump_start_ctrl	32	static
stp_core.c:2536:7:mtk_wcn_stp_coredump_start_get	0	static
stp_core.c:2551:7:mtk_wcn_stp_set_wmt_last_close	32	static
stp_core.c:2794:7:mtk_wcn_stp_send_data_raw	80	static
stp_core.c:2844:7:mtk_wcn_stp_receive_data	112	static
stp_core.c:2920:7:mtk_wcn_stp_is_rxqueue_empty	48	static
stp_core.c:2951:6:mtk_wcn_stp_set_mode	16	static
stp_core.c:2967:14:mtk_wcn_stp_is_uart_fullset_mode	0	static
stp_core.c:2990:14:mtk_wcn_stp_is_uart_mand_mode	0	static
stp_core.c:3013:14:mtk_wcn_stp_is_sdio_mode	0	static
stp_core.c:2485:7:mtk_wcn_stp_ready	48	static
stp_core.c:3036:14:mtk_wcn_stp_is_btif_fullset_mode	0	static
stp_core.c:2454:7:mtk_wcn_stp_dbg_dump_package	32	static
stp_core.c:1620:7:mtk_wcn_stp_psm_enable	32	static
stp_core.c:1641:7:mtk_wcn_stp_psm_disable	32	static
stp_core.c:3056:14:mtk_wcn_stp_is_btif_mand_mode	0	static
stp_core.c:1106:7:stp_send_data_no_ps	96	static
stp_core.c:2576:7:mtk_wcn_stp_send_data	112	static
stp_core.c:3075:6:mtk_wcn_stp_inband_reset	112	static
stp_core.c:3126:6:mtk_wcn_stp_debug_ctrl	0	static
stp_core.c:3130:6:mtk_wcn_stp_test_cmd	96	static
stp_core.c:3193:6:mtk_wcn_stp_flush_context	16	static
stp_core.c:3210:6:mtk_wcn_stp_flush_rx_queue	48	static
stp_core.c:3239:14:mtk_wcn_stp_is_ready	0	static
stp_core.c:3261:6:mtk_wcn_stp_set_bluez	0	static
stp_core.c:3281:6:mtk_wcn_stp_set_dbg_mode	0	static
stp_core.c:3296:6:mtk_wcn_stp_set_auto_rst	0	static
stp_core.c:3311:7:mtk_wcn_stp_open_btif	16	static
stp_core.c:3326:7:mtk_wcn_stp_close_btif	16	static
stp_core.c:3341:7:mtk_wcn_stp_rxcb_register	16	static
stp_core.c:3357:7:mtk_wcn_stp_tx	16	static
stp_core.c:3375:7:mtk_wcn_stp_wakeup_consys	16	static
stp_core.c:3392:7:mtk_wcn_stp_dpidle_ctrl	16	static
stp_core.c:3399:7:mtk_wcn_stp_notify_sleep_for_thermal	16	static
stp_core.c:3404:6:mtk_wcn_stp_set_wmt_evt_err_trg_assert	32	static
stp_core.c:2437:7:mtk_wcn_stp_enable	32	static
stp_core.c:632:6:stp_do_tx_timeout	128	static
stp_core.c:3410:8:mtk_wcn_stp_get_wmt_evt_err_trg_assert	0	static
stp_core.c:3425:7:mtk_wcn_stp_lpbk_ctrl	16	static
stp_core.c:3440:7:mtk_wcn_stp_logger_ctrl	16	static
stp_core.c:3445:6:mtk_wcn_stp_ctx_save	32	static
stp_core.c:3453:6:mtk_wcn_stp_ctx_restore	32	static
stp_core.c:2358:7:mtk_wcn_stp_parser_data	144	static
stp_core.c:3467:7:mtk_wcn_stp_wmt_evt_err_trg_assert	48	static
stp_core.c:3490:7:mtk_wcn_stp_coredump_timeout_handle	32	static
stp_core.c:3502:6:mtk_wcn_stp_dbg_pkt_log	16	static
