wmt_lib.c:171:14:mtk_wcn_consys_stp_btif_dpidle_ctrl	16	static
wmt_lib.c:1133:18:wmt_lib_get_op	32	static
wmt_lib.c:1005:8:wmt_lib_wait_event_checker	16	static
wmt_lib.c:1099:21:wmt_lib_put_op	64	static
wmt_lib.c:129:13:wmt_plat_func_ctrl_cb_reg	16	static
wmt_lib.c:133:13:wmt_plat_deep_idle_ctrl_cb_reg	16	static
wmt_lib.c:137:14:wmt_plat_soc_init	16	static
wmt_lib.c:143:15:wmt_plat_soc_co_clock_flag_get	16	static
wmt_lib.c:149:31:wmt_plat_get_emi_phy_add	16	static
wmt_lib.c:155:16:wmt_plat_get_emi_virt_add	16	static
wmt_lib.c:161:13:wmt_plat_thermal_ctrl_cb_reg	16	static
wmt_lib.c:165:15:wmt_plat_jtag_flag_ctrl	16	static
wmt_lib.c:178:14:wmt_plat_init	16	static
wmt_lib.c:185:13:wmt_lib_plat_irq_cb_reg	16	static
wmt_lib.c:191:14:wmt_plat_stub_init	16	static
wmt_lib.c:198:14:wmt_plat_set_comm_if_type	16	static
wmt_lib.c:205:14:wmt_plat_merge_if_flag_ctrl	16	static
wmt_lib.c:212:13:wmt_lib_plat_aif_cb_reg	16	static
wmt_lib.c:218:14:wmt_plat_merge_if_flag_get	16	static
wmt_lib.c:224:13:wmt_plat_irq_cb_reg	0	static
wmt_lib.c:229:13:wmt_plat_aif_cb_reg	0	static
wmt_lib.c:234:7:wmt_lib_idc_lock_aquire	16	static
wmt_lib.c:239:6:wmt_lib_idc_lock_release	16	static
wmt_lib.c:244:7:wmt_lib_psm_lock_aquire	16	static
wmt_lib.c:249:6:wmt_lib_psm_lock_release	16	static
wmt_lib.c:284:7:wmt_lib_init	112	static
wmt_lib.c:435:7:wmt_lib_deinit	64	static
wmt_lib.c:512:6:wmt_lib_flush_rx	16	static
wmt_lib.c:517:7:wmt_lib_trigger_cmd_signal	16	static
wmt_lib.c:527:14:wmt_lib_get_cmd_event	0	static
wmt_lib.c:532:7:wmt_lib_set_patch_name	16	static
wmt_lib.c:538:7:wmt_lib_set_uart_name	48	static
wmt_lib.c:552:7:wmt_lib_set_hif	48	static
wmt_lib.c:600:16:wmt_lib_get_hif	0	static
wmt_lib.c:605:8:wmt_lib_get_cmd	32	static
wmt_lib.c:613:14:wmt_lib_get_cmd_status	16	static
wmt_lib.c:618:14:wmt_lib_stp_is_btif_fullset_mode	16	static
wmt_lib.c:624:7:wmt_lib_ps_set_idle_time	0	static
wmt_lib.c:643:7:wmt_lib_ps_enable	16	static
wmt_lib.c:274:6:ENABLE_PSM_MONITOR	16	static
wmt_lib.c:651:7:wmt_lib_ps_disable	16	static
wmt_lib.c:254:7:DISABLE_PSM_MONITOR	32	static
wmt_lib.c:630:7:wmt_lib_ps_ctrl	32	static
wmt_lib.c:659:7:wmt_lib_ps_init	0	static
wmt_lib.c:665:7:wmt_lib_ps_deinit	0	static
wmt_lib.c:980:14:wmt_lib_is_quick_ps_support	16	static
wmt_lib.c:998:6:wmt_lib_ps_set_sdio_psop	0	static
wmt_lib.c:1163:7:wmt_lib_put_op_to_free_queue	16	static
wmt_lib.c:1174:11:wmt_lib_get_free_op	32	static
wmt_lib.c:1186:14:wmt_lib_put_act_op	64	static
wmt_lib.c:695:14:wmt_lib_handle_idc_msg	80	static
wmt_lib.c:671:21:wmt_lib_ps_action	32	static
wmt_lib.c:825:14:wmt_lib_ps_handler	48	static
wmt_lib.c:969:7:wmt_lib_ps_stp_cb	16	static
wmt_lib.c:988:6:wmt_lib_ps_irq_cb	16	static
wmt_lib.c:1587:7:wmt_lib_set_aif	80	static
wmt_lib.c:1337:22:wmt_lib_get_hwver	0	static
wmt_lib.c:1348:8:wmt_lib_get_icinfo	0	static
wmt_lib.c:1364:8:wmt_lib_def_patch_name	32	static
wmt_lib.c:1371:14:wmt_lib_is_therm_ctrl_support	64	static
wmt_lib.c:1393:14:wmt_lib_is_dsns_ctrl_support	16	static
wmt_lib.c:1471:7:wmt_lib_reg_rw	112	static
wmt_lib.c:1522:7:wmt_lib_efuse_rw	112	static
wmt_lib.c:1602:7:wmt_lib_host_awake_get	16	static
wmt_lib.c:1607:7:wmt_lib_host_awake_put	16	static
wmt_lib.c:1632:14:wmt_cdev_rstmsg_snd	112	static
wmt_lib.c:1662:6:wmt_lib_state_init	64	static
wmt_lib.c:1684:7:wmt_lib_sdio_ctrl	48	static
wmt_lib.c:1743:14:wmt_lib_hw_rst	32	static
wmt_lib.c:1785:14:wmt_lib_sw_rst	48	static
wmt_lib.c:1830:23:wmt_lib_cmb_rst	112	static
wmt_lib.c:1612:14:wmt_lib_btm_cb	32	static
wmt_lib.c:1924:14:wmt_lib_msgcb_reg	32	static
wmt_lib.c:1941:14:wmt_lib_msgcb_unreg	32	static
wmt_lib.c:1958:8:wmt_lib_dbg_level_set	0	static
wmt_lib.c:1965:7:wmt_lib_set_stp_wmt_last_close	16	static
wmt_lib.c:1970:7:wmt_lib_notify_stp_sleep	48	static
wmt_lib.c:1986:6:wmt_lib_set_patch_num	0	static
wmt_lib.c:1993:6:wmt_lib_set_patch_info	0	static
wmt_lib.c:2001:7:wmt_lib_set_current_op	32	static
wmt_lib.c:1017:14:wmtd_thread	80	static
wmt_lib.c:2012:11:wmt_lib_get_current_op	16	static
wmt_lib.c:2021:8:wmt_lib_get_fwinfor_from_emi	64	static
wmt_lib.c:2076:7:wmt_lib_poll_cpupcr	32	static
wmt_lib.c:2095:7:wmt_lib_merge_if_flag_ctrl	16	static
wmt_lib.c:2103:7:wmt_lib_merge_if_flag_get	16	static
wmt_lib.c:2111:8:wmt_lib_get_cpupcr_xml_format	64	static
wmt_lib.c:2126:7:wmt_lib_tm_temp_query	16	static
wmt_lib.c:2131:7:wmt_lib_register_thermal_ctrl_cb	16	static
wmt_lib.c:2137:8:wmt_lib_set_host_assert_info	16	static
wmt_lib.c:2142:6:wmt_lib_co_clock_get	0	static
wmt_lib.c:2152:8:wmt_lib_get_drv_status	16	static
wmt_lib.c:2157:7:wmt_lib_trigger_reset	16	static
wmt_lib.c:2163:8:wmt_lib_quick_sleep_ctrl	32	static
wmt_lib.c:2171:6:wmt_lib_read_fw_cpupcr	16	static
wmt_lib.c:2177:8:wmt_lib_jtag_flag_set	16	static
wmt_lib.c:2183:8:wmt_lib_soc_set_wifiver	16	static
wmt_lib.c:2188:7:wmt_lib_stp_dbg_poll_cpupcr	16	static
wmt_lib.c:2192:8:wmt_lib_co_clock_flag_get	16	static
