wmt_core.c:2091:14:opfunc_stp_rst	0	static
wmt_core.c:876:13:wmt_core_dump_func_state	64	static
wmt_core.c:1392:14:opfunc_exit	16	static
wmt_core.c:2216:14:opfunc_gpio_ctrl	48	static
wmt_core.c:1005:14:opfunc_hif_conf	32	static
wmt_core.c:304:7:wmt_core_init	32	static
wmt_core.c:320:7:wmt_core_deinit	16	static
wmt_core.c:331:1:wmt_core_tx	80	static
wmt_core.c:358:7:wmt_core_rx	176	static
wmt_core.c:2933:14:opfunc_idc_msg_handling	1392	static
wmt_core.c:2717:7:opfunc_ant_ram_stat_get	144	static
wmt_core.c:2546:7:opfunc_ant_ram_down	160	static
wmt_core.c:2468:14:opfunc_adie_lpbk_test	80	static
wmt_core.c:2357:14:opfunc_set_mcu_clk	272	static
wmt_core.c:2302:14:opfunc_bgw_ds	64	static
wmt_core.c:2097:14:opfunc_therm_ctrl	160	static
wmt_core.c:1586:14:opfunc_dsns	144	static
wmt_core.c:378:7:wmt_core_rx_flush	176	static
wmt_core.c:492:7:wmt_core_opid_handler	16	static
wmt_core.c:507:7:wmt_core_opid	16	static
wmt_core.c:525:7:wmt_core_ctrl	224	static
wmt_core.c:2868:7:opfunc_flash_patch_ver_get	160	static
wmt_core.c:2771:7:opfunc_flash_patch_down	208	static
wmt_core.c:2535:7:opfunc_pin_state	32	static
wmt_core.c:2245:7:opfunc_sdio_ctrl	48	static
wmt_core.c:1926:14:opfunc_hw_rst	64	static
wmt_core.c:1678:14:opfunc_lpbk	144	static
wmt_core.c:1399:14:opfunc_pwr_sv	208	static
wmt_core.c:814:14:wmt_core_stp_deinit	64	static
wmt_core.c:1091:14:opfunc_pwr_off	64	static
wmt_core.c:1279:14:opfunc_func_off	80	static
wmt_core.c:553:6:wmt_core_dump_data	80	static
wmt_core.c:2177:14:opfunc_efuse_rw	80	static
wmt_core.c:1772:14:opfunc_cmd_test	448	static
wmt_core.c:585:7:wmt_core_reg_rw_raw	112	static
wmt_core.c:682:14:wmt_core_stp_init	96	static
wmt_core.c:2075:14:opfunc_sw_rst	32	static
wmt_core.c:1026:14:opfunc_pwr_on	96	static
wmt_core.c:1134:14:opfunc_func_on	112	static
wmt_core.c:1377:14:opfunc_reg_rw	16	static
wmt_core.c:634:7:wmt_core_init_script	352	static
wmt_core.c:892:14:wmt_core_get_drv_status	0	static
wmt_core.c:898:14:wmt_core_patch_check	16	static
wmt_core.c:2280:14:wmt_core_is_quick_ps_support	16	static
wmt_core.c:2289:14:wmt_core_get_aee_dump_flag	16	static
wmt_core.c:2510:14:wmt_core_trigger_stp_assert	32	static
wmt_core.c:2270:7:opfunc_trigger_stp_assert	32	static
wmt_core.c:2765:6:wmt_core_set_coredump_state	32	static
wmt_core.c:395:7:wmt_core_func_ctrl_cmd	144	static
wmt_core.c:3005:6:wmt_core_set_flag_for_test	32	static
wmt_core.c:3011:8:wmt_core_get_flag_for_test	0	static
