wmt_exp.c:89:21:mtk_wcn_wmt_func_ctrl	64	static
wmt_exp.c:140:7:mtk_wcn_wmt_psm_ctrl	32	static
wmt_exp.c:159:14:mtk_wcn_wmt_func_off	32	static
wmt_exp.c:177:14:mtk_wcn_wmt_func_on	32	static
wmt_exp.c:199:6:mtk_wcn_wmt_func_ctrl_for_plat	16	static
wmt_exp.c:207:6:mtk_wcn_wmt_therm_ctrl	64	static
wmt_exp.c:266:22:mtk_wcn_wmt_hwver_get	16	static
wmt_exp.c:275:8:mtk_wcn_wmt_ic_info_get	16	static
wmt_exp.c:281:14:mtk_wcn_wmt_dsns_ctrl	64	static
wmt_exp.c:336:7:mtk_wcn_wmt_msgcb_reg	16	static
wmt_exp.c:342:7:mtk_wcn_wmt_msgcb_unreg	16	static
wmt_exp.c:348:7:mtk_wcn_stp_wmt_sdio_op_reg	16	static
wmt_exp.c:355:7:mtk_wcn_stp_wmt_sdio_host_awake	16	static
wmt_exp.c:362:14:mtk_wcn_wmt_assert_timeout	80	static
wmt_exp.c:439:14:mtk_wcn_wmt_assert	16	static
wmt_exp.c:453:29:mtk_wcn_wmt_flash_patch_ctrl	96	static
wmt_exp.c:559:6:mtk_wcn_wmt_co_clock_flag_get	16	static
wmt_exp.c:565:7:mtk_wcn_wmt_system_state_reset	32	static
wmt_exp.c:573:7:mtk_wcn_wmt_wlan_reg	32	static
wmt_exp.c:603:7:mtk_wcn_wmt_wlan_unreg	16	static
wmt_exp.c:615:14:mtk_wcn_set_connsys_power_off_flag	32	static
wmt_exp.c:632:25:mtk_wcn_wmt_ant_ram_ctrl	80	static
wmt_exp.c:711:14:mtk_wcn_wmt_do_reset	64	static
wmt_exp.c:729:6:mtk_wcn_wmt_set_wifi_ver	16	static
