attribute_container.c:39:13:internal_container_klist_put	16	static
attribute_container.c:32:13:internal_container_klist_get	16	static
attribute_container.c:112:13:attribute_container_release	32	static
attribute_container.c:55:1:attribute_container_classdev_to_container	0	static
attribute_container.c:74:1:attribute_container_register	32	static
attribute_container.c:94:1:attribute_container_unregister	48	static
attribute_container.c:250:1:attribute_container_device_trigger	80	static
attribute_container.c:291:1:attribute_container_trigger	64	static
attribute_container.c:314:1:attribute_container_add_attrs	48	static
attribute_container.c:349:1:attribute_container_add_class_device	32	static
attribute_container.c:141:1:attribute_container_add_device	96	static
attribute_container.c:364:1:attribute_container_add_class_device_adapter	16	static
attribute_container.c:378:1:attribute_container_remove_attrs	48	static
attribute_container.c:206:1:attribute_container_remove_device	96	static
attribute_container.c:406:1:attribute_container_class_device_del	32	static
attribute_container.c:422:1:attribute_container_find_class_device	48	static
