devres.c:65:13:group_open_release	0	static
devres.c:70:13:group_close_release	0	static
devres.c:226:23:find_dr	80	static
devres.c:559:30:find_group	0	static
devres.c:684:12:devm_action_match	0	static
devres.c:693:13:devm_action_release	16	static
devres.c:751:13:devm_kmalloc_release	0	static
devres.c:756:12:devm_kmalloc_match	0	static
devres.c:917:12:devm_pages_match	0	static
devres.c:925:13:devm_pages_release	16	static
devres.c:101:13:add_dr	16	static
devres.c:476:12:release_nodes	80	static
devres.c:135:8:devres_alloc	32	static
devres.c:162:6:devres_for_each_res	112	static
devres.c:195:6:devres_free	16	static
devres.c:215:6:devres_add	64	static
devres.c:258:8:devres_find	80	static
devres.c:288:8:devres_get	80	static
devres.c:324:8:devres_remove	80	static
devres.c:362:5:devres_destroy	16	static
devres.c:392:5:devres_release	48	static
devres.c:507:5:devres_release_all	32	static
devres.c:532:8:devres_open_group	48	static
devres.c:589:6:devres_close_group	64	static
devres.c:615:6:devres_remove_group	64	static
devres.c:648:5:devres_release_group	64	static
devres.c:709:5:devm_add_action	48	static
devres.c:735:6:devm_remove_action	32	static
devres.c:774:8:devm_kmalloc	32	static
devres.c:803:7:devm_kstrdup	64	static
devres.c:830:7:devm_kvasprintf	128	static
devres.c:862:7:devm_kasprintf	128	static
devres.c:882:6:devm_kfree	16	static
devres.c:900:7:devm_kmemdup	48	static
devres.c:945:15:devm_get_free_pages	48	static
devres.c:979:6:devm_free_pages	32	static
