firmware_class.c:1483:12:devm_name_match	0	static
firmware_class.c:1644:12:fw_suspend	0	static
firmware_class.c:397:12:fw_devm_match	16	static
firmware_class.c:1401:31:alloc_fw_cache_entry	32	static
firmware_class.c:1470:13:dev_create_fw_entry	32	static
firmware_class.c:541:13:fw_dev_release	16	static
firmware_class.c:560:12:firmware_uevent	64	static
firmware_class.c:526:16:timeout_store	32	static
firmware_class.c:507:16:timeout_show	16	static
firmware_class.c:579:16:firmware_loading_show	64	static
firmware_class.c:237:13:__fw_free_buf	32	static
firmware_class.c:263:13:fw_free_buf	32	static
firmware_class.c:701:16:firmware_data_read	112	static
firmware_class.c:1691:20:firmware_class_exit	32	static
firmware_class.c:1680:19:firmware_class_init	32	static
firmware_class.c:1490:13:dev_cache_fw_image	112	static
firmware_class.c:388:13:fw_name_devm_release	16	static
firmware_class.c:461:13:__fw_load_abort	32	static
firmware_class.c:491:12:fw_shutdown_notify	32	static
firmware_class.c:1614:12:fw_pm_notify	112	static
firmware_class.c:850:13:firmware_class_timeout_work	32	static
firmware_class.c:625:16:firmware_loading_store	64	static
firmware_class.c:796:16:firmware_data_write	112	static
firmware_class.c:1596:13:device_uncache_fw_images_work	96	static
firmware_class.c:1234:6:release_firmware	32	static
firmware_class.c:1108:1:_request_firmware	192	static
firmware_class.c:1193:1:request_firmware	16	static
firmware_class.c:1452:13:__async_dev_cache_fw_image	64	static
firmware_class.c:1218:5:request_firmware_direct	16	static
firmware_class.c:1255:13:request_firmware_work_func	48	static
firmware_class.c:1295:1:request_firmware_nowait	80	static
