platform.c:547:12:platform_drv_probe_fail	0	static
platform.c:908:5:platform_pm_resume	16	static
platform.c:207:13:platform_device_release	32	static
platform.c:564:13:platform_drv_shutdown	32	static
platform.c:552:12:platform_drv_remove	32	static
platform.c:522:12:platform_drv_probe	48	static
platform.c:742:16:driver_override_store	48	static
platform.c:772:16:driver_override_show	16	static
platform.c:835:12:platform_match	48	static
platform.c:789:12:platform_uevent	32	static
platform.c:722:16:modalias_show	32	static
platform.c:890:5:platform_pm_suspend	16	static
platform.c:56:13:arch_setup_pdev_archdata	0	static
platform.c:66:18:platform_get_resource	0	static
platform.c:86:5:platform_get_irq	48	static
platform.c:125:18:platform_get_resource_byname	80	static
platform.c:149:5:platform_get_irq_byname	48	static
platform.c:200:6:platform_device_put	16	static
platform.c:228:25:platform_device_alloc	48	static
platform.c:256:5:platform_device_add_resources	48	static
platform.c:284:5:platform_device_add_data	32	static
platform.c:308:5:platform_device_add	64	static
platform.c:395:6:platform_device_del	48	static
platform.c:428:5:platform_device_register	48	static
platform.c:453:6:platform_device_unregister	32	static
platform.c:171:5:platform_add_devices	64	static
platform.c:468:25:platform_device_register_full	48	static
platform.c:578:5:__platform_driver_register	16	static
platform.c:598:6:platform_driver_unregister	16	static
platform.c:623:22:platform_driver_probe	48	static
platform.c:674:43:platform_create_bundle	80	static
platform.c:1035:5:dma_get_required_mask	0	static
platform.c:1066:12:early_platform_driver_register	96	static
platform.c:1123:13:early_platform_add_devices	0	static
platform.c:1149:13:early_platform_driver_register_all	16	static
platform.c:1304:12:early_platform_driver_probe	144	static
platform.c:1329:13:early_platform_cleanup	0	static
platform.c:1019:12:platform_bus_init	48	static
