policydb.c:207:12:filenametr_hash	0	static
policydb.c:244:12:rangetr_hash	0	static
policydb.c:3204:12:hashtab_cnt	0	static
policydb.c:751:12:filenametr_destroy	48	static
policydb.c:732:12:cat_destroy	32	static
policydb.c:695:12:type_destroy	32	static
policydb.c:605:12:perm_destroy	32	static
policydb.c:612:12:common_destroy	32	static
policydb.c:761:12:range_tr_destroy	32	static
policydb.c:718:12:sens_destroy	32	static
policydb.c:702:12:user_destroy	32	static
policydb.c:681:12:role_destroy	32	static
policydb.c:626:13:constraint_expr_destroy	32	static
policydb.c:639:12:cls_destroy	48	static
policydb.c:772:13:ocontext_destroy	48	static
policydb.c:1512:12:mls_read_level	32	static
policydb.c:1088:12:str_read	64	static
policydb.c:1627:12:cat_read	64	static
policydb.c:1585:12:sens_read	80	static
policydb.c:1459:12:type_read	112	static
policydb.c:1402:12:role_read	112	static
policydb.c:989:12:mls_read_range_helper	96	static
policydb.c:1534:12:user_read	112	static
policydb.c:384:12:type_index	64	static
policydb.c:2603:12:cat_write	64	static
policydb.c:2960:12:type_write	80	static
policydb.c:2716:12:perm_write	64	static
policydb.c:2738:12:common_write	48	static
policydb.c:3268:12:filename_write_helper	48	static
policydb.c:1710:12:role_bounds_sanity_check	112	static
policydb.c:1673:12:user_bounds_sanity_check	112	static
policydb.c:2921:12:role_write	80	static
policydb.c:2540:12:mls_write_range_helper	80	static
policydb.c:3001:12:user_write	80	static
policydb.c:3212:12:range_write_helper	16	static
policydb.c:251:12:rangetr_cmp	0	static
policydb.c:222:12:filenametr_cmp	16	static
policydb.c:1212:12:read_cons_helper.isra.5	160	static
policydb.c:1108:12:perm_read.isra.6	64	static
policydb.c:1308:12:class_read	128	static
policydb.c:1142:12:common_read	96	static
policydb.c:455:12:cat_index	32	static
policydb.c:433:12:sens_index	32	static
policydb.c:412:12:user_index	48	static
policydb.c:363:12:role_index	48	static
policydb.c:345:12:class_index	48	static
policydb.c:327:12:common_index	32	static
policydb.c:1747:12:type_bounds_sanity_check	48	static
policydb.c:2689:12:context_write.isra.14	16	static
policydb.c:2786:12:write_cons_helper.isra.17	80	static
policydb.c:2833:12:class_write	112	static
policydb.c:2575:12:sens_write	48	static
policydb.c:788:6:policydb_destroy	48	static
policydb.c:887:5:policydb_load_isids	48	static
policydb.c:919:5:policydb_class_isvalid	0	static
policydb.c:926:5:policydb_role_isvalid	0	static
policydb.c:933:5:policydb_type_isvalid	0	static
policydb.c:944:5:policydb_context_isvalid	32	static
policydb.c:1048:12:context_read_and_validate	48	static
policydb.c:1803:5:string_to_security_class	16	static
policydb.c:1814:5:string_to_av_perm	32	static
policydb.c:2230:5:policydb_read	208	static
policydb.c:3330:5:policydb_write	160	static
