capability.c:15:12:cap_binder_set_context_mgr	0	static
capability.c:20:12:cap_binder_transaction	0	static
capability.c:25:12:cap_binder_transfer_binder	0	static
capability.c:30:12:cap_binder_transfer_file	0	static
capability.c:35:12:cap_syslog	0	static
capability.c:40:12:cap_quotactl	0	static
capability.c:45:12:cap_quota_on	0	static
capability.c:50:12:cap_bprm_check_security	0	static
capability.c:55:13:cap_bprm_committing_creds	0	static
capability.c:59:13:cap_bprm_committed_creds	0	static
capability.c:63:12:cap_sb_alloc_security	0	static
capability.c:68:13:cap_sb_free_security	0	static
capability.c:72:12:cap_sb_copy_data	0	static
capability.c:77:12:cap_sb_remount	0	static
capability.c:82:12:cap_sb_kern_mount	0	static
capability.c:87:12:cap_sb_show_options	0	static
capability.c:92:12:cap_sb_statfs	0	static
capability.c:97:12:cap_sb_mount	0	static
capability.c:103:12:cap_sb_umount	0	static
capability.c:108:12:cap_sb_pivotroot	0	static
capability.c:124:12:cap_sb_clone_mnt_opts	0	static
capability.c:130:12:cap_sb_parse_opts_str	0	static
capability.c:135:12:cap_dentry_init_security	0	static
capability.c:142:12:cap_inode_alloc_security	0	static
capability.c:147:13:cap_inode_free_security	0	static
capability.c:151:12:cap_inode_init_security	0	static
capability.c:158:12:cap_inode_create	0	static
capability.c:164:12:cap_inode_link	0	static
capability.c:170:12:cap_inode_unlink	0	static
capability.c:175:12:cap_inode_symlink	0	static
capability.c:181:12:cap_inode_mkdir	0	static
capability.c:187:12:cap_inode_rmdir	0	static
capability.c:192:12:cap_inode_mknod	0	static
capability.c:198:12:cap_inode_rename	0	static
capability.c:204:12:cap_inode_readlink	0	static
capability.c:209:12:cap_inode_follow_link	0	static
capability.c:215:12:cap_inode_permission	0	static
capability.c:220:12:cap_inode_setattr	0	static
capability.c:225:12:cap_inode_getattr	0	static
capability.c:230:13:cap_inode_post_setxattr	0	static
capability.c:235:12:cap_inode_getxattr	0	static
capability.c:240:12:cap_inode_listxattr	0	static
capability.c:245:12:cap_inode_getsecurity	0	static
capability.c:251:12:cap_inode_setsecurity	0	static
capability.c:257:12:cap_inode_listsecurity	0	static
capability.c:263:13:cap_inode_getsecid	0	static
capability.c:329:12:cap_file_permission	0	static
capability.c:334:12:cap_file_alloc_security	0	static
capability.c:339:13:cap_file_free_security	0	static
capability.c:343:12:cap_file_ioctl	0	static
capability.c:349:12:cap_file_mprotect	0	static
capability.c:355:12:cap_file_lock	0	static
capability.c:360:12:cap_file_fcntl	0	static
capability.c:366:13:cap_file_set_fowner	0	static
capability.c:371:12:cap_file_send_sigiotask	0	static
capability.c:377:12:cap_file_receive	0	static
capability.c:382:12:cap_file_open	0	static
capability.c:387:12:cap_task_create	0	static
capability.c:392:13:cap_task_free	0	static
capability.c:396:12:cap_cred_alloc_blank	0	static
capability.c:401:13:cap_cred_free	0	static
capability.c:405:12:cap_cred_prepare	0	static
capability.c:410:13:cap_cred_transfer	0	static
capability.c:414:12:cap_kernel_act_as	0	static
capability.c:419:12:cap_kernel_create_files_as	0	static
capability.c:424:12:cap_kernel_fw_from_file	0	static
capability.c:429:12:cap_kernel_module_request	0	static
capability.c:434:12:cap_kernel_module_from_file	0	static
capability.c:439:12:cap_task_setpgid	0	static
capability.c:444:12:cap_task_getpgid	0	static
capability.c:449:12:cap_task_getsid	0	static
capability.c:454:13:cap_task_getsecid	0	static
capability.c:459:12:cap_task_getioprio	0	static
capability.c:464:12:cap_task_setrlimit	0	static
capability.c:470:12:cap_task_getscheduler	0	static
capability.c:475:12:cap_task_movememory	0	static
capability.c:480:12:cap_task_wait	0	static
capability.c:485:12:cap_task_kill	0	static
capability.c:491:13:cap_task_to_inode	0	static
capability.c:495:12:cap_ipc_permission	0	static
capability.c:500:13:cap_ipc_getsecid	0	static
capability.c:505:12:cap_msg_msg_alloc_security	0	static
capability.c:510:13:cap_msg_msg_free_security	0	static
capability.c:514:12:cap_msg_queue_alloc_security	0	static
capability.c:519:13:cap_msg_queue_free_security	0	static
capability.c:523:12:cap_msg_queue_associate	0	static
capability.c:528:12:cap_msg_queue_msgctl	0	static
capability.c:533:12:cap_msg_queue_msgsnd	0	static
capability.c:539:12:cap_msg_queue_msgrcv	0	static
capability.c:545:12:cap_shm_alloc_security	0	static
capability.c:550:13:cap_shm_free_security	0	static
capability.c:554:12:cap_shm_associate	0	static
capability.c:559:12:cap_shm_shmctl	0	static
capability.c:564:12:cap_shm_shmat	0	static
capability.c:570:12:cap_sem_alloc_security	0	static
capability.c:575:13:cap_sem_free_security	0	static
capability.c:579:12:cap_sem_associate	0	static
capability.c:584:12:cap_sem_semctl	0	static
capability.c:589:12:cap_sem_semop	0	static
capability.c:596:12:cap_unix_stream_connect	0	static
capability.c:602:12:cap_unix_may_send	0	static
capability.c:607:12:cap_socket_create	0	static
capability.c:612:12:cap_socket_post_create	0	static
capability.c:618:12:cap_socket_bind	0	static
capability.c:624:12:cap_socket_connect	0	static
capability.c:630:12:cap_socket_listen	0	static
capability.c:635:12:cap_socket_accept	0	static
capability.c:640:12:cap_socket_sendmsg	0	static
capability.c:645:12:cap_socket_recvmsg	0	static
capability.c:651:12:cap_socket_getsockname	0	static
capability.c:656:12:cap_socket_getpeername	0	static
capability.c:661:12:cap_socket_setsockopt	0	static
capability.c:666:12:cap_socket_getsockopt	0	static
capability.c:671:12:cap_socket_shutdown	0	static
capability.c:676:12:cap_socket_sock_rcv_skb	0	static
capability.c:681:12:cap_socket_getpeersec_stream	0	static
capability.c:688:12:cap_socket_getpeersec_dgram	0	static
capability.c:694:12:cap_sk_alloc_security	0	static
capability.c:699:13:cap_sk_free_security	0	static
capability.c:703:13:cap_sk_clone_security	0	static
capability.c:707:13:cap_sk_getsecid	0	static
capability.c:711:13:cap_sock_graft	0	static
capability.c:715:12:cap_inet_conn_request	0	static
capability.c:721:13:cap_inet_csk_clone	0	static
capability.c:726:13:cap_inet_conn_established	0	static
capability.c:730:12:cap_secmark_relabel_packet	0	static
capability.c:735:13:cap_secmark_refcount_inc	0	static
capability.c:739:13:cap_secmark_refcount_dec	0	static
capability.c:743:13:cap_req_classify_flow	0	static
capability.c:748:12:cap_tun_dev_alloc_security	0	static
capability.c:753:13:cap_tun_dev_free_security	0	static
capability.c:757:12:cap_tun_dev_create	0	static
capability.c:762:12:cap_tun_dev_attach_queue	0	static
capability.c:767:12:cap_tun_dev_attach	0	static
capability.c:772:12:cap_tun_dev_open	0	static
capability.c:777:13:cap_skb_owned_by	0	static
capability.c:846:13:cap_d_instantiate	0	static
capability.c:850:12:cap_getprocattr	0	static
capability.c:855:12:cap_setprocattr	0	static
capability.c:861:12:cap_ismaclabel	0	static
capability.c:866:12:cap_secid_to_secctx	0	static
capability.c:871:12:cap_secctx_to_secid	0	static
capability.c:877:13:cap_release_secctx	0	static
capability.c:881:12:cap_inode_notifysecctx	0	static
capability.c:886:12:cap_inode_setsecctx	0	static
capability.c:891:12:cap_inode_getsecctx	0	static
capability.c:921:12:cap_audit_rule_init	0	static
capability.c:926:12:cap_audit_rule_known	0	static
capability.c:931:12:cap_audit_rule_match	0	static
capability.c:937:13:cap_audit_rule_free	0	static
capability.c:113:12:cap_sb_set_mnt_opts	0	static
capability.c:951:13:security_fixup_ops	32	static
