commoncap.c:788:12:cap_safe_nice	64	static
commoncap.c:60:5:cap_netlink_send	0	static
commoncap.c:80:5:cap_capable	48	static
commoncap.c:130:5:cap_settime	16	static
commoncap.c:152:5:cap_ptrace_access_check	64	static
commoncap.c:189:5:cap_ptrace_traceme	64	static
commoncap.c:218:5:cap_capget	48	static
commoncap.c:261:5:cap_capset	192	static
commoncap.c:314:5:cap_inode_need_killpriv	16	static
commoncap.c:336:5:cap_inode_killpriv	16	static
commoncap.c:392:5:get_vfs_caps_from_disk	64	static
commoncap.c:498:5:cap_bprm_set_creds	208	static
commoncap.c:609:5:cap_bprm_secureexec	16	static
commoncap.c:639:5:cap_inode_setxattr	32	static
commoncap.c:666:5:cap_inode_removexattr	32	static
commoncap.c:739:5:cap_task_fix_setuid	64	static
commoncap.c:809:5:cap_task_setscheduler	16	static
commoncap.c:822:5:cap_task_setioprio	16	static
commoncap.c:835:5:cap_task_setnice	16	static
commoncap.c:872:5:cap_task_prctl	32	static
commoncap.c:966:5:cap_vm_enough_memory	32	static
commoncap.c:985:5:cap_mmap_addr	16	static
commoncap.c:999:5:cap_mmap_file	0	static
