dma-buf.c:79:12:dma_buf_mmap_internal	16	static
dma-buf.c:96:15:dma_buf_llseek	0	static
dma-buf.c:829:12:dma_buf_show	16	static
dma-buf.c:45:12:dma_buf_release	48	static
dma-buf.c:122:13:dma_buf_poll_cb	32	static
dma-buf.c:133:21:dma_buf_poll	96	static
dma-buf.c:836:12:dma_buf_debug_open	16	static
dma-buf.c:903:20:dma_buf_deinit	16	static
dma-buf.c:774:12:dma_buf_describe	112	static
dma-buf.c:285:17:dma_buf_export_named	80	static
dma-buf.c:354:5:dma_buf_fd	32	static
dma-buf.c:379:17:dma_buf_get	16	static
dma-buf.c:403:6:dma_buf_put	16	static
dma-buf.c:421:28:dma_buf_attach	48	static
dma-buf.c:463:6:dma_buf_detach	48	static
dma-buf.c:488:18:dma_buf_map_attachment	16	static
dma-buf.c:515:6:dma_buf_unmap_attachment	16	static
dma-buf.c:542:5:dma_buf_begin_cpu_access	16	static
dma-buf.c:569:6:dma_buf_end_cpu_access	48	static
dma-buf.c:588:7:dma_buf_kmap_atomic	32	static
dma-buf.c:604:6:dma_buf_kunmap_atomic	48	static
dma-buf.c:623:7:dma_buf_kmap	32	static
dma-buf.c:639:6:dma_buf_kunmap	48	static
dma-buf.c:664:5:dma_buf_mmap	48	static
dma-buf.c:714:7:dma_buf_vmap	48	static
dma-buf.c:754:6:dma_buf_vunmap	48	static
dma-buf.c:874:5:dma_buf_debugfs_create_file	16	static
dma-buf.c:894:19:dma_buf_init	32	static
