mu3d_hal_usb_drv.c:23:17:mu3d_hal_get_req	16	static
mu3d_hal_usb_drv.c:41:6:mu3d_hal_pdn_dis	0	static
mu3d_hal_usb_drv.c:109:6:mu3d_hal_dft_reg	0	static
mu3d_hal_usb_drv.c:244:11:mu3d_hal_check_clk_sts	48	static
mu3d_hal_usb_drv.c:56:6:mu3d_hal_ssusb_en	16	static
mu3d_hal_usb_drv.c:84:6:_ex_mu3d_hal_ssusb_en	16	static
mu3d_hal_usb_drv.c:205:6:mu3d_hal_rst_dev	48	static
mu3d_hal_usb_drv.c:285:11:mu3d_hal_link_up	32	static
mu3d_hal_usb_drv.c:300:6:mu3d_hal_initr_dis	0	static
mu3d_hal_usb_drv.c:332:6:mu3d_hal_clear_intr	16	static
mu3d_hal_usb_drv.c:376:6:mu3d_hal_system_intr_en	32	static
mu3d_hal_usb_drv.c:442:6:_ex_mu3d_hal_system_intr_en	32	static
mu3d_hal_usb_drv.c:513:6:mu3d_hal_resume	32	static
mu3d_hal_usb_drv.c:535:6:mu3d_hal_u2dev_connect	16	static
mu3d_hal_usb_drv.c:542:6:mu3d_hal_u2dev_disconn	16	static
mu3d_hal_usb_drv.c:553:6:mu3d_hal_dump_register	80	static
mu3d_hal_usb_drv.c:684:6:mu3d_hal_u3dev_en	16	static
mu3d_hal_usb_drv.c:697:6:mu3d_hal_u3dev_dis	16	static
mu3d_hal_usb_drv.c:710:6:mu3d_hal_set_speed	48	static
mu3d_hal_usb_drv.c:747:6:mu3d_hal_pdn_cg_en	0	static
mu3d_hal_usb_drv.c:778:6:mu3d_hal_pdn_ip_port	16	static
mu3d_hal_usb_drv.c:818:6:mu3d_hal_det_speed	48	static
mu3d_hal_usb_drv.c:875:11:mu3d_hal_write_fifo	64	static
mu3d_hal_usb_drv.c:955:11:mu3d_hal_read_fifo	64	static
mu3d_hal_usb_drv.c:1024:11:mu3d_hal_write_fifo_burst	64	static
mu3d_hal_usb_drv.c:1149:11:mu3d_hal_read_fifo_burst	128	static
mu3d_hal_usb_drv.c:1207:6:mu3d_hal_unfigured_ep	16	static
mu3d_hal_usb_drv.c:1248:6:mu3d_hal_unfigured_ep_num	32	static
mu3d_hal_usb_drv.c:1273:6:_ex_mu3d_hal_ep_enable	128	static
mu3d_hal_usb_drv.c:1558:6:mu3d_hal_ep_enable	128	static
