musb_gadget.c:1241:12:musb_gadget_set_wedge	16	static
musb_gadget.c:1346:12:musb_gadget_get_frame	0	static
musb_gadget.c:1415:12:musb_gadget_set_self_powered	0	static
musb_gadget.c:1466:12:musb_gadget_vbus_draw	16	static
musb_gadget.c:844:21:musb_alloc_request	32	static
musb_gadget.c:868:6:musb_free_request	16	static
musb_gadget.c:1253:12:musb_gadget_fifo_status	32	static
musb_gadget.c:1132:12:musb_gadget_set_halt	80	static
musb_gadget.c:1478:13:do_mu3d_clk_off_work	16	static
musb_gadget.c:1351:12:musb_gadget_wakeup	80	static
musb_gadget.c:1568:13:init_peripheral_ep	80	static
musb_gadget.c:1273:13:musb_gadget_fifo_flush	48	static
musb_gadget.c:587:12:musb_gadget_enable	112	static
musb_gadget.c:1423:13:musb_pullup	32	static
musb_gadget.c:181:6:musb_g_giveback	64	static
musb_gadget.c:1060:12:musb_gadget_dequeue	64	static
musb_gadget.c:905:12:musb_gadget_queue	96	static
musb_gadget.c:227:13:nuke.constprop	64	static
musb_gadget.c:779:12:musb_gadget_disable	64	static
musb_gadget.c:1820:12:musb_gadget_stop	80	static
musb_gadget.c:372:6:musb_g_tx	64	static
musb_gadget.c:546:6:musb_g_rx	96	static
musb_gadget.c:885:6:musb_ep_restart	0	static
musb_gadget.c:1484:6:set_usb_rdy	16	static
musb_gadget.c:1493:6:is_usb_rdy	0	static
musb_gadget.c:1710:12:musb_gadget_start	80	static
musb_gadget.c:1501:12:musb_gadget_pullup	48	static
musb_gadget.c:1643:5:musb_gadget_setup	80	static
musb_gadget.c:1692:6:musb_gadget_cleanup	16	static
musb_gadget.c:1868:6:musb_g_resume	32	static
musb_gadget.c:1890:6:musb_g_suspend	32	static
musb_gadget.c:1921:6:musb_g_wakeup	16	static
musb_gadget.c:1927:6:musb_g_disconnect	64	static
musb_gadget.c:1972:6:musb_conifg_ep0	48	static
musb_gadget.c:1996:6:musb_g_reset	48	static
