wd_common_drv.c:211:12:mrdump_proc_cmd_read	0	static
wd_common_drv.c:643:9:mtk_rgu_attr_show	16	static
wd_common_drv.c:651:9:mtk_rgu_attr_store	16	static
wd_common_drv.c:660:9:mtk_rgu_pause_wdt_show	0	static
wd_common_drv.c:216:12:mrdump_proc_cmd_open	16	static
wd_common_drv.c:106:12:wk_proc_cmd_open	16	static
wd_common_drv.c:221:16:mrdump_proc_cmd_write	336	static
wd_common_drv.c:99:12:wk_proc_cmd_read	16	static
wd_common_drv.c:673:9:mtk_rgu_pause_wdt_store	48	static
wd_common_drv.c:111:16:wk_proc_cmd_write	80	static
wd_common_drv.c:801:19:init_wk	16	static
wd_common_drv.c:350:6:wk_cpu_update_bit_flag.part.4	32	static
wd_common_drv.c:822:19:init_wk_check_bit	48	static
wd_common_drv.c:62:13:mtk_wdt_cpu_callback	0	static
wd_common_drv.c:305:6:wk_start_kick_cpu	48	static
wd_common_drv.c:316:6:dump_wdk_bind_info	96	static
wd_common_drv.c:337:6:kicker_cpu_bind	48	static
wd_common_drv.c:350:6:wk_cpu_update_bit_flag	32	static
wd_common_drv.c:695:22:wk_cpu_callback	32	static
wd_common_drv.c:373:14:wk_check_kick_bit	0	static
wd_common_drv.c:396:5:wk_proc_init	32	static
wd_common_drv.c:417:6:wk_proc_exit	16	static
wd_common_drv.c:424:6:kwdt_print_utc	224	static
wd_common_drv.c:448:12:kwdt_thread	160	static
wd_common_drv.c:574:14:get_check_bit	0	static
wd_common_drv.c:579:14:get_kick_bit	0	static
wd_common_drv.c:626:5:mtk_rgu_sysfs	32	static
wd_common_drv.c:760:13:wdk_work_callback	80	static
wd_common_drv.c:816:20:exit_wk	16	static
