inode.c:1473:12:ext4_bh_delay_or_unwritten	0	static
inode.c:1678:12:bget_one	0	static
inode.c:1684:12:bput_one	0	static
inode.c:5153:12:ext4_bh_unmapped	0	static
inode.c:856:5:do_journal_get_write_access	48	static
inode.c:3054:13:ext4_end_io_dio	16	static
inode.c:3232:16:ext4_direct_IO	112	static
inode.c:3016:12:ext4_releasepage	48	static
inode.c:2980:13:ext4_invalidatepage	48	static
inode.c:2896:17:ext4_bmap	48	static
inode.c:2968:1:ext4_readpages	16	static
inode.c:4808:12:ext4_meta_trans_blocks	48	static
inode.c:1407:13:mpage_release_unused_pages	192	static
inode.c:2951:12:ext4_readpage	48	static
inode.c:2595:12:ext4_nonda_switch	32	static
inode.c:2991:12:__ext4_journalled_invalidatepage	64	static
inode.c:3277:12:ext4_journalled_set_page_dirty	32	static
inode.c:3825:12:__ext4_get_inode_loc	112	static
inode.c:53:14:ext4_inode_csum.isra.34	256	dynamic,bounded
inode.c:1092:12:write_end_fn	48	static
inode.c:1880:12:mpage_submit_page	48	static
inode.c:1974:12:mpage_process_page_bufs	48	static
inode.c:2293:12:mpage_prepare_extent_to_map	256	static
inode.c:3009:13:ext4_journalled_invalidatepage	16	static
inode.c:1641:5:ext4_da_get_block_prep	128	static
inode.c:2820:13:ext4_da_invalidatepage	128	static
inode.c:145:5:ext4_inode_is_fast_symlink	0	static
inode.c:161:5:ext4_truncate_restart_trans	64	static
inode.c:329:6:ext4_da_update_reserve_space	64	static
inode.c:466:5:ext4_map_blocks	128	static
inode.c:726:21:ext4_getblk	96	static
inode.c:783:21:ext4_bread	32	static
inode.c:801:5:ext4_walk_page_buffers	96	static
inode.c:2841:5:ext4_alloc_da_blocks	32	static
inode.c:3331:6:ext4_set_aops	32	static
inode.c:3514:5:ext4_can_truncate	16	static
inode.c:3536:5:ext4_punch_hole	0	static
inode.c:3670:5:ext4_inode_attach_jinode	64	static
inode.c:3962:5:ext4_get_inode_loc	16	static
inode.c:3969:6:ext4_set_inode_flags	16	static
inode.c:3989:6:ext4_get_inode_flags	0	static
inode.c:4049:15:ext4_iget	448	dynamic,bounded
inode.c:4280:15:ext4_iget_normal	16	static
inode.c:4497:5:ext4_write_inode	80	static
inode.c:4755:5:ext4_getattr	48	static
inode.c:4854:5:ext4_writepage_trans_blocks	32	static
inode.c:1816:12:ext4_writepage	128	static
inode.c:2397:12:__writepage	48	static
inode.c:4876:5:ext4_chunk_trans_blocks	16	static
inode.c:672:12:_ext4_get_block	112	static
inode.c:716:5:ext4_get_block	16	static
inode.c:3359:12:ext4_block_zero_page_range	112	static
inode.c:3476:5:ext4_zero_partial_blocks	64	static
inode.c:3036:5:ext4_get_block_write	16	static
inode.c:3045:12:ext4_get_block_write_nolock	16	static
inode.c:4885:5:ext4_mark_iloc_dirty	112	static
inode.c:4908:1:ext4_reserve_inode_write	64	static
inode.c:4972:5:ext4_mark_inode_dirty	96	static
inode.c:2406:12:ext4_writepages	480	static
inode.c:3723:6:ext4_truncate	64	static
inode.c:972:12:ext4_write_begin	160	static
inode.c:2643:12:ext4_da_write_begin	128	static
inode.c:1111:12:ext4_write_end	112	static
inode.c:2763:12:ext4_da_write_end	128	static
inode.c:1182:12:ext4_journalled_write_end	144	static
inode.c:185:6:ext4_evict_inode	48	static
inode.c:4608:5:ext4_setattr	112	static
inode.c:5031:6:ext4_dirty_inode	48	static
inode.c:5076:5:ext4_change_inode_journal_flag	64	static
inode.c:5158:5:ext4_page_mkwrite	112	static
