mt_sys_cirq.c:619:16:cirq_clone_flush_check_store	48	static
mt_sys_cirq.c:648:16:cirq_pattern_clone_flush_check_store	48	static
mt_sys_cirq.c:677:16:cirq_pattern_list_store	48	static
mt_sys_cirq.c:608:16:cirq_clone_flush_check_show	16	static
mt_sys_cirq.c:638:16:cirq_pattern_clone_flush_check_show	16	static
mt_sys_cirq.c:669:16:cirq_pattern_list_show	16	static
mt_sys_cirq.c:844:12:mt_cirq_init	64	static
mt_sys_cirq.c:92:12:mt_cirq_get_mask	16	static
mt_sys_cirq.c:189:12:mt_cirq_unmask	16	static
mt_sys_cirq.c:232:12:mt_cirq_set_sens	16	static
mt_sys_cirq.c:285:12:mt_cirq_set_pol	16	static
mt_sys_cirq.c:210:12:mt_cirq_get_sens	16	static
mt_sys_cirq.c:333:13:mt_cirq_get_pending	32	static
mt_sys_cirq.c:114:6:mt_cirq_ack_all	64	static
mt_sys_cirq.c:831:20:cirq_irq_handler	16	static
mt_sys_cirq.c:138:6:mt_cirq_mask_all	0	static
mt_sys_cirq.c:152:6:mt_cirq_unmask_all	0	static
mt_sys_cirq.c:311:6:mt_cirq_enable	16	static
mt_sys_cirq.c:351:6:mt_cirq_disable	0	static
mt_sys_cirq.c:366:6:mt_cirq_flush	112	static
mt_sys_cirq.c:461:6:mt_cirq_clone_pol	80	static
mt_sys_cirq.c:494:6:mt_cirq_clone_sens	64	static
mt_sys_cirq.c:521:6:mt_cirq_clone_mask	64	static
mt_sys_cirq.c:717:6:mt_cirq_dump_reg	48	static
mt_sys_cirq.c:549:6:mt_cirq_clone_gic	16	static
