compat.c:63:12:compat_put_timex	0	static
compat.c:129:12:__compat_get_timeval	0	static
compat.c:136:12:__compat_put_timeval	0	static
compat.c:143:12:__compat_get_timespec	0	static
compat.c:150:12:__compat_put_timespec	0	static
compat.c:33:12:compat_get_timex	32	static
compat.c:216:13:compat_nanosleep_restart	64	static
compat.c:815:13:compat_clock_nanosleep_restart	80	static
compat.c:91:1:compat_SyS_gettimeofday	48	static
compat.c:108:1:compat_SyS_settimeofday	96	static
compat.c:157:5:compat_get_timeval	16	static
compat.c:166:5:compat_put_timeval	16	static
compat.c:175:5:compat_get_timespec	16	static
compat.c:184:5:compat_put_timespec	16	static
compat.c:239:1:compat_SyS_nanosleep	64	static
compat.c:311:1:compat_SyS_getitimer	64	static
compat.c:323:1:compat_SyS_setitimer	96	static
compat.c:349:1:compat_SyS_times	80	static
compat.c:375:1:compat_SyS_sigpending	48	static
compat.c:402:1:compat_SyS_sigprocmask	64	static
compat.c:445:1:compat_SyS_setrlimit	32	static
compat.c:491:1:compat_SyS_getrlimit	48	static
compat.c:512:5:put_compat_rusage	0	static
compat.c:537:1:compat_SyS_wait4	208	static
compat.c:568:1:compat_SyS_waitid	352	static
compat.c:665:5:get_compat_itimerspec	32	static
compat.c:674:5:put_compat_itimerspec	32	static
compat.c:701:1:compat_SyS_timer_settime	112	static
compat.c:724:1:compat_SyS_timer_gettime	64	static
compat.c:741:1:compat_SyS_clock_settime	48	static
compat.c:758:1:compat_SyS_clock_gettime	48	static
compat.c:775:1:compat_SyS_clock_adjtime	256	static
compat.c:798:1:compat_SyS_clock_getres	48	static
compat.c:839:1:compat_SyS_clock_nanosleep	80	static
compat.c:877:5:get_compat_sigevent	0	static
compat.c:891:6:compat_get_bitmap	0	static
compat.c:617:1:compat_SyS_sched_setaffinity	48	static
compat.c:932:6:compat_put_bitmap	0	static
compat.c:637:1:compat_SyS_sched_getaffinity	64	static
compat.c:973:1:sigset_from_compat	0	static
compat.c:985:1:sigset_to_compat	0	static
compat.c:995:1:compat_SyS_rt_sigtimedwait	192	static
compat.c:1067:1:compat_SyS_adjtimex	240	static
compat.c:1140:1:compat_SyS_sched_rr_get_interval	64	static
compat.c:1160:14:compat_alloc_user_space	0	static
compat.c:683:1:compat_SyS_timer_create	128	static
compat.c:193:5:compat_convert_timespec	80	static
