resource.c:207:26:__request_resource	0	static
resource.c:480:12:__is_ram	0	static
resource.c:534:24:simple_align_resource	0	static
resource.c:1334:12:devm_resource_match	0	static
resource.c:1368:12:devm_region_match	0	static
resource.c:138:12:iomem_open	32	static
resource.c:128:12:ioports_open	32	static
resource.c:103:12:r_show	32	static
resource.c:97:13:r_stop	16	static
resource.c:162:19:ioresources_init	32	static
resource.c:743:26:__insert_resource	32	static
resource.c:1533:19:strict_iomem	32	static
resource.c:341:12:find_next_iomem_res	80	static
resource.c:254:13:__release_child_resources.isra.2	48	static
resource.c:187:25:alloc_resource	48	static
resource.c:172:13:free_resource	48	static
resource.c:75:14:r_next	0	static
resource.c:86:14:r_start	64	static
resource.c:277:6:release_child_resources	32	static
resource.c:291:18:request_resource_conflict	48	static
resource.c:308:5:request_resource	16	static
resource.c:1417:19:reserve_setup	80	static
resource.c:322:5:release_resource	32	static
resource.c:1285:13:devm_resource_release	16	static
resource.c:394:5:walk_iomem_res	128	static
resource.c:423:5:walk_system_ram_res	128	static
resource.c:452:5:walk_system_ram_range	128	static
resource.c:488:12:page_is_ram	16	static
resource.c:502:5:region_is_ram	48	static
resource.c:530:13:arch_remove_reservations	0	static
resource.c:555:12:__find_resource	192	static
resource.c:681:5:allocate_resource	144	static
resource.c:725:18:lookup_resource	48	static
resource.c:805:18:insert_resource_conflict	48	static
resource.c:822:5:insert_resource	16	static
resource.c:838:6:insert_resource_expand_to_fit	48	static
resource.c:911:5:adjust_resource	64	static
resource.c:981:13:reserve_region_with_split	80	static
resource.c:1016:17:resource_alignment	0	static
resource.c:1051:19:__request_region	160	static
resource.c:1115:5:__check_region	32	static
resource.c:1138:6:__release_region	64	static
resource.c:1361:13:devm_region_release	16	static
resource.c:1310:5:devm_request_resource	48	static
resource.c:1348:6:devm_release_resource	16	static
resource.c:1376:19:__devm_request_region	80	static
resource.c:1402:6:__devm_release_region	64	static
resource.c:1450:5:iomem_map_sanity_check	96	static
resource.c:1500:5:iomem_is_exclusive	64	static
