sys.c:142:12:set_one_prio	48	static
sys.c:411:12:set_user	32	static
sys.c:1892:12:prctl_set_mm	400	static
sys.c:2416:12:do_sysinfo	32	static
sys.c:1542:13:k_getrusage	96	static
sys.c:166:1:SyS_setpriority	128	static
sys.c:236:1:SyS_getpriority	128	static
sys.c:319:1:SyS_setregid	48	static
sys.c:376:1:SyS_setgid	48	static
sys.c:452:1:SyS_setreuid	64	static
sys.c:527:1:SyS_setuid	48	static
sys.c:578:1:SyS_setresuid	64	static
sys.c:647:1:SyS_getresuid	0	static
sys.c:669:1:SyS_setresgid	64	static
sys.c:721:1:SyS_getresgid	0	static
sys.c:748:1:SyS_setfsuid	48	static
sys.c:787:1:SyS_setfsgid	48	static
sys.c:831:1:sys_getpid	16	static
sys.c:837:1:sys_gettid	16	static
sys.c:848:1:sys_getppid	32	static
sys.c:859:1:sys_getuid	0	static
sys.c:865:1:sys_geteuid	0	static
sys.c:871:1:sys_getgid	0	static
sys.c:877:1:sys_getegid	0	static
sys.c:883:6:do_sys_times	64	static
sys.c:896:1:SyS_times	64	static
sys.c:920:1:SyS_setpgid	80	static
sys.c:991:1:SyS_getpgid	48	static
sys.c:1021:1:sys_getpgrp	16	static
sys.c:1028:1:SyS_getsid	48	static
sys.c:1067:1:sys_setsid	64	static
sys.c:1141:1:SyS_newuname	128	static
sys.c:1215:1:SyS_sethostname	112	static
sys.c:1241:1:SyS_gethostname	64	static
sys.c:1266:1:SyS_setdomainname	112	static
sys.c:1360:5:do_prlimit	80	static
sys.c:1290:1:SyS_getrlimit	48	static
sys.c:1448:1:SyS_prlimit64	128	static
sys.c:1490:1:SyS_setrlimit	48	static
sys.c:1616:5:getrusage	176	static
sys.c:1624:1:SyS_getrusage	16	static
sys.c:1633:1:compat_SyS_getrusage	176	static
sys.c:1646:1:SyS_umask	0	static
sys.c:2190:1:SyS_prctl	144	static
sys.c:2399:1:SyS_getcpu	0	static
sys.c:2478:1:SyS_sysinfo	144	static
sys.c:2508:1:compat_SyS_sysinfo	144	static
