sysctl.c:2002:12:proc_put_char	0	static
sysctl.c:1984:12:proc_put_long	80	static
sysctl.c:2014:12:do_proc_dointvec_conv	0	static
sysctl.c:2215:12:do_proc_dointvec_minmax_conv	0	static
sysctl.c:2452:12:do_proc_dointvec_jiffies_conv	0	static
sysctl.c:1854:13:warn_sysctl_write.isra.5.part.6	16	static
sysctl.c:2475:12:do_proc_dointvec_userhz_jiffies_conv	32	static
sysctl.c:2498:12:do_proc_dointvec_ms_jiffies_conv	32	static
sysctl.c:1925:12:proc_get_long.constprop	128	static
sysctl.c:2035:12:__do_proc_dointvec	144	static
sysctl.c:2590:12:proc_do_cad_pid	96	static
sysctl.c:2255:5:proc_dointvec_minmax	32	static
sysctl.c:2200:12:proc_dointvec_minmax_sysadmin	64	static
sysctl.c:2157:5:proc_dointvec	16	static
sysctl.c:205:12:sysrq_sysctl_handler	32	static
sysctl.c:2538:5:proc_dointvec_jiffies	16	static
sysctl.c:2278:12:proc_dointvec_minmax_coredump	32	static
sysctl.c:1879:5:proc_dostring	96	static
sysctl.c:2288:12:proc_dostring_coredump	32	static
sysctl.c:2298:12:__do_proc_doulongvec_minmax	160	static
sysctl.c:2420:5:proc_doulongvec_minmax	16	static
sysctl.c:2168:12:proc_taint	144	static
sysctl.c:1770:12:sysctl_init	16	static
sysctl.c:2443:5:proc_doulongvec_ms_jiffies_minmax	16	static
sysctl.c:2560:5:proc_dointvec_userhz_jiffies	16	static
sysctl.c:2583:5:proc_dointvec_ms_jiffies	16	static
sysctl.c:2629:5:proc_do_large_bitmap	176	static
