mali_kbase_pm_driver.c:240:12:kbase_pm_get_state	48	static
mali_kbase_pm_driver.c:1052:13:kbase_pm_wait_for_reset	80	static
mali_kbase_pm_driver.c:1417:1:kbase_pm_request_gpu_cycle_counter_do_request	48	static
mali_kbase_pm_driver.c:257:6:kbasep_pm_read_present_cores	16	static
mali_kbase_pm_driver.c:281:5:kbase_pm_get_present_cores	0	static
mali_kbase_pm_driver.c:309:5:kbase_pm_get_active_cores	16	static
mali_kbase_pm_driver.c:326:5:kbase_pm_get_trans_cores	16	static
mali_kbase_pm_driver.c:342:5:kbase_pm_get_ready_cores	16	static
mali_kbase_pm_driver.c:855:6:kbase_pm_enable_interrupts	48	static
mali_kbase_pm_driver.c:881:6:kbase_pm_disable_interrupts	48	static
mali_kbase_pm_driver.c:1038:6:kbase_pm_reset_done	16	static
mali_kbase_pm_driver.c:1063:29:kbasep_reset_timeout	16	static
mali_kbase_pm_driver.c:1208:6:kbase_pm_cache_snoop_enable	32	static
mali_kbase_pm_driver.c:1221:6:kbase_pm_cache_snoop_disable	48	static
mali_kbase_pm_driver.c:146:13:kbase_pm_invoke	64	static
mali_kbase_pm_driver.c:396:13:kbase_pm_transition_core_type	112	static
mali_kbase_pm_driver.c:545:1:kbase_pm_check_transitions_nolock	112	static
mali_kbase_pm_driver.c:780:6:kbase_pm_check_transitions_sync	128	static
mali_kbase_pm_driver.c:981:6:kbase_pm_clock_off	64	static
mali_kbase_pm_driver.c:1236:5:kbase_pm_init_hw	160	static
mali_kbase_pm_driver.c:912:6:kbase_pm_clock_on	80	static
mali_kbase_pm_driver.c:1435:6:kbase_pm_request_gpu_cycle_counter	32	static
mali_kbase_pm_driver.c:1451:6:kbase_pm_request_gpu_cycle_counter_l2_is_on	32	static
mali_kbase_pm_driver.c:1467:6:kbase_pm_release_gpu_cycle_counter	48	static
