mali_kbase_jm_hw.c:1174:13:kbasep_reset_timeout_worker	224	static
mali_kbase_jm_hw.c:1445:29:kbasep_reset_timer_callback	16	static
mali_kbase_jm_hw.c:1467:13:kbasep_try_reset_gpu_early_locked	64	static
mali_kbase_jm_hw.c:52:6:kbase_job_hw_submit	96	static
mali_kbase_jm_hw.c:228:6:kbase_job_done	176	static
mali_kbase_jm_hw.c:489:6:kbasep_job_slot_soft_or_hard_stop_do_action	64	static
mali_kbase_jm_hw.c:806:6:kbase_jm_wait_for_zero_jobs	176	static
mali_kbase_jm_hw.c:859:5:kbase_backend_get_current_flush_id	48	static
mali_kbase_jm_hw.c:874:5:kbase_job_slot_init	32	static
mali_kbase_jm_hw.c:897:6:kbase_job_slot_halt	0	static
mali_kbase_jm_hw.c:902:6:kbase_job_slot_term	16	static
mali_kbase_jm_hw.c:985:6:kbase_job_slot_softstop_swflags	16	static
mali_kbase_jm_hw.c:1004:6:kbase_job_slot_softstop	16	static
mali_kbase_jm_hw.c:733:6:kbase_job_slot_ctx_priority_check_locked	64	static
mali_kbase_jm_hw.c:1076:6:kbase_job_check_enter_disjoint	16	static
mali_kbase_jm_hw.c:1109:6:kbase_job_check_leave_disjoint	16	static
mali_kbase_jm_hw.c:1527:6:kbase_prepare_to_reset_gpu_locked	48	static
mali_kbase_jm_hw.c:1549:6:kbase_prepare_to_reset_gpu	48	static
mali_kbase_jm_hw.c:1574:6:kbase_reset_gpu	48	static
mali_kbase_jm_hw.c:779:29:zap_timeout_callback	48	static
mali_kbase_jm_hw.c:1597:6:kbase_reset_gpu_locked	32	static
mali_kbase_jm_hw.c:1020:6:kbase_job_slot_hardstop	64	static
mali_kbase_jm_hw.c:703:6:kbase_backend_jm_kill_jobs_from_kctx	64	static
