mali_kbase_jm_rb.c:478:13:kbasep_js_job_check_deref_cores	32	static
mali_kbase_jm_rb.c:571:13:kbase_gpu_release_atom	32	static
mali_kbase_jm_rb.c:616:13:kbase_gpu_mark_atom_for_return	32	static
mali_kbase_jm_rb.c:79:30:kbase_gpu_dequeue_atom	32	static
mali_kbase_jm_rb.c:106:23:kbase_gpu_inspect	0	static
mali_kbase_jm_rb.c:145:13:kbase_gpu_atoms_submitted	48	static
mali_kbase_jm_rb.c:222:12:kbase_gpu_nr_atoms_on_slot_min.constprop	48	static
mali_kbase_jm_rb.c:119:23:kbase_backend_inspect_head	16	static
mali_kbase_jm_rb.c:125:23:kbase_backend_inspect_tail	0	static
mali_kbase_jm_rb.c:189:5:kbase_backend_nr_atoms_submitted	48	static
mali_kbase_jm_rb.c:207:5:kbase_backend_nr_atoms_on_slot	48	static
mali_kbase_jm_rb.c:240:5:kbase_backend_slot_free	16	static
mali_kbase_jm_rb.c:706:6:kbase_gpu_slot_update	176	static
mali_kbase_jm_rb.c:903:6:kbase_backend_run_atom	48	static
mali_kbase_jm_rb.c:912:6:kbase_gpu_irq_evict	48	static
mali_kbase_jm_rb.c:937:6:kbase_gpu_complete_hw	112	static
mali_kbase_jm_rb.c:1111:6:kbase_backend_reset	80	static
mali_kbase_jm_rb.c:1184:6:kbase_backend_soft_hard_stop_slot	112	static
mali_kbase_jm_rb.c:1382:6:kbase_gpu_cacheclean	48	static
mali_kbase_jm_rb.c:1418:6:kbase_backend_complete_wq	48	static
mali_kbase_jm_rb.c:1456:6:kbase_backend_complete_wq_post_sched	48	static
mali_kbase_jm_rb.c:1472:6:kbase_gpu_dump_slots	80	static
