chip.c:348:13:irq_may_run	32	static
chip.c:29:5:irq_set_chip	48	static
chip.c:56:5:irq_set_irq_type	64	static
chip.c:79:5:irq_set_handler_data	48	static
chip.c:100:5:irq_set_msi_desc_off	64	static
chip.c:122:5:irq_set_msi_desc	16	static
chip.c:134:5:irq_set_chip_data	48	static
chip.c:147:18:irq_get_irq_data	16	static
chip.c:194:6:irq_shutdown	32	static
chip.c:208:6:irq_enable	32	static
chip.c:175:5:irq_startup	48	static
chip.c:231:6:irq_disable	32	static
chip.c:240:6:irq_percpu_enable	32	static
chip.c:249:6:irq_percpu_disable	32	static
chip.c:270:6:mask_irq	32	static
chip.c:278:6:unmask_irq	32	static
chip.c:286:6:unmask_threaded_irq	32	static
chip.c:307:6:handle_nested_irq	48	static
chip.c:386:1:handle_simple_irq	48	static
chip.c:437:1:handle_level_irq	48	static
chip.c:508:1:handle_fasteoi_irq	48	static
chip.c:564:1:handle_edge_irq	48	static
chip.c:674:1:handle_percpu_irq	48	static
chip.c:701:6:handle_percpu_devid_irq	64	static
chip.c:722:1:__irq_set_handler	64	static
chip.c:783:1:irq_set_chip_and_handler_name	48	static
chip.c:791:6:irq_modify_status	48	static
chip.c:823:6:irq_cpu_online	64	static
chip.c:853:6:irq_cpu_offline	64	static
chip.c:882:6:irq_chip_ack_parent	16	static
chip.c:892:6:irq_chip_mask_parent	16	static
chip.c:902:6:irq_chip_unmask_parent	16	static
chip.c:912:6:irq_chip_eoi_parent	16	static
chip.c:926:5:irq_chip_set_affinity_parent	16	static
chip.c:943:5:irq_chip_retrigger_hierarchy	16	static
chip.c:962:5:irq_chip_compose_msi_msg	16	static
