bmi160_acc.c:1781:16:store_firlen_value	0	static
bmi160_acc.c:3243:12:bmi160_acc_release	0	static
bmi160_acc.c:4204:12:bmi160_acc_open_report_data	0	static
bmi160_acc.c:4267:12:bmi160_acc_set_delay	0	static
bmi160_acc.c:4705:20:bmi160_acc_exit	16	static
bmi160_acc.c:3740:13:bmi160_compat_ioctl	32	static
bmi160_acc.c:4691:19:bmi160_acc_init	48	static
bmi160_acc.c:1757:16:show_firlen_value	16	static
bmi160_acc.c:2754:16:show_layout_value	32	static
bmi160_acc.c:4632:12:bmi160_acc_i2c_remove	64	static
bmi160_acc.c:2763:16:store_layout_value	80	static
bmi160_acc.c:2588:16:bmi160_fifo_bytecount_store	48	static
bmi160_acc.c:656:12:BMI160_ACC_ReadCalibration.isra.3	0	static
bmi160_acc.c:1679:16:show_cali_value	96	static
bmi160_acc.c:709:12:BMI160_ACC_WriteCalibration.isra.6	80	static
bmi160_acc.c:1871:16:show_power_status_value	16	static
bmi160_acc.c:438:12:bma_i2c_read_block	112	static
bmi160_acc.c:535:12:BMI160_ACC_ReadData	48	static
bmi160_acc.c:1607:16:show_cpsbandwidth_value	48	static
bmi160_acc.c:1566:16:show_cpsrange_value	48	static
bmi160_acc.c:1516:16:show_cpsopmode_value	48	static
bmi160_acc.c:2573:16:bmi160_fifo_bytecount_show	48	static
bmi160_acc.c:2631:16:bmi160_fifo_data_sel_show	80	static
bmi160_acc.c:3231:12:bmi160_acc_open	16	static
bmi160_acc.c:636:12:BMI160_ACC_ResetCalibration.isra.15	0	static
bmi160_acc.c:1723:16:store_cali_value	64	static
bmi160_acc.c:2185:16:store_autocali_z_value	64	static
bmi160_acc.c:2147:16:store_autocali_y_value	64	static
bmi160_acc.c:2109:16:store_autocali_x_value	64	static
bmi160_acc.c:1827:16:store_trace_value	64	static
bmi160_acc.c:2170:16:show_autocali_z_value	16	static
bmi160_acc.c:2132:16:show_autocali_y_value	16	static
bmi160_acc.c:2094:16:show_autocali_x_value	16	static
bmi160_acc.c:2073:16:show_bmi_released_value	16	static
bmi160_acc.c:2013:16:show_bmi_daemon_value	16	static
bmi160_acc.c:1997:16:show_sensorrawdata_value	48	static
bmi160_acc.c:1648:16:show_cpsdata_value.part.28	16	static
bmi160_acc.c:1849:16:show_status_value	16	static
bmi160_acc.c:1813:16:show_trace_value	16	static
bmi160_acc.c:1663:16:show_sensordata_value.part.31	16	static
bmi160_acc.c:1498:16:show_chipinfo_value.part.32	16	static
bmi160_acc.c:2241:12:bmi_fifo_analysis_handle.constprop	400	static
bmi160_acc.c:474:12:bma_i2c_write_block.constprop	48	static
bmi160_acc.c:2641:16:bmi160_fifo_data_sel_store	112	static
bmi160_acc.c:900:12:BMI160_ACC_SetBWRate	96	static
bmi160_acc.c:802:12:BMI160_ACC_SetPowerMode	96	static
bmi160_acc.c:3852:12:bmi160_acc_suspend	64	static
bmi160_acc.c:4211:12:bmi160_acc_enable_nodata	64	static
bmi160_acc.c:1152:12:BMI160_ACC_ReadSensorData.isra.16	80	static
bmi160_acc.c:4330:12:bmi160_acc_get_data	320	static
bmi160_acc.c:1663:16:show_sensordata_value	288	static
bmi160_acc.c:1648:16:show_cpsdata_value	336	static
bmi160_acc.c:2033:16:store_bmi_daemon_value	80	static
bmi160_acc.c:1003:12:bmi160_acc_init_client	128	static
bmi160_acc.c:3249:13:bmi160_acc_unlocked_ioctl	320	static
bmi160_acc.c:4447:12:bmi160_acc_i2c_probe	192	static
bmi160_acc.c:4674:12:bmi160_acc_remove	32	static
bmi160_acc.c:4655:13:bmi160_acc_local_init	32	static
bmi160_acc.c:3938:12:bmi160_acc_resume	64	static
bmi160_acc.c:1498:16:show_chipinfo_value	304	static
bmi160_acc.c:2563:5:bmi160_set_command_register	32	static
bmi160_acc.c:2685:16:bmi160_fifo_data_out_frame_show	96	static
bmi160_acc.c:4342:5:bmi160_m_enable	32	static
bmi160_acc.c:4360:5:bmi160_m_set_delay	48	static
bmi160_acc.c:4375:5:bmi160_m_open_report_data	0	static
bmi160_acc.c:4380:5:bmi160_m_get_data	80	static
bmi160_acc.c:4394:5:bmi160_o_enable	32	static
bmi160_acc.c:4412:5:bmi160_o_set_delay	48	static
bmi160_acc.c:4427:5:bmi160_o_open_report_data	0	static
bmi160_acc.c:4432:5:bmi160_o_get_data	80	static
