ion_mm_heap.c:330:18:ion_mm_heap_map_dma	0	static
ion_mm_heap.c:335:6:ion_mm_heap_unmap_dma	0	static
ion_mm_heap.c:389:5:ion_mm_heap_pool_total	0	static
ion_mm_heap.c:66:12:order_to_index	16	static
ion_mm_heap.c:421:12:ion_mm_heap_debug_show	208	static
ion_mm_heap.c:339:12:ion_mm_heap_shrink	64	static
ion_mm_heap.c:358:12:ion_mm_heap_phys	48	static
ion_mm_heap.c:121:13:free_buffer_page	48	static
ion_mm_heap.c:171:12:ion_mm_heap_allocate	192	static
ion_mm_heap.c:277:5:ion_mm_heap_register_buf_destroy_callback	0	static
ion_mm_heap.c:287:6:ion_mm_heap_free_bufferInfo	48	static
ion_mm_heap.c:305:6:ion_mm_heap_free	80	static
ion_mm_heap.c:542:5:ion_mm_heap_for_each_pool	64	static
ion_mm_heap.c:590:6:ion_mm_heap_memory_detail	96	static
ion_mm_heap.c:655:8:ion_mm_heap_total_memory	0	static
ion_mm_heap.c:660:18:ion_mm_heap_create	80	static
ion_mm_heap.c:724:6:ion_mm_heap_destroy	32	static
ion_mm_heap.c:736:5:ion_mm_copy_dbg_info	0	static
ion_mm_heap.c:753:5:ion_mm_copy_sf_buf_info	0	static
ion_mm_heap.c:764:6:ion_mm_ioctl	144	static
ion_mm_heap.c:1073:6:shrink_ion_by_scenario	48	static
