seq_oss_midi.c:123:1:find_slot	48	static
seq_oss_midi.c:317:1:get_mididev.isra.1	48	static
seq_oss_midi.c:150:1:snd_seq_oss_midi_check_new_port	48	static
seq_oss_midi.c:76:1:snd_seq_oss_midi_lookup_ports	48	static
seq_oss_midi.c:228:1:snd_seq_oss_midi_check_exit_port	48	static
seq_oss_midi.c:259:1:snd_seq_oss_midi_clear_all	64	static
seq_oss_midi.c:283:1:snd_seq_oss_midi_setup	0	static
seq_oss_midi.c:329:1:snd_seq_oss_midi_open	144	static
seq_oss_midi.c:305:1:snd_seq_oss_midi_open_all	48	static
seq_oss_midi.c:396:1:snd_seq_oss_midi_close	128	static
seq_oss_midi.c:292:1:snd_seq_oss_midi_cleanup	32	static
seq_oss_midi.c:433:1:snd_seq_oss_midi_filemode	16	static
seq_oss_midi.c:456:1:snd_seq_oss_midi_reset	112	static
seq_oss_midi.c:504:1:snd_seq_oss_midi_get_addr	32	static
seq_oss_midi.c:520:1:snd_seq_oss_midi_input	80	static
seq_oss_midi.c:637:1:snd_seq_oss_midi_putc	48	static
seq_oss_midi.c:656:1:snd_seq_oss_midi_make_info	48	static
seq_oss_midi.c:690:1:snd_seq_oss_midi_info_read	80	static
