xattr.c:699:1:xattr_resolve_name	0	static
xattr.c:32:1:xattr_permission	48	static
xattr.c:92:5:__vfs_setxattr_noperm	80	static
xattr.c:122:1:vfs_setxattr	80	static
xattr.c:322:1:setxattr	336	static
xattr.c:367:12:path_setxattr	96	static
xattr.c:146:1:xattr_getsecurity	64	static
xattr.c:181:1:vfs_getxattr_alloc	80	static
xattr.c:212:5:vfs_xattr_cmp	64	static
xattr.c:231:1:vfs_getxattr	64	static
xattr.c:428:1:getxattr	320	static
xattr.c:473:16:path_getxattr	80	static
xattr.c:267:1:vfs_listxattr	48	static
xattr.c:522:1:listxattr	64	static
xattr.c:556:16:path_listxattr	80	static
xattr.c:287:1:vfs_removexattr	64	static
xattr.c:603:1:removexattr	288	static
xattr.c:617:12:path_removexattr	64	static
xattr.c:390:1:SyS_setxattr	16	static
xattr.c:397:1:SyS_lsetxattr	16	static
xattr.c:404:1:SyS_fsetxattr	80	static
xattr.c:492:1:SyS_getxattr	16	static
xattr.c:498:1:SyS_lgetxattr	16	static
xattr.c:504:1:SyS_fgetxattr	80	static
xattr.c:574:1:SyS_listxattr	16	static
xattr.c:580:1:SyS_llistxattr	16	static
xattr.c:586:1:SyS_flistxattr	64	static
xattr.c:639:1:SyS_removexattr	16	static
xattr.c:645:1:SyS_lremovexattr	16	static
xattr.c:651:1:SyS_fremovexattr	64	static
xattr.c:720:1:generic_getxattr	64	static
xattr.c:735:1:generic_listxattr	64	static
xattr.c:765:1:generic_setxattr	64	static
xattr.c:782:1:generic_removexattr	48	static
xattr.c:801:22:simple_xattr_alloc	48	static
xattr.c:847:12:__simple_xattr_set	80	static
xattr.c:823:5:simple_xattr_get	64	static
xattr.c:912:5:simple_xattr_set	16	static
xattr.c:923:5:simple_xattr_remove	16	static
xattr.c:936:9:simple_xattr_list	112	static
xattr.c:970:6:simple_xattr_list_add	48	static
