scsi_error.c:92:12:scsi_host_eh_past_deadline	0	static
scsi_error.c:811:13:__scsi_report_device_reset	0	static
scsi_error.c:858:12:scsi_try_bus_device_reset	32	static
scsi_error.c:1094:12:scsi_eh_action	16	static
scsi_error.c:2304:1:scsi_reset_provider_done_command	0	static
scsi_error.c:738:13:scsi_eh_done	16	static
scsi_error.c:606:13:scsi_handle_queue_ramp_up	48	static
scsi_error.c:642:13:scsi_handle_queue_full	48	static
scsi_error.c:827:12:scsi_try_target_reset	48	static
scsi_error.c:1939:13:eh_lock_door_done	16	static
scsi_error.c:60:6:scsi_eh_wakeup	32	static
scsi_error.c:76:6:scsi_schedule_eh	32	static
scsi_error.c:234:5:scsi_eh_scmd_add	64	static
scsi_error.c:273:26:scsi_times_out	48	static
scsi_error.c:314:5:scsi_block_when_processing_errors	80	static
scsi_error.c:903:6:scsi_eh_prep_cmnd	48	static
scsi_error.c:973:6:scsi_eh_restore_cmnd	0	static
scsi_error.c:1116:6:scsi_eh_finish_cmd	0	static
scsi_error.c:1707:5:scsi_noretry_cmd	0	static
scsi_error.c:116:1:scmd_eh_abort_handler	32	static
scsi_error.c:2073:6:scsi_eh_flush_done_q	48	static
scsi_error.c:2258:6:scsi_report_bus_reset	0	static
scsi_error.c:785:12:scsi_try_bus_reset	48	static
scsi_error.c:755:12:scsi_try_host_reset	48	static
scsi_error.c:2291:6:scsi_report_device_reset	0	static
scsi_error.c:2322:1:scsi_reset_provider	416	static
scsi_error.c:2426:5:scsi_normalize_sense	0	static
scsi_error.c:2471:5:scsi_command_normalize_sense	16	static
scsi_error.c:454:12:scsi_check_sense	64	static
scsi_error.c:1003:12:scsi_send_eh_cmnd	240	static
scsi_error.c:1356:12:scsi_eh_try_stu.part.14	48	static
scsi_error.c:1214:12:scsi_eh_tur	48	static
scsi_error.c:1251:12:scsi_eh_test_devices	96	static
scsi_error.c:1756:5:scsi_decide_disposition	32	static
scsi_error.c:1144:5:scsi_eh_get_sense	64	static
scsi_error.c:2055:6:scsi_eh_ready_devs	128	static
scsi_error.c:2159:5:scsi_error_handler	176	static
scsi_error.c:2492:12:scsi_sense_desc_find	0	static
scsi_error.c:2528:5:scsi_get_sense_info_fld	32	static
scsi_error.c:2578:6:scsi_build_sense_buffer	0	static
