jhash.h:70:19:jhash	0	static
af_netlink.c:117:12:lockdep_nl_sk_hash_is_held	0	static
af_netlink.c:1020:13:netlink_compare	0	static
af_netlink.c:1060:1:netlink_update_listeners	0	static
af_netlink.c:1397:1:netlink_update_subscriptions	0	static
af_netlink.c:1441:13:netlink_unbind	80	static
af_netlink.c:1557:12:netlink_getname	0	static
af_netlink.c:2101:13:netlink_update_socket_mc	32	static
af_netlink.c:2207:12:netlink_getsockopt	0	static
af_netlink.c:288:13:netlink_overrun	32	static
af_netlink.c:915:13:netlink_skb_set_owner_r	32	static
af_netlink.c:870:13:netlink_skb_destructor	32	static
af_netlink.c:1721:24:netlink_trim	48	static
af_netlink.c:2994:13:netlink_seq_stop	16	static
af_netlink.c:2448:13:netlink_data_ready	16	static
af_netlink.c:1133:12:__netlink_create	48	static
af_netlink.c:924:13:netlink_sock_destruct	32	static
af_netlink.c:1164:12:netlink_create	96	static
af_netlink.c:3101:24:netlink_net_exit	16	static
af_netlink.c:3037:12:netlink_seq_open	16	static
af_netlink.c:3002:12:netlink_seq_show	144	static
af_netlink.c:3092:23:netlink_net_init	16	static
af_netlink.c:2912:21:netlink_seq_socket_idx.isra.29	0	static
af_netlink.c:2942:14:netlink_seq_start	48	static
af_netlink.c:2950:14:netlink_seq_next	16	static
af_netlink.c:256:13:__netlink_deliver_tap	112	static
af_netlink.c:1083:12:netlink_insert	112	static
af_netlink.c:1041:21:netlink_lookup.constprop	80	static
af_netlink.c:1689:12:__netlink_sendskb	48	static
af_netlink.c:154:5:netlink_add_tap	48	static
af_netlink.c:195:5:netlink_remove_tap	48	static
af_netlink.c:966:6:netlink_table_grab	112	static
af_netlink.c:991:6:netlink_table_ungrab	16	static
af_netlink.c:1287:12:netlink_autobind.isra.32	112	static
af_netlink.c:1521:12:netlink_connect	48	static
af_netlink.c:1408:12:netlink_realloc_groups	64	static
af_netlink.c:2117:12:netlink_setsockopt	48	static
af_netlink.c:1454:12:netlink_bind	112	static
af_netlink.c:1223:12:netlink_release	80	static
af_netlink.c:3133:19:netlink_proto_init	176	static
af_netlink.c:1333:6:__netlink_ns_capable	32	static
af_netlink.c:1352:6:netlink_ns_capable	16	static
af_netlink.c:1368:6:netlink_capable	16	static
af_netlink.c:1384:6:netlink_net_capable	16	static
af_netlink.c:1597:14:netlink_getsockbyfilp	0	static
af_netlink.c:1648:5:netlink_attachskb	112	static
af_netlink.c:1707:5:netlink_sendskb	32	static
af_netlink.c:1715:6:netlink_detachskb	32	static
af_netlink.c:1768:5:netlink_unicast	96	static
af_netlink.c:1804:17:netlink_alloc_skb	16	static
af_netlink.c:1871:5:netlink_has_listeners	32	static
af_netlink.c:1976:5:netlink_broadcast_filtered	160	static
af_netlink.c:2027:5:netlink_broadcast	16	static
af_netlink.c:2267:12:netlink_sendmsg	144	static
af_netlink.c:2078:5:netlink_set_err	112	static
af_netlink.c:2460:1:__netlink_kernel_create	112	static
af_netlink.c:2542:1:netlink_kernel_release	16	static
af_netlink.c:2548:5:__netlink_change_ngroups	48	static
af_netlink.c:2583:5:netlink_change_ngroups	32	static
af_netlink.c:2594:6:__netlink_clear_multicast_users	32	static
af_netlink.c:2604:1:__nlmsg_put	80	static
af_netlink.c:2626:12:netlink_dump	48	static
af_netlink.c:2356:12:netlink_recvmsg	160	static
af_netlink.c:2715:5:__netlink_dump_start	48	static
af_netlink.c:2788:6:netlink_ack	64	static
af_netlink.c:2824:5:netlink_rcv_skb	48	static
af_netlink.c:2875:5:nlmsg_notify	64	static
af_netlink.c:3053:5:netlink_register_notifier	16	static
af_netlink.c:3059:5:netlink_unregister_notifier	16	static
