bitmap.c:1056:12:__reg_op	0	static
bitmap.c:606:12:__bitmap_parselist	128	static
bitmap.c:732:12:bitmap_pos_to_ord	48	static
bitmap.c:43:5:__bitmap_empty	0	static
bitmap.c:58:5:__bitmap_full	0	static
bitmap.c:73:5:__bitmap_equal	0	static
bitmap.c:89:6:__bitmap_complement	0	static
bitmap.c:111:6:__bitmap_shift_right	16	static
bitmap.c:158:6:__bitmap_shift_left	16	static
bitmap.c:188:5:__bitmap_and	0	static
bitmap.c:204:6:__bitmap_or	0	static
bitmap.c:215:6:__bitmap_xor	0	static
bitmap.c:226:5:__bitmap_andnot	0	static
bitmap.c:242:5:__bitmap_intersects	0	static
bitmap.c:257:5:__bitmap_subset	0	static
bitmap.c:272:5:__bitmap_weight	80	static
bitmap.c:287:6:bitmap_set	0	static
bitmap.c:308:6:bitmap_clear	0	static
bitmap.c:341:15:bitmap_find_next_zero_area	80	static
bitmap.c:386:5:bitmap_scnprintf	80	static
bitmap.c:430:5:__bitmap_parse	128	static
bitmap.c:515:5:bitmap_parse_user	16	static
bitmap.c:562:5:bitmap_scnlistprintf	128	static
bitmap.c:677:5:bitmap_parselist	48	static
bitmap.c:702:5:bitmap_parselist_user	16	static
bitmap.c:768:5:bitmap_ord_to_pos	48	static
bitmap.c:818:6:bitmap_remap	80	static
bitmap.c:866:5:bitmap_bitremap	64	static
bitmap.c:978:6:bitmap_onto	80	static
bitmap.c:1018:6:bitmap_fold	64	static
bitmap.c:1122:5:bitmap_find_free_region	64	static
bitmap.c:1147:6:bitmap_release_region	16	static
bitmap.c:1164:5:bitmap_allocate_region	48	static
bitmap.c:1180:6:bitmap_copy_le	0	static
