kobject.c:754:16:kobj_attr_show	16	static
kobject.c:766:16:kobj_attr_store	16	static
kobject.c:675:13:dynamic_kobj_release	32	static
kobject.c:842:13:kset_release	32	static
kobject.c:146:7:kobject_get_path	80	static
kobject.c:257:5:kobject_set_name_vargs	80	static
kobject.c:289:5:kobject_set_name	128	static
kobject.c:314:6:kobject_init	32	static
kobject.c:577:17:kobject_get	32	static
kobject.c:664:6:kobject_put	32	static
kobject.c:556:6:kobject_del	32	static
kobject.c:643:13:kobject_release	64	static
kobject.c:697:17:kobject_create	32	static
kobject.c:746:6:kset_init	0	static
kobject.c:807:6:kset_unregister	32	static
kobject.c:824:17:kset_find_obj	48	static
kobject.c:936:5:kobj_ns_type_register	64	static
kobject.c:963:5:kobj_ns_type_registered	48	static
kobject.c:975:39:kobj_child_ns_ops	16	static
kobject.c:985:39:kobj_ns_ops	16	static
kobject.c:30:13:kobject_namespace	32	static
kobject.c:200:12:kobject_add_internal	64	static
kobject.c:417:5:kobject_init_and_add	176	static
kobject.c:788:5:kset_register	32	static
kobject.c:913:14:kset_create_and_add	48	static
kobject.c:382:5:kobject_add	192	static
kobject.c:722:17:kobject_create_and_add	48	static
kobject.c:443:5:kobject_rename	80	static
kobject.c:505:5:kobject_move	96	static
kobject.c:990:6:kobj_ns_current_may_mount	48	static
kobject.c:1003:7:kobj_ns_grab_current	48	static
kobject.c:1016:13:kobj_ns_netlink	64	static
kobject.c:1029:13:kobj_ns_initial	48	static
kobject.c:1042:6:kobj_ns_drop	64	static
