radix-tree.c:252:12:__radix_tree_preload	80	static
radix-tree.c:217:13:radix_tree_node_rcu_free	16	static
radix-tree.c:1468:12:radix_tree_callback	32	static
radix-tree.c:1440:1:radix_tree_node_ctor	32	static
radix-tree.c:180:1:radix_tree_node_alloc	48	static
radix-tree.c:286:5:radix_tree_preload	32	static
radix-tree.c:299:5:radix_tree_maybe_preload	16	static
radix-tree.c:385:5:__radix_tree_create	80	static
radix-tree.c:443:5:radix_tree_insert	64	static
radix-tree.c:486:7:__radix_tree_lookup	0	static
radix-tree.c:546:8:radix_tree_lookup_slot	32	static
radix-tree.c:568:7:radix_tree_lookup	16	static
radix-tree.c:587:7:radix_tree_tag_set	16	static
radix-tree.c:633:7:radix_tree_tag_clear	0	static
radix-tree.c:697:5:radix_tree_tag_get	0	static
radix-tree.c:747:8:radix_tree_next_chunk	0	static
radix-tree.c:883:15:radix_tree_range_tag_if_tagged	0	static
radix-tree.c:1006:1:radix_tree_gang_lookup	80	static
radix-tree.c:1051:1:radix_tree_gang_lookup_slot	96	static
radix-tree.c:1088:1:radix_tree_gang_lookup_tag	96	static
radix-tree.c:1129:1:radix_tree_gang_lookup_tag_slot	96	static
radix-tree.c:1207:15:radix_tree_locate_item	80	static
radix-tree.c:1321:6:__radix_tree_delete_node	48	static
radix-tree.c:1371:7:radix_tree_delete_item	80	static
radix-tree.c:1422:7:radix_tree_delete	16	static
radix-tree.c:1433:5:radix_tree_tagged	0	static
radix-tree.c:1488:13:radix_tree_init	16	static
