scatterlist.c:155:13:sg_kfree	16	static
scatterlist.c:136:28:sg_kmalloc	16	static
scatterlist.c:25:21:sg_next	0	static
scatterlist.c:50:5:sg_nents	32	static
scatterlist.c:74:21:sg_last	48	static
scatterlist.c:104:6:sg_init_table	32	static
scatterlist.c:125:6:sg_init_one	48	static
scatterlist.c:177:6:__sg_free_table	64	static
scatterlist.c:222:6:sg_free_table	16	static
scatterlist.c:247:5:__sg_alloc_table	112	static
scatterlist.c:331:5:sg_alloc_table	32	static
scatterlist.c:364:5:sg_alloc_table_from_pages	96	static
scatterlist.c:408:6:__sg_page_iter_start	0	static
scatterlist.c:425:6:__sg_page_iter_next	32	static
scatterlist.c:456:6:sg_miter_start	48	static
scatterlist.c:581:6:sg_miter_stop	32	static
scatterlist.c:507:6:sg_miter_skip	64	static
scatterlist.c:544:6:sg_miter_next	48	static
scatterlist.c:621:15:sg_copy_buffer	160	static
scatterlist.c:671:8:sg_copy_from_buffer	16	static
scatterlist.c:688:8:sg_copy_to_buffer	16	static
scatterlist.c:706:8:sg_pcopy_from_buffer	16	static
scatterlist.c:724:8:sg_pcopy_to_buffer	16	static
