topology.h:208:37:cpu_cpu_mask	0	static
sched.h:897:19:cpu_core_flags	0	static
core.c:823:5:tg_nop	0	static
core.c:829:13:set_load_weight	0	static
core.c:5190:13:put_prev_task_fake	0	static
core.c:5629:19:sched_debug_setup	0	static
core.c:6788:12:sched_domains_numa_masks_update	0	static
core.c:8236:12:cpu_shares_read_u64	0	static
core.c:8496:12:cpu_rt_runtime_read	0	static
core.c:8508:12:cpu_rt_period_read_uint	0	static
sched.h:54:1:ftrace_define_fields_sched_kthread_stop_ret	16	static
sched.h:780:1:ftrace_define_fields_sched_wake_idle_without_ipi	16	static
sched.h:1385:1:ftrace_define_fields_sched_heavy_task	16	static
sched.h:54:1:perf_trace_sched_kthread_stop_ret	368	static
sched.h:379:1:perf_trace_sched_cpu_hotplug	384	static
sched.h:689:1:perf_trace_sched_move_task_template	384	static
sched.h:737:1:perf_trace_sched_swap_numa	384	static
sched.h:780:1:perf_trace_sched_wake_idle_without_ipi	368	static
sched.h:802:1:perf_trace_sched_select_task_rq	384	static
sched.h:1100:1:perf_trace_sched_hmp_load	368	static
sched.h:1124:1:perf_trace_sched_hmp_stats	368	static
sched.h:1241:1:perf_trace_sched_cfs_runnable_load	384	static
sched.h:1268:1:perf_trace_sched_runqueue_length	368	static
sched.h:1289:1:perf_trace_sched_cfs_length	368	static
sched.h:1314:1:perf_trace_sched_rq_runnable_ratio	368	static
sched.h:1338:1:perf_trace_sched_rq_runnable_load	368	static
sched.h:32:1:perf_trace_sched_kthread_stop	368	static
sched.h:78:1:perf_trace_sched_wakeup_template	368	static
sched.h:321:1:perf_trace_sched_migrate_task	368	static
sched.h:401:1:perf_trace_sched_process_template	368	static
sched.h:448:1:perf_trace_sched_process_wait	368	static
sched.h:473:1:perf_trace_sched_process_fork	368	static
sched.h:528:1:perf_trace_sched_stat_template	368	static
sched.h:611:1:perf_trace_sched_stat_runtime	384	static
sched.h:645:1:perf_trace_sched_pi_setprio	368	static
sched.h:866:1:perf_trace_sched_task_entity_avg	384	static
sched.h:905:1:perf_trace_sched_hmp_migrate	384	static
sched.h:933:1:perf_trace_sched_task_load_contrib	368	static
sched.h:959:1:perf_trace_sched_task_runnable_ratio	368	static
sched.h:986:1:perf_trace_sched_dynamic_threshold	416	static
sched.h:1043:1:perf_trace_sched_hmp_select_task_rq	416	static
sched.h:1148:1:perf_trace_sched_cfs_enqueue_task	384	static
sched.h:1178:1:perf_trace_sched_cfs_dequeue_task	384	static
sched.h:1208:1:perf_trace_sched_cfs_load_update	384	static
sched.h:1362:1:perf_trace_sched_task_usage_ratio	368	static
sched.h:32:1:ftrace_raw_event_sched_kthread_stop	96	static
sched.h:54:1:ftrace_raw_event_sched_kthread_stop_ret	96	static
sched.h:78:1:ftrace_raw_event_sched_wakeup_template	96	static
sched.h:321:1:ftrace_raw_event_sched_migrate_task	96	static
sched.h:379:1:ftrace_raw_event_sched_cpu_hotplug	112	static
sched.h:401:1:ftrace_raw_event_sched_process_template	96	static
sched.h:448:1:ftrace_raw_event_sched_process_wait	96	static
sched.h:473:1:ftrace_raw_event_sched_process_fork	96	static
sched.h:528:1:ftrace_raw_event_sched_stat_template	96	static
sched.h:611:1:ftrace_raw_event_sched_stat_runtime	112	static
sched.h:645:1:ftrace_raw_event_sched_pi_setprio	96	static
sched.h:689:1:ftrace_raw_event_sched_move_task_template	112	static
sched.h:737:1:ftrace_raw_event_sched_swap_numa	112	static
sched.h:780:1:ftrace_raw_event_sched_wake_idle_without_ipi	96	static
sched.h:802:1:ftrace_raw_event_sched_select_task_rq	112	static
sched.h:866:1:ftrace_raw_event_sched_task_entity_avg	112	static
sched.h:905:1:ftrace_raw_event_sched_hmp_migrate	112	static
sched.h:933:1:ftrace_raw_event_sched_task_load_contrib	96	static
sched.h:959:1:ftrace_raw_event_sched_task_runnable_ratio	96	static
sched.h:986:1:ftrace_raw_event_sched_dynamic_threshold	144	static
sched.h:1043:1:ftrace_raw_event_sched_hmp_select_task_rq	144	static
sched.h:1100:1:ftrace_raw_event_sched_hmp_load	96	static
sched.h:1124:1:ftrace_raw_event_sched_hmp_stats	96	static
sched.h:1148:1:ftrace_raw_event_sched_cfs_enqueue_task	112	static
sched.h:1178:1:ftrace_raw_event_sched_cfs_dequeue_task	112	static
sched.h:1208:1:ftrace_raw_event_sched_cfs_load_update	112	static
sched.h:1241:1:ftrace_raw_event_sched_cfs_runnable_load	112	static
sched.h:1268:1:ftrace_raw_event_sched_runqueue_length	96	static
sched.h:1289:1:ftrace_raw_event_sched_cfs_length	96	static
sched.h:1314:1:ftrace_raw_event_sched_rq_runnable_ratio	96	static
sched.h:1338:1:ftrace_raw_event_sched_rq_runnable_load	96	static
sched.h:1362:1:ftrace_raw_event_sched_task_usage_ratio	96	static
sched.h:32:1:ftrace_raw_output_sched_kthread_stop	32	static
sched.h:54:1:ftrace_raw_output_sched_kthread_stop_ret	32	static
sched.h:379:1:ftrace_raw_output_sched_cpu_hotplug	32	static
sched.h:401:1:ftrace_raw_output_sched_process_template	32	static
sched.h:448:1:ftrace_raw_output_sched_process_wait	32	static
sched.h:473:1:ftrace_raw_output_sched_process_fork	32	static
sched.h:501:1:ftrace_raw_output_sched_process_exec	32	static
sched.h:528:1:ftrace_raw_output_sched_stat_template	32	static
sched.h:586:1:ftrace_raw_output_sched_blocked_reason	32	static
sched.h:611:1:ftrace_raw_output_sched_stat_runtime	32	static
sched.h:645:1:ftrace_raw_output_sched_pi_setprio	32	static
sched.h:689:1:ftrace_raw_output_sched_move_task_template	48	static
sched.h:737:1:ftrace_raw_output_sched_swap_numa	64	static
sched.h:780:1:ftrace_raw_output_sched_wake_idle_without_ipi	32	static
sched.h:802:1:ftrace_raw_output_sched_select_task_rq	32	static
sched.h:866:1:ftrace_raw_output_sched_task_entity_avg	64	static
sched.h:905:1:ftrace_raw_output_sched_hmp_migrate	32	static
sched.h:933:1:ftrace_raw_output_sched_task_load_contrib	32	static
sched.h:959:1:ftrace_raw_output_sched_task_runnable_ratio	32	static
sched.h:986:1:ftrace_raw_output_sched_dynamic_threshold	80	static
sched.h:1043:1:ftrace_raw_output_sched_hmp_select_task_rq	80	static
sched.h:1100:1:ftrace_raw_output_sched_hmp_load	32	static
sched.h:1124:1:ftrace_raw_output_sched_hmp_stats	32	static
sched.h:1148:1:ftrace_raw_output_sched_cfs_enqueue_task	32	static
sched.h:1178:1:ftrace_raw_output_sched_cfs_dequeue_task	32	static
sched.h:1208:1:ftrace_raw_output_sched_cfs_load_update	32	static
sched.h:1241:1:ftrace_raw_output_sched_cfs_runnable_load	32	static
sched.h:1268:1:ftrace_raw_output_sched_runqueue_length	32	static
sched.h:1289:1:ftrace_raw_output_sched_cfs_length	32	static
sched.h:1314:1:ftrace_raw_output_sched_rq_runnable_ratio	32	static
sched.h:1338:1:ftrace_raw_output_sched_rq_runnable_load	32	static
sched.h:1362:1:ftrace_raw_output_sched_task_usage_ratio	32	static
sched.h:1385:1:ftrace_raw_output_sched_heavy_task	32	static
sched.h:78:1:ftrace_raw_output_sched_wakeup_template	80	static
sched.h:250:1:ftrace_raw_output_sched_switch	176	static
sched.h:321:1:ftrace_raw_output_sched_migrate_task	80	static
sched.h:188:12:fair_cgroup_load	112	static
sched.h:501:1:perf_trace_sched_process_exec	400	static
sched.h:501:1:ftrace_raw_event_sched_process_exec	112	static
sched.h:1385:1:perf_trace_sched_heavy_task	384	static
sched.h:1385:1:ftrace_raw_event_sched_heavy_task	96	static
sched.h:586:1:perf_trace_sched_blocked_reason	368	static
sched.h:586:1:ftrace_raw_event_sched_blocked_reason	96	static
core.c:273:19:sched_init_debug	16	static
core.c:260:12:sched_feat_open	16	static
core.c:159:12:sched_feat_show	64	static
core.c:230:1:sched_feat_write	144	static
core.c:6193:12:get_group	48	static
core.c:1525:1:ttwu_stat	80	static
core.c:336:19:task_rq_lock	80	static
core.c:2353:13:finish_task_switch	64	static
core.c:2853:22:__schedule_bug	16	static
core.c:3477:28:find_process_by_pid	16	static
core.c:5748:12:sd_degenerate	32	static
core.c:6059:19:isolated_cpu_setup	16	static
core.c:6302:19:setup_relax_domain_level	16	static
core.c:5292:13:sd_free_ctl_entry	32	static
core.c:5802:13:free_rootdomain	32	static
core.c:5852:12:init_rootdomain	32	static
core.c:8230:12:cpu_shares_write_u64	16	static
core.c:5443:13:set_rq_online.part.90	32	static
core.c:5458:13:set_rq_offline	32	static
core.c:5815:13:rq_attach_root	48	static
core.c:8187:12:cpu_cgroup_can_attach	32	static
sched.h:32:1:ftrace_define_fields_sched_kthread_stop	32	static
sched.h:379:1:ftrace_define_fields_sched_cpu_hotplug	32	static
sched.h:501:1:ftrace_define_fields_sched_process_exec	32	static
sched.h:586:1:ftrace_define_fields_sched_blocked_reason	32	static
sched.h:689:1:ftrace_define_fields_sched_move_task_template	32	static
sched.h:737:1:ftrace_define_fields_sched_swap_numa	48	static
sched.h:802:1:ftrace_define_fields_sched_select_task_rq	32	static
sched.h:1100:1:ftrace_define_fields_sched_hmp_load	32	static
sched.h:1124:1:ftrace_define_fields_sched_hmp_stats	32	static
sched.h:1241:1:ftrace_define_fields_sched_cfs_runnable_load	32	static
sched.h:1268:1:ftrace_define_fields_sched_runqueue_length	32	static
sched.h:1289:1:ftrace_define_fields_sched_cfs_length	32	static
sched.h:1314:1:ftrace_define_fields_sched_rq_runnable_ratio	32	static
sched.h:1338:1:ftrace_define_fields_sched_rq_runnable_load	32	static
sched.h:78:1:ftrace_define_fields_sched_wakeup_template	32	static
sched.h:250:1:ftrace_define_fields_sched_switch	48	static
sched.h:224:12:is_fair_preempt	48	static
sched.h:250:1:perf_trace_sched_switch	368	static
sched.h:250:1:ftrace_raw_event_sched_switch	96	static
sched.h:321:1:ftrace_define_fields_sched_migrate_task	32	static
sched.h:401:1:ftrace_define_fields_sched_process_template	32	static
sched.h:448:1:ftrace_define_fields_sched_process_wait	32	static
sched.h:473:1:ftrace_define_fields_sched_process_fork	48	static
sched.h:528:1:ftrace_define_fields_sched_stat_template	32	static
sched.h:611:1:ftrace_define_fields_sched_stat_runtime	32	static
sched.h:645:1:ftrace_define_fields_sched_pi_setprio	32	static
sched.h:866:1:ftrace_define_fields_sched_task_entity_avg	48	static
sched.h:905:1:ftrace_define_fields_sched_hmp_migrate	32	static
sched.h:933:1:ftrace_define_fields_sched_task_load_contrib	32	static
sched.h:959:1:ftrace_define_fields_sched_task_runnable_ratio	32	static
sched.h:986:1:ftrace_define_fields_sched_dynamic_threshold	48	static
sched.h:1043:1:ftrace_define_fields_sched_hmp_select_task_rq	48	static
sched.h:1148:1:ftrace_define_fields_sched_cfs_enqueue_task	32	static
sched.h:1178:1:ftrace_define_fields_sched_cfs_dequeue_task	32	static
sched.h:1208:1:ftrace_define_fields_sched_cfs_load_update	32	static
sched.h:1362:1:ftrace_define_fields_sched_task_usage_ratio	32	static
core.c:5642:12:sched_domain_debug_one.constprop	336	static
core.c:6008:1:cpu_attach_domain	112	static
core.c:7692:13:free_sched_group_rcu	32	static
core.c:5543:12:sched_cpu_active	32	static
core.c:5401:13:register_sched_domain_sysctl	192	static
core.c:5933:13:free_sched_domain	48	static
core.c:97:6:start_bandwidth_timer	32	static
core.c:122:6:update_rq_clock	32	static
core.c:915:13:enqueue_task	64	static
core.c:925:13:dequeue_task	64	static
core.c:766:6:sched_avg_update	0	static
core.c:792:5:walk_tg_tree_from	80	static
core.c:7872:12:tg_set_rt_bandwidth	144	static
core.c:8502:12:cpu_rt_period_write_uint	16	static
core.c:8490:12:cpu_rt_runtime_write	16	static
core.c:935:6:activate_task	16	static
core.c:943:6:deactivate_task	16	static
core.c:1089:12:task_curr	0	static
core.c:1729:6:wake_up_if_idle	48	static
core.c:1753:6:cpus_share_cache	0	static
core.c:1911:6:__dl_clear_params	0	static
core.c:2106:15:to_ratio	0	static
core.c:3512:13:__setscheduler_params	48	static
core.c:7799:12:tg_rt_schedulable	96	static
core.c:2123:22:dl_bw_of	0	static
core.c:2426:27:schedule_tail	48	static
core.c:2502:15:nr_running	48	static
core.c:2525:6:single_task_running	0	static
core.c:2531:20:nr_context_switches	48	static
core.c:2542:15:nr_iowait	48	static
core.c:2552:15:nr_iowait_cpu	0	static
core.c:2558:6:get_iowait_load	48	static
core.c:2565:15:get_cpu_load	0	static
core.c:2579:6:sched_exec	64	static
core.c:2614:20:task_sched_runtime	64	static
core.c:2715:23:get_parent_ip	32	static
core.c:2779:6:preempt_count_add	32	static
core.c:2814:6:preempt_count_sub	16	static
core.c:3125:43:preempt_schedule	32	static
core.c:718:6:wake_up_nohz_cpu	48	static
core.c:610:6:resched_curr	32	static
core.c:634:6:resched_cpu	32	static
core.c:1112:6:check_preempt_curr	32	static
core.c:1578:1:ttwu_do_wakeup	48	static
core.c:1603:1:ttwu_do_activate.constprop	32	static
core.c:1638:6:sched_ttwu_pending	48	static
core.c:1138:6:set_task_cpu	336	static
core.c:1176:13:__migrate_swap_task.part.137	48	static
core.c:1203:12:migrate_swap_stop	48	static
core.c:4943:19:move_queued_task	64	static
core.c:5050:12:__migrate_task	96	static
core.c:5137:12:migration_cpu_stop	32	static
core.c:1243:5:migrate_swap	112	static
core.c:1300:15:wait_task_inactive	96	static
core.c:5566:12:sched_cpu_inactive	64	static
core.c:2978:21:__schedule	432	static
core.c:4506:13:__cond_resched	16	static
core.c:3079:35:schedule	16	static
core.c:3112:14:schedule_preempt_disabled	16	static
core.c:1405:6:kick_process	32	static
core.c:2027:5:sched_fork	48	static
core.c:3197:35:preempt_schedule_irq	32	static
core.c:3243:6:rt_mutex_setprio	96	static
core.c:3327:6:set_user_nice	64	static
core.c:3379:5:can_nice	16	static
core.c:3629:12:__sched_setscheduler	144	static
core.c:3397:1:SyS_nice	32	static
core.c:3431:5:task_prio	0	static
core.c:3442:5:idle_cpu	0	static
core.c:1668:6:scheduler_ipi	64	static
core.c:655:5:get_nohz_timer_target	64	static
core.c:2656:6:scheduler_tick	48	static
core.c:3466:21:idle_task	0	static
core.c:3917:5:sched_setscheduler	64	static
core.c:3950:1:do_sched_setscheduler	48	static
core.c:3924:5:sched_setattr	16	static
core.c:3943:5:sched_setscheduler_nocheck	64	static
core.c:1005:6:sched_set_stop_task	80	static
core.c:4050:1:SyS_sched_setscheduler	16	static
core.c:4067:1:SyS_sched_setparam	16	static
core.c:4078:1:SyS_sched_setattr	80	static
core.c:4112:1:SyS_sched_getscheduler	48	static
core.c:4141:1:SyS_sched_getparam	80	static
core.c:4219:1:SyS_sched_getattr	112	static
core.c:4405:6:sched_getaffinity	48	static
core.c:4449:1:SyS_sched_getaffinity	64	static
core.c:4485:1:sys_sched_yield	48	static
core.c:4513:13:_cond_resched	16	static
core.c:4531:5:__cond_resched_lock	32	static
core.c:4551:13:__cond_resched_softirq	16	static
core.c:4587:14:yield	16	static
core.c:4609:13:yield_to	96	static
core.c:4672:14:io_schedule	32	static
core.c:4687:14:io_schedule_timeout	32	static
core.c:4711:1:SyS_sched_get_priority_max	0	static
core.c:4738:1:SyS_sched_get_priority_min	0	static
core.c:4767:1:SyS_sched_rr_get_interval	112	static
core.c:4808:6:sched_show_task	48	static
core.c:4842:6:show_state_filter	64	static
core.c:4877:6:init_idle_bootup_task	0	static
core.c:4965:6:do_set_cpus_allowed	32	static
core.c:1422:12:select_fallback_rq	80	static
core.c:1792:1:try_to_wake_up	112	static
core.c:1896:5:wake_up_process	32	static
core.c:1903:5:wake_up_state	16	static
core.c:3223:5:default_wake_function	16	static
core.c:2228:6:wake_up_new_task	80	static
core.c:5478:1:migration_call	112	static
core.c:5601:19:migration_init	48	static
core.c:4890:6:init_idle	48	static
core.c:4997:5:set_cpus_allowed_ptr	112	static
core.c:4262:6:sched_setaffinity	64	static
core.c:4389:1:SyS_sched_setaffinity	48	static
core.c:5163:6:idle_task_exit	64	static
core.c:6113:5:group_balance_cpu	16	static
core.c:6550:6:set_sched_topology	0	static
core.c:6881:22:build_sched_domain	112	static
core.c:6919:12:build_sched_domains	208	static
core.c:7003:12:arch_update_cpu_topology	0	static
core.c:7008:16:alloc_sched_domains	16	static
core.c:7025:6:free_sched_domains	16	static
core.c:7110:6:partition_sched_domains	144	static
core.c:7183:12:cpuset_cpu_active	16	static
core.c:7218:12:cpuset_cpu_inactive	16	static
core.c:7235:13:sched_init_smp	64	static
core.c:7277:5:in_sched_functions	32	static
core.c:7295:13:sched_init	128	static
core.c:7553:6:normalize_rt_tasks	160	static
core.c:7655:20:sched_create_group	32	static
core.c:8141:1:cpu_cgroup_css_alloc	16	static
core.c:7676:6:sched_online_group	48	static
core.c:8158:12:cpu_cgroup_css_online	16	static
core.c:7699:6:sched_destroy_group	16	static
core.c:8168:13:cpu_cgroup_css_free	16	static
core.c:7705:6:sched_offline_group	48	static
core.c:8175:13:cpu_cgroup_css_offline	16	static
core.c:7725:6:sched_move_task	64	static
core.c:8214:13:cpu_cgroup_exit	16	static
core.c:8182:13:cpu_cgroup_fork	16	static
core.c:8205:13:cpu_cgroup_attach	32	static
core.c:8074:5:sched_rt_handler	160	static
core.c:8114:5:sched_rr_handler	80	static
core.c:8570:6:dump_cpu_task	32	static
