debug.c:77:18:nsec_high	0	static
debug.c:89:22:nsec_low	0	static
debug.c:579:13:sched_debug_stop	0	static
debug.c:448:13:sched_debug_header	80	static
debug.c:552:14:sched_debug_start	32	static
debug.c:573:14:sched_debug_next	16	static
debug.c:590:12:sched_debug_release	16	static
debug.c:597:12:sched_debug_open	16	static
debug.c:613:19:init_sched_debug_procfs	16	static
debug.c:152:14:task_group_path.isra.2	16	static
debug.c:369:13:print_cpu	176	static
debug.c:514:12:sched_debug_show	48	static
debug.c:272:6:print_cfs_rq	112	static
debug.c:345:6:print_rt_rq	64	static
debug.c:531:6:sysrq_sched_debug_show	64	static
debug.c:675:6:proc_sched_show_task	96	static
debug.c:784:6:proc_sched_set_task	16	static
debug.c:799:5:read_trylock_n_irqsave	80	static
debug.c:837:5:raw_spin_trylock_n_irqsave	80	static
debug.c:886:5:spin_trylock_n_irqsave	80	static
debug.c:1011:6:print_cfs_rq_at_AEE	128	static
debug.c:1093:6:print_cfs_stats_at_AEE	32	static
debug.c:1104:6:print_rt_rq_at_AEE	80	static
debug.c:1165:6:print_rt_stats_at_AEE	48	static
debug.c:1315:6:sysrq_sched_debug_show_at_AEE	304	static
