wait.c:64:13:__wake_up_common	80	static
wait.c:290:5:autoremove_wake_function	32	static
wait.c:361:5:wake_bit_function	16	static
wait.c:505:12:wake_atomic_t_function	16	static
wait.c:13:6:__init_waitqueue_head	0	static
wait.c:22:6:add_wait_queue	48	static
wait.c:33:6:add_wait_queue_exclusive	48	static
wait.c:44:6:remove_wait_queue	32	static
wait.c:88:6:__wake_up	64	static
wait.c:102:6:__wake_up_locked	16	static
wait.c:108:6:__wake_up_locked_key	16	static
wait.c:131:6:__wake_up_sync_key	64	static
wait.c:152:6:__wake_up_sync	16	static
wait.c:171:1:prepare_to_wait	64	static
wait.c:185:1:prepare_to_wait_exclusive	64	static
wait.c:198:6:prepare_to_wait_event	48	static
wait.c:231:6:finish_wait	48	static
wait.c:275:6:abort_exclusive_wait	64	static
wait.c:321:6:wait_woken	32	static
wait.c:345:5:woken_wake_function	16	static
wait.c:382:1:__wait_on_bit	80	static
wait.c:420:1:__wait_on_bit_lock	80	static
wait.c:450:6:__wake_up_bit	48	static
wait.c:481:20:bit_waitqueue	0	static
wait.c:397:13:out_of_line_wait_on_bit	112	static
wait.c:407:13:out_of_line_wait_on_bit_timeout	128	static
wait.c:440:13:out_of_line_wait_on_bit_lock	112	static
wait.c:475:6:wake_up_bit	48	static
wait.c:554:13:out_of_line_wait_on_atomic_t	128	static
wait.c:573:6:wake_up_atomic_t	32	static
wait.c:579:13:bit_wait	16	static
wait.c:588:13:bit_wait_io	16	static
wait.c:597:13:bit_wait_timeout	16	static
wait.c:609:13:bit_wait_io_timeout	16	static
