autok.c:803:12:autok_pad_dly_sel	48	static
autok.c:1750:12:autok_param_update	16	static
autok.c:1869:13:autok_paddly_update	48	static
autok.c:640:12:autok_check_scan_res64	96	static
autok.c:335:12:autok_send_tune_cmd	96	static
autok.c:1782:12:autok_result_dump.isra.4	32	static
autok.c:596:12:autok_simple_score64	16	static
autok.c:561:12:autok_simple_score.part.6	0	static
autok.c:1409:12:msdc_autok_adjust_param.isra.1.constprop	48	static
autok.c:1830:13:msdc_autok_adjust_paddly.isra.2	48	static
autok.c:1909:12:autok_write_param	32	static
autok.c:1769:12:autok_param_apply	64	static
autok.c:744:12:autok_ta_sel	80	static
autok.c:1811:6:autok_tuning_parameter_init	16	static
autok.c:1916:5:autok_path_sel	48	static
autok.c:1954:5:autok_init_sdr104	48	static
autok.c:1975:5:autok_init_hs200	48	static
autok.c:1992:5:autok_init_hs400	48	static
autok.c:2012:5:execute_online_tuning_hs400	384	static
autok.c:2228:5:execute_cmd_online_tuning	400	static
autok.c:2317:5:autok_execute_tuning_latch_ck	128	static
autok.c:2388:5:execute_online_tuning_hs200	368	static
autok.c:2520:5:execute_online_tuning	368	static
autok.c:2662:5:execute_online_tuning_stress	384	static
autok.c:2823:5:execute_offline_tuning_hs400	336	static
autok.c:3003:5:execute_offline_tuning	320	static
autok.c:3340:5:autok_offline_tuning_TX	416	static
autok.c:3488:5:autok_execute_tuning	144	static
autok.c:3525:5:hs400_execute_tuning	144	static
autok.c:3565:5:hs400_execute_tuning_cmd	144	static
autok.c:3598:5:hs200_execute_tuning	128	static
autok.c:3635:5:hs200_execute_tuning_cmd	128	static
