percpu.c:241:27:pcpu_page_idx	0	static
percpu.c:246:22:pcpu_chunk_addr	0	static
percpu.c:332:12:pcpu_count_occupied_pages	0	static
percpu.c:2307:19:percpu_enable_async	0	static
percpu.c:1732:19:percpu_alloc_setup	16	static
percpu.c:315:13:pcpu_mem_free	16	static
percpu.c:253:28:pcpu_next_unpop	48	static
percpu.c:2199:22:pcpu_dfl_fc_alloc	16	static
percpu.c:2206:20:pcpu_dfl_fc_free	16	static
percpu.c:1437:13:pcpu_dump_alloc_info	176	static
percpu.c:187:13:pcpu_schedule_balance_work	16	static
percpu.c:399:12:pcpu_need_to_extend	48	static
percpu.c:297:14:pcpu_mem_zalloc	32	static
percpu.c:443:12:pcpu_extend_area_map	80	static
percpu-vm.c:329:27:pcpu_create_chunk	32	static
percpu-vm.c:55:13:pcpu_free_pages.isra.17	80	static
percpu-vm.c:273:12:pcpu_populate_chunk	112	static
percpu.c:214:12:pcpu_size_to_slot	0	static
percpu.c:368:13:pcpu_chunk_relocate	48	static
percpu.c:668:13:pcpu_free_area	80	static
percpu.c:553:12:pcpu_alloc_area	160	static
percpu.c:870:23:pcpu_alloc	160	static
percpu.c:1108:13:pcpu_balance_workfn	208	static
percpu.c:1062:16:__alloc_percpu_gfp	16	static
percpu.c:1075:16:__alloc_percpu	16	static
percpu.c:1097:16:__alloc_reserved_percpu	16	static
percpu.c:1246:6:free_percpu	80	static
percpu.c:1296:6:is_kernel_percpu_address	48	static
percpu.c:1337:13:per_cpu_ptr_to_phys	64	static
percpu.c:1390:33:pcpu_alloc_alloc_info	48	static
percpu.c:1425:13:pcpu_free_alloc_info	16	static
percpu.c:1543:12:pcpu_setup_first_chunk	112	static
percpu.c:1960:12:pcpu_embed_first_chunk	192	static
percpu.c:2211:13:setup_per_cpu_areas	48	static
percpu.c:2278:13:percpu_init_late	96	static
