pagemap.h:27:1:perf_trace_mm_lru_insertion	368	static
pagemap.h:63:1:perf_trace_mm_lru_activate	368	static
pagemap.h:27:1:ftrace_raw_event_mm_lru_insertion	96	static
pagemap.h:63:1:ftrace_raw_event_mm_lru_activate	96	static
pagemap.h:27:1:ftrace_raw_output_mm_lru_insertion	64	static
pagemap.h:63:1:ftrace_raw_output_mm_lru_activate	32	static
swap.c:1030:13:__pagevec_lru_add_fn	64	static
swap.c:446:13:pagevec_move_tail_fn	0	static
pagemap.h:27:1:ftrace_define_fields_mm_lru_insertion	32	static
pagemap.h:63:1:ftrace_define_fields_mm_lru_activate	32	static
swap.c:58:13:__page_cache_release.part.23	48	static
swap.c:81:13:__put_compound_page	32	static
swap.c:753:13:lru_deactivate_fn	80	static
swap.c:501:13:__activate_page	64	static
swap.c:75:13:__put_single_page	32	static
swap.c:232:13:put_compound_page	32	static
swap.c:271:6:put_page	16	static
swap.c:284:6:__get_page_tail	16	static
swap.c:353:6:put_pages_list	32	static
swap.c:378:5:get_kernel_pages	80	static
swap.c:406:5:get_kernel_page	32	static
swap.c:684:6:add_page_to_unevictable_list	48	static
swap.c:867:6:lru_add_drain_all	80	static
swap.c:906:6:release_pages	144	static
swap.c:417:13:pagevec_lru_move_fn	112	static
swap.c:475:6:rotate_reclaimable_page	64	static
swap.c:535:6:activate_page	48	static
swap.c:604:6:mark_page_accessed	32	static
swap.c:836:6:deactivate_page	32	static
swap.c:1049:6:__pagevec_lru_add	16	static
swap.c:628:13:__lru_cache_add	48	static
swap.c:643:6:lru_cache_add_anon	32	static
swap.c:650:6:lru_cache_add_file	32	static
swap.c:667:6:lru_cache_add	16	static
swap.c:708:6:lru_cache_add_active_or_unevictable	32	static
swap.c:804:6:lru_add_drain_cpu	64	static
swap.c:854:6:lru_add_drain	16	static
swap.c:860:13:lru_add_drain_per_cpu	16	static
swap.c:981:6:__pagevec_release	32	static
swap.c:1075:10:pagevec_lookup_entries	32	static
swap.c:1094:6:pagevec_remove_exceptionals	0	static
swap.c:1122:10:pagevec_lookup	32	static
swap.c:1130:10:pagevec_lookup_tag	32	static
swap.c:1142:13:swap_setup	32	static
