swapfile.c:384:13:inc_cluster_info_page	0	static
swapfile.c:2141:17:swaps_poll	32	static
swapfile.c:2179:14:swap_next	0	static
swapfile.c:2267:19:max_swapfiles_check	0	static
swapfile.c:1916:13:_enable_swap_info	48	static
swapfile.c:2156:14:swap_start	32	static
swapfile.c:2201:13:swap_stop	16	static
swapfile.c:1793:13:destroy_swap_extents	32	static
swapfile.c:2236:12:swaps_open	32	static
swapfile.c:2206:12:swap_show	48	static
swapfile.c:2258:19:procswaps_init	16	static
swapfile.c:3038:13:swap_count_continued.isra.38	112	static
swapfile.c:885:22:swap_entry_free	64	static
swapfile.c:2780:12:__swap_duplicate	80	static
swapfile.c:328:13:swap_do_scheduled_discard	112	static
swapfile.c:477:13:scan_swap_map_try_ssd_cluster	64	static
swapfile.c:369:13:swap_discard_work	32	static
swapfile.c:2529:1:SyS_swapon	208	static
swapfile.c:843:26:swap_info_get	32	static
swapfile.c:880:6:swap_info_unlock	16	static
swapfile.c:958:6:swap_free	48	static
swapfile.c:1422:12:unuse_mm	176	static
swapfile.c:972:6:swapcache_free	48	static
swapfile.c:989:5:page_swapcount	32	static
swapfile.c:1008:5:swp_swapcount	96	static
swapfile.c:1052:5:reuse_swap_page	32	static
swapfile.c:1074:5:try_to_free_swap	32	static
swapfile.c:527:22:scan_swap_map	112	static
swapfile.c:680:13:get_swap_page	112	static
swapfile.c:763:13:get_swap_page_of_type	48	static
swapfile.c:788:6:get_swap_range_of_type	96	static
swapfile.c:1112:5:free_swap_and_cache	48	static
swapfile.c:1501:5:try_to_unuse	224	static
swapfile.c:1750:10:map_swap_entry	16	static
swapfile.c:1782:10:map_swap_page	16	static
swapfile.c:1820:1:add_swap_extent	48	static
swapfile.c:1975:1:SyS_swapoff	112	static
swapfile.c:2751:6:si_swapinfo	48	static
swapfile.c:2855:6:swap_shmem_alloc	16	static
swapfile.c:2884:5:swapcache_prepare	16	static
swapfile.c:2889:26:page_swap_info	16	static
swapfile.c:2900:23:__page_file_mapping	16	static
swapfile.c:2907:9:__page_file_index	0	static
swapfile.c:2916:26:get_swap_info_struct	0	static
swapfile.c:2937:5:add_swap_count_continuation	96	static
swapfile.c:2867:5:swap_duplicate	32	static
