vmscan.c:162:22:zone_reclaimable_pages	0	static
vmscan.c:1501:12:current_may_throttle	16	static
vmscan.h:39:1:ftrace_define_fields_mm_vmscan_kswapd_sleep	16	static
vmscan.h:144:1:ftrace_define_fields_mm_vmscan_direct_reclaim_end_template	16	static
vmscan.h:39:1:perf_trace_mm_vmscan_kswapd_sleep	368	static
vmscan.h:56:1:perf_trace_mm_vmscan_kswapd_wake	368	static
vmscan.h:75:1:perf_trace_mm_vmscan_wakeup_kswapd	384	static
vmscan.h:99:1:perf_trace_mm_vmscan_direct_reclaim_begin_template	384	static
vmscan.h:144:1:perf_trace_mm_vmscan_direct_reclaim_end_template	368	static
vmscan.h:182:1:perf_trace_mm_shrink_slab_start	416	static
vmscan.h:230:1:perf_trace_mm_shrink_slab_end	400	static
vmscan.h:267:1:perf_trace_mm_vmscan_lru_isolate_template	400	static
vmscan.h:331:1:perf_trace_mm_vmscan_writepage	368	static
vmscan.h:354:1:perf_trace_mm_vmscan_lru_shrink_inactive	400	static
vmscan.h:39:1:ftrace_raw_event_mm_vmscan_kswapd_sleep	96	static
vmscan.h:56:1:ftrace_raw_event_mm_vmscan_kswapd_wake	96	static
vmscan.h:75:1:ftrace_raw_event_mm_vmscan_wakeup_kswapd	112	static
vmscan.h:99:1:ftrace_raw_event_mm_vmscan_direct_reclaim_begin_template	112	static
vmscan.h:144:1:ftrace_raw_event_mm_vmscan_direct_reclaim_end_template	96	static
vmscan.h:182:1:ftrace_raw_event_mm_shrink_slab_start	144	static
vmscan.h:230:1:ftrace_raw_event_mm_shrink_slab_end	128	static
vmscan.h:267:1:ftrace_raw_event_mm_vmscan_lru_isolate_template	128	static
vmscan.h:331:1:ftrace_raw_event_mm_vmscan_writepage	96	static
vmscan.h:354:1:ftrace_raw_event_mm_vmscan_lru_shrink_inactive	128	static
vmscan.h:39:1:ftrace_raw_output_mm_vmscan_kswapd_sleep	32	static
vmscan.h:56:1:ftrace_raw_output_mm_vmscan_kswapd_wake	32	static
vmscan.h:75:1:ftrace_raw_output_mm_vmscan_wakeup_kswapd	32	static
vmscan.h:144:1:ftrace_raw_output_mm_vmscan_direct_reclaim_end_template	32	static
vmscan.h:230:1:ftrace_raw_output_mm_shrink_slab_end	48	static
vmscan.h:267:1:ftrace_raw_output_mm_vmscan_lru_isolate_template	32	static
vmscan.h:99:1:ftrace_raw_output_mm_vmscan_direct_reclaim_begin_template	48	static
vmscan.h:182:1:ftrace_raw_output_mm_shrink_slab_start	96	static
vmscan.h:331:1:ftrace_raw_output_mm_vmscan_writepage	48	static
vmscan.h:354:1:ftrace_raw_output_mm_vmscan_lru_shrink_inactive	80	static
vmscan.c:254:19:add_shrinker_debug	16	static
vmscan.c:213:12:debug_shrinker_open	16	static
vmscan.c:192:12:debug_shrinker_show	96	static
vmscan.c:278:1:shrink_slab_node	144	static
vmscan.c:583:12:__remove_mapping	64	static
vmscan.c:1675:13:move_active_pages_to_lru	96	static
vmscan.c:2834:13:pfmemalloc_watermark_ok	16	static
vmscan.c:2876:13:throttle_direct_reclaim	112	static
vmscan.h:56:1:ftrace_define_fields_mm_vmscan_kswapd_wake	32	static
vmscan.h:75:1:ftrace_define_fields_mm_vmscan_wakeup_kswapd	32	static
vmscan.h:99:1:ftrace_define_fields_mm_vmscan_direct_reclaim_begin_template	32	static
vmscan.h:182:1:ftrace_define_fields_mm_shrink_slab_start	32	static
vmscan.h:230:1:ftrace_define_fields_mm_shrink_slab_end	48	static
vmscan.h:267:1:ftrace_define_fields_mm_vmscan_lru_isolate_template	48	static
vmscan.h:331:1:ftrace_define_fields_mm_vmscan_writepage	32	static
vmscan.h:354:1:ftrace_define_fields_mm_vmscan_lru_shrink_inactive	48	static
vmscan.c:3092:13:zone_balanced	32	static
vmscan.c:3766:12:cpu_callback	32	static
vmscan.c:176:6:zone_reclaimable	32	static
vmscan.c:3143:13:pgdat_balanced	96	static
vmscan.c:228:5:register_shrinker	32	static
vmscan.c:266:6:unregister_shrinker	32	static
vmscan.c:407:15:shrink_slab	80	static
vmscan.c:667:5:remove_mapping	32	static
vmscan.c:1228:5:__isolate_lru_page	48	static
vmscan.c:1312:22:isolate_lru_pages.isra.59	112	static
vmscan.c:1379:5:isolate_lru_page	64	static
vmscan.c:3689:6:wakeup_kswapd	64	static
vmscan.c:3790:5:kswapd_run	48	static
vmscan.c:3823:19:kswapd_init	16	static
vmscan.c:3813:6:kswapd_stop	32	static
vmscan.c:4058:5:page_evictable	32	static
vmscan.c:690:6:putback_lru_page	32	static
vmscan.c:847:22:shrink_page_list	304	static
vmscan.c:1190:15:reclaim_clean_pages_from_list	208	static
vmscan.c:1441:1:putback_inactive_pages	112	static
vmscan.c:1513:1:shrink_inactive_list	192	static
vmscan.c:1716:13:shrink_active_list	208	static
vmscan.c:2327:13:shrink_lruvec.isra.62	240	static
vmscan.c:2522:13:shrink_zone	80	static
vmscan.c:2766:22:do_try_to_free_pages	192	static
vmscan.c:2960:15:try_to_free_pages	144	static
vmscan.c:3725:15:shrink_memory_mask	96	static
vmscan.c:3756:15:shrink_all_memory	16	static
vmscan.c:3331:22:balance_pgdat	240	static
vmscan.c:3590:12:kswapd	176	static
vmscan.c:4073:6:check_move_unevictable_pages	112	static
