vmstat.c:429:12:fold_diff	0	static
vmstat.c:607:13:fill_contig_page_info	0	static
vmstat.c:708:13:frag_stop	0	static
vmstat.c:1219:14:vmstat_next	0	static
vmstat.c:1167:12:zoneinfo_open	16	static
vmstat.c:1249:12:vmstat_open	16	static
vmstat.c:1074:12:pagetypeinfo_open	16	static
vmstat.c:1055:12:fragmentation_open	16	static
vmstat.c:1569:12:extfrag_open	16	static
vmstat.c:1517:12:unusable_open	16	static
vmstat.c:1227:12:vmstat_show	16	static
vmstat.c:1086:13:zoneinfo_show_print	96	static
vmstat.c:936:13:pagetypeinfo_showfree_print	96	static
vmstat.c:915:13:frag_show_print	48	static
vmstat.c:1529:13:extfrag_show_print	96	static
vmstat.c:1469:13:unusable_show_print	96	static
vmstat.c:713:13:walk_zones_in_node	80	static
vmstat.c:1152:12:zoneinfo_show	16	static
vmstat.c:929:12:frag_show	16	static
vmstat.c:1553:12:extfrag_show	16	static
vmstat.c:1497:12:unusable_show	16	static
vmstat.c:700:14:frag_next	16	static
vmstat.c:688:14:frag_start	32	static
vmstat.c:1236:13:vmstat_stop	32	static
vmstat.c:978:13:pagetypeinfo_showblockcount_print	112	static
vmstat.c:1333:13:vmstat_shepherd	112	static
vmstat.c:458:12:refresh_cpu_vm_stats	176	static
vmstat.c:1424:19:setup_vmstat	80	static
vmstat.c:1581:19:extfrag_debug_init	32	static
vmstat.c:1031:12:pagetypeinfo_show	64	static
vmstat.c:1267:13:vmstat_update	48	static
vmstat.c:52:6:all_vm_events	48	static
vmstat.c:1185:14:vmstat_start	48	static
vmstat.c:66:6:vm_events_fold_cpu	0	static
vmstat.c:89:5:calculate_pressure_threshold	32	static
vmstat.c:113:5:calculate_normal_threshold	32	static
vmstat.c:163:6:refresh_zone_stat_thresholds	64	static
vmstat.c:1387:12:vmstat_cpuup_callback	32	static
vmstat.c:191:6:set_pgdat_percpu_threshold	96	static
vmstat.c:216:6:__mod_zone_page_state	80	static
vmstat.c:259:6:__inc_zone_state	64	static
vmstat.c:275:6:__inc_zone_page_state	16	static
vmstat.c:281:6:__dec_zone_state	64	static
vmstat.c:297:6:__dec_zone_page_state	16	static
vmstat.c:381:6:mod_zone_page_state	32	static
vmstat.c:392:6:inc_zone_state	32	static
vmstat.c:401:6:inc_zone_page_state	32	static
vmstat.c:413:6:dec_zone_page_state	32	static
vmstat.c:521:6:cpu_vm_stats_fold	192	static
vmstat.c:550:6:drain_zonestat	0	static
vmstat.c:662:5:fragmentation_index	64	static
