irq-mt-gic.c:170:13:gic_eoi_irq	0	static
irq-mt-gic.c:283:12:gic_retrigger	0	static
irq-mt-gic.c:382:12:gic_set_wake	0	static
irq-mt-gic.c:799:12:gic_irq_domain_xlate	0	static
irq-mt-gic.c:1355:21:get_pol	0	static
irq-mt-gic.c:1364:21:get_sens	0	static
irq-mt-gic.c:1373:20:gic_test_isr	0	static
irq-mt-gic.c:161:13:gic_unmask_irq	48	static
irq-mt-gic.c:152:13:gic_mask_irq	48	static
irq-mt-gic.c:418:13:gic_handle_cascade_irq	64	static
irq-mt-gic.c:765:6:mt_gic_raise_softirq	64	static
irq-mt-gic.c:327:12:gic_set_affinity	80	static
irq-mt-gic.c:785:12:gic_irq_domain_map	48	static
irq-mt-gic.c:393:46:gic_handle_irq	48	static
irq-mt-gic.c:1336:12:gic_debug_drv_init	32	static
irq-mt-gic.c:535:23:gic_cpu_init	48	static
irq-mt-gic.c:832:22:gic_secondary_init	16	static
irq-mt-gic.c:712:12:gic_notifier	0	static
mt_secure_api.h:45:21:mt_secure_call.constprop	0	static
irq-mt-gic.c:181:13:mt_set_pol_reg	16	static
irq-mt-gic.c:190:6:mt_irq_set_polarity	16	static
irq-mt-gic.c:226:12:gic_set_type	96	static
irq-mt-gic.c:290:6:gic_set_primask	0	static
irq-mt-gic.c:299:6:gic_clear_primask	0	static
irq-mt-gic.c:307:6:mt_set_irq_priority	0	static
irq-mt-gic.c:318:14:mt_get_irq_priority	0	static
irq-mt-gic.c:458:13:mt_gic_cascade_irq	32	static
irq-mt-gic.c:820:6:mt_gic_register_sgi	32	static
irq-mt-gic.c:855:13:mt_gic_init_bases	80	static
irq-mt-gic.c:1474:12:mt_gic_of_init	144	static
irq-mt-gic.c:959:5:mt_irq_mask_all	48	static
irq-mt-gic.c:1016:5:mt_irq_mask_restore	48	static
irq-mt-gic.c:1062:6:mt_irq_set_pending_for_sleep	16	static
irq-mt-gic.c:1080:5:mt_irq_get_pending	0	static
irq-mt-gic.c:1090:6:mt_irq_set_pending	0	static
irq-mt-gic.c:1104:6:mt_irq_unmask_for_sleep	16	static
irq-mt-gic.c:1125:6:mt_irq_mask_for_sleep	16	static
irq-mt-gic.c:1146:6:mt_irq_set_sens	48	static
irq-mt-gic.c:1257:6:mt_is_secure_irq	0	static
irq-mt-gic.c:1263:6:mt_get_irq_gic_targets	64	static
irq-mt-gic.c:1382:5:mt_gic_test	48	static
irq-mt-gic.c:1458:5:mt_get_supported_irq_num	32	static
irq-mt-gic.c:1174:7:mt_irq_dump_status_buf	192	static
irq-mt-gic.c:1238:6:mt_irq_dump_status	32	static
irq-mt-gic.c:1321:16:dump_irq_store	32	static
irq-mt-gic.c:1312:16:dump_irq_show	32	static
