sec_osal.c:66:6:osal_kfree	16	static
sec_osal.c:73:7:osal_kmalloc	16	static
sec_osal.c:80:15:osal_copy_from_user	32	static
sec_osal.c:86:15:osal_copy_to_user	16	static
sec_osal.c:92:5:osal_hacc_lock	16	static
sec_osal.c:98:6:osal_hacc_unlock	16	static
sec_osal.c:104:5:osal_verify_lock	16	static
sec_osal.c:110:6:osal_verify_unlock	16	static
sec_osal.c:116:5:osal_secro_lock	16	static
sec_osal.c:122:6:osal_secro_unlock	16	static
sec_osal.c:128:5:osal_secro_v5_lock	16	static
sec_osal.c:134:6:osal_secro_v5_unlock	16	static
sec_osal.c:140:5:osal_mtd_lock	16	static
sec_osal.c:146:6:osal_mtd_unlock	16	static
sec_osal.c:152:5:osal_rid_lock	16	static
sec_osal.c:158:6:osal_rid_unlock	16	static
sec_osal.c:164:6:osal_msleep	16	static
sec_osal.c:170:6:osal_assert	16	static
sec_osal.c:176:5:osal_set_kernel_fs	16	static
sec_osal.c:187:6:osal_restore_fs	16	static
sec_osal.c:194:5:osal_filp_open_read_only	48	static
sec_osal.c:226:7:osal_get_filp_struct	32	static
sec_osal.c:245:5:osal_filp_close	48	static
sec_osal.c:266:8:osal_filp_seek_set	48	static
sec_osal.c:285:8:osal_filp_seek_end	48	static
sec_osal.c:304:8:osal_filp_pos	32	static
sec_osal.c:323:6:osal_filp_read	48	static
sec_osal.c:344:6:osal_is_err	32	static
