jpeg_drv_enc.c:44:5:jpeg_isr_enc_lisr	32	static
jpeg_drv_enc.c:126:6:jpeg_drv_enc_dump_reg	48	static
jpeg_drv_enc.c:140:6:jpeg_drv_enc_start	32	static
jpeg_drv_enc.c:152:6:jpeg_drv_enc_verify_state_and_reset	32	static
jpeg_drv_enc.c:178:6:jpeg_drv_enc_reset	32	static
jpeg_drv_enc.c:189:12:jpeg_drv_enc_warm_reset	32	static
jpeg_drv_enc.c:215:12:jpeg_drv_enc_set_encFormat	48	static
jpeg_drv_enc.c:244:12:jpeg_drv_enc_set_quality	32	static
jpeg_drv_enc.c:259:12:jpeg_drv_enc_set_img_size	32	static
jpeg_drv_enc.c:275:12:jpeg_drv_enc_set_blk_num	32	static
jpeg_drv_enc.c:71:12:jpeg_drv_enc_set_src_image	48	static
jpeg_drv_enc.c:286:12:jpeg_drv_enc_set_luma_addr	32	static
jpeg_drv_enc.c:297:12:jpeg_drv_enc_set_chroma_addr	32	static
jpeg_drv_enc.c:308:12:jpeg_drv_enc_set_memory_stride	48	static
jpeg_drv_enc.c:322:12:jpeg_drv_enc_set_image_stride	48	static
jpeg_drv_enc.c:87:12:jpeg_drv_enc_set_src_buf	64	static
jpeg_drv_enc.c:336:6:jpeg_drv_enc_set_restart_interval	32	static
jpeg_drv_enc.c:352:12:jpeg_drv_enc_set_offset_addr	32	static
jpeg_drv_enc.c:364:12:jpeg_drv_enc_set_dst_buff	48	static
jpeg_drv_enc.c:391:6:jpeg_drv_enc_set_EncodeMode	32	static
jpeg_drv_enc.c:113:12:jpeg_drv_enc_ctrl_cfg	48	static
jpeg_drv_enc.c:407:6:jpeg_drv_enc_set_gmc_disable_bit	32	static
jpeg_drv_enc.c:417:6:jpeg_drv_enc_set_burst_type	32	static
jpeg_drv_enc.c:428:12:jpeg_drv_enc_get_cycle_count	16	static
jpeg_drv_enc.c:434:12:jpeg_drv_enc_get_file_size	32	static
jpeg_drv_enc.c:453:12:jpeg_drv_enc_get_result	32	static
