dir.c:185:21:kernfs_name_hash	48	static
dir.c:47:28:kernfs_path_locked	64	static
dir.c:434:12:kernfs_dop_revalidate	48	static
dir.c:501:28:__kernfs_new_node	80	static
dir.c:894:28:kernfs_leftmost_descendant	32	static
dir.c:925:28:kernfs_next_descendant_post	32	static
dir.c:1403:15:kernfs_dir_fop_llseek	48	static
dir.c:230:12:kernfs_link_sibling	32	static
dir.c:629:28:kernfs_find_ns	64	static
dir.c:83:5:kernfs_name	64	static
dir.c:105:7:kernfs_path	64	static
dir.c:123:6:pr_cont_kernfs_name	48	static
dir.c:141:6:pr_cont_kernfs_path	48	static
dir.c:295:21:kernfs_get_active	0	static
dir.c:315:6:kernfs_put_active	16	static
dir.c:853:12:kernfs_iop_rename	48	static
dir.c:835:12:kernfs_iop_rmdir	32	static
dir.c:816:12:kernfs_iop_mkdir	48	static
dir.c:374:6:kernfs_get	32	static
dir.c:165:21:kernfs_get_parent	48	static
dir.c:777:23:kernfs_iop_lookup	64	static
dir.c:389:6:kernfs_put	96	static
dir.c:473:13:kernfs_dop_release	16	static
dir.c:983:13:__kernfs_remove	128	static
dir.c:1310:12:kernfs_dir_fop_release	16	static
dir.c:1316:28:kernfs_dir_pos	64	static
dir.c:1366:12:kernfs_fop_readdir	112	static
dir.c:494:21:kernfs_node_from_dentry	0	static
dir.c:541:21:kernfs_new_node	32	static
dir.c:672:21:kernfs_find_and_get_ns	48	static
dir.c:962:6:kernfs_activate	64	static
dir.c:567:5:kernfs_add_one	48	static
dir.c:752:21:kernfs_create_dir_ns	64	static
dir.c:695:21:kernfs_create_root	64	static
dir.c:1055:6:kernfs_remove	32	static
dir.c:737:6:kernfs_destroy_root	16	static
dir.c:1076:6:kernfs_break_active_protection	16	static
dir.c:1100:6:kernfs_unbreak_active_protection	0	static
dir.c:1142:6:kernfs_remove_self	112	static
dir.c:1202:5:kernfs_remove_by_name_ns	48	static
dir.c:1234:5:kernfs_rename_ns	80	static
