nf_conntrack_expect.c:518:13:exp_seq_stop	16	static
nf_conntrack_expect.c:75:21:nf_ct_expect_dst_hash	48	static
nf_conntrack_expect.c:322:13:nf_ct_expect_free_rcu	16	static
nf_conntrack_expect.c:575:12:exp_open	16	static
nf_conntrack_expect.c:524:12:exp_seq_show	64	static
nf_conntrack_expect.c:505:14:exp_seq_start	32	static
nf_conntrack_expect.c:512:14:exp_seq_next	0	static
nf_conntrack_expect.c:91:1:__nf_ct_expect_find	48	static
nf_conntrack_expect.c:112:1:nf_ct_expect_find_get	48	static
nf_conntrack_expect.c:250:29:nf_ct_expect_alloc	32	static
nf_conntrack_expect.c:264:6:nf_ct_expect_init	80	static
nf_conntrack_expect.c:330:6:nf_ct_expect_put	16	static
nf_conntrack_expect.c:43:6:nf_ct_unlink_expect_report	64	static
nf_conntrack_expect.c:130:1:nf_ct_find_expectation	48	static
nf_conntrack_expect.c:185:6:nf_ct_remove_expectations	48	static
nf_conntrack_expect.c:236:6:nf_ct_unexpect_related	32	static
nf_conntrack_expect.c:65:13:nf_ct_expectation_timed_out	32	static
nf_conntrack_expect.c:438:5:nf_ct_expect_related_report	160	static
nf_conntrack_expect.c:612:5:nf_conntrack_expect_pernet_init	32	static
nf_conntrack_expect.c:632:6:nf_conntrack_expect_pernet_fini	32	static
nf_conntrack_expect.c:638:5:nf_conntrack_expect_init	32	static
nf_conntrack_expect.c:654:6:nf_conntrack_expect_fini	16	static
