mt_emi_bm.c:24:6:BM_Init	32	static
mt_emi_bm.c:99:6:BM_DeInit	0	static
mt_emi_bm.c:158:6:BM_Enable	0	static
mt_emi_bm.c:175:6:BM_Pause	0	static
mt_emi_bm.c:182:6:BM_Continue	0	static
mt_emi_bm.c:189:14:BM_IsOverrun	0	static
mt_emi_bm.c:201:6:BM_SetReadWriteType	0	static
mt_emi_bm.c:214:5:BM_GetBusCycCount	16	static
mt_emi_bm.c:219:14:BM_GetTransAllCount	0	static
mt_emi_bm.c:224:5:BM_GetTransCount	0	static
mt_emi_bm.c:248:11:BM_GetWordAllCount	32	static
mt_emi_bm.c:260:5:BM_GetWordCount	0	static
mt_emi_bm.c:288:14:BM_GetBandwidthWordCount	0	static
mt_emi_bm.c:293:14:BM_GetOverheadWordCount	0	static
mt_emi_bm.c:298:5:BM_GetTransTypeCount	0	static
mt_emi_bm.c:304:5:BM_SetMonitorCounter	0	static
mt_emi_bm.c:336:5:BM_SetMaster	0	static
mt_emi_bm.c:366:5:BM_SetIDSelect	0	static
mt_emi_bm.c:397:5:BM_SetUltraHighFilter	0	static
mt_emi_bm.c:415:5:BM_SetLatencyCounter	0	static
mt_emi_bm.c:428:5:BM_GetLatencyCycle	0	static
mt_emi_bm.c:501:5:BM_GetEmiDcm	0	static
mt_emi_bm.c:507:5:BM_SetEmiDcm	0	static
mt_emi_bm.c:517:14:DRAMC_GetPageHitCount	32	static
mt_emi_bm.c:550:14:DRAMC_GetPageMissCount	32	static
mt_emi_bm.c:583:14:DRAMC_GetInterbankCount	32	static
mt_emi_bm.c:616:14:DRAMC_GetIdleCount	16	static
mt_emi_bm.c:623:14:BM_GetBWST	0	static
mt_emi_bm.c:628:14:BM_GetBWST1	0	static
mt_emi_bm.c:633:5:BM_SetBW	0	static
mt_emi_bm.c:645:5:BM_SetBW1	0	static
mt_emi_bm.c:657:14:BM_GetBW	0	static
mt_emi_bm.c:662:14:BM_GetBW1	0	static
mt_emi_bm.c:668:7:mt_emi_base_get	0	static
