mtk_cooler_fps.c:246:12:adp_fps_get_cur_state	16	static
mtk_cooler_fps.c:221:12:mtk_cl_fps_get_cur_state	16	static
mtk_cooler_fps.c:633:13:mtk_cooler_fps_unregister_ltf	48	static
mtk_cooler_fps.c:915:20:mtk_cooler_fps_exit	16	static
mtk_cooler_fps.c:538:12:clfps_level_open	16	static
mtk_cooler_fps.c:587:12:clfps_adp_open	16	static
mtk_cooler_fps.c:744:12:mtk_cl_fps_proc_open	16	static
mtk_cooler_fps.c:552:12:clfps_adp_read	16	static
mtk_cooler_fps.c:656:12:mtk_cl_fps_proc_read	48	static
mtk_cooler_fps.c:473:12:clfps_level_read	64	static
mtk_cooler_fps.c:684:16:mtk_cl_fps_proc_write	208	static
mtk_cooler_fps.c:559:16:clfps_adp_write	64	static
mtk_cooler_fps.c:790:12:fps_tm_count_open	32	static
mtk_cooler_fps.c:759:16:fps_tm_count_write	64	static
mtk_cooler_fps.c:239:12:adp_fps_get_max_state	16	static
mtk_cooler_fps.c:214:12:mtk_cl_fps_get_max_state	16	static
mtk_cooler_fps.c:780:12:fps_tm_count_read	32	static
mtk_cooler_fps.c:838:19:mtk_cooler_fps_init	112	static
mtk_cooler_fps.c:172:13:mtk_cl_fps_set_fps_limit	32	static
mtk_cooler_fps.c:228:12:mtk_cl_fps_set_cur_state	32	static
mtk_cooler_fps.c:485:16:clfps_level_write	80	static
mtk_cooler_fps.c:133:1:ged_query_info	16	static
mtk_cooler_fps.c:411:12:adp_fps_set_cur_state	160	static
