spi.c:294:13:spi_drv_shutdown	16	static
spi.c:394:12:spi_dev_check	0	static
spi.c:1760:12:__spi_master_match	0	static
spi.c:1877:12:__spi_validate	0	static
spi.h:10:1:ftrace_define_fields_spi_master	16	static
spi.h:10:1:perf_trace_spi_master	368	static
spi.h:44:1:perf_trace_spi_message	368	static
spi.h:83:1:perf_trace_spi_message_done	368	static
spi.h:111:1:perf_trace_spi_transfer	368	static
spi.h:10:1:ftrace_raw_event_spi_master	96	static
spi.h:44:1:ftrace_raw_event_spi_message	96	static
spi.h:83:1:ftrace_raw_event_spi_message_done	96	static
spi.h:111:1:ftrace_raw_event_spi_transfer	96	static
spi.h:10:1:ftrace_raw_output_spi_master	32	static
spi.h:44:1:ftrace_raw_output_spi_message	32	static
spi.h:83:1:ftrace_raw_output_spi_message_done	32	static
spi.h:111:1:ftrace_raw_output_spi_transfer	32	static
spi.c:128:12:spi_uevent	16	static
spi.c:109:12:spi_match_device	48	static
spi.c:67:1:modalias_show	16	static
spi.c:283:12:spi_drv_remove	32	static
spi.c:264:12:spi_drv_probe	48	static
spi.c:1467:13:spi_master_release	16	static
spi.c:54:13:spidev_release	32	static
spi.c:2112:13:spi_complete	16	static
spi.c:1190:12:spi_queued_transfer	64	static
spi.c:1107:12:spi_start_queue	32	static
spi.c:1991:12:__spi_async	48	static
spi.c:586:13:spi_set_cs	32	static
spi.c:1127:12:spi_stop_queue	48	static
spi.c:1695:12:__unregister	16	static
spi.c:2333:19:spi_init	48	static
spi.h:44:1:ftrace_define_fields_spi_message	32	static
spi.h:83:1:ftrace_define_fields_spi_message_done	32	static
spi.h:111:1:ftrace_define_fields_spi_transfer	32	static
spi.c:157:12:spi_legacy_resume	32	static
spi.c:222:12:spi_pm_restore	16	static
spi.c:202:12:spi_pm_thaw	16	static
spi.c:182:12:spi_pm_resume	16	static
spi.c:142:12:spi_legacy_suspend	32	static
spi.c:212:12:spi_pm_poweroff	16	static
spi.c:192:12:spi_pm_freeze	16	static
spi.c:172:12:spi_pm_suspend	16	static
spi.c:648:13:spi_unmap_buf.isra.35	32	static
spi.c:598:12:spi_map_buf.isra.37	128	static
spi.c:101:29:spi_get_device_id	32	static
spi.c:306:5:spi_register_driver	16	static
spi.c:358:20:spi_alloc_device	32	static
spi.c:890:6:spi_finalize_current_transfer	16	static
spi.c:1051:21:spi_get_next_queued_message	32	static
spi.c:1073:6:spi_finalize_current_message	64	static
spi.c:804:12:spi_transfer_one_message	96	static
spi.c:905:13:spi_pump_messages	80	static
spi.c:1502:20:spi_alloc_master	32	static
spi.c:1711:6:spi_unregister_master	32	static
spi.c:1660:13:devm_spi_unregister	16	static
spi.c:1729:5:spi_master_suspend	48	static
spi.c:1745:5:spi_master_resume	48	static
spi.c:1779:20:spi_busnum_to_master	32	static
spi.c:1818:5:spi_setup	80	static
spi.c:414:5:spi_add_device	64	static
spi.c:487:20:spi_new_device	32	static
spi.c:558:5:spi_register_board_info	96	static
spi.c:1585:5:spi_register_master	112	static
spi.c:1674:5:devm_spi_register_master	64	static
spi.c:2031:5:spi_async	64	static
spi.c:2083:5:spi_async_locked	48	static
spi.c:2171:5:spi_sync	80	static
spi.c:2193:5:spi_sync_locked	64	static
spi.c:2214:5:spi_bus_lock	32	static
spi.c:2243:5:spi_bus_unlock	16	static
spi.c:2277:5:spi_write_then_read	368	static
