ged_log.c:323:14:ged_log_buf_seq_start	0	static
ged_log.c:334:13:ged_log_buf_seq_stop	0	static
ged_log.c:339:14:ged_log_buf_seq_next	0	static
ged_log.c:914:14:ged_log_seq_next	0	static
ged_log.c:346:12:ged_log_buf_seq_show_print	128	static
ged_log.c:386:12:ged_log_buf_seq_show	48	static
ged_log.c:885:14:ged_log_seq_start	48	static
ged_log.c:909:13:ged_log_seq_stop	16	static
ged_log.c:119:21:ged_log_buf_from_handle	16	static
ged_log.c:552:11:ged_log_buf_resize	96	static
ged_log.c:124:18:__ged_log_buf_vprint	144	static
ged_log.c:254:18:__ged_log_buf_print	128	static
ged_log.c:266:12:__ged_log_buf_write	304	static
ged_log.c:318:16:ged_log_buf_write_entry	16	static
ged_log.c:652:20:ged_log_buf_get	64	static
ged_log.c:685:5:ged_log_buf_get_early	64	static
ged_log.c:745:6:ged_log_buf_free	32	static
ged_log.c:441:20:ged_log_buf_alloc	80	static
ged_log.c:768:11:ged_log_buf_print	144	static
ged_log.c:785:11:ged_log_buf_print2	160	static
ged_log.c:806:11:ged_log_buf_reset	32	static
ged_log.c:607:11:ged_log_buf_ignore_lines	48	static
ged_log.c:832:16:ged_log_write_entry	128	static
ged_log.c:995:6:ged_log_system_exit	32	static
ged_log.c:946:11:ged_log_system_init	48	static
ged_log.c:1002:5:ged_log_buf_write	32	static
ged_log.c:1014:6:ged_log_trace_begin	32	static
ged_log.c:1026:6:ged_log_trace_end	32	static
ged_log.c:1038:6:ged_log_trace_counter	32	static
