ged_hal.c:88:14:ged_total_gpu_freq_level_count_seq_start	0	static
ged_hal.c:98:13:ged_total_gpu_freq_level_count_seq_stop	0	static
ged_hal.c:103:14:ged_total_gpu_freq_level_count_seq_next	0	static
ged_hal.c:158:14:ged_custom_boost_gpu_freq_seq_start	0	static
ged_hal.c:168:13:ged_custom_boost_gpu_freq_seq_stop	0	static
ged_hal.c:173:14:ged_custom_boost_gpu_freq_seq_next	0	static
ged_hal.c:228:14:ged_custom_upbound_gpu_freq_seq_start	0	static
ged_hal.c:238:13:ged_custom_upbound_gpu_freq_seq_stop	0	static
ged_hal.c:243:14:ged_custom_upbound_gpu_freq_seq_next	0	static
ged_hal.c:405:14:ged_vsync_offset_enable_seq_start	0	static
ged_hal.c:415:13:ged_vsync_offset_enable_seq_stop	0	static
ged_hal.c:420:14:ged_vsync_offset_enable_seq_next	0	static
ged_hal.c:522:14:ged_vsync_offset_level_seq_start	0	static
ged_hal.c:532:13:ged_vsync_offset_level_seq_stop	0	static
ged_hal.c:537:14:ged_vsync_offset_level_seq_next	0	static
ged_hal.c:588:14:ged_dvfs_tuning_mode_seq_start	0	static
ged_hal.c:598:13:ged_dvfs_tuning_mode_seq_stop	0	static
ged_hal.c:603:14:ged_dvfs_tuning_mode_seq_next	0	static
ged_hal.c:630:14:ged_dvfs_cur_freq_seq_start	0	static
ged_hal.c:640:13:ged_dvfs_cur_freq_seq_stop	0	static
ged_hal.c:645:14:ged_dvfs_cur_freq_seq_next	0	static
ged_hal.c:674:14:ged_dvfs_pre_freq_seq_start	0	static
ged_hal.c:684:13:ged_dvfs_pre_freq_seq_stop	0	static
ged_hal.c:689:14:ged_dvfs_pre_freq_seq_next	0	static
ged_hal.c:718:14:ged_dvfs_gpu_util_seq_start	0	static
ged_hal.c:728:13:ged_dvfs_gpu_util_seq_stop	0	static
ged_hal.c:733:14:ged_dvfs_gpu_util_seq_next	0	static
ged_hal.c:766:14:ged_fps_ub_seq_start	0	static
ged_hal.c:778:13:ged_fps_ub_seq_stop	0	static
ged_hal.c:782:14:ged_fps_ub_seq_next	0	static
ged_hal.c:821:14:ged_dvfs_integration_report_seq_start	0	static
ged_hal.c:831:13:ged_dvfs_integration_report_seq_stop	0	static
ged_hal.c:836:14:ged_dvfs_integration_report_seq_next	0	static
ged_hal.c:846:12:ged_dvfs_integration_report_seq_show	32	static
ged_hal.c:803:16:ged_fps_ub_write	48	static
ged_hal.c:787:12:ged_fps_ub_seq_show	32	static
ged_hal.c:739:12:ged_dvfs_gpu_util_seq_show	48	static
ged_hal.c:695:12:ged_dvfs_pre_freq_seq_show	48	static
ged_hal.c:651:12:ged_dvfs_cur_freq_seq_show	48	static
ged_hal.c:562:16:ged_dvfs_tuning_mode_write_entry	112	static
ged_hal.c:609:12:ged_dvfs_tuning_mode_seq_show	32	static
ged_hal.c:542:12:ged_vsync_offset_level_seq_show	32	static
ged_hal.c:201:16:ged_custom_upbound_gpu_freq_write_entry	112	static
ged_hal.c:248:12:ged_custom_upbound_gpu_freq_seq_show	48	static
ged_hal.c:131:16:ged_custom_boost_gpu_freq_write_entry	112	static
ged_hal.c:178:12:ged_custom_boost_gpu_freq_seq_show	48	static
ged_hal.c:108:12:ged_total_gpu_freq_level_count_seq_show	48	static
ged_hal.c:431:12:ged_vsync_offset_enable_seq_show	48	static
ged_hal.c:47:5:tokenizer	0	static
ged_hal.c:472:16:ged_vsync_offset_level_write_entry	112	static
ged_hal.c:274:16:ged_vsync_offset_enable_write_entry	144	static
ged_hal.c:1030:6:ged_hal_exit	32	static
ged_hal.c:867:11:ged_hal_init	48	static
