ion.c:1129:13:ion_unmap_dma_buf	0	static
ion.c:1298:14:ion_dma_buf_kmap	0	static
ion.c:1305:13:ion_dma_buf_kunmap	0	static
ion.c:1840:12:debug_shrink_get	32	static
ion.c:1790:12:ion_debug_heap_pool_show	16	static
ion.c:544:13:ion_handle_validate	32	static
ion.c:1228:13:ion_vm_close	48	static
ion.c:551:12:ion_handle_add	80	static
ion.c:945:12:ion_debug_client_open	16	static
ion.c:1806:12:ion_debug_heap_pool_open	16	static
ion.c:1778:12:ion_debug_heap_open	16	static
ion.c:879:12:ion_debug_client_show	96	static
ion.c:1705:12:ion_debug_heap_show	128	static
ion.c:1189:12:ion_vm_fault	64	static
ion.c:1854:1:debug_shrink_fops_open	16	static
ion.c:331:13:ion_buffer_get	32	static
ion.c:423:13:ion_handle_get	32	static
ion.c:797:13:ion_buffer_kmap_put.part.7	32	static
ion.c:372:27:ion_handle_create	48	static
ion.c:758:14:ion_buffer_kmap_get	32	static
ion.c:1310:12:ion_dma_buf_begin_cpu_access	32	static
ion.c:1819:12:debug_shrink_set	32	static
ion.c:1211:13:ion_vm_open	48	static
ion.c:1252:12:ion_mmap	64	static
ion.c:520:27:ion_handle_get_by_id_nolock	32	static
ion.c:1329:13:ion_dma_buf_end_cpu_access	32	static
ion.c:136:6:ion_buffer_fault_user_mappings	0	static
ion.c:142:6:ion_buffer_cached	0	static
ion.c:304:6:ion_buffer_destroy	32	static
ion.c:315:13:_ion_buffer_destroy	48	static
ion.c:336:12:ion_buffer_put	16	static
ion.c:1291:13:ion_dma_buf_release	16	static
ion.c:394:13:ion_handle_destroy	48	static
ion.c:437:12:ion_handle_put_nolock	16	static
ion.c:697:13:user_ion_free_nolock	32	static
ion.c:479:27:pass_to_user	48	static
ion.c:418:20:ion_handle_buffer	0	static
ion.c:446:5:ion_handle_put	32	static
ion.c:532:20:ion_handle_get_by_id	48	static
ion.c:584:20:__ion_alloc	160	static
ion.c:674:20:ion_alloc	16	static
ion.c:714:6:ion_free	48	static
ion.c:726:5:ion_phys	64	static
ion.c:821:7:ion_map_kernel	48	static
ion.c:851:6:ion_unmap_kernel	48	static
ion.c:974:20:ion_client_create	336	static
ion.c:1658:12:ion_open	96	static
ion.c:1063:6:ion_client_destroy	80	static
ion.c:1649:12:ion_release	32	static
ion.c:1095:18:ion_sg_table	48	static
ion.c:1135:6:ion_pages_sync_for_device	80	static
ion.c:1119:25:ion_map_dma_buf	80	static
ion.c:1353:17:ion_share_dma_buf	48	static
ion.c:1383:5:ion_share_dma_buf_fd	32	static
ion.c:1404:20:ion_import_dma_buf	80	static
ion.c:1506:13:ion_ioctl	128	static
ion.c:1858:6:ion_device_add_heap	368	static
ion.c:1924:20:ion_device_create	48	static
ion.c:1974:6:ion_device_destroy	32	static
ion.c:1982:13:ion_reserve	64	static
ion.c:2021:20:ion_drv_get_handle	48	static
ion.c:2052:5:ion_drv_put_kernel_handle	16	static
ion.c:2057:18:ion_drv_get_heap	48	static
