cpufreq.c:83:19:init_cpufreq_transition_notifier_list	32	static
cpufreq.c:637:16:show_scaling_driver	16	static
cpufreq.c:719:16:show_scaling_setspeed	16	static
cpufreq.c:645:16:show_scaling_available_governors	64	static
cpufreq.c:775:16:show	64	static
cpufreq.c:451:33:__find_governor	48	static
cpufreq.c:730:16:show_bios_limit	64	static
cpufreq.c:530:1:show_scaling_max_freq	16	static
cpufreq.c:529:1:show_scaling_min_freq	16	static
cpufreq.c:528:1:show_cpuinfo_transition_latency	16	static
cpufreq.c:527:1:show_cpuinfo_max_freq	16	static
cpufreq.c:526:1:show_cpuinfo_min_freq	16	static
cpufreq.c:423:16:show_boost	16	static
cpufreq.c:701:16:store_scaling_setspeed	48	static
cpufreq.c:797:16:store	64	static
cpufreq.c:828:13:cpufreq_sysfs_release	32	static
cpufreq.c:589:16:show_scaling_governor	16	static
cpufreq.c:2046:12:__cpufreq_governor	64	static
cpufreq.c:2445:12:cpufreq_boost_set_sw	48	static
cpufreq.c:465:12:cpufreq_parse_governor	64	static
cpufreq.c:1107:12:update_policy_cpu	48	static
cpufreq.c:1367:12:__cpufreq_remove_dev_prepare.isra.12	96	static
cpufreq.c:1076:13:cpufreq_policy_put_kobj	48	static
cpufreq.c:1435:12:__cpufreq_remove_dev_finish.isra.14	64	static
cpufreq.c:1509:12:cpufreq_remove_dev	32	static
cpufreq.c:532:16:show_scaling_cur_freq	48	static
cpufreq.c:2643:19:cpufreq_core_init	32	static
cpufreq.c:96:6:disable_cpufreq	0	static
cpufreq.c:103:6:have_governor_per_policy	0	static
cpufreq.c:109:17:get_governor_parent_kobj	32	static
cpufreq.c:140:5:get_cpu_idle_time	64	static
cpufreq.c:160:5:cpufreq_generic_init	48	static
cpufreq.c:184:14:cpufreq_generic_get	16	static
cpufreq.c:199:24:cpufreq_cpu_get_raw	0	static
cpufreq.c:204:24:cpufreq_cpu_get	64	static
cpufreq.c:234:6:cpufreq_cpu_put	16	static
cpufreq.c:2356:13:setup_cpu0_symlink.part.19	64	static
cpufreq.c:285:13:arch_scale_set_curr_freq	0	static
cpufreq.c:350:13:cpufreq_notify_transition	128	static
cpufreq.c:287:13:arch_scale_set_max_freq	0	static
cpufreq.c:2204:12:cpufreq_set_policy	80	static
cpufreq.c:959:13:cpufreq_init_policy	432	static
cpufreq.c:370:6:cpufreq_freq_transition_begin	112	static
cpufreq.c:404:6:cpufreq_freq_transition_end	48	static
cpufreq.c:1544:13:cpufreq_out_of_sync	64	static
cpufreq.c:1610:21:__cpufreq_get	48	static
cpufreq.c:577:16:show_cpuinfo_cur_freq	32	static
cpufreq.c:667:9:cpufreq_show_cpus	80	static
cpufreq.c:688:16:show_related_cpus	16	static
cpufreq.c:696:16:show_affected_cpus	16	static
cpufreq.c:851:5:cpufreq_get_global_kobject	16	static
cpufreq.c:861:6:cpufreq_put_global_kobject	16	static
cpufreq.c:868:5:cpufreq_sysfs_create_file	32	static
cpufreq.c:882:6:cpufreq_sysfs_remove_file	16	static
cpufreq.c:1572:14:cpufreq_quick_get	32	static
cpufreq.c:1596:14:cpufreq_quick_get_max	32	static
cpufreq.c:1639:14:cpufreq_get	48	static
cpufreq.c:1697:6:cpufreq_suspend	0	static
cpufreq.c:1732:6:cpufreq_resume	0	static
cpufreq.c:1777:13:cpufreq_get_current_driver	0	static
cpufreq.c:1792:7:cpufreq_get_driver_data	0	static
cpufreq.c:1818:5:cpufreq_register_notifier	48	static
cpufreq.c:1854:5:cpufreq_unregister_notifier	16	static
cpufreq.c:1963:5:__cpufreq_driver_target	128	static
cpufreq.c:1667:5:cpufreq_generic_suspend	32	static
cpufreq.c:1142:12:__cpufreq_add_dev.isra.24	128	static
cpufreq.c:2401:12:cpufreq_cpu_callback	48	static
cpufreq.c:1362:12:cpufreq_add_dev	16	static
cpufreq.c:2026:5:cpufreq_driver_target	48	static
cpufreq.c:2123:5:cpufreq_register_governor	48	static
cpufreq.c:2147:6:cpufreq_unregister_governor	64	static
cpufreq.c:2183:5:cpufreq_get_policy	32	static
cpufreq.c:604:16:store_scaling_governor	432	static
cpufreq.c:572:1:store_scaling_max_freq	416	static
cpufreq.c:571:1:store_scaling_min_freq	416	static
cpufreq.c:2307:5:cpufreq_update_policy	432	static
cpufreq.c:1525:13:handle_update	32	static
cpufreq.c:2469:5:cpufreq_boost_trigger_state	64	static
cpufreq.c:429:16:store_boost	48	static
cpufreq.c:2494:5:cpufreq_boost_supported	0	static
cpufreq.c:2503:5:cpufreq_boost_enabled	0	static
cpufreq.c:2523:5:cpufreq_register_driver	64	static
cpufreq.c:2616:5:cpufreq_unregister_driver	48	static
