cpufreq_ondemand.c:525:1:get_cpu_cdbs	0	static
cpufreq_ondemand.c:525:1:get_cpu_dbs_info_s	0	static
cpufreq_ondemand.c:135:13:dbs_freq_increase	32	static
cpufreq_ondemand.c:155:13:od_check_cpu	32	static
cpufreq_ondemand.c:76:21:generic_powersave_bias_target	96	static
cpufreq_ondemand.c:40:13:ondemand_powersave_bias_init_cpu	32	static
cpufreq_ondemand.c:594:12:od_cpufreq_governor_dbs	16	static
cpufreq_ondemand.c:520:13:od_exit	16	static
cpufreq_ondemand.c:478:12:od_init	48	static
cpufreq_ondemand.c:194:13:od_dbs_timer	96	static
cpufreq_ondemand.c:429:1:show_io_is_busy_gov_pol	16	static
cpufreq_ondemand.c:433:1:show_powersave_bias_gov_pol	16	static
cpufreq_ondemand.c:432:1:show_ignore_nice_load_gov_pol	16	static
cpufreq_ondemand.c:431:1:show_sampling_down_factor_gov_pol	16	static
cpufreq_ondemand.c:430:1:show_up_threshold_gov_pol	16	static
cpufreq_ondemand.c:428:1:show_sampling_rate_gov_pol	16	static
cpufreq_ondemand.c:434:1:show_sampling_rate_min_gov_pol	16	static
cpufreq_ondemand.c:429:1:show_io_is_busy_gov_sys	16	static
cpufreq_ondemand.c:433:1:show_powersave_bias_gov_sys	16	static
cpufreq_ondemand.c:432:1:show_ignore_nice_load_gov_sys	16	static
cpufreq_ondemand.c:431:1:show_sampling_down_factor_gov_sys	16	static
cpufreq_ondemand.c:430:1:show_up_threshold_gov_sys	16	static
cpufreq_ondemand.c:428:1:show_sampling_rate_gov_sys	16	static
cpufreq_ondemand.c:434:1:show_sampling_rate_min_gov_sys	16	static
cpufreq_ondemand.c:127:13:ondemand_powersave_bias_init	48	static
cpufreq_ondemand.c:546:13:od_set_powersave_bias	64	static
cpufreq_ondemand.c:252:13:update_sampling_rate	96	static
cpufreq_ondemand.c:428:1:store_sampling_rate_gov_sys	48	static
cpufreq_ondemand.c:615:20:cpufreq_gov_dbs_exit	16	static
cpufreq_ondemand.c:610:19:cpufreq_gov_dbs_init	16	static
cpufreq_ondemand.c:433:1:store_powersave_bias_gov_pol	48	static
cpufreq_ondemand.c:431:1:store_sampling_down_factor_gov_pol	64	static
cpufreq_ondemand.c:430:1:store_up_threshold_gov_pol	48	static
cpufreq_ondemand.c:313:16:store_io_is_busy.isra.4	96	static
cpufreq_ondemand.c:429:1:store_io_is_busy_gov_pol	16	static
cpufreq_ondemand.c:429:1:store_io_is_busy_gov_sys	16	static
cpufreq_ondemand.c:374:16:store_ignore_nice_load.isra.5	96	static
cpufreq_ondemand.c:432:1:store_ignore_nice_load_gov_pol	16	static
cpufreq_ondemand.c:432:1:store_ignore_nice_load_gov_sys	16	static
cpufreq_ondemand.c:428:1:store_sampling_rate_gov_pol	48	static
cpufreq_ondemand.c:430:1:store_up_threshold_gov_sys	64	static
cpufreq_ondemand.c:433:1:store_powersave_bias_gov_sys	48	static
cpufreq_ondemand.c:431:1:store_sampling_down_factor_gov_sys	64	static
cpufreq_ondemand.c:578:6:od_register_powersave_bias_handler	16	static
cpufreq_ondemand.c:587:6:od_unregister_powersave_bias_handler	16	static
