cpufreq_interactive.c:1339:13:cpufreq_interactive_nop_timer	0	static
cpufreq_interactive.h:85:1:ftrace_define_fields_cpufreq_interactive_boost	16	static
cpufreq_interactive.h:97:1:ftrace_define_fields_cpufreq_interactive_unboost	16	static
cpufreq_interactive.h:9:1:perf_trace_set	384	static
cpufreq_interactive.h:37:1:perf_trace_loadeval	400	static
cpufreq_interactive.h:9:1:ftrace_raw_event_set	112	static
cpufreq_interactive.h:37:1:ftrace_raw_event_loadeval	128	static
cpufreq_interactive.h:9:1:ftrace_raw_output_set	32	static
cpufreq_interactive.h:37:1:ftrace_raw_output_loadeval	32	static
cpufreq_interactive.h:85:1:ftrace_raw_output_cpufreq_interactive_boost	32	static
cpufreq_interactive.h:97:1:ftrace_raw_output_cpufreq_interactive_unboost	32	static
cpufreq_interactive.h:85:1:perf_trace_cpufreq_interactive_boost	384	static
cpufreq_interactive.h:85:1:ftrace_raw_event_cpufreq_interactive_boost	96	static
cpufreq_interactive.h:97:1:perf_trace_cpufreq_interactive_unboost	384	static
cpufreq_interactive.h:97:1:ftrace_raw_event_cpufreq_interactive_unboost	96	static
cpufreq_interactive.c:322:12:update_load	48	static
cpufreq_interactive.c:693:22:get_tokenized_data	80	static
cpufreq_interactive.c:237:21:choose_freq	96	static
cpufreq_interactive.c:138:13:cpufreq_interactive_timer_resched	64	static
cpufreq_interactive.c:349:13:cpufreq_interactive_timer	176	static
cpufreq_interactive.c:1145:12:cpufreq_interactive_idle_notifier	48	static
cpufreq_interactive.c:1055:1:store_above_hispeed_delay_gov_sys	80	static
cpufreq_interactive.c:1054:1:store_target_loads_gov_sys	80	static
cpufreq_interactive.c:778:16:show_above_hispeed_delay	96	static
cpufreq_interactive.c:1055:1:show_above_hispeed_delay_gov_sys	16	static
cpufreq_interactive.c:1055:1:show_above_hispeed_delay_gov_pol	16	static
cpufreq_interactive.c:738:16:show_target_loads	96	static
cpufreq_interactive.c:1054:1:show_target_loads_gov_sys	16	static
cpufreq_interactive.c:1054:1:show_target_loads_gov_pol	16	static
cpufreq_interactive.c:616:13:cpufreq_interactive_boost	112	static
cpufreq_interactive.c:937:16:store_boost	64	static
cpufreq_interactive.c:1061:1:store_boost_gov_sys	16	static
cpufreq_interactive.c:1061:1:store_boost_gov_pol	16	static
cpufreq_interactive.c:1343:19:cpufreq_interactive_init	80	static
cpufreq_interactive.c:539:12:cpufreq_interactive_speedchange_task	160	static
cpufreq_interactive.c:1385:20:cpufreq_interactive_exit	32	static
cpufreq_interactive.c:1056:1:store_hispeed_freq_gov_pol	48	static
cpufreq_interactive.c:1057:1:store_go_hispeed_load_gov_pol	48	static
cpufreq_interactive.c:1058:1:store_min_sample_time_gov_pol	48	static
cpufreq_interactive.c:1060:1:store_timer_slack_gov_pol	48	static
cpufreq_interactive.c:1063:1:store_boostpulse_duration_gov_pol	48	static
cpufreq_interactive.c:1064:1:store_io_is_busy_gov_pol	48	static
cpufreq_interactive.h:9:1:ftrace_define_fields_set	32	static
cpufreq_interactive.h:37:1:ftrace_define_fields_loadeval	32	static
cpufreq_interactive.c:649:12:cpufreq_interactive_notifier	112	static
cpufreq_interactive.c:961:16:store_boostpulse.part.13	48	static
cpufreq_interactive.c:1062:1:store_boostpulse_gov_pol	48	static
cpufreq_interactive.c:1064:1:show_io_is_busy_gov_sys	16	static
cpufreq_interactive.c:1063:1:show_boostpulse_duration_gov_pol	16	static
cpufreq_interactive.c:1061:1:show_boost_gov_pol	16	static
cpufreq_interactive.c:1060:1:show_timer_slack_gov_pol	16	static
cpufreq_interactive.c:1059:1:show_timer_rate_gov_pol	16	static
cpufreq_interactive.c:1058:1:show_min_sample_time_gov_pol	16	static
cpufreq_interactive.c:1057:1:show_go_hispeed_load_gov_pol	16	static
cpufreq_interactive.c:1056:1:show_hispeed_freq_gov_pol	16	static
cpufreq_interactive.c:892:16:store_timer_rate.isra.22	64	static
cpufreq_interactive.c:1059:1:store_timer_rate_gov_sys	16	static
cpufreq_interactive.c:1059:1:store_timer_rate_gov_pol	16	static
cpufreq_interactive.c:1064:1:show_io_is_busy_gov_pol	16	static
cpufreq_interactive.c:1056:1:show_hispeed_freq_gov_sys	16	static
cpufreq_interactive.c:1057:1:show_go_hispeed_load_gov_sys	16	static
cpufreq_interactive.c:1058:1:show_min_sample_time_gov_sys	16	static
cpufreq_interactive.c:1059:1:show_timer_rate_gov_sys	16	static
cpufreq_interactive.c:1060:1:show_timer_slack_gov_sys	16	static
cpufreq_interactive.c:1061:1:show_boost_gov_sys	16	static
cpufreq_interactive.c:1063:1:show_boostpulse_duration_gov_sys	16	static
cpufreq_interactive.c:1063:1:store_boostpulse_duration_gov_sys	64	static
cpufreq_interactive.c:1057:1:store_go_hispeed_load_gov_sys	64	static
cpufreq_interactive.c:1060:1:store_timer_slack_gov_sys	64	static
cpufreq_interactive.c:1058:1:store_min_sample_time_gov_sys	64	static
cpufreq_interactive.c:1064:1:store_io_is_busy_gov_sys	64	static
cpufreq_interactive.c:1056:1:store_hispeed_freq_gov_sys	64	static
cpufreq_interactive.c:1062:1:store_boostpulse_gov_sys	64	static
cpufreq_interactive.c:1054:1:store_target_loads_gov_pol	80	static
cpufreq_interactive.c:1055:1:store_above_hispeed_delay_gov_pol	80	static
cpufreq_interactive.c:1159:12:cpufreq_governor_interactive	112	static
