cmdq_mdp.c:671:10:cmdq_mdp_rdma_get_reg_offset_src_addr	0	static
cmdq_mdp.c:676:10:cmdq_mdp_wrot_get_reg_offset_dst_addr	0	static
cmdq_mdp.c:681:10:cmdq_mdp_wdma_get_reg_offset_dst_addr	0	static
cmdq_mdp.c:189:20:cmdq_M4U_TranslationFault_callback	80	static
cmdq_mdp.c:231:6:cmdq_mdp_init_module_base_VA	32	static
cmdq_mdp.c:247:6:cmdq_mdp_deinit_module_base_VA	32	static
cmdq_mdp.c:345:6:cmdq_mdp_init_module_clk	32	static
cmdq_mdp.c:367:9:cmdqMdpClockOn	32	static
cmdq_mdp.c:402:9:cmdqMdpDumpInfo	256	static
cmdq_mdp.c:661:6:cmdqMdpInitialSetting	32	static
cmdq_mdp.c:686:6:testcase_clkmgr_mdp	32	static
cmdq_mdp.c:731:13:cmdq_mdp_dispatch	464	static
cmdq_mdp.c:223:9:cmdqVEncDumpInfo	16	static
cmdq_mdp.c:77:1:cmdq_mdp_enable_clock_CAM_MDP	16	static
cmdq_mdp.c:78:1:cmdq_mdp_enable_clock_MDP_RDMA0	16	static
cmdq_mdp.c:79:1:cmdq_mdp_enable_clock_MDP_RSZ0	16	static
cmdq_mdp.c:80:1:cmdq_mdp_enable_clock_MDP_RSZ1	16	static
cmdq_mdp.c:81:1:cmdq_mdp_enable_clock_MDP_WDMA	16	static
cmdq_mdp.c:82:1:cmdq_mdp_enable_clock_MDP_WROT0	16	static
cmdq_mdp.c:83:1:cmdq_mdp_enable_clock_MDP_TDSHP0	16	static
cmdq_mdp.c:84:1:cmdq_mdp_enable_clock_MDP_COLOR	16	static
cmdq_mdp.c:290:6:cmdq_mdp_enable_clock	16	static
cmdq_mdp.c:85:1:cmdq_mdp_clock_is_enable_CAM_MDP	16	static
cmdq_mdp.c:86:1:cmdq_mdp_clock_is_enable_MDP_RDMA0	16	static
cmdq_mdp.c:87:1:cmdq_mdp_clock_is_enable_MDP_RSZ0	16	static
cmdq_mdp.c:88:1:cmdq_mdp_clock_is_enable_MDP_RSZ1	16	static
cmdq_mdp.c:89:1:cmdq_mdp_clock_is_enable_MDP_WDMA	16	static
cmdq_mdp.c:90:1:cmdq_mdp_clock_is_enable_MDP_WROT0	16	static
cmdq_mdp.c:91:1:cmdq_mdp_clock_is_enable_MDP_TDSHP0	16	static
cmdq_mdp.c:92:1:cmdq_mdp_clock_is_enable_MDP_COLOR	16	static
cmdq_mdp.c:265:6:cmdq_mdp_clock_is_on	16	static
cmdq_mdp.c:96:6:cmdq_mdp_get_module_base_VA_MDP_RDMA	0	static
cmdq_mdp.c:101:6:cmdq_mdp_get_module_base_VA_MDP_RSZ0	0	static
cmdq_mdp.c:106:6:cmdq_mdp_get_module_base_VA_MDP_RSZ1	0	static
cmdq_mdp.c:111:6:cmdq_mdp_get_module_base_VA_MDP_WDMA	0	static
cmdq_mdp.c:116:6:cmdq_mdp_get_module_base_VA_MDP_WROT	0	static
cmdq_mdp.c:121:6:cmdq_mdp_get_module_base_VA_MDP_TDSHP	0	static
cmdq_mdp.c:126:6:cmdq_mdp_get_module_base_VA_VENC	0	static
cmdq_mdp.c:131:6:cmdq_mdp_get_module_base_VA_MDP_COLOR	0	static
cmdq_mdp.c:149:9:cmdq_mdp_reset_with_mmsys	32	static
cmdq_mdp.c:464:9:cmdqMdpResetEng	128	static
cmdq_mdp.c:584:9:cmdqMdpClockOff	32	static
cmdq_mdp.c:780:6:cmdq_mdp_platform_function_setting	16	static
