clockevents.c:36:12:cev_delta2ns	48	static
clockevents.c:215:12:clockevents_program_min_delta	48	static
clockevents.c:622:16:sysfs_show_current_tick_dev	48	static
clockevents.c:720:19:clockevents_init_sysfs	80	static
clockevents.c:639:16:sysfs_unbind_tick_dev	128	static
clockevents.c:337:13:__clockevents_unbind	64	static
clockevents.c:91:5:clockevent_delta2ns	16	static
clockevents.c:104:6:clockevents_set_mode	32	static
clockevents.c:128:6:clockevents_shutdown	32	static
clockevents.c:241:5:clockevents_program_event	48	static
clockevents.c:365:5:clockevents_unbind_device	64	static
clockevents.c:380:6:clockevents_register_device	64	static
clockevents.c:400:6:clockevents_config	32	static
clockevents.c:433:6:clockevents_config_and_register	32	static
clockevents.c:444:5:__clockevents_update_freq	32	static
clockevents.c:469:5:clockevents_update_freq	48	static
clockevents.c:485:6:clockevents_handle_noop	0	static
clockevents.c:496:6:clockevents_exchange_device	48	static
clockevents.c:523:6:clockevents_suspend	32	static
clockevents.c:535:6:clockevents_resume	32	static
clockevents.c:549:5:clockevents_notify	80	static
