timekeeping.h:115:23:ktime_get_real	16	static
timekeeping.h:126:23:ktime_get_boottime	16	static
timekeeping.h:134:23:ktime_get_clocktai	16	static
hrtimer.c:493:1:hrtimer_force_reprogram	16	static
hrtimer.c:634:13:retrigger_next_event	48	static
hrtimer.c:861:13:__remove_hrtimer	64	static
hrtimer.c:834:12:enqueue_hrtimer	48	static
hrtimer.c:1201:13:__run_hrtimer	64	static
hrtimer.c:1489:29:hrtimer_wakeup	16	static
hrtimer.c:1532:12:update_rmtp	48	static
hrtimer.c:458:19:setup_hrtimer_hres	32	static
hrtimer.c:154:28:lock_hrtimer_base.isra.21	48	static
hrtimer.c:295:9:ktime_add_safe	0	static
hrtimer.c:689:6:clock_was_set_delayed	16	static
hrtimer.c:722:6:clock_was_set	16	static
hrtimer.c:678:13:clock_was_set_work	16	static
hrtimer.c:737:6:hrtimers_resume	32	static
hrtimer.c:794:5:hrtimer_forward	64	static
hrtimer.c:923:5:__hrtimer_start_range_ns	128	static
hrtimer.c:1010:5:hrtimer_start_range_ns	16	static
hrtimer.c:1029:1:hrtimer_start	16	static
hrtimer.c:1046:5:hrtimer_try_to_cancel	64	static
hrtimer.c:1072:5:hrtimer_cancel	32	static
hrtimer.c:1509:20:do_nanosleep	48	static
hrtimer.c:1088:9:hrtimer_get_remaining	48	static
hrtimer.c:1108:9:hrtimer_get_next_event	64	static
hrtimer.c:1173:6:hrtimer_init	48	static
hrtimer.c:1548:14:hrtimer_nanosleep_restart	112	static
hrtimer.c:1189:5:hrtimer_get_res	32	static
hrtimer.c:1253:6:hrtimer_interrupt	144	static
hrtimer.c:1382:13:__hrtimer_peek_ahead_timers.part.22	32	static
hrtimer.c:1715:12:hrtimer_cpu_notify	128	static
hrtimer.c:1403:6:hrtimer_peek_ahead_timers	32	static
hrtimer.c:1412:13:run_hrtimer_softirq	16	static
hrtimer.c:1430:6:hrtimer_run_pending	64	static
hrtimer.c:1450:6:hrtimer_run_queues	80	static
hrtimer.c:1502:6:hrtimer_init_sleeper	0	static
hrtimer.c:1575:6:hrtimer_nanosleep	128	static
hrtimer.c:1616:1:SyS_nanosleep	48	static
hrtimer.c:1752:13:hrtimers_init	32	static
hrtimer.c:1770:1:schedule_hrtimeout_range_clock	128	static
hrtimer.c:1840:13:schedule_hrtimeout_range	16	static
hrtimer.c:1870:13:schedule_hrtimeout	16	static
