timer.c:123:22:round_jiffies_common	0	static
timer.c:359:1:__internal_add_timer	0	static
timer.h:11:1:ftrace_define_fields_timer_class	16	static
timer.h:218:1:ftrace_define_fields_hrtimer_class	16	static
timer.h:11:1:perf_trace_timer_class	368	static
timer.h:44:1:perf_trace_timer_start	368	static
timer.h:75:1:perf_trace_timer_expire_entry	368	static
timer.h:130:1:perf_trace_hrtimer_init	384	static
timer.h:160:1:perf_trace_hrtimer_start	368	static
timer.h:196:1:perf_trace_hrtimer_expire_entry	368	static
timer.h:218:1:perf_trace_hrtimer_class	368	static
timer.h:267:1:perf_trace_itimer_state	384	static
timer.h:304:1:perf_trace_itimer_expire	384	static
timer.h:11:1:ftrace_raw_event_timer_class	96	static
timer.h:44:1:ftrace_raw_event_timer_start	96	static
timer.h:75:1:ftrace_raw_event_timer_expire_entry	96	static
timer.h:130:1:ftrace_raw_event_hrtimer_init	112	static
timer.h:160:1:ftrace_raw_event_hrtimer_start	96	static
timer.h:196:1:ftrace_raw_event_hrtimer_expire_entry	96	static
timer.h:218:1:ftrace_raw_event_hrtimer_class	96	static
timer.h:267:1:ftrace_raw_event_itimer_state	112	static
timer.h:304:1:ftrace_raw_event_itimer_expire	112	static
timer.h:11:1:ftrace_raw_output_timer_class	32	static
timer.h:44:1:ftrace_raw_output_timer_start	32	static
timer.h:75:1:ftrace_raw_output_timer_expire_entry	32	static
timer.h:130:1:ftrace_raw_output_hrtimer_init	32	static
timer.h:160:1:ftrace_raw_output_hrtimer_start	32	static
timer.h:196:1:ftrace_raw_output_hrtimer_expire_entry	32	static
timer.h:218:1:ftrace_raw_output_hrtimer_class	32	static
timer.h:267:1:ftrace_raw_output_itimer_state	32	static
timer.h:304:1:ftrace_raw_output_itimer_expire	32	static
timer.h:327:1:ftrace_raw_output_tick_stop	32	static
timer.h:327:1:perf_trace_tick_stop	384	static
timer.h:327:1:ftrace_raw_event_tick_stop	96	static
timer.c:1451:13:process_timeout	16	static
timer.c:1132:13:call_timer_fn	64	static
timer.h:44:1:ftrace_define_fields_timer_start	32	static
timer.h:75:1:ftrace_define_fields_timer_expire_entry	32	static
timer.h:130:1:ftrace_define_fields_hrtimer_init	32	static
timer.h:160:1:ftrace_define_fields_hrtimer_start	32	static
timer.h:196:1:ftrace_define_fields_hrtimer_expire_entry	32	static
timer.h:267:1:ftrace_define_fields_itimer_state	32	static
timer.h:304:1:ftrace_define_fields_itimer_expire	32	static
timer.h:327:1:ftrace_define_fields_tick_stop	32	static
timer.c:1111:12:cascade	80	static
timer.c:743:26:lock_timer_base.isra.42	48	static
timer.c:402:13:internal_add_timer	32	static
timer.c:1617:13:migrate_timer_list	64	static
timer.c:1663:12:timer_cpu_notify	80	static
timer.c:714:12:detach_if_pending	48	static
timer.c:1419:13:run_timer_softirq	128	static
timer.c:183:15:__round_jiffies	16	static
timer.c:209:15:__round_jiffies_relative	32	static
timer.c:233:15:round_jiffies	16	static
timer.c:254:15:round_jiffies_relative	16	static
timer.c:270:15:__round_jiffies_up	16	static
timer.c:286:15:__round_jiffies_up_relative	32	static
timer.c:304:15:round_jiffies_up	16	static
timer.c:319:15:round_jiffies_up_relative	16	static
timer.c:338:6:set_timer_slack	0	static
timer.c:684:6:init_timer_key	48	static
timer.c:822:5:mod_timer_pending	80	static
timer.c:887:5:mod_timer	80	static
timer.c:922:5:mod_timer_pinned	80	static
timer.c:945:6:add_timer	16	static
timer.c:959:6:add_timer_on	64	static
timer.c:999:5:del_timer	48	static
timer.c:1025:5:try_to_del_timer_sync	64	static
timer.c:1082:5:del_timer_sync	32	static
timer.c:1368:15:get_next_timer_interrupt	80	static
timer.c:1432:6:run_local_timers	16	static
timer.c:1399:6:update_process_times	48	static
timer.c:1482:21:schedule_timeout	128	static
timer.c:1537:21:schedule_timeout_interruptible	16	static
timer.c:1544:21:schedule_timeout_killable	16	static
timer.c:1551:21:schedule_timeout_uninterruptible	16	static
timer.c:1693:13:init_timers	32	static
timer.c:1713:6:msleep	16	static
timer.c:1727:15:msleep_interruptible	32	static
timer.c:1753:6:usleep_range	32	static
