time.c:103:1:SyS_gettimeofday	48	static
time.c:216:1:SyS_adjtimex	240	static
time.c:251:14:jiffies_to_msecs	0	static
time.c:267:14:jiffies_to_usecs	0	static
time.c:295:17:timespec_trunc	0	static
time.c:238:17:current_fs_time	32	static
time.c:326:10:mktime64	0	static
time.c:361:6:set_normalized_timespec	0	static
time.c:389:17:ns_to_timespec	0	static
time.c:414:16:ns_to_timeval	16	static
time.c:502:15:msecs_to_jiffies	0	static
time.c:544:15:usecs_to_jiffies	0	static
time.c:590:1:timespec_to_jiffies	0	static
time.c:598:1:jiffies_to_timespec	0	static
time.c:628:1:timeval_to_jiffies	0	static
time.c:635:6:jiffies_to_timeval	0	static
time.c:652:9:jiffies_to_clock_t	0	static
time.c:666:15:clock_t_to_jiffies	0	static
time.c:683:5:jiffies_64_to_clock_t	0	static
time.c:705:5:nsec_to_clock_t	0	static
time.c:734:5:nsecs_to_jiffies64	0	static
time.c:764:15:nsecs_to_jiffies	0	static
time.c:774:17:timespec_add_safe	48	static
time.c:792:13:notify_time_update	0	static
time.c:164:5:do_sys_settimeofday	64	static
time.c:191:1:SyS_settimeofday	96	static
