fbmem.c:686:14:fb_seq_next	0	static
fbmem.c:680:14:fb_seq_start	32	static
fbmem.c:692:13:fb_seq_stop	16	static
fbmem.c:198:13:fb_set_logocmap	224	static
fbmem.c:812:1:fb_write	96	static
fbmem.c:714:12:proc_fb_open	16	static
fbmem.c:697:12:fb_seq_show	16	static
fbmem.c:1847:1:fbmem_init	32	static
fbmem.c:69:13:put_fb_info	16	static
fbmem.c:1480:1:fb_release	32	static
fbmem.c:1392:1:fb_mmap	64	static
fbmem.c:1439:1:fb_open	64	static
fbmem.c:747:1:fb_read	96	static
fbmem.c:77:5:lock_fb_info	32	static
fbmem.c:92:5:fb_get_color_depth	0	static
fbmem.c:118:6:fb_pad_aligned_buffer	0	static
fbmem.c:124:6:fb_pad_unaligned_buffer	0	static
fbmem.c:158:7:fb_get_buffer_offset	48	static
fbmem.c:595:5:fb_prepare_logo	48	static
fbmem.c:663:5:fb_show_logo	176	static
fbmem.c:884:1:fb_pan_display	48	static
fbmem.c:945:1:fb_set_var	304	static
fbmem.c:1056:1:fb_blank	64	static
fbmem.c:1087:13:do_fb_ioctl	272	static
fbmem.c:1227:13:fb_ioctl	16	static
fbmem.c:1352:13:fb_compat_ioctl	128	static
fbmem.c:1733:5:unlink_framebuffer	32	static
fbmem.c:1690:12:do_unregister_framebuffer	80	static
fbmem.c:1581:12:do_remove_conflicting_framebuffers	128	static
fbmem.c:1749:5:remove_conflicting_framebuffers	64	static
fbmem.c:1772:1:register_framebuffer	160	static
fbmem.c:1801:1:unregister_framebuffer	32	static
fbmem.c:1822:6:fb_set_suspend	48	static
fbmem.c:1879:5:fb_new_modelist	320	static
