fbsysfs.c:322:16:show_blank	0	static
fbsysfs.c:329:16:store_console	0	static
fbsysfs.c:337:16:show_console	0	static
fbsysfs.c:344:16:store_cursor	0	static
fbsysfs.c:352:16:show_cursor	0	static
fbsysfs.c:400:16:store_fbstate	64	static
fbsysfs.c:424:16:show_fbstate	16	static
fbsysfs.c:260:16:show_rotate	16	static
fbsysfs.c:297:16:show_stride	16	static
fbsysfs.c:392:16:show_name	16	static
fbsysfs.c:289:16:show_virtual	16	static
fbsysfs.c:384:16:show_pan	16	static
fbsysfs.c:105:12:mode_string	16	static
fbsysfs.c:201:16:show_modes	48	static
fbsysfs.c:158:16:show_mode	16	static
fbsysfs.c:234:16:show_bpp	16	static
fbsysfs.c:90:12:activate	48	static
fbsysfs.c:241:16:store_rotate	208	static
fbsysfs.c:268:16:store_virtual	224	static
fbsysfs.c:219:16:store_bpp	208	static
fbsysfs.c:359:16:store_pan	240	static
fbsysfs.c:169:16:store_modes	80	static
fbsysfs.c:127:16:store_mode	336	static
fbsysfs.c:304:16:store_blank	80	static
fbsysfs.c:39:17:framebuffer_alloc	48	static
fbsysfs.c:81:6:framebuffer_release	32	static
fbsysfs.c:517:5:fb_init_device	48	static
fbsysfs.c:541:6:fb_cleanup_device	48	static
