mt_soc_pcm_routing.c:561:12:Audio_Ipoh_Setting_Get	0	static
mt_soc_pcm_routing.c:889:12:Afe_Anc_Get	0	static
mt_soc_pcm_routing.c:954:12:mtk_routing_pcm_close	0	static
mt_soc_pcm_routing.c:959:12:mtk_routing_pcm_trigger	0	static
mt_soc_pcm_routing.c:971:12:mtk_routing_pcm_copy	0	static
mt_soc_pcm_routing.c:979:12:mtk_routing_pcm_silence	0	static
mt_soc_pcm_routing.c:996:12:mtk_routing_pcm_prepare	0	static
mt_soc_pcm_routing.c:1001:12:mtk_routing_pcm_hw_params	0	static
mt_soc_pcm_routing.c:1050:12:mtk_asoc_routing_pcm_new	0	static
mt_soc_pcm_routing.c:989:21:mtk_routing_pcm_page	16	static
mt_soc_pcm_routing.c:537:12:AudioI2S1_Setting_Get	32	static
mt_soc_pcm_routing.c:568:12:Audio_Ipoh_Setting_Set	16	static
mt_soc_pcm_routing.c:514:12:AudioDebug_Setting_Get	16	static
mt_soc_pcm_routing.c:587:12:Audio_Mode_Set	32	static
mt_soc_pcm_routing.c:579:12:Audio_Mode_Get	32	static
mt_soc_pcm_routing.c:385:12:Audio_SideTone_Get	32	static
mt_soc_pcm_routing.c:369:12:Audio_SideGen_Amplitude_Set	32	static
mt_soc_pcm_routing.c:362:12:Audio_SideGen_Amplitude_Get	16	static
mt_soc_pcm_routing.c:303:12:Audio_SideGen_SampleRate_Get	32	static
mt_soc_pcm_routing.c:152:12:Audio_SideGen_Get	32	static
mt_soc_pcm_routing.c:1197:19:mtk_soc_routing_platform_init	16	static
mt_soc_pcm_routing.c:1070:12:mtk_afe_routing_remove	16	static
mt_soc_pcm_routing.c:1035:12:mtk_afe_routing_probe	32	static
mt_soc_pcm_routing.c:1010:12:mtk_routing_pcm_hw_free	16	static
mt_soc_pcm_routing.c:923:12:mtk_routing_pcm_open	48	static
mt_soc_pcm_routing.c:1058:12:mtk_afe_routing_platform_probe	32	static
mt_soc_pcm_routing.c:626:12:Audio_DL2_DataTransfer	16	static
mt_soc_pcm_routing.c:521:12:AudioI2S1_Setting_Set	32	static
mt_soc_pcm_routing.c:421:12:AudioDebug_Setting_Set	32	static
mt_soc_pcm_routing.c:829:12:Audio_Hpr_Offset_Set	16	static
mt_soc_pcm_routing.c:797:12:Audio_Hpl_Offset_Set	16	static
mt_soc_pcm_routing.c:393:12:Audio_SideTone_Set	32	static
mt_soc_pcm_routing.c:311:12:Audio_SideGen_SampleRate_Set	32	static
mt_soc_pcm_routing.c:160:12:Audio_SideGen_Set	32	static
mt_soc_pcm_routing.c:1221:20:mtk_soc_routing_platform_exit	16	static
mt_soc_pcm_routing.c:602:12:GetAudioTrimOffsetAverage.constprop	0	static
mt_soc_pcm_routing.c:645:13:GetAudioTrimOffset	96	static
mt_soc_pcm_routing.c:809:12:Audio_Hpr_Offset_Get	48	static
mt_soc_pcm_routing.c:777:12:Audio_Hpl_Offset_Get	48	static
mt_soc_pcm_routing.c:1140:12:mtk_routing_pm_ops_resume	32	static
mt_soc_pcm_routing.c:1155:12:mtk_pm_ops_resume_ipo	32	static
mt_soc_pcm_routing.c:1113:12:mtk_routing_pm_ops_suspend	32	static
mt_soc_pcm_routing.c:1133:12:mtk_pm_ops_suspend_ipo	32	static
mt_soc_pcm_routing.c:147:5:Get_Audio_Mode	0	static
mt_soc_pcm_routing.c:881:6:EnAble_Anc_Path	16	static
mt_soc_pcm_routing.c:896:12:Afe_Anc_Set	32	static
