mt_soc_pcm_dl2.c:234:12:mtk_pcm_dl2_hw_free	0	static
mt_soc_pcm_dl2.c:731:12:mtk_pcm_dl2_silence	0	static
mt_soc_pcm_dl2.c:740:21:mtk_pcm_dl2_page	0	static
mt_soc_pcm_dl2.c:796:12:mtk_asoc_pcm_dl2_new	0	static
mt_soc_pcm_dl2.c:838:19:mtk_dl2_soc_platform_init	16	static
mt_soc_pcm_dl2.c:815:12:mtk_soc_dl2_remove	16	static
mt_soc_pcm_dl2.c:132:26:mtk_pcm_dl2_pointer	64	static
mt_soc_pcm_dl2.c:450:12:mtk_pcm_dl2_trigger	32	static
mt_soc_pcm_dl2.c:342:12:mtk_pcm_dl2_prepare	48	static
mt_soc_pcm_dl2.c:300:12:mtk_soc_pcm_dl2_close	32	static
mt_soc_pcm_dl2.c:247:12:mtk_pcm_dl2_open	64	static
mt_soc_pcm_dl2.c:805:12:mtk_asoc_dl2_probe	16	static
mt_soc_pcm_dl2.c:862:20:mtk_dl2_soc_platform_exit	16	static
mt_soc_pcm_dl2.c:575:12:dataTransfer	16	static
mt_soc_pcm_dl2.c:464:12:mtk_pcm_dl2_copy_	80	static
mt_soc_pcm_dl2.c:646:12:mtk_pcm_dl2_copy	80	static
mt_soc_pcm_dl2.c:775:12:mtk_soc_dl2_probe	48	static
mt_soc_pcm_dl2.c:211:12:mtk_pcm_dl2_params	32	static
mt_soc_pcm_dl2.c:586:6:mtk_dl2_copy2buffer	64	static
mt_soc_pcm_dl2.c:631:6:mtk_dl2_copy_l	96	static
