mt_soc_pcm_dl1_i2s0Dl1.c:322:12:mtk_pcm_I2S0dl1_hw_free	0	static
mt_soc_pcm_dl1_i2s0Dl1.c:734:21:mtk_I2S0dl1_pcm_page	16	static
mt_soc_pcm_dl1_i2s0Dl1.c:724:12:mtk_pcm_I2S0dl1_silence	16	static
mt_soc_pcm_dl1_i2s0Dl1.c:780:12:mtk_asoc_pcm_I2S0dl1_new	16	static
mt_soc_pcm_dl1_i2s0Dl1.c:92:12:Audio_I2S0dl1_hdoutput_Get	32	static
mt_soc_pcm_dl1_i2s0Dl1.c:831:19:mtk_I2S0dl1_soc_platform_init	16	static
mt_soc_pcm_dl1_i2s0Dl1.c:801:12:mtk_I2S0dl1_remove	32	static
mt_soc_pcm_dl1_i2s0Dl1.c:761:12:mtk_I2S0dl1_probe	48	static
mt_soc_pcm_dl1_i2s0Dl1.c:577:12:mtk_pcm_I2S0dl1_copy	80	static
mt_soc_pcm_dl1_i2s0Dl1.c:100:12:Audio_I2S0dl1_hdoutput_Set	32	static
mt_soc_pcm_dl1_i2s0Dl1.c:198:26:mtk_pcm_I2S0dl1_pointer	64	static
mt_soc_pcm_dl1_i2s0Dl1.c:562:12:mtk_pcm_I2S0dl1_trigger	48	static
mt_soc_pcm_dl1_i2s0Dl1.c:427:12:mtk_pcm_I2S0dl1_prepare	64	static
mt_soc_pcm_dl1_i2s0Dl1.c:382:12:mtk_pcm_I2S0dl1_close	48	static
mt_soc_pcm_dl1_i2s0Dl1.c:119:12:Audio_Irqcnt1_Get	32	static
mt_soc_pcm_dl1_i2s0Dl1.c:333:12:mtk_pcm_I2S0dl1_open	64	static
mt_soc_pcm_dl1_i2s0Dl1.c:789:12:mtk_afe_I2S0dl1_probe	32	static
mt_soc_pcm_dl1_i2s0Dl1.c:127:12:Audio_Irqcnt1_Set	32	static
mt_soc_pcm_dl1_i2s0Dl1.c:854:20:mtk_I2S0dl1_soc_platform_exit	16	static
mt_soc_pcm_dl1_i2s0Dl1.c:277:12:mtk_pcm_I2S0dl1_hw_params	48	static
