mt_soc_offload_gdma.c:698:12:mtk_compr_offload_gdma_get_params	0	static
mt_soc_offload_gdma.c:771:12:mtk_compr_offload_gdma_get_codec_caps	0	static
mt_soc_offload_gdma.c:781:12:mtk_compr_offload_gdma_set_metadata	0	static
mt_soc_offload_gdma.c:791:12:mtk_compr_offload_gdma_get_metadata	0	static
mt_soc_offload_gdma.c:801:12:mtk_compr_offload_gdma_mmap	0	static
mt_soc_offload_gdma.c:891:12:mtk_compr_offload_gdma_pointer	0	static
mt_soc_offload_gdma.c:991:12:mtk_asoc_offload_gdma_new	0	static
mt_soc_offload_gdma.c:754:12:mtk_compr_offload_gdma_get_caps	16	static
mt_soc_offload_gdma.c:326:6:mtk_compr_offload_gdma_int_setVolume	16	static
mt_soc_offload_gdma.c:288:12:mtk_compr_offload_gdma_int_copy	48	static
mt_soc_offload_gdma.c:1078:19:mtk_soc_offload_gdma_init	16	static
mt_soc_offload_gdma.c:1048:12:mtk_offload_gdma_remove	32	static
mt_soc_offload_gdma.c:1023:12:mtk_offload_gdma_probe	32	static
mt_soc_offload_gdma.c:708:12:mtk_compr_offload_gdma_set_params	48	static
mt_soc_offload_gdma.c:999:12:mtk_asoc_offload_gdma_probe	16	static
mt_soc_offload_gdma.c:1101:20:mtk_soc_offload_gdma_exit	16	static
mt_soc_offload_gdma.c:867:12:mtk_compr_offload_gdma_trigger	64	static
mt_soc_offload_gdma.c:160:5:mtk_compr_offload_gdma_read	80	static
mt_soc_offload_gdma.c:331:6:mtk_compr_offload_gdma_int_wakelock	48	static
mt_soc_offload_gdma.c:808:5:mtk_compr_offload_gdma_copy	64	static
mt_soc_offload_gdma.c:567:12:mtk_compr_offload_gdma_free	48	static
mt_soc_offload_gdma.c:631:12:mtk_compr_offload_gdma_open	64	static
