mt_soc_pcm_mrgrx.c:165:26:mtk_pcm_mrgrx_pointer	0	static
mt_soc_pcm_mrgrx.c:391:21:mtk_mrgrx_pcm_page	16	static
mt_soc_pcm_mrgrx.c:381:12:mtk_pcm_mrgrx_silence	16	static
mt_soc_pcm_mrgrx.c:175:12:mtk_pcm_mrgrx_hw_params	16	static
mt_soc_pcm_mrgrx.c:434:12:mtk_asoc_pcm_mrgrx_new	16	static
mt_soc_pcm_mrgrx.c:120:12:Audio_Wcn_Cmb_Set	16	static
mt_soc_pcm_mrgrx.c:112:12:Audio_Wcn_Cmb_Get	32	static
mt_soc_pcm_mrgrx.c:79:12:Audio_mrgrx_Volume_Get	32	static
mt_soc_pcm_mrgrx.c:481:19:mtk_mrgrx_soc_platform_init	16	static
mt_soc_pcm_mrgrx.c:451:12:mtk_mrgrx_remove	32	static
mt_soc_pcm_mrgrx.c:418:12:mtk_mrgrx_probe	48	static
mt_soc_pcm_mrgrx.c:373:12:mtk_pcm_mrgrx_copy	16	static
mt_soc_pcm_mrgrx.c:280:12:mtk_pcm_mrgrx_prepare	48	static
mt_soc_pcm_mrgrx.c:184:12:mtk_pcm_mrgrx_hw_free	32	static
mt_soc_pcm_mrgrx.c:230:12:mtk_pcm_mrgrx_close	32	static
mt_soc_pcm_mrgrx.c:196:12:mtk_pcm_mrgrx_open	48	static
mt_soc_pcm_mrgrx.c:443:12:mtk_afe_mrgrx_probe	32	static
mt_soc_pcm_mrgrx.c:502:20:mtk_mrgrx_soc_platform_exit	16	static
mt_soc_pcm_mrgrx.c:358:12:mtk_pcm_mrgrx_trigger	32	static
mt_soc_pcm_mrgrx.c:88:12:Audio_mrgrx_Volume_Set	32	static
