mt_soc_pcm_voice_md1.c:240:12:mtk_voice_trigger	0	static
mt_soc_pcm_voice_md1.c:253:12:mtk_voice_pcm_copy	0	static
mt_soc_pcm_voice_md1.c:260:12:mtk_voice_pcm_silence	0	static
mt_soc_pcm_voice_md1.c:269:21:mtk_pcm_page	0	static
mt_soc_pcm_voice_md1.c:316:12:mtk_pcm_hw_params	0	static
mt_soc_pcm_voice_md1.c:419:12:mtk_voice_pm_ops_resume	48	static
mt_soc_pcm_voice_md1.c:395:12:mtk_voice_pm_ops_suspend	48	static
mt_soc_pcm_voice_md1.c:368:12:mtk_soc_voice_new	16	static
mt_soc_pcm_voice_md1.c:134:12:Audio_Speech_MD_Control_Set	16	static
mt_soc_pcm_voice_md1.c:126:12:Audio_Speech_MD_Control_Get	32	static
mt_soc_pcm_voice_md1.c:476:19:mtk_soc_voice_platform_init	16	static
mt_soc_pcm_voice_md1.c:386:12:mtk_voice_remove	32	static
mt_soc_pcm_voice_md1.c:350:12:mtk_voice_probe	32	static
mt_soc_pcm_voice_md1.c:325:12:mtk_voice_hw_free	16	static
mt_soc_pcm_voice_md1.c:205:12:mtk_voice_close	16	static
mt_soc_pcm_voice_md1.c:149:12:mtk_voice_pcm_open	48	static
mt_soc_pcm_voice_md1.c:376:12:mtk_voice_platform_probe	32	static
mt_soc_pcm_voice_md1.c:500:20:mtk_soc_voice_platform_exit	16	static
mt_soc_pcm_voice_md1.c:275:12:mtk_voice1_prepare	112	static
mt_soc_pcm_voice_md1.c:75:6:get_voice_status	0	static
