init.c:288:15:snd_disconnect_llseek	0	static
init.c:293:16:snd_disconnect_read	0	static
init.c:299:16:snd_disconnect_write	0	static
init.c:328:21:snd_disconnect_poll	0	static
init.c:333:13:snd_disconnect_ioctl	0	static
init.c:339:12:snd_disconnect_mmap	0	static
init.c:344:12:snd_disconnect_fasync	0	static
init.c:654:1:card_number_show_attr	16	static
init.c:614:1:card_id_show_attr	16	static
init.c:163:13:release_card_device	32	static
init.c:305:12:snd_disconnect_release	48	static
init.c:104:13:snd_card_id_read	16	static
init.c:738:13:snd_card_info_read	80	static
init.c:622:1:card_id_store_attr	80	static
init.c:546:13:snd_card_set_id_no_lock	128	static
init.c:185:5:snd_card_new	96	static
init.c:278:5:snd_card_locked	48	static
init.c:376:5:snd_card_disconnect	96	static
init.c:472:5:snd_card_free_when_closed	32	static
init.c:482:5:snd_card_free	64	static
init.c:602:6:snd_card_set_id	48	static
init.c:689:5:snd_card_register	64	static
init.c:764:6:snd_card_info_read_oss	80	static
init.c:802:12:snd_card_info_init	32	static
init.c:830:12:snd_card_info_done	16	static
init.c:852:5:snd_component_add	48	static
init.c:885:5:snd_card_file_add	48	static
init.c:922:5:snd_card_file_remove	64	static
init.c:963:5:snd_power_wait	112	static
