pcm.c:495:13:snd_pcm_xrun_debug_write	96	static
pcm.c:488:13:snd_pcm_xrun_debug_read	16	static
pcm.c:337:13:snd_pcm_proc_info_read	48	static
pcm.c:373:13:snd_pcm_stream_proc_info_read	16	static
pcm.c:380:13:snd_pcm_substream_proc_info_read	16	static
pcm.c:451:13:snd_pcm_substream_proc_status_read	208	static
pcm.c:423:13:snd_pcm_substream_proc_sw_params_read	48	static
pcm.c:1201:13:snd_pcm_proc_read	80	static
pcm.c:386:13:snd_pcm_substream_proc_hw_params_read	48	static
pcm.c:816:13:snd_pcm_free_stream	48	static
pcm.c:840:12:snd_pcm_free	48	static
pcm.c:858:12:snd_pcm_dev_free	16	static
pcm.c:1114:12:snd_pcm_dev_disconnect	64	static
pcm.c:1043:12:snd_pcm_dev_register	112	static
pcm.c:1008:16:show_pcm_class	16	static
pcm.c:1260:20:alsa_pcm_exit	32	static
pcm.c:93:12:snd_pcm_control_ioctl	80	static
pcm.c:1252:19:alsa_pcm_init	32	static
pcm.c:227:13:snd_pcm_format_name	0	static
pcm.c:656:5:snd_pcm_new_stream	144	static
pcm.c:718:12:_snd_pcm_new	80	static
pcm.c:779:5:snd_pcm_new	16	static
pcm.c:807:5:snd_pcm_new_internal	16	static
pcm.c:864:5:snd_pcm_attach_substream	80	static
pcm.c:984:6:snd_pcm_detach_substream	32	static
pcm.c:1172:5:snd_pcm_notify	64	static
