pcm.h:1149:20:snd_pcm_mmap_data_open	0	static
pcm.h:1161:20:snd_pcm_mmap_data_close	0	static
pcm_native.c:1016:12:snd_pcm_pre_start	0	static
pcm_native.c:1079:12:snd_pcm_pre_stop	0	static
pcm_native.c:1150:12:snd_pcm_pre_pause	0	static
pcm_native.c:1229:12:snd_pcm_pre_suspend	0	static
pcm_native.c:1327:12:snd_pcm_pre_resume	0	static
pcm_native.c:1432:12:snd_pcm_pre_reset	0	static
pcm_native.c:1446:12:snd_pcm_do_reset	32	static
pcm_native.c:1484:12:snd_pcm_pre_prepare	0	static
pcm_native.c:1550:12:snd_pcm_pre_drain_init	0	static
pcm_native.c:1598:13:snd_pcm_post_drain_init	0	static
pcm_native.c:825:12:snd_pcm_action_group	80	static
pcm_native.c:1974:12:snd_pcm_hw_rule_buffer_bytes_max	32	static
pcm_native.c:799:13:snd_pcm_trigger_tstamp	32	static
pcm_native.c:1460:13:snd_pcm_post_reset	16	static
pcm_native.c:1041:13:snd_pcm_post_start	48	static
pcm_native.c:1356:13:snd_pcm_post_resume	32	static
pcm_native.c:1096:13:snd_pcm_post_stop	48	static
pcm_native.c:1249:13:snd_pcm_post_suspend	32	static
pcm_native.c:1190:13:snd_pcm_post_pause	48	static
pcm_native.c:1887:12:snd_pcm_hw_rule_muldivk	64	static
pcm_native.c:1897:12:snd_pcm_hw_rule_mulkdiv	64	static
pcm_native.c:1869:12:snd_pcm_hw_rule_mul	64	static
pcm_native.c:1878:12:snd_pcm_hw_rule_div	64	static
pcm_native.c:1928:12:snd_pcm_hw_rule_sample_bits	80	static
pcm_native.c:1907:12:snd_pcm_hw_rule_format	144	static
pcm_native.c:1965:12:snd_pcm_hw_rule_rate	16	static
pcm_native.c:3083:16:snd_pcm_aio_write	80	static
pcm_native.c:3540:13:snd_pcm_hw_convert_from_old_params	32	static
pcm_native.c:3559:13:snd_pcm_hw_convert_to_old_params	32	static
pcm_compat.c:279:12:snd_pcm_ioctl_xferi_compat	32	static
pcm_native.c:3047:16:snd_pcm_aio_read	80	static
pcm_compat.c:323:12:snd_pcm_ioctl_xfern_compat	80	static
pcm_native.c:3321:12:snd_pcm_mmap_data_fault	32	static
pcm_native.c:882:12:snd_pcm_action_single	48	static
pcm_native.c:946:12:snd_pcm_action_lock_mutex	64	static
pcm_native.c:923:12:snd_pcm_action	64	static
pcm_native.c:1028:12:snd_pcm_do_start	16	static
pcm_native.c:1035:13:snd_pcm_undo_start	16	static
pcm_native.c:1088:12:snd_pcm_do_stop	16	static
pcm_native.c:1563:12:snd_pcm_do_drain_init	32	static
pcm_native.c:1182:13:snd_pcm_undo_pause	16	static
pcm_native.c:1238:12:snd_pcm_do_suspend	16	static
pcm_native.c:1336:12:snd_pcm_do_resume	16	static
pcm_native.c:1349:13:snd_pcm_undo_resume	16	static
pcm_native.c:1497:12:snd_pcm_do_prepare	32	static
pcm_native.c:1164:12:snd_pcm_do_pause	32	static
pcm_native.c:3023:16:snd_pcm_write	32	static
pcm_native.c:971:12:snd_pcm_action_lock_irq.part.31	80	static
pcm_native.c:2999:16:snd_pcm_read	32	static
pcm_native.c:3509:12:snd_pcm_fasync	16	static
pcm_native.c:1839:12:snd_pcm_unlink	48	static
pcm_native.c:2194:13:pcm_release_private	16	static
pcm_native.c:100:6:snd_pcm_stream_lock	32	static
pcm_native.c:118:6:snd_pcm_stream_unlock	16	static
pcm_native.c:138:6:snd_pcm_stream_lock_irq	16	static
pcm_native.c:152:6:snd_pcm_stream_unlock_irq	32	static
pcm_native.c:2398:26:snd_pcm_playback_rewind	48	static
pcm_native.c:2494:26:snd_pcm_playback_forward	48	static
pcm_native.c:476:13:snd_pcm_set_state	48	static
pcm_native.c:1506:13:snd_pcm_post_prepare	16	static
pcm_native.c:632:12:snd_pcm_sw_params	48	static
pcm_native.c:686:12:snd_pcm_sw_params_user	176	static
pcm_compat.c:122:12:snd_pcm_ioctl_sw_params_compat	192	static
pcm_native.c:762:12:snd_pcm_channel_info	48	static
pcm_native.c:2592:12:snd_pcm_hwsync	32	static
pcm_native.c:2623:12:snd_pcm_delay	64	static
pcm_native.c:2664:12:snd_pcm_sync_ptr	192	static
pcm_native.c:2446:26:snd_pcm_capture_rewind	48	static
pcm_native.c:2543:26:snd_pcm_capture_forward	48	static
pcm_native.c:3156:21:snd_pcm_capture_poll	32	static
pcm_native.c:3117:21:snd_pcm_playback_poll	32	static
pcm_native.c:160:15:_snd_pcm_stream_lock_irqsave	32	static
pcm_native.c:177:6:snd_pcm_stream_unlock_irqrestore	48	static
pcm_native.c:200:5:snd_pcm_info	48	static
pcm_native.c:227:5:snd_pcm_info_user	48	static
pcm_native.c:268:5:snd_pcm_hw_refine	224	dynamic
pcm_native.c:484:12:snd_pcm_hw_params	64	static
pcm_compat.c:232:12:snd_pcm_ioctl_hw_params_compat	64	static
pcm_native.c:699:5:snd_pcm_status	48	static
pcm_native.c:747:12:snd_pcm_status_user	192	static
pcm_compat.c:203:12:snd_pcm_status_user_compat	192	static
pcm_native.c:1070:5:snd_pcm_start	16	static
pcm_native.c:1125:5:snd_pcm_stop	16	static
pcm_native.c:1734:12:snd_pcm_drop	32	static
pcm_native.c:2717:12:snd_pcm_common_ioctl1	160	static
pcm_native.c:2785:12:snd_pcm_playback_ioctl1	80	static
pcm_native.c:2945:13:snd_pcm_playback_ioctl	16	static
pcm_native.c:2865:12:snd_pcm_capture_ioctl1	80	static
pcm_native.c:2959:13:snd_pcm_capture_ioctl	16	static
pcm_compat.c:472:13:snd_pcm_ioctl_compat	160	static
pcm_native.c:1141:5:snd_pcm_drain_done	16	static
pcm_native.c:1277:5:snd_pcm_suspend	48	static
pcm_native.c:1301:5:snd_pcm_suspend_all	48	static
pcm_native.c:1987:5:snd_pcm_hw_constraints_init	64	static
pcm_native.c:2111:5:snd_pcm_hw_constraints_complete	48	static
pcm_native.c:2199:6:snd_pcm_release_substream	32	static
pcm_native.c:2377:12:snd_pcm_release	64	static
pcm_native.c:2223:5:snd_pcm_open_substream	64	static
pcm_native.c:2320:12:snd_pcm_open	128	static
pcm_native.c:2306:12:snd_pcm_capture_open	32	static
pcm_native.c:2292:12:snd_pcm_playback_open	32	static
pcm_native.c:2973:5:snd_pcm_kernel_ioctl	32	static
pcm_native.c:3378:5:snd_pcm_lib_default_mmap	16	static
pcm_native.c:3437:5:snd_pcm_mmap_data	32	static
pcm_native.c:3482:12:snd_pcm_mmap	16	static
