timer.c:133:26:snd_timer_find	0	static
timer.c:637:13:snd_timer_reschedule	0	static
timer.c:1378:13:snd_timer_user_copy_id	0	static
timer.c:1995:21:snd_timer_user_poll	32	static
timer.c:1086:13:snd_timer_free_system	16	static
timer.c:102:35:snd_timer_instance_new	48	static
timer.c:863:12:snd_timer_free	48	static
timer.c:888:12:snd_timer_dev_free	16	static
timer.c:894:12:snd_timer_dev_register	48	static
timer.c:449:12:snd_timer_start_slave	64	static
timer.c:668:13:snd_timer_tasklet	80	static
timer.c:939:12:snd_timer_dev_disconnect	64	static
timer.c:1196:13:snd_timer_user_interrupt	48	static
timer.c:1921:12:snd_timer_user_fasync	16	static
timer_compat.c:35:12:snd_timer_user_info_compat	256	static
timer.c:1929:16:snd_timer_user_read	176	static
timer.c:1061:12:snd_timer_s_stop	32	static
timer.c:1042:12:snd_timer_s_start	16	static
timer.c:1120:13:snd_timer_proc_read	96	static
timer.c:1228:13:snd_timer_user_append_to_tqueue	0	static
timer.c:1240:13:snd_timer_user_ccallback	80	static
timer.c:1265:13:snd_timer_user_tinterrupt	112	static
timer.c:1324:12:snd_timer_user_open	48	static
timer.c:235:5:snd_timer_open	96	static
timer.c:381:15:snd_timer_resolution	16	static
timer.c:395:13:snd_timer_notify1	80	static
timer.c:507:12:_snd_timer_stop	80	static
timer.c:472:5:snd_timer_start	80	static
timer.c:571:5:snd_timer_stop	32	static
timer.c:313:5:snd_timer_close	64	static
timer.c:1351:12:snd_timer_user_release	32	static
timer.c:593:5:snd_timer_continue	64	static
timer.c:626:5:snd_timer_pause	16	static
timer.c:1909:13:snd_timer_user_ioctl	208	static
timer_compat.c:109:13:snd_timer_user_ioctl_compat	144	static
timer.c:708:6:snd_timer_interrupt	96	static
timer.c:1032:13:snd_timer_s_function	16	static
timer.c:816:5:snd_timer_new	64	static
timer.c:960:6:snd_timer_notify	96	static
timer.c:995:5:snd_timer_global_new	48	static
timer.c:1007:5:snd_timer_global_free	16	static
timer.c:1012:5:snd_timer_global_register	64	static
timer.c:2036:19:alsa_timer_init	64	static
timer.c:1183:20:snd_timer_proc_done	16	static
timer.c:2054:20:alsa_timer_exit	32	static
