xhci-mtk-driver.c:1471:20:xhci_hcd_cleanup	0	static
xhci-mtk-driver.c:600:13:mtk_xhci_disPortPower	16	static
xhci-mtk-driver.c:700:20:xhci_eint_iddig_isr	32	static
xhci-mtk-driver.c:569:12:mtk_xhci_driver_load	32	static
xhci-mtk-driver.c:164:6:switch_int_to_host_and_mask	32	static
xhci-mtk-driver.c:170:6:switch_int_to_host	32	static
xhci-mtk-driver.c:202:6:mtk_is_usb_id_pin_short_gnd	0	static
xhci-mtk-driver.c:616:6:mtk_xhci_switch_init	16	static
xhci-mtk-driver.c:740:5:mtk_xhci_eint_iddig_init	48	static
xhci-mtk-driver.c:781:6:mtk_xhci_eint_iddig_deinit	32	static
xhci-mtk-driver.c:803:6:mtk_set_host_mode_in_host	0	static
xhci-mtk-driver.c:808:6:mtk_set_host_mode_out	0	static
xhci-mtk-driver.c:813:6:mtk_is_host_mode	0	static
xhci-mtk-driver.c:983:6:mtk_xhci_wakelock_init	32	static
xhci-mtk-driver.c:1461:19:xhci_hcd_init	16	static
xhci-mtk-driver.c:992:6:mtk_xhci_wakelock_lock	16	static
xhci-mtk-driver.c:947:12:typec_otg_enable	48	static
xhci-mtk-driver.c:999:6:mtk_xhci_wakelock_unlock	16	static
xhci-mtk-driver.c:630:6:mtk_xhci_mode_switch	64	static
xhci-mtk-driver.c:818:6:mtk_unload_xhci_on_ipo	32	static
xhci-mtk-driver.c:961:12:typec_otg_disable	32	static
xhci-mtk-driver.c:1006:5:mtk_xhci_set	48	static
xhci-mtk-driver.c:1035:6:mtk_xhci_reset	32	static
xhci-mtk-driver.c:1046:6:mtk_xhci_ck_timer_init	0	static
xhci-mtk-driver.c:1163:5:mtk_xhci_ip_init	32	static
