mali_kbase_mem_linux.c:1803:13:kbase_cpu_vm_open	0	static
mali_kbase_mem_linux.c:528:13:kbase_zone_cache_builder	80	static
mali_kbase_mem_linux.c:390:15:kbase_mem_evictable_reclaim_count_objects	48	static
mali_kbase_mem_linux.c:1850:12:kbase_cpu_vm_fault	48	static
mali_kbase_mem_linux.c:1813:13:kbase_cpu_vm_close	32	static
mali_kbase_mem_linux.c:2684:13:kbase_special_vm_close	48	static
mali_kbase_mem_linux.c:1597:12:kbase_mem_shrink_cpu_mapping.isra.9	112	static
mali_kbase_mem_linux.c:428:15:kbase_mem_evictable_reclaim_scan_objects	96	static
mali_kbase_mem_linux.c:85:25:kbase_mem_alloc	128	static
mali_kbase_mem_linux.c:317:5:kbase_mem_query	64	static
mali_kbase_mem_linux.c:492:5:kbase_mem_evictable_init	32	static
mali_kbase_mem_linux.c:514:6:kbase_mem_evictable_deinit	16	static
mali_kbase_mem_linux.c:579:5:kbase_zone_cache_update	16	static
mali_kbase_mem_linux.c:592:5:kbase_zone_cache_build	16	static
mali_kbase_mem_linux.c:601:6:kbase_zone_cache_clear	32	static
mali_kbase_mem_linux.c:1222:5:kbase_mem_alias	128	static
mali_kbase_mem_linux.c:1409:5:kbase_mem_import	128	static
mali_kbase_mem_linux.c:1579:5:kbase_mem_grow_gpu_mapping	16	static
mali_kbase_mem_linux.c:1670:5:kbase_mem_commit	96	static
mali_kbase_mem_linux.c:2142:6:kbase_os_mem_map_lock	16	static
mali_kbase_mem_linux.c:2149:6:kbase_os_mem_map_unlock	16	static
mali_kbase_mem_linux.c:2194:5:kbase_mmap	128	static
mali_kbase_mem_linux.c:2453:7:kbase_vmap_prot	128	static
mali_kbase_mem_linux.c:2575:7:kbase_vmap	16	static
mali_kbase_mem_linux.c:2587:6:kbase_vunmap	64	static
mali_kbase_mem_linux.c:2639:6:kbasep_os_process_page_usage_update	32	static
mali_kbase_mem_linux.c:700:5:kbase_mem_evictable_make	48	static
mali_kbase_mem_linux.c:732:6:kbase_mem_evictable_unmake	48	static
mali_kbase_mem_linux.c:780:5:kbase_mem_flags_change	80	static
mali_kbase_mem_linux.c:2721:7:kbase_va_alloc	128	static
mali_kbase_mem_linux.c:2804:6:kbase_va_free	80	static
