mali_kbase_tlstream.c:730:13:kbasep_timeline_stream_reset	0	static
mali_kbase_tlstream.c:1043:12:kbasep_tlstream_packet_pending	0	static
mali_kbase_tlstream.c:1163:21:kbasep_tlstream_poll	32	static
mali_kbase_tlstream.c:916:13:kbasep_tlstream_msgbuf_release	16	static
mali_kbase_tlstream.c:1184:12:kbasep_tlstream_release	32	static
mali_kbase_tlstream.c:559:15:kbasep_tlstream_write_string	48	static
mali_kbase_tlstream.c:517:12:kbasep_tlstream_get_timestamp	32	static
mali_kbase_tlstream.c:1080:16:kbasep_tlstream_read	144	static
mali_kbase_tlstream.c:805:15:kbasep_tlstream_msgbuf_submit	48	static
mali_kbase_tlstream.c:974:13:kbasep_tlstream_autoflush_timer_callback	96	static
mali_kbase_tlstream.c:868:14:kbasep_tlstream_msgbuf_acquire	64	static
mali_kbase_tlstream.c:940:13:kbasep_tlstream_flush_stream	64	static
mali_kbase_tlstream.c:1208:13:kbasep_tlstream_timeline_header	112	static
mali_kbase_tlstream.c:1281:5:kbase_tlstream_init	80	static
mali_kbase_tlstream.c:1309:6:kbase_tlstream_term	32	static
mali_kbase_tlstream.c:1319:5:kbase_tlstream_acquire	64	static
mali_kbase_tlstream.c:1364:6:kbase_tlstream_flush_streams	32	static
mali_kbase_tlstream.c:1372:6:kbase_tlstream_reset_body_streams	32	static
mali_kbase_tlstream.c:1392:6:__kbase_tlstream_tl_summary_new_ctx	64	static
mali_kbase_tlstream.c:1421:6:__kbase_tlstream_tl_summary_new_gpu	80	static
mali_kbase_tlstream.c:1449:6:__kbase_tlstream_tl_summary_new_lpu	64	static
mali_kbase_tlstream.c:1477:6:__kbase_tlstream_tl_summary_lifelink_lpu_gpu	64	static
mali_kbase_tlstream.c:1502:6:__kbase_tlstream_tl_summary_new_as	64	static
mali_kbase_tlstream.c:1527:6:__kbase_tlstream_tl_summary_lifelink_as_gpu	64	static
mali_kbase_tlstream.c:1554:6:__kbase_tlstream_tl_new_ctx	64	static
mali_kbase_tlstream.c:1582:6:__kbase_tlstream_tl_new_atom	64	static
mali_kbase_tlstream.c:1607:6:__kbase_tlstream_tl_del_ctx	48	static
mali_kbase_tlstream.c:1630:6:__kbase_tlstream_tl_del_atom	48	static
mali_kbase_tlstream.c:1653:6:__kbase_tlstream_tl_ret_ctx_lpu	64	static
mali_kbase_tlstream.c:1678:6:__kbase_tlstream_tl_ret_atom_ctx	64	static
mali_kbase_tlstream.c:1703:6:__kbase_tlstream_tl_ret_atom_lpu	80	static
mali_kbase_tlstream.c:1734:6:__kbase_tlstream_tl_nret_ctx_lpu	64	static
mali_kbase_tlstream.c:1759:6:__kbase_tlstream_tl_nret_atom_ctx	64	static
mali_kbase_tlstream.c:1784:6:__kbase_tlstream_tl_dep_atom_atom	64	static
mali_kbase_tlstream.c:1809:6:__kbase_tlstream_tl_ndep_atom_atom	64	static
mali_kbase_tlstream.c:1834:6:__kbase_tlstream_tl_rdep_atom_atom	64	static
mali_kbase_tlstream.c:1859:6:__kbase_tlstream_tl_nret_atom_lpu	64	static
mali_kbase_tlstream.c:1884:6:__kbase_tlstream_tl_ret_as_ctx	64	static
mali_kbase_tlstream.c:1909:6:__kbase_tlstream_tl_nret_as_ctx	64	static
mali_kbase_tlstream.c:1934:6:__kbase_tlstream_tl_ret_atom_as	64	static
mali_kbase_tlstream.c:1959:6:__kbase_tlstream_tl_nret_atom_as	64	static
mali_kbase_tlstream.c:1984:6:__kbase_tlstream_tl_attrib_atom_config	80	static
mali_kbase_tlstream.c:2015:6:__kbase_tlstream_tl_attrib_as_config	80	static
mali_kbase_tlstream.c:2046:6:__kbase_tlstream_jd_gpu_soft_reset	48	static
mali_kbase_tlstream.c:2071:6:__kbase_tlstream_aux_pm_state	64	static
mali_kbase_tlstream.c:2096:6:__kbase_tlstream_aux_issue_job_softstop	48	static
mali_kbase_tlstream.c:2117:6:__kbase_tlstream_aux_job_softstop	48	static
mali_kbase_tlstream.c:2168:6:__kbase_tlstream_aux_job_softstop_ex	144	static
mali_kbase_tlstream.c:2198:6:__kbase_tlstream_aux_pagefault	64	static
mali_kbase_tlstream.c:2223:6:__kbase_tlstream_aux_pagesalloc	64	static
