mtkfb_fence.c:111:32:_get_session_sync_info	144	static
mtkfb_fence.c:380:13:mtkfb_ion_cache_flush.part.0	144	static
mtkfb_fence.c:1065:12:prepare_ion_buf.isra.1	160	static
mtkfb_fence.c:60:6:mtkfb_fence_log_enable	16	static
mtkfb_fence.c:241:25:disp_get_session_sync_info_for_debug	16	static
mtkfb_fence.c:246:17:_get_sync_info	64	static
mtkfb_fence.c:396:14:mtkfb_query_buf_mva	80	static
mtkfb_fence.c:442:14:mtkfb_query_buf_va	64	static
mtkfb_fence.c:478:14:mtkfb_query_release_idx	112	static
mtkfb_fence.c:528:14:mtkfb_update_buf_ticket	80	static
mtkfb_fence.c:566:14:mtkfb_query_idx_by_ticket	64	static
mtkfb_fence.c:593:6:mtkfb_update_buf_info_new	64	static
mtkfb_fence.c:628:14:mtkfb_query_buf_info	80	static
mtkfb_fence.c:661:6:mtkfb_update_buf_info	64	static
mtkfb_fence.c:693:14:mtkfb_query_frm_seq_by_addr	80	static
mtkfb_fence.c:732:5:disp_sync_init	32	static
mtkfb_fence.c:753:30:mtkfb_init_buf_info	0	static
mtkfb_fence.c:797:6:mtkfb_release_fence	192	static
mtkfb_fence.c:881:6:mtkfb_release_layer_fence	64	static
mtkfb_fence.c:902:6:mtkfb_release_session_fence	32	static
mtkfb_fence.c:915:5:disp_sync_get_ovl_timeline_id	0	static
mtkfb_fence.c:920:5:disp_sync_get_output_timeline_id	0	static
mtkfb_fence.c:925:5:disp_sync_get_output_interface_timeline_id	0	static
mtkfb_fence.c:930:5:disp_sync_get_present_timeline_id	0	static
mtkfb_fence.c:936:5:disp_sync_get_cached_layer_info	64	static
mtkfb_fence.c:1001:5:disp_sync_convert_input_to_fence_layer_info	0	static
mtkfb_fence.c:969:5:disp_sync_put_cached_layer_info	64	static
mtkfb_fence.c:1041:5:disp_sync_put_cached_layer_info_v2	64	static
mtkfb_fence.c:1093:30:disp_sync_prepare_buf	160	static
mtkfb_fence.c:1164:5:disp_sync_find_fence_idx_by_addr	96	static
mtkfb_fence.c:1232:14:disp_sync_query_buf_info	96	static
mtkfb_fence.c:1282:5:disp_sync_get_debug_info	96	static
