xhci-trace.h:40:1:trace_xhci_dbg_context_change	32	static
xhci-trace.h:60:1:trace_xhci_dbg_init	32	static
xhci-trace.h:65:1:trace_xhci_dbg_ring_expansion	32	static
xhci-mem.c:505:35:xhci_alloc_container_ctx	48	static
xhci-mem.c:1906:12:xhci_test_trb_in_td	112	static
xhci-mem.c:98:13:xhci_link_segments.isra.11	0	static
xhci-mem.c:68:13:xhci_segment_free.isra.18	32	static
xhci-mem.c:531:13:xhci_free_container_ctx.isra.19	32	static
xhci-mem.c:850:13:xhci_free_tt_info.isra.20	48	static
xhci-mem.c:39:29:xhci_segment_alloc.isra.22	64	static
xhci-mem.c:320:12:xhci_alloc_segments_for_ring	112	static
xhci-mem.c:217:12:xhci_update_stream_segment_mapping	96	static
xhci-mem.c:1943:12:xhci_check_trb_in_td_math.isra.28	496	static
xhci-mem.c:364:26:xhci_ring_alloc.constprop	64	static
xhci-mem.c:278:6:xhci_ring_free	64	static
xhci-mem.c:400:6:xhci_free_or_cache_endpoint_ring	48	static
xhci-mem.c:459:5:xhci_ring_expansion	80	static
xhci-mem.c:540:32:xhci_get_input_control_ctx	0	static
xhci-mem.c:549:23:xhci_get_slot_ctx	0	static
xhci-mem.c:559:21:xhci_get_ep_ctx	0	static
xhci-mem.c:627:19:xhci_dma_to_transfer_ring	16	static
xhci-mem.c:637:19:xhci_stream_id_to_ring	0	static
xhci-mem.c:771:6:xhci_setup_streams_ep_input_ctx	48	static
xhci-mem.c:795:6:xhci_setup_no_streams_ep_input_ctx	48	static
xhci-mem.c:880:5:xhci_alloc_tt_info	96	static
xhci-mem.c:1046:6:xhci_copy_ep0_dequeue_into_input_ctx	32	static
xhci-mem.c:1098:5:xhci_setup_addressable_virt_dev	96	static
xhci-mem.c:1411:5:xhci_endpoint_init	112	static
xhci-mem.c:1526:6:xhci_endpoint_zero	48	static
xhci-mem.c:1545:6:xhci_clear_endpoint_bw_info	0	static
xhci-mem.c:1555:6:xhci_update_bw_info	64	static
xhci-mem.c:1613:6:xhci_endpoint_copy	64	static
xhci-mem.c:1635:6:xhci_slot_copy	48	static
xhci-mem.c:1748:22:xhci_alloc_command	80	static
xhci-mem.c:1784:6:xhci_urb_free_priv	32	static
xhci-mem.c:1792:6:xhci_free_command	32	static
xhci-mem.c:663:26:xhci_alloc_stream_info	112	static
xhci-mem.c:809:6:xhci_free_stream_info	80	static
xhci-mem.c:923:6:xhci_free_virt_device	80	static
xhci-mem.c:977:5:xhci_alloc_virt_device	128	static
xhci-mem.c:1801:6:xhci_mem_cleanup	112	static
xhci-mem.c:2329:5:xhci_mem_init	208	static
