xhci-trace.h:35:1:trace_xhci_dbg_address	32	static
xhci-trace.h:40:1:trace_xhci_dbg_context_change	32	static
xhci-trace.h:45:1:trace_xhci_dbg_quirks	32	static
xhci-trace.h:50:1:trace_xhci_dbg_reset_ep	32	static
xhci-trace.h:55:1:trace_xhci_dbg_cancel_urb	32	static
xhci-trace.h:60:1:trace_xhci_dbg_init	32	static
xhci.c:2413:21:xhci_get_ss_bw_consumed	0	static
xhci.c:2490:13:xhci_add_ep_to_interval_table	32	static
xhci.c:4016:5:xhci_find_raw_port_number	0	static
xhci.c:4315:5:xhci_set_usb2_hardware_lpm	0	static
xhci.c:4321:5:xhci_update_device	0	static
xhci.c:4877:5:xhci_get_frame	0	static
xhci.c:5074:19:xhci_hcd_init	0	static
xhci.c:4664:12:calculate_max_exit_latency	16	static
xhci.c:441:13:compliance_mode_recovery	64	static
xhci.c:3014:6:xhci_endpoint_reset	16	static
xhci.c:4338:12:xhci_get_timeout_no_hub_lpm	32	static
xhci.c:809:13:xhci_set_cmd_ring_deq	48	static
xhci.c:3739:5:xhci_alloc_dev	64	static
xhci.c:3828:12:xhci_setup_device	128	static
xhci.c:4000:5:xhci_address_device	16	static
xhci.c:4005:5:xhci_enable_device	16	static
xhci.c:4518:12:xhci_update_timeout_for_endpoint	32	static
xhci.c:1212:12:xhci_check_args	32	static
xhci.c:3646:6:xhci_free_dev	64	static
xhci.c:1998:12:xhci_count_num_new_endpoints.isra.32	48	static
xhci.c:2072:13:xhci_free_host_resources	32	static
xhci.c:1862:13:xhci_zero_in_ctx.isra.35	48	static
xhci.c:2888:6:xhci_reset_bandwidth	48	static
xhci.c:74:5:xhci_handshake	48	static
xhci.c:95:6:xhci_quiesce	0	static
xhci.c:119:5:xhci_halt	32	static
xhci.c:602:5:xhci_run	48	static
xhci.c:174:5:xhci_reset	32	static
xhci.c:702:6:xhci_stop	32	static
xhci.c:757:6:xhci_shutdown	32	static
xhci.c:543:5:xhci_init	48	static
xhci.c:913:5:xhci_suspend	80	static
xhci.c:998:5:xhci_resume	80	static
xhci.c:1159:14:xhci_get_endpoint_index	0	static
xhci.c:1543:5:xhci_urb_dequeue	112	static
xhci.c:1173:14:xhci_get_endpoint_address	0	static
xhci.c:1184:14:xhci_get_endpoint_flag	16	static
xhci.c:1658:5:xhci_drop_endpoint	112	static
xhci.c:1746:5:xhci_add_endpoint	96	static
xhci.c:1193:14:xhci_get_endpoint_flag_from_index	0	static
xhci.c:1204:14:xhci_last_valid_endpoint	0	static
xhci.c:2911:13:xhci_setup_input_ctx_for_config_ep	64	static
xhci.c:2427:6:xhci_drop_ep_from_interval_table	32	static
xhci.c:2563:6:xhci_update_tt_active_eps	0	static
xhci.c:2583:12:xhci_reserve_bandwidth	864	static
xhci.c:2676:12:xhci_configure_endpoint	96	static
xhci.c:1337:5:xhci_urb_enqueue	112	static
xhci.c:2784:5:xhci_check_bandwidth	96	static
xhci.c:3190:5:xhci_alloc_streams	176	static
xhci.c:3351:5:xhci_free_streams	128	static
xhci.c:4036:27:xhci_change_max_exit_latency	80	static
xhci.c:4710:5:xhci_enable_usb3_lpm_timeout	112	static
xhci.c:4741:5:xhci_disable_usb3_lpm_timeout	32	static
xhci.c:4779:5:xhci_update_hub_device	96	static
xhci.c:2965:6:xhci_cleanup_stalled_ring	96	static
xhci.c:3443:6:xhci_free_device_endpoint_resources	16	static
xhci.c:3483:5:xhci_discover_or_reset_device	112	static
xhci.c:4884:5:xhci_gen_setup	64	static
xhci.c:5062:6:xhci_init_driver	32	static
