bus.c:236:13:amba_shutdown	16	static
bus.c:104:12:amba_pm_runtime_resume	48	static
bus.c:77:1:resource_show	16	static
bus.c:74:1:id_show	16	static
bus.c:76:1:irq1_show	16	static
bus.c:75:1:irq0_show	16	static
bus.c:146:19:amba_init	16	static
bus.c:153:12:amba_get_enable_pclk	48	static
bus.c:276:13:amba_device_release	32	static
bus.c:533:12:amba_find_match	48	static
bus.c:93:12:amba_pm_runtime_suspend	32	static
bus.c:49:12:amba_uevent	32	static
bus.c:178:12:amba_probe	48	static
bus.c:215:12:amba_remove	48	static
bus.c:41:12:amba_match	0	static
bus.c:250:5:amba_driver_register	16	static
bus.c:270:6:amba_driver_unregister	16	static
bus.c:294:5:amba_device_add	64	static
bus.c:464:21:amba_device_alloc	48	static
bus.c:373:1:amba_aphb_device_add	64	static
bus.c:402:1:amba_apb_device_add	32	static
bus.c:412:1:amba_ahb_device_add	32	static
bus.c:422:1:amba_apb_device_add_res	32	static
bus.c:433:1:amba_ahb_device_add_res	32	static
bus.c:490:5:amba_device_register	48	static
bus.c:502:6:amba_device_put	16	static
bus.c:519:6:amba_device_unregister	16	static
bus.c:568:1:amba_find_device	48	static
bus.c:589:5:amba_request_regions	16	static
bus.c:611:6:amba_release_regions	16	static
