mt_freqhopping.c:481:21:__freq_to_index	0	static
mt_freqhopping.c:1064:12:fh_dramc_proc_read	0	static
mt_freqhopping.c:1069:12:fh_dramc_proc_write	0	static
mt_freqhopping.c:1458:12:mt_fh_hal_get_init	0	static
mt_freqhopping.c:1463:12:mt_fh_hal_is_support_DFS_mode	0	static
mt_freqhopping.c:1074:12:fh_dvfs_proc_read	48	static
mt_freqhopping.c:1170:12:fh_dumpregs_proc_read	96	static
mt_freqhopping.c:984:12:mt_fh_hal_get_dramc	16	static
mt_freqhopping.c:978:12:mt_fh_hal_dram_overclock	16	static
mt_freqhopping.c:972:12:mt_fh_hal_h2l_dvfs_mempll	16	static
mt_freqhopping.c:966:12:mt_fh_hal_l2h_dvfs_mempll	16	static
mt_freqhopping.c:380:13:fh_sync_ncpo_to_fhctl_dds	16	static
mt_freqhopping.c:335:13:fh_switch2fhctl	80	static
mt_freqhopping.c:399:13:__enable_ssc	96	static
mt_freqhopping.c:288:13:mt_fh_hal_default_conf	16	static
mt_freqhopping.c:1448:13:mt_fh_hal_lock	32	static
mt_freqhopping.c:1453:13:mt_fh_hal_unlock	16	static
mt_freqhopping.c:451:13:__disable_ssc.isra.1	48	static
mt_freqhopping.c:498:12:__freqhopping_ctrl	64	static
mt_freqhopping.c:1027:13:mt_fh_hal_popod_restore	80	static
mt_freqhopping.c:1407:13:mt_fh_hal_init	96	static
mt_freqhopping.c:572:13:wait_dds_stable.constprop	48	static
mt_freqhopping.c:990:13:mt_fh_hal_popod_save	48	static
mt_freqhopping.c:595:12:mt_fh_hal_dvfs	80	static
mt_freqhopping.c:1547:13:__ioctl	144	static
mt_freqhopping.c:882:12:mt_fh_hal_dfs_vencpll	128	static
mt_freqhopping.c:810:12:mt_fh_hal_dfs_mmpll	128	static
mt_freqhopping.c:696:12:mt_fh_hal_dfs_armpll	128	static
mt_freqhopping.c:1089:12:fh_dvfs_proc_write	32	static
mt_freqhopping.c:1609:26:mt_get_fh_hal_drv	0	static
mt_freqhopping.c:1614:5:mt_pause_armpll	64	static
