battery_common_fg_20.c:557:12:wireless_get_property	0	static
battery_common_fg_20.c:574:12:ac_get_property	0	static
battery_common_fg_20.c:591:12:usb_get_property	0	static
battery_common_fg_20.c:618:12:battery_get_property	0	static
battery_common_fg_20.c:1661:16:store_Pump_Express	0	static
battery_common_fg_20.c:3389:12:adc_cali_open	0	static
battery_common_fg_20.c:3394:12:adc_cali_release	0	static
battery_common_fg_20.c:4359:13:battery_shutdown	0	static
battery_common_fg_20.c:4595:12:cmd_open	0	static
battery_common_fg_20.c:4352:12:battery_remove	16	static
battery_common_fg_20.c:1613:16:store_Charger_Type	32	static
battery_common_fg_20.c:1567:16:store_FG_SW_CoulombCounter	32	static
battery_common_fg_20.c:1543:16:store_FG_Battery_CurrentConsumption	32	static
battery_common_fg_20.c:1520:16:store_Charger_TopOff_Value	32	static
battery_common_fg_20.c:1498:16:store_Power_Off_Voltage	32	static
battery_common_fg_20.c:1477:16:store_Power_On_Voltage	32	static
battery_common_fg_20.c:1455:16:store_ADC_Channel_Is_Calibration	32	static
battery_common_fg_20.c:1432:16:store_ADC_Channel_13_Offset	32	static
battery_common_fg_20.c:1409:16:store_ADC_Channel_12_Offset	32	static
battery_common_fg_20.c:1386:16:store_ADC_Channel_11_Offset	32	static
battery_common_fg_20.c:1363:16:store_ADC_Channel_10_Offset	32	static
battery_common_fg_20.c:1340:16:store_ADC_Channel_9_Offset	32	static
battery_common_fg_20.c:1317:16:store_ADC_Channel_8_Offset	32	static
battery_common_fg_20.c:1294:16:store_ADC_Channel_7_Offset	32	static
battery_common_fg_20.c:1271:16:store_ADC_Channel_6_Offset	32	static
battery_common_fg_20.c:1248:16:store_ADC_Channel_5_Offset	32	static
battery_common_fg_20.c:1225:16:store_ADC_Channel_4_Offset	32	static
battery_common_fg_20.c:1202:16:store_ADC_Channel_3_Offset	32	static
battery_common_fg_20.c:1179:16:store_ADC_Channel_2_Offset	32	static
battery_common_fg_20.c:1156:16:store_ADC_Channel_1_Offset	32	static
battery_common_fg_20.c:1133:16:store_ADC_Channel_0_Offset	32	static
battery_common_fg_20.c:1109:16:store_ADC_Channel_13_Slope	32	static
battery_common_fg_20.c:1086:16:store_ADC_Channel_12_Slope	32	static
battery_common_fg_20.c:1063:16:store_ADC_Channel_11_Slope	32	static
battery_common_fg_20.c:1040:16:store_ADC_Channel_10_Slope	32	static
battery_common_fg_20.c:1018:16:store_ADC_Channel_9_Slope	32	static
battery_common_fg_20.c:996:16:store_ADC_Channel_8_Slope	32	static
battery_common_fg_20.c:974:16:store_ADC_Channel_7_Slope	32	static
battery_common_fg_20.c:952:16:store_ADC_Channel_6_Slope	32	static
battery_common_fg_20.c:930:16:store_ADC_Channel_5_Slope	32	static
battery_common_fg_20.c:908:16:store_ADC_Channel_4_Slope	32	static
battery_common_fg_20.c:886:16:store_ADC_Channel_3_Slope	32	static
battery_common_fg_20.c:864:16:store_ADC_Channel_2_Slope	32	static
battery_common_fg_20.c:842:16:store_ADC_Channel_1_Slope	32	static
battery_common_fg_20.c:820:16:store_ADC_Channel_0_Slope	32	static
battery_common_fg_20.c:798:16:store_ADC_Charger_Voltage	32	static
battery_common_fg_20.c:507:16:bat_log_write	48	static
battery_common_fg_20.c:4949:13:battery_init_work_callback	32	static
battery_common_fg_20.c:4880:12:mt_batteryNotify_dts_probe	32	static
battery_common_fg_20.c:4829:12:battery_dts_probe	32	static
battery_common_fg_20.c:4707:12:mt_batteryNotify_probe	48	static
battery_common_fg_20.c:4655:16:safety_timer_cmd_write	96	static
battery_common_fg_20.c:4615:16:power_path_cmd_write	96	static
battery_common_fg_20.c:4405:16:store_BN_TestMode	64	static
battery_common_fg_20.c:4381:16:store_BatteryNotify	64	static
battery_common_fg_20.c:4399:16:show_BN_TestMode	48	static
battery_common_fg_20.c:4374:16:show_BatteryNotify	48	static
battery_common_fg_20.c:1693:16:show_BatteryTestStatus	48	static
battery_common_fg_20.c:1626:16:show_Pump_Express	32	static
battery_common_fg_20.c:1603:16:show_Charger_Type	48	static
battery_common_fg_20.c:1578:16:show_Charging_CallState	48	static
battery_common_fg_20.c:1533:16:show_FG_Battery_CurrentConsumption	48	static
battery_common_fg_20.c:1510:16:show_Charger_TopOff_Value	32	static
battery_common_fg_20.c:1489:16:show_Power_Off_Voltage	32	static
battery_common_fg_20.c:1468:16:show_Power_On_Voltage	32	static
battery_common_fg_20.c:1445:16:show_ADC_Channel_Is_Calibration	48	static
battery_common_fg_20.c:1422:16:show_ADC_Channel_13_Offset	48	static
battery_common_fg_20.c:1399:16:show_ADC_Channel_12_Offset	48	static
battery_common_fg_20.c:1376:16:show_ADC_Channel_11_Offset	48	static
battery_common_fg_20.c:1353:16:show_ADC_Channel_10_Offset	48	static
battery_common_fg_20.c:1330:16:show_ADC_Channel_9_Offset	48	static
battery_common_fg_20.c:1307:16:show_ADC_Channel_8_Offset	48	static
battery_common_fg_20.c:1284:16:show_ADC_Channel_7_Offset	48	static
battery_common_fg_20.c:1261:16:show_ADC_Channel_6_Offset	48	static
battery_common_fg_20.c:1238:16:show_ADC_Channel_5_Offset	48	static
battery_common_fg_20.c:1215:16:show_ADC_Channel_4_Offset	48	static
battery_common_fg_20.c:1192:16:show_ADC_Channel_3_Offset	48	static
battery_common_fg_20.c:1169:16:show_ADC_Channel_2_Offset	48	static
battery_common_fg_20.c:1146:16:show_ADC_Channel_1_Offset	48	static
battery_common_fg_20.c:1123:16:show_ADC_Channel_0_Offset	48	static
battery_common_fg_20.c:1099:16:show_ADC_Channel_13_Slope	48	static
battery_common_fg_20.c:1076:16:show_ADC_Channel_12_Slope	48	static
battery_common_fg_20.c:1053:16:show_ADC_Channel_11_Slope	48	static
battery_common_fg_20.c:1030:16:show_ADC_Channel_10_Slope	48	static
battery_common_fg_20.c:1008:16:show_ADC_Channel_9_Slope	48	static
battery_common_fg_20.c:986:16:show_ADC_Channel_8_Slope	48	static
battery_common_fg_20.c:964:16:show_ADC_Channel_7_Slope	48	static
battery_common_fg_20.c:942:16:show_ADC_Channel_6_Slope	48	static
battery_common_fg_20.c:920:16:show_ADC_Channel_5_Slope	48	static
battery_common_fg_20.c:898:16:show_ADC_Channel_4_Slope	48	static
battery_common_fg_20.c:876:16:show_ADC_Channel_3_Slope	48	static
battery_common_fg_20.c:854:16:show_ADC_Channel_2_Slope	48	static
battery_common_fg_20.c:832:16:show_ADC_Channel_1_Slope	48	static
battery_common_fg_20.c:810:16:show_ADC_Channel_0_Slope	48	static
battery_common_fg_20.c:791:16:show_ADC_Charger_Voltage	48	static
battery_common_fg_20.c:4641:16:safety_timer_cmd_read	320	static
battery_common_fg_20.c:4601:16:power_path_cmd_read	320	static
battery_common_fg_20.c:4495:12:proc_utilization_open	16	static
battery_common_fg_20.c:4564:12:proc_utilization_open_cur_stop	16	static
battery_common_fg_20.c:4483:12:proc_utilization_show	32	static
battery_common_fg_20.c:4450:16:battery_cmd_write	96	static
battery_common_fg_20.c:1700:16:store_BatteryTestStatus	64	static
battery_common_fg_20.c:1557:16:show_FG_SW_CoulombCounter	48	static
battery_common_fg_20.c:2184:21:mt_battery_average_method	64	static
battery_common_fg_20.c:4549:12:current_cmd_read	48	static
battery_common_fg_20.c:3517:22:charger_hv_detect_sw_workaround	32	static
battery_common_fg_20.c:4793:12:battery_pm_restore_noirq	16	static
battery_common_fg_20.c:4784:12:battery_pm_restore	16	static
battery_common_fg_20.c:4775:12:battery_pm_freeze	16	static
battery_common_fg_20.c:4766:12:battery_pm_resume	16	static
battery_common_fg_20.c:4757:12:battery_pm_suspend	16	static
battery_common_fg_20.c:4968:19:battery_init	32	static
battery_common_fg_20.c:1584:16:store_Charging_CallState	32	static
battery_common_fg_20.c:4569:16:discharging_cmd_write	96	static
battery_common_fg_20.c:362:6:mt_battery_update_time	64	static
battery_common_fg_20.c:382:14:mt_battery_get_duration_time	0	static
battery_common_fg_20.c:387:17:mt_battery_get_duration_time_act	0	static
battery_common_fg_20.c:392:6:charging_suspend_enable	32	static
battery_common_fg_20.c:400:6:charging_suspend_disable	32	static
battery_common_fg_20.c:408:5:read_tbat_value	0	static
battery_common_fg_20.c:413:5:get_charger_detect_status	32	static
battery_common_fg_20.c:434:10:upmu_is_chr_det	32	static
battery_common_fg_20.c:482:6:wake_up_bat	48	static
battery_common_fg_20.c:3177:13:adc_cali_ioctl	80	static
battery_common_fg_20.c:498:6:wake_up_bat3	32	static
battery_common_fg_20.c:534:5:init_proc_log	16	static
battery_common_fg_20.c:781:6:mt_battery_set_init_vol	0	static
battery_common_fg_20.c:1880:6:update_charger_info	16	static
battery_common_fg_20.c:1974:15:bat_is_kpoc	0	static
battery_common_fg_20.c:1989:10:pmic_chrdet_status	32	static
battery_common_fg_20.c:2002:10:bat_is_charger_exist	16	static
battery_common_fg_20.c:2008:10:bat_is_charging_full	0	static
battery_common_fg_20.c:2017:14:bat_get_ui_percentage	0	static
battery_common_fg_20.c:2029:14:bat_is_recharging_phase	0	static
battery_common_fg_20.c:2035:5:get_bat_charging_current_level	32	static
battery_common_fg_20.c:2045:12:do_batt_temp_state_machine	32	static
battery_common_fg_20.c:2096:15:BAT_Get_Battery_Voltage	16	static
battery_common_fg_20.c:2201:6:mt_battery_GetBatteryData	224	static
battery_common_fg_20.c:2590:6:mt_battery_notify_check	32	static
battery_common_fg_20.c:2670:6:mt_battery_update_status	48	static
battery_common_fg_20.c:3142:5:bat_update_thread	96	static
battery_common_fg_20.c:2689:14:mt_charger_type_detection	48	static
battery_common_fg_20.c:2771:13:mt_battery_charger_detect_check	48	static
battery_common_fg_20.c:2755:6:mt_charger_enable_DP_voltage	64	static
battery_common_fg_20.c:2762:14:mt_get_charger_type	0	static
battery_common_fg_20.c:2881:6:update_battery_2nd_info	32	static
battery_common_fg_20.c:2898:6:do_chrdet_int_task	64	static
battery_common_fg_20.c:3131:6:bat_thread_wakeup	48	static
battery_common_fg_20.c:3555:22:battery_kthread_hrtimer_func	16	static
battery_common_fg_20.c:3167:6:bat_update_thread_wakeup	32	static
battery_common_fg_20.c:3407:6:check_battery_exist	80	static
battery_common_fg_20.c:3016:6:BAT_thread	48	static
battery_common_fg_20.c:3082:5:bat_routine_thread	112	static
battery_common_fg_20.c:4259:13:battery_timer_resume	96	static
battery_common_fg_20.c:4910:12:battery_pm_event	48	static
battery_common_fg_20.c:4506:16:current_cmd_write	96	static
battery_common_fg_20.c:3457:5:charger_hv_detect_sw_thread_handler	144	static
battery_common_fg_20.c:3527:6:charger_hv_detect_sw_workaround_init	48	static
battery_common_fg_20.c:3562:6:battery_kthread_hrtimer_init	32	static
battery_common_fg_20.c:3641:5:__batt_init_cust_data_from_cust_header	48	static
battery_common_fg_20.c:4025:12:battery_probe	80	static
battery_common_fg_20.c:4014:5:batt_init_cust_data	16	static
