mtk_thermal_monitor.c:2251:12:mtk_cooling_wrapper_get_cur_state	64	static
mtk_thermal_monitor.c:2227:12:mtk_cooling_wrapper_get_max_state	64	static
mtk_thermal_monitor.c:1387:12:_mtkthermal_tz_open	32	static
mtk_thermal_monitor.c:1235:12:_mtkthermal_cooler_open	32	static
mtk_thermal_monitor.c:1566:12:_mtm_scen_call_open	16	static
mtk_thermal_monitor.c:1516:12:_mtkthermal_indicator_open	16	static
mtk_thermal_monitor.c:1045:12:mtkthermal_open	16	static
mtk_thermal_monitor.c:1531:12:_mtm_scen_call_read	16	static
mtk_thermal_monitor.c:1485:12:_mtkthermal_indicator_read	16	static
mtk_thermal_monitor.c:1249:12:_mtkthermal_tz_read	80	static
mtk_thermal_monitor.c:1493:16:_mtkthermal_indicator_write	96	static
mtk_thermal_monitor.c:1300:16:_mtkthermal_tz_write	384	static
mtk_thermal_monitor.c:737:31:_get_proc_cooler_dir_entry	48	static
mtk_thermal_monitor.c:834:12:mtk_sysinfo_get_info	96	static
mtk_thermal_monitor.c:909:13:_mtm_update_sysinfo	48	static
mtk_thermal_monitor.c:931:13:_mtm_decide_new_delay	16	static
mtk_thermal_monitor.c:1153:16:_mtkthermal_cooler_write	224	static
mtk_thermal_monitor.c:976:16:mtkthermal_write	96	static
mtk_thermal_monitor.c:1539:16:_mtm_scen_call_write	96	static
mtk_thermal_monitor.c:1646:20:mtkthermal_exit	16	static
mtk_thermal_monitor.c:1114:12:_mtkthermal_cooler_read	80	static
mtk_thermal_monitor.c:772:40:getClientZoneOps	32	static
mtk_thermal_monitor.c:1731:12:mtk_thermal_wrapper_unbind	80	static
mtk_thermal_monitor.c:1791:12:mtk_thermal_wrapper_get_temp	96	static
mtk_thermal_monitor.c:1673:12:mtk_thermal_wrapper_bind	80	static
mtk_thermal_monitor.c:2276:12:mtk_cooling_wrapper_set_cur_state	144	static
mtk_thermal_monitor.c:1985:12:mtk_thermal_wrapper_notify	48	static
mtk_thermal_monitor.c:1965:12:mtk_thermal_wrapper_get_crit_temp	48	static
mtk_thermal_monitor.c:1939:12:mtk_thermal_wrapper_get_trip_temp	48	static
mtk_thermal_monitor.c:1915:12:mtk_thermal_wrapper_get_trip_type	48	static
mtk_thermal_monitor.c:1892:12:mtk_thermal_wrapper_set_mode	48	static
mtk_thermal_monitor.c:1869:12:mtk_thermal_wrapper_get_mode	48	static
mtk_thermal_monitor.c:962:12:mtkthermal_read	48	static
mtk_thermal_monitor.c:701:12:mtk_thermal_get_tz_idx	32	static
mtk_thermal_monitor.c:2023:29:mtk_thermal_zone_device_register_wrapper	96	static
mtk_thermal_monitor.c:2138:6:mtk_thermal_zone_device_unregister_wrapper	96	static
mtk_thermal_monitor.c:2191:5:mtk_thermal_zone_bind_cooling_device_wrapper	64	static
mtk_thermal_monitor.c:2389:32:mtk_thermal_cooling_device_register_wrapper	64	static
mtk_thermal_monitor.c:2436:32:mtk_thermal_cooling_device_register_wrapper_extra	64	static
mtk_thermal_monitor.c:2485:5:mtk_thermal_cooling_device_add_exit_point	48	static
mtk_thermal_monitor.c:2511:6:mtk_thermal_cooling_device_unregister_wrapper	80	static
mtk_thermal_monitor.c:2543:5:mtk_thermal_zone_bind_trigger_trip	32	static
mtk_thermal_monitor.c:2551:5:mtk_thermal_get_temp	32	static
mtk_thermal_monitor.c:2570:24:mtk_thermal_get_proc_drv_therm_dir_entry	48	static
mtk_thermal_monitor.c:1582:19:mtkthermal_init	48	static
