mtdcore.c:115:12:mtd_cls_suspend	16	static
mtdcore.c:122:12:mtd_cls_resume	16	static
mtdcore.c:106:13:mtd_release	16	static
mtdcore.c:271:16:mtd_bitflip_threshold_store	64	static
mtdcore.c:262:16:mtd_bitflip_threshold_show	16	static
mtdcore.c:331:16:mtd_bbtblocks_show	16	static
mtdcore.c:321:16:mtd_badblocks_show	16	static
mtdcore.c:311:16:mtd_ecc_stats_errors_show	16	static
mtdcore.c:300:16:mtd_ecc_stats_corrected_show	16	static
mtdcore.c:290:16:mtd_ecc_step_size_show	16	static
mtdcore.c:253:16:mtd_ecc_strength_show	16	static
mtdcore.c:243:16:mtd_name_show	16	static
mtdcore.c:232:16:mtd_numeraseregions_show	16	static
mtdcore.c:222:16:mtd_oobsize_show	16	static
mtdcore.c:211:16:mtd_subpagesize_show	16	static
mtdcore.c:201:16:mtd_writesize_show	16	static
mtdcore.c:191:16:mtd_erasesize_show	16	static
mtdcore.c:180:16:mtd_size_show	16	static
mtdcore.c:170:16:mtd_flags_show	16	static
mtdcore.c:131:16:mtd_type_show	16	static
mtdcore.c:1309:20:cleanup_mtd	32	static
mtdcore.c:1213:12:mtd_proc_open	16	static
mtdcore.c:1229:19:mtd_bdi_init	48	static
mtdcore.c:1257:19:init_mtd	64	static
mtdcore.c:92:18:__mtd_next_device	32	static
mtdcore.c:1198:12:mtd_proc_show	48	static
mtdcore.c:478:5:del_mtd_device	64	static
mtdcore.c:578:5:mtd_device_unregister	32	static
mtdcore.c:601:6:register_mtd_user	48	static
mtdcore.c:627:5:unregister_mtd_user	48	static
mtdcore.c:690:5:__get_mtd_device	32	static
mtdcore.c:655:18:get_mtd_device	48	static
mtdcore.c:718:18:get_mtd_device_nm	48	static
mtdcore.c:757:6:__put_mtd_device	16	static
mtdcore.c:748:6:put_mtd_device	32	static
mtdcore.c:776:5:mtd_erase	16	static
mtdcore.c:795:5:mtd_point	16	static
mtdcore.c:813:5:mtd_unpoint	16	static
mtdcore.c:830:15:mtd_get_unmapped_area	16	static
mtdcore.c:841:5:mtd_read	32	static
mtdcore.c:865:5:mtd_write	16	static
mtdcore.c:886:5:mtd_panic_write	16	static
mtdcore.c:902:5:mtd_read_oob	32	static
mtdcore.c:928:5:mtd_get_fact_prot_info	16	static
mtdcore.c:939:5:mtd_read_fact_prot_reg	16	static
mtdcore.c:951:5:mtd_get_user_prot_info	16	static
mtdcore.c:962:5:mtd_read_user_prot_reg	16	static
mtdcore.c:974:5:mtd_write_user_prot_reg	32	static
mtdcore.c:996:5:mtd_lock_user_prot_reg	16	static
mtdcore.c:1007:5:mtd_lock	16	static
mtdcore.c:1019:5:mtd_unlock	16	static
mtdcore.c:378:5:add_mtd_device	80	static
mtdcore.c:541:5:mtd_device_parse_register	80	static
mtdcore.c:1031:5:mtd_is_locked	16	static
mtdcore.c:1043:5:mtd_block_isreserved	16	static
mtdcore.c:1053:5:mtd_block_isbad	16	static
mtdcore.c:1063:5:mtd_block_markbad	16	static
mtdcore.c:1075:5:mtd_block_markbad_hw	16	static
mtdcore.c:1131:5:mtd_writev	96	static
mtdcore.c:1167:7:mtd_kmalloc_up_to	48	static
