dm-crypt.c:441:13:crypt_iv_benbi_dtr	0	static
dm-crypt.c:1044:13:crypt_inc_pending	0	static
dm-crypt.c:1993:12:crypt_merge	32	static
dm-crypt.c:2008:12:crypt_iterate_devices	16	static
dm-crypt.c:2043:20:dm_crypt_exit	16	static
dm-crypt.c:1934:12:crypt_preresume	16	static
dm-crypt.c:1927:13:crypt_postsuspend	16	static
dm-crypt.c:666:12:crypt_iv_tcw_wipe	32	static
dm-crypt.c:518:12:crypt_iv_lmk_wipe	0	static
dm-crypt.c:458:12:crypt_iv_null_gen	16	static
dm-crypt.c:405:12:crypt_iv_essiv_gen	48	static
dm-crypt.c:288:12:crypt_iv_essiv_wipe	32	static
dm-crypt.c:251:12:crypt_iv_plain64_gen	32	static
dm-crypt.c:242:12:crypt_iv_plain_gen	32	static
dm-crypt.c:445:12:crypt_iv_benbi_gen	48	static
dm-crypt.c:1446:12:crypt_setkey_allcpus	64	static
dm-crypt.c:1465:12:crypt_set_key	80	static
dm-crypt.c:417:12:crypt_iv_benbi_ctr	0	static
dm-crypt.c:1957:12:crypt_message	48	static
dm-crypt.c:1946:13:crypt_resume	16	static
dm-crypt.c:1897:13:crypt_status	80	static
dm-crypt.c:1053:13:crypt_dec_pending	32	static
dm-crypt.c:910:12:crypt_convert	128	static
dm-crypt.c:613:13:crypt_iv_tcw_dtr	32	static
dm-crypt.c:466:13:crypt_iv_lmk_dtr	32	static
dm-crypt.c:338:13:crypt_iv_essiv_dtr	32	static
dm-crypt.c:1174:12:dmcrypt_write	176	static
dm-crypt.c:654:12:crypt_iv_tcw_init	48	static
dm-crypt.c:505:12:crypt_iv_lmk_init	16	static
dm-crypt.c:627:12:crypt_iv_tcw_ctr	48	static
dm-crypt.c:2032:19:dm_crypt_init	32	static
dm-crypt.c:357:12:crypt_iv_essiv_ctr	64	static
dm-crypt.c:1021:13:crypt_free_buffer_pages.isra.14	48	static
dm-crypt.c:1085:13:crypt_endio	48	static
dm-crypt.c:1231:13:kcryptd_crypt_write_io_submit.isra.16	48	static
dm-crypt.c:1407:13:crypt_free_tfms.part.17	48	static
dm-crypt.c:676:12:crypt_iv_tcw_whitening.isra.18	160	dynamic
dm-crypt.c:716:12:crypt_iv_tcw_gen	80	static
dm-crypt.c:740:12:crypt_iv_tcw_post	48	static
dm-crypt.c:528:12:crypt_iv_lmk_one.isra.20	240	dynamic
dm-crypt.c:478:12:crypt_iv_lmk_ctr	32	static
dm-crypt.c:593:12:crypt_iv_lmk_post	64	static
dm-crypt.c:577:12:crypt_iv_lmk_gen	48	static
dm-crypt.c:261:12:crypt_iv_essiv_init	80	static
dm-crypt.c:1123:12:kcryptd_io_read	48	static
dm-crypt.c:1147:13:kcryptd_io_read_work	32	static
dm-crypt.c:1365:13:kcryptd_crypt	144	static
dm-crypt.c:1866:12:crypt_map	48	static
dm-crypt.c:1500:13:crypt_dtr	32	static
dm-crypt.c:1705:12:crypt_ctr	176	static
dm-crypt.c:1335:13:kcryptd_async_done	48	static
