dm-ioctl.c:97:21:hash_str	0	static
dm-ioctl.c:125:26:__get_uuid_cell	48	static
dm-ioctl.c:111:26:__get_name_cell	48	static
dm-ioctl.c:766:26:__find_device_hash_cell	48	static
dm-ioctl.c:809:30:find_device	32	static
dm-ioctl.c:645:25:dm_get_inactive_table	32	static
dm-ioctl.c:558:13:list_version_get_needed	48	static
dm-ioctl.c:680:13:__dev_status	64	static
dm-ioctl.c:1352:12:table_clear	48	static
dm-ioctl.c:1079:12:dev_status	48	static
dm-ioctl.c:501:12:list_devices	80	static
dm-ioctl.c:1067:12:dev_suspend	80	static
dm-ioctl.c:207:12:dm_hash_insert	64	static
dm-ioctl.c:1672:13:free_params	32	static
dm-ioctl.c:1789:12:ctl_ioctl	416	static
dm-ioctl.c:1860:13:dm_ctl_ioctl	16	static
dm-ioctl.c:1866:13:dm_compat_ctl_ioctl	16	static
dm-ioctl.c:567:13:list_version_get_info	48	static
dm-ioctl.c:592:12:list_versions	80	static
dm-ioctl.c:1267:12:table_load	96	static
dm-ioctl.c:888:12:dev_rename	96	static
dm-ioctl.c:918:12:dev_set_geometry	128	static
dm-ioctl.c:731:12:dev_create	64	static
dm-ioctl.c:1507:12:target_message	112	static
dm-ioctl.c:1426:12:table_deps	96	static
dm-ioctl.c:253:25:__hash_remove	48	static
dm-ioctl.c:279:13:dm_hash_remove_all	112	static
dm-ioctl.c:468:12:remove_all	32	static
dm-ioctl.c:823:12:dev_remove	64	static
dm-ioctl.c:1096:13:retrieve_status	128	static
dm-ioctl.c:1452:12:table_status	64	static
dm-ioctl.c:1170:12:dev_wait	64	static
dm-ioctl.c:454:6:dm_deferred_remove	16	static
dm-ioctl.c:1895:12:dm_interface_init	32	static
dm-ioctl.c:1916:6:dm_interface_exit	16	static
dm-ioctl.c:1931:5:dm_ioctl_export	64	static
dm-ioctl.c:1969:5:dm_copy_name_and_uuid	64	static
