inode.c:171:12:fat_get_block	128	static
inode.c:285:17:_fat_bmap	48	static
inode.c:201:12:fat_readpages	16	static
inode.c:190:12:fat_writepages	16	static
inode.c:196:12:fat_readpage	16	static
inode.c:185:12:fat_writepage	16	static
inode.c:432:12:fat_calc_dir_size	48	static
inode.c:739:12:__fat_write_inode	96	static
inode.c:566:13:fat_set_state	48	static
inode.c:613:13:delayed_free	32	static
inode.c:832:12:fat_show_options	48	static
inode.c:713:12:fat_statfs	64	static
inode.c:623:13:fat_put_super	32	static
inode.c:654:13:fat_destroy_inode	16	static
inode.c:648:13:fat_i_callback	16	static
inode.c:637:22:fat_alloc_inode	32	static
inode.c:1019:12:parse_options	176	static
inode.c:659:13:init_once	16	static
inode.c:232:12:fat_write_end	64	static
inode.c:694:12:fat_remount	48	static
inode.c:796:12:fat_write_inode	32	static
inode.c:1821:19:init_fat_fs	32	static
inode.c:249:16:fat_direct_IO	80	static
inode.c:217:12:fat_write_begin	80	static
inode.c:357:6:fat_attach	80	static
inode.c:386:6:fat_detach	48	static
inode.c:553:13:fat_evict_inode	32	static
inode.c:402:15:fat_iget	64	static
inode.c:450:5:fat_fill_inode	80	static
inode.c:521:15:fat_build_inode	48	static
inode.c:684:20:fat_destroy_inodecache	16	static
inode.c:1840:20:exit_fat_fs	16	static
inode.c:812:5:fat_sync_inode	16	static
inode.c:1484:5:fat_fill_super	208	static
inode.c:1804:5:fat_flush_inodes	48	static
