arp_tables.c:369:12:mark_source_chains	128	static
arp_tables.c:713:13:get_counters	64	static
arp_tables.c:621:12:translate_table	176	static
arp_tables.c:1908:20:arp_tables_fini	32	static
arp_tables.c:1869:24:arp_tables_net_exit	16	static
arp_tables.c:1864:23:arp_tables_net_init	16	static
arp_tables.c:814:13:compat_standard_from_user	32	static
arp_tables.c:823:12:compat_standard_to_user	48	static
arp_tables.c:861:12:compat_table_info	64	static
arp_tables.c:1879:19:arp_tables_init	48	static
arp_tables.c:223:1:arpt_error	32	static
arp_tables.c:1317:12:translate_compat_table	208	static
arp_tables.c:1111:12:do_add_counters.constprop	160	static
arp_tables.c:986:12:__do_replace.constprop	128	static
arp_tables.c:1485:12:compat_do_replace.isra.15.constprop	176	static
arp_tables.c:1538:12:compat_do_arpt_set_ctl	48	static
arp_tables.c:1062:12:do_replace.isra.16.constprop	176	static
arp_tables.c:1704:12:do_arpt_set_ctl	48	static
arp_tables.c:885:12:get_info.part.10.constprop	256	static
arp_tables.c:885:12:get_info.constprop	48	static
arp_tables.c:1728:12:do_arpt_get_ctl	160	static
arp_tables.c:1634:12:compat_get_entries.constprop	256	static
arp_tables.c:1682:12:compat_do_arpt_get_ctl	48	static
arp_tables.c:58:7:arpt_alloc_initial_table	96	static
arp_tables.c:249:14:arpt_do_table	160	static
arp_tables.c:1771:18:arpt_register_table	128	static
arp_tables.c:1809:6:arpt_unregister_table	80	static
