nf_conntrack_l3proto_ipv4_compat.c:324:14:ct_cpu_seq_start	0	static
nf_conntrack_l3proto_ipv4_compat.c:342:14:ct_cpu_seq_next	0	static
nf_conntrack_l3proto_ipv4_compat.c:357:13:ct_cpu_seq_stop	0	static
nf_conntrack_l3proto_ipv4_compat.c:444:24:ip_conntrack_net_exit	32	static
nf_conntrack_l3proto_ipv4_compat.c:403:12:ct_cpu_seq_open	16	static
nf_conntrack_l3proto_ipv4_compat.c:310:12:exp_open	16	static
nf_conntrack_l3proto_ipv4_compat.c:198:12:ct_open	16	static
nf_conntrack_l3proto_ipv4_compat.c:361:12:ct_cpu_seq_show	112	static
nf_conntrack_l3proto_ipv4_compat.c:90:13:ct_seq_stop	16	static
nf_conntrack_l3proto_ipv4_compat.c:272:13:exp_seq_stop	16	static
nf_conntrack_l3proto_ipv4_compat.c:119:12:ct_seq_show	48	static
nf_conntrack_l3proto_ipv4_compat.c:259:14:exp_seq_start	32	static
nf_conntrack_l3proto_ipv4_compat.c:417:23:ip_conntrack_net_init	64	static
nf_conntrack_l3proto_ipv4_compat.c:278:12:exp_seq_show	64	static
nf_conntrack_l3proto_ipv4_compat.c:77:14:ct_seq_start	32	static
nf_conntrack_l3proto_ipv4_compat.c:266:14:exp_seq_next	0	static
nf_conntrack_l3proto_ipv4_compat.c:84:14:ct_seq_next	0	static
nf_conntrack_l3proto_ipv4_compat.c:456:12:nf_conntrack_ipv4_compat_init	16	static
nf_conntrack_l3proto_ipv4_compat.c:461:13:nf_conntrack_ipv4_compat_fini	16	static
