transport.c:115:13:usb_stor_blocking_completion	16	static
transport.c:128:12:usb_stor_msg_common	80	static
transport.c:522:13:last_sector_hacks.part.1	0	static
transport.c:194:5:usb_stor_control_msg	32	static
transport.c:235:5:usb_stor_clear_halt	64	static
transport.c:264:12:interpret_urb_result	32	static
transport.c:417:12:usb_stor_bulk_transfer_sglist.part.3	64	static
transport.c:1274:12:usb_stor_reset_common.constprop	112	static
transport.c:328:5:usb_stor_ctrl_transfer	48	static
transport.c:391:5:usb_stor_bulk_transfer_buf	64	static
transport.c:465:5:usb_stor_bulk_srb	48	static
transport.c:487:5:usb_stor_bulk_transfer_sg	48	static
transport.c:892:6:usb_stor_stop_transport	32	static
transport.c:914:5:usb_stor_CB_transport	48	static
transport.c:1023:5:usb_stor_Bulk_max_lun	48	static
transport.c:1052:5:usb_stor_Bulk_transport	96	static
transport.c:1324:5:usb_stor_CB_reset	16	static
transport.c:1338:5:usb_stor_Bulk_reset	16	static
transport.c:1349:5:usb_stor_port_reset	32	static
transport.c:597:6:usb_stor_invoke_transport	176	static
