emi_mpu.c:1467:16:pgt_scan_show	0	static
emi_mpu.c:1493:13:emi_axi_set_chker	0	static
emi_mpu.c:2033:20:emi_mpu_mod_exit	0	static
emi_mpu.c:488:14:__id2name	96	static
emi_mpu.c:1679:13:emi_wp_clr_status	16	static
emi_mpu.c:886:16:emi_mpu_show	48	static
emi_mpu.c:1472:16:pgt_scan_store	48	static
emi_mpu.c:1577:9:emi_axi_vio_store	32	static
emi_mpu.c:1750:16:emi_wp_vio_show	80	static
emi_mpu.c:1515:13:emi_axi_dump_info	48	static
emi_mpu.c:1560:16:emi_axi_vio_show	48	static
emi_mpu.c:2046:19:dram_4gb_init	32	static
emi_mpu.c:1553:13:emi_axi_vio_timer_func	16	static
emi_mpu.c:507:13:__clear_emi_mpu_vio.isra.4	32	static
emi_mpu.c:537:12:mpu_check_violation	240	static
emi_mpu.c:719:20:mpu_violation_irq	32	static
emi_mpu.c:1727:12:emi_wp_set	16	static
emi_mpu.c:1786:9:emi_wp_vio_store	128	static
emi_mpu.c:465:5:emi_mpu_get_violation_port	32	static
emi_mpu.c:870:5:emi_mpu_set_region_protection	64	static
emi_mpu.c:1291:16:emi_mpu_store	112	static
emi_mpu.c:1898:19:emi_mpu_mod_init	80	static
emi_mpu.c:1400:6:mtk_search_full_pgtab	16	static
emi_mpu.c:1460:6:emi_mpu_work_callback	16	static
emi_mpu.c:1696:6:emi_wp_get_status	48	static
emi_mpu.c:2041:14:enable_4G	0	static
