accdet.c:214:12:pmic_pwrap_read	32	static
accdet.c:1452:12:dbug_thread	80	static
accdet.c:722:13:send_key_event	32	static
accdet.c:1395:16:show_TS3A225EConnectorType	32	static
accdet.c:1436:16:show_pin_recognition_state	16	static
accdet.c:1466:16:store_accdet_start_debug_thread	80	static
accdet.c:329:13:disable_micbias	16	static
accdet.c:748:13:multi_key_detection	64	static
accdet.c:1403:16:accdet_store_call_state	48	static
accdet.c:1511:16:store_accdet_dump_register	48	static
accdet.c:1494:16:store_accdet_set_headset_mode	48	static
accdet.c:189:13:accdet_timeout_ns.constprop	48	static
accdet.c:367:13:accdet_eint_work_callback	64	static
accdet.c:1168:13:accdet_work_callback	64	static
accdet.c:338:13:disable_micbias_callback	64	static
accdet.c:134:6:accdet_detect	32	static
accdet.c:147:6:accdet_state_reset	16	static
accdet.c:157:5:accdet_get_cable_type	0	static
accdet.c:162:6:accdet_auxadc_switch	16	static
accdet.c:787:5:accdet_irq_handler	48	static
accdet.c:1568:6:accdet_int_handler	32	static
accdet.c:1578:6:accdet_eint_int_handler	32	static
accdet.c:1195:6:accdet_get_dts_data	96	static
accdet.c:1236:6:accdet_pmic_Read_Efuse_HPOffset	16	static
accdet.c:1588:5:get_accdet_current_status	0	static
accdet.c:1598:5:mt_accdet_probe	272	static
accdet.c:1717:6:mt_accdet_remove	32	static
accdet.c:1735:6:mt_accdet_suspend	32	static
accdet.c:1746:6:mt_accdet_resume	32	static
accdet.c:1784:6:mt_accdet_pm_restore_noirq	48	static
accdet.c:1859:6:mt_accdet_unlocked_ioctl	32	static
