avc.c:606:25:avc_lookup	0	static
avc.c:710:13:avc_audit_pre_callback	64	static
avc.c:726:13:avc_audit_post_callback	80	static
avc.c:492:13:avc_node_delete	16	static
avc.c:277:13:avc_xperms_decision_free	32	static
avc.c:291:13:avc_xperms_free	48	static
avc.c:484:13:avc_node_free	32	static
avc.c:930:13:avc_flush	64	static
avc.c:345:4:avc_xperms_decision_alloc	48	static
avc.c:548:25:avc_alloc_node	80	static
avc.c:305:13:avc_copy_xperms_decision	0	static
avc.c:406:12:avc_xperms_populate.isra.2.part.3	64	static
avc.c:989:34:avc_compute_av	112	static
avc.c:839:12:avc_update_node	144	static
avc.c:1000:21:avc_denied	32	static
avc.c:176:13:avc_init	32	static
avc.c:203:5:avc_get_hash_stats	64	static
avc.c:755:14:slow_avc_audit	80	static
avc.c:802:12:avc_add_callback	32	static
avc.c:959:5:avc_ss_reset	48	static
avc.c:1023:5:avc_has_extended_perms	320	static
avc.c:1117:12:avc_has_perm_noaudit	144	static
avc.c:1161:5:avc_has_perm	160	static
avc.c:1175:5:avc_policy_seqno	0	static
avc.c:1180:6:avc_disable	16	static
