algapi.c:70:13:crypto_destroy_instance	16	static
algapi.c:54:12:crypto_check_alg	32	static
algapi.c:175:30:__crypto_register_alg	64	static
algapi.c:976:20:crypto_algapi_exit	16	static
algapi.c:970:19:crypto_algapi_init	16	static
algapi.c:631:27:crypto_spawn_alg.isra.10	48	static
algapi.c:126:6:crypto_remove_spawns	112	static
algapi.c:368:12:crypto_remove_alg	32	static
algapi.c:317:6:crypto_remove_final	32	static
algapi.c:238:6:crypto_alg_tested	112	static
algapi.c:329:13:crypto_wait_for_test	32	static
algapi.c:347:5:crypto_register_alg	48	static
algapi.c:382:5:crypto_unregister_alg	64	static
algapi.c:403:5:crypto_register_algs	64	static
algapi.c:423:5:crypto_unregister_algs	48	static
algapi.c:438:5:crypto_register_template	48	static
algapi.c:461:6:crypto_unregister_template	64	static
algapi.c:510:25:crypto_lookup_template	48	static
algapi.c:517:5:crypto_register_instance	64	static
algapi.c:554:5:crypto_unregister_instance	80	static
algapi.c:583:5:crypto_init_spawn	64	static
algapi.c:603:5:crypto_init_spawn2	16	static
algapi.c:620:6:crypto_drop_spawn	32	static
algapi.c:652:20:crypto_spawn_tfm	48	static
algapi.c:678:7:crypto_spawn_tfm2	48	static
algapi.c:699:5:crypto_register_notifier	16	static
algapi.c:705:5:crypto_unregister_notifier	16	static
algapi.c:711:26:crypto_get_attr_type	0	static
algapi.c:729:5:crypto_check_attr_type	32	static
algapi.c:744:13:crypto_attr_alg_name	0	static
algapi.c:762:20:crypto_attr_alg2	48	static
algapi.c:776:5:crypto_attr_u32	0	static
algapi.c:794:7:crypto_alloc_instance2	64	static
algapi.c:825:25:crypto_alloc_instance	32	static
algapi.c:854:6:crypto_init_queue	0	static
algapi.c:863:5:crypto_enqueue_request	0	static
algapi.c:884:7:__crypto_dequeue_request	0	static
algapi.c:904:30:crypto_dequeue_request	16	static
algapi.c:910:5:crypto_tfm_in_queue	0	static
algapi.c:936:6:crypto_inc	0	static
algapi.c:958:6:crypto_xor	0	static
