shash.c:27:12:shash_no_setkey	0	static
shash.c:209:12:shash_async_init	16	static
shash.c:309:12:shash_async_export	16	static
shash.c:314:12:shash_async_import	16	static
shash.c:380:12:shash_compat_init	16	static
shash.c:505:21:crypto_shash_ctxsize	0	static
shash.c:516:12:crypto_shash_init_tfm	0	static
shash.c:524:21:crypto_shash_extsize	0	static
shash.c:588:12:shash_prepare_alg	0	static
shash.c:195:12:shash_default_import	16	static
shash.c:189:12:shash_default_export	16	static
shash.c:325:13:crypto_exit_shash_ops_async	16	static
shash.c:446:13:crypto_exit_shash_ops_compat	32	static
shash.c:495:12:crypto_init_shash_ops	48	static
shash.c:530:12:crypto_shash_report	112	static
shash.c:557:13:crypto_shash_show	32	static
shash.c:54:5:crypto_shash_setkey	64	static
shash.c:201:12:shash_async_setkey	16	static
shash.c:371:12:shash_compat_setkey	16	static
shash.c:98:5:crypto_shash_update	112	dynamic
shash.c:390:12:shash_compat_update	80	static
shash.c:134:5:crypto_shash_final	80	dynamic
shash.c:147:12:shash_finup_unaligned	48	static
shash.c:238:12:shash_async_final	16	static
shash.c:405:12:shash_compat_final	16	static
shash.c:154:5:crypto_shash_finup	16	static
shash.c:168:12:shash_digest_unaligned	64	static
shash.c:175:5:crypto_shash_digest	16	static
shash.c:412:12:shash_compat_digest	80	static
shash.c:220:5:shash_ahash_update	80	static
shash.c:233:12:shash_async_update	16	static
shash.c:243:5:shash_ahash_finup	80	static
shash.c:264:12:shash_async_finup	16	static
shash.c:275:5:shash_ahash_digest	64	static
shash.c:298:12:shash_async_digest	16	static
shash.c:332:5:crypto_init_shash_ops_async	48	static
shash.c:581:22:crypto_alloc_shash	16	static
shash.c:616:5:crypto_register_shash	32	static
shash.c:629:5:crypto_unregister_shash	16	static
shash.c:635:5:crypto_register_shashes	64	static
shash.c:655:5:crypto_unregister_shashes	64	static
shash.c:671:5:shash_register_instance	48	static
shash.c:684:6:shash_free_instance	32	static
shash.c:691:5:crypto_init_shash_spawn	16	static
shash.c:700:19:shash_attr_alg	16	static
