ais_fsm.c:4503:1:aisFsmRunEventMgmtFrameTxDone	32	static
ais_fsm.c:119:6:aisInitializeConnectionSettings	48	static
ais_fsm.c:220:6:aisFsmInit	80	static
ais_fsm.c:408:6:aisFsmStateInit_JOIN	64	static
ais_fsm.c:559:9:aisFsmStateInit_RetryJOIN	48	static
ais_fsm.c:733:6:aisFsmStateAbort_SCAN	32	static
ais_fsm.c:831:8:aisIndex2ChannelNum	0	static
ais_fsm.c:870:6:aisGetAndSetScanChannel	96	static
ais_fsm.c:2717:1:aisIndicationOfMediaStateToHost	112	static
ais_fsm.c:3003:6:aisUpdateBssInfoForCreateIBSS	48	static
ais_fsm.c:2451:6:aisFsmCreateIBSS	32	static
ais_fsm.c:614:6:aisFsmStateInit_IBSS_ALONE	32	static
ais_fsm.c:3097:6:aisUpdateBssInfoForMergeIBSS	48	static
ais_fsm.c:3223:9:aisValidateProbeReq	32	static
ais_fsm.c:3899:6:aisFsmReleaseCh	32	static
ais_fsm.c:690:6:aisFsmStateAbort_JOIN	64	static
ais_fsm.c:769:6:aisFsmStateAbort_NORMAL_TR	32	static
ais_fsm.c:800:6:aisFsmStateAbort_IBSS	32	static
ais_fsm.c:4095:18:aisFsmRoamingScanResultsUpdate	32	static
ais_fsm.c:4132:6:aisFsmRoamingDisconnectPrevAP	48	static
ais_fsm.c:4222:9:aisFsmIsRequestPending	32	static
ais_fsm.c:2828:6:aisCheckPostponedDisconnTimeout	48	static
ais_fsm.c:4265:17:aisFsmGetNextRequest	32	static
ais_fsm.c:4299:9:aisFsmInsertRequest	48	static
ais_fsm.c:1704:24:aisFsmStateSearchAction	32	static
ais_fsm.c:940:6:aisFsmSteps	144	static
ais_fsm.c:4543:13:aisFsmSetOkcTimeout	32	static
ais_fsm.c:3372:13:aisFsmRunEventScanDoneTimeOut	48	static
ais_fsm.c:1893:6:aisFsmRunEventScanDone	64	static
ais_fsm.c:2479:6:aisFsmMergeIBSS	48	static
ais_fsm.c:646:6:aisFsmStateInit_IBSS_MERGE	48	static
ais_fsm.c:2560:6:aisFsmRunEventFoundIBSSPeer	80	static
ais_fsm.c:3436:6:aisFsmRunEventBGSleepTimeOut	48	static
ais_fsm.c:3476:6:aisFsmRunEventIbssAloneTimeOut	32	static
ais_fsm.c:3822:6:aisFsmRunEventChGrant	80	static
ais_fsm.c:3280:6:aisFsmDisconnect	80	static
ais_fsm.c:2077:6:aisFsmStateAbort	48	static
ais_fsm.c:3939:6:aisBssBeaconTimeout	32	static
ais_fsm.c:3975:6:aisBssSecurityChanged	16	static
ais_fsm.c:3604:6:aisFsmRunEventSecModeChangeTimeout	32	static
ais_fsm.c:3995:1:aisDeauthXmitComplete	48	static
ais_fsm.c:3598:6:aisFsmRunEventDeauthTimeout	16	static
ais_fsm.c:3662:6:aisFsmScanRequest	80	static
ais_fsm.c:3741:1:aisFsmScanRequestAdv	96	static
ais_fsm.c:4026:6:aisFsmRunEventRoamingDiscovery	48	static
ais_fsm.c:4342:6:aisFsmFlushRequest	48	static
ais_fsm.c:356:6:aisFsmUninit	64	static
ais_fsm.c:4358:6:aisFsmRunEventRemainOnChannel	32	static
ais_fsm.c:4393:6:aisFsmRunEventCancelRemainOnChannel	48	static
ais_fsm.c:4461:6:aisFsmRunEventChannelTimeout	48	static
ais_fsm.c:4533:6:aisFsmRunEventSetOkcPmk	32	static
ais_fsm.c:4550:1:aisFuncTxMgmtFrame	48	static
ais_fsm.c:4436:6:aisFsmRunEventMgmtFrameTx	32	static
ais_fsm.c:4619:6:aisFuncValidateRxActionFrame	32	static
ais_fsm.c:4709:1:aisQueryBlackList	64	static
ais_fsm.c:4643:1:aisAddBlacklist	64	static
ais_fsm.c:1989:6:aisFsmRunEventAbort	64	static
ais_fsm.c:3524:6:aisFsmRunEventJoinTimeout	64	static
ais_fsm.c:4692:6:aisRemoveBlackList	48	static
ais_fsm.c:2881:6:aisUpdateBssInfoForJOIN	80	static
ais_fsm.c:4176:6:aisUpdateBssInfoForRoamingAP	48	static
ais_fsm.c:2258:24:aisFsmJoinCompleteAction	144	static
ais_fsm.c:2220:6:aisFsmRunEventJoinComplete	160	static
ais_fsm.c:4732:6:aisRemoveTimeoutBlacklist	48	static
ais_fsm.c:4782:9:aisApOverload	0	static
ais_fsm.c:4797:9:aisCalculateBlackListScore	32	static
ais_fsm.c:4809:6:aisRecordBeaconTimeout	64	static
ais_fsm.c:4828:6:aisRemoveBeaconTimeoutEntry	0	static
ais_fsm.c:4911:6:aisRunEventChnlUtilRsp	80	static
