cnm_mem.c:981:1:cnmStaSendRemoveCmd	80	static
cnm_mem.c:584:13:cnmStaRoutinesForAbort	32	static
cnm_mem.c:248:6:cnmMemInit	0	static
cnm_mem.c:282:7:cnmMemAlloc	96	static
cnm_mem.c:161:15:cnmPktAlloc	80	static
cnm_mem.c:126:15:cnmPktAllocWrapper	48	static
cnm_mem.c:385:6:cnmMemFree	64	static
cnm_mem.c:215:6:cnmPktFree	80	static
cnm_mem.c:145:6:cnmPktFreeWrapper	32	static
cnm_mem.c:815:13:cnmStaSendUpdateCmd	112	static
cnm_mem.c:463:6:cnmStaRecInit	0	static
cnm_mem.c:485:16:cnmStaRecAlloc	112	static
cnm_mem.c:558:6:cnmStaRecFree	48	static
cnm_mem.c:621:6:cnmStaFreeAllStaByNetwork	64	static
cnm_mem.c:664:16:cnmGetStaRecByIndex	32	static
cnm_mem.c:790:13:cnmStaRecHandleEventPkt	48	static
cnm_mem.c:687:16:cnmGetStaRecByAddress	64	static
cnm_mem.c:1011:9:cnmStaRecGetTypeString	0	static
cnm_mem.c:1025:9:cnmStaRecGetRoleString	0	static
cnm_mem.c:1050:6:cnmDumpStaRec	144	static
cnm_mem.c:720:6:cnmStaRecChangeState	48	static
cnm_mem.c:1144:6:cnmDumpMemoryStatus	32	static
cnm_mem.c:1188:1:cnmPeerAdd	48	static
cnm_mem.c:1261:1:cnmPeerUpdate	64	static
cnm_mem.c:1441:16:cnmGetTdlsPeerByAddress	48	static
