rlm.c:1460:1:rlmRecBcnFromNeighborForClient	32	static
rlm.c:2099:13:rlmBssReset	32	static
rlm.c:482:13:rlmFillHtCapIE	32	static
rlm.c:555:13:rlmFillExtCapIE	64	static
rlm.c:817:13:rlmFillVhtCapIE	32	static
rlm.c:102:6:rlmFsmEventInit	32	static
rlm.c:132:6:rlmFsmEventUninit	48	static
rlm.c:158:6:rlmReqGenerateHtCapIE	48	static
rlm.c:186:6:rlmReqGenerateExtCapIE	48	static
rlm.c:218:6:rlmRspGenerateHtCapIE	48	static
rlm.c:258:6:rlmRspGenerateExtCapIE	48	static
rlm.c:298:6:rlmRspGenerateHtOpIE	32	static
rlm.c:338:6:rlmRspGenerateErpIE	32	static
rlm.c:399:6:rlmGenerateMTKOuiIE	32	static
rlm.c:440:9:rlmParseCheckMTKOuiIE	0	static
rlm.c:708:6:rlmReqGenerateVhtCapIE	48	static
rlm.c:736:6:rlmRspGenerateVhtCapIE	48	static
rlm.c:881:6:rlmFillVhtOpIE	32	static
rlm.c:777:6:rlmRspGenerateVhtOpIE	48	static
rlm.c:1830:6:rlmFillSyncCmdParam	96	static
rlm.c:1879:6:rlmSyncOperationParams	80	static
rlm.c:1929:6:rlmProcessAssocReq	48	static
rlm.c:2055:6:rlmBssInitForAPandIbss	32	static
rlm.c:2075:6:rlmBssAborted	32	static
rlm.c:2154:9:rlmFillVhtCapIEByAdapter	32	static
rlm.c:2210:1:rlmFillHtCapIEByParams	32	static
rlm.c:2275:9:rlmFillHtCapIEByAdapter	32	static
rlm.c:2488:6:rlmSendOpModeNotificationFrame	64	static
rlm.c:999:15:rlmRecIeInfoForClient	160	static
rlm.c:1652:6:rlmProcessBcn	96	static
rlm.c:1769:6:rlmProcessAssocRsp	64	static
rlm.c:2345:6:rlmProcessSpecMgtAction	112	static
