rsn.c:2335:16:rsnCheckWpaRsnInfo	32	static
rsn.c:84:9:rsnParseRsnIE	112	static
rsn.c:301:9:rsnParseWpaIE	112	static
rsn.c:540:9:rsnSearchSupportedCipher	32	static
rsn.c:569:9:rsnIsSuitableBSS	32	static
rsn.c:620:9:rsnSearchAKMSuite	32	static
rsn.c:656:9:rsnPerformPolicySelection	144	static
rsn.c:1005:6:rsnGenerateWpaNoneIE	64	static
rsn.c:1123:6:rsnGenerateWPAIE	80	static
rsn.c:1373:1:rsnParseCheckForWFAInfoElem	32	static
rsn.c:1415:6:rsnParserCheckForRSNCCMPPSK	128	static
rsn.c:1462:6:rsnGenMicErrorEvent	16	static
rsn.c:1500:6:rsnTkipHandleMICFailure	48	static
rsn.c:1608:6:rsnUpdatePmkidCandidateList	64	static
rsn.c:1558:6:rsnSelectPmkidCandidateList	32	static
rsn.c:1667:9:rsnSearchPmkidEntry	64	static
rsn.c:1223:6:rsnGenerateRSNIE	128	static
rsn.c:1712:9:rsnCheckPmkidCandicate	96	static
rsn.c:1788:6:rsnCheckPmkidCache	32	static
rsn.c:1829:6:rsnGeneratePmkidIndication	128	static
rsn.c:1760:6:rsnIndicatePmkidCand	32	static
rsn.c:1906:6:rsnGenerateWSCIE	32	static
rsn.c:1942:9:rsnCheckBipKeyInstalled	0	static
rsn.c:1961:8:rsnCheckSaQueryTimeout	48	static
rsn.c:2015:6:rsnStartSaQueryTimer	112	static
rsn.c:2137:6:rsnStartSaQuery	32	static
rsn.c:2158:6:rsnStopSaQuery	32	static
rsn.c:2182:6:rsnSaQueryRequest	80	static
rsn.c:2279:6:rsnSaQueryAction	64	static
rsn.c:2365:9:rsnCheckSecurityModeChanged	32	static
rsn.c:2422:6:rsnGenerateWSCIEForAssocRsp	32	static
