scan.c:3095:16:scanSanityCheckBssDesc	48	static
scan.c:126:6:scnInit	80	static
scan.c:219:6:scnFreeAllPendingScanRquests	64	static
scan.c:255:6:scnUninit	32	static
scan.c:322:1:scanSearchBssDescByBssidAndSsid	80	static
scan.c:304:14:scanSearchBssDescByBssid	16	static
scan.c:391:1:scanSearchBssDescByTAAndSsid	80	static
scan.c:373:14:scanSearchBssDescByTA	16	static
scan.c:446:6:scanRemoveRoamBssDescsByTime	64	static
scan.c:476:1:scanSearchRoamBssDescBySsid	48	static
scan.c:500:19:scanAllocateRoamBssDesc	32	static
scan.c:526:6:scanAddToRoamBssDesc	64	static
scan.c:550:6:scanSearchBssDescOfRoamSsid	64	static
scan.c:595:1:scanSearchExistingBssDescWithSsid	80	static
scan.c:440:1:scanSearchExistingBssDesc	16	static
scan.c:690:6:scanRemoveBssDescsByPolicy	128	static
scan.c:887:6:scanRemoveBssDescByBssid	112	static
scan.c:938:6:scanRemoveBssDescByBandAndNetwork	112	static
scan.c:1017:6:scanRemoveConnFlagOfBssDescByBssid	48	static
scan.c:1053:14:scanAllocateBssDesc	48	static
scan.c:1100:14:scanAddToBssDesc	208	static
scan.c:1684:6:scanInitEssResult	16	static
scan.c:1696:6:scanLogEssResult	160	static
scan.c:1772:13:scanAddScanResult	272	static
scan.c:1880:9:scanCheckBssIsLegal	64	static
scan.c:1911:8:nicChannelNum2Index	0	static
scan.c:1945:13:scanProcessBeaconAndProbeResp	112	static
scan.c:2120:8:scanResultsAdjust5GPref	32	static
scan.c:2151:14:scanSearchBssDescByPolicy	208	static
scan.c:2681:6:scanReportBss2Cfg80211	112	static
scan.c:2860:6:scanReportScanResultToAgps	64	static
scan.c:2892:6:scanGetCurrentEssChnlList	592	static
scan.c:3150:14:scanSearchBssDescByScoreForAis	256	static
