core.c:183:13:cfg80211_rfkill_poll	48	static
core.c:259:13:cfg80211_event_work	32	static
core.c:310:13:cfg80211_sched_scan_stop_wk	32	static
core.c:1083:19:cfg80211_init	48	static
core.c:1132:20:cfg80211_exit	32	static
core.c:251:13:cfg80211_rfkill_sync_work	0	static
core.c:54:36:cfg80211_rdev_by_wiphy_idx	32	static
core.c:70:5:get_wiphy_idx	16	static
core.c:77:15:wiphy_idx_to_wiphy	32	static
core.c:89:5:cfg80211_dev_rename	80	static
core.c:138:5:cfg80211_switch_netns	64	static
core.c:1067:24:cfg80211_pernet_exit	48	static
core.c:190:6:cfg80211_stop_p2p_device	48	static
core.c:213:6:cfg80211_shutdown_all_interfaces	48	static
core.c:237:12:cfg80211_rfkill_set_block	32	static
core.c:271:6:cfg80211_destroy_ifaces	112	static
core.c:298:13:cfg80211_destroy_iface_wk	32	static
core.c:326:15:wiphy_new	48	static
core.c:677:6:wiphy_rfkill_start_polling	16	static
core.c:688:6:wiphy_rfkill_stop_polling	16	static
core.c:696:6:wiphy_unregister	96	static
core.c:501:5:wiphy_register	128	static
core.c:751:6:cfg80211_dev_free	48	static
core.c:765:6:wiphy_free	16	static
core.c:771:6:wiphy_rfkill_set_hw_state	16	static
core.c:780:6:cfg80211_unregister_wdev	32	static
core.c:807:6:cfg80211_update_iface_num	48	static
core.c:817:6:__cfg80211_leave	48	static
core.c:855:6:cfg80211_leave	48	static
core.c:885:12:cfg80211_netdev_notifier_call	80	static
core.c:863:6:cfg80211_stop_iface	48	static
