trace.h:1948:1:ftrace_define_fields_cfg80211_return_bool	16	static
trace.h:2556:1:ftrace_define_fields_cfg80211_return_uint	16	static
trace.h:2568:1:ftrace_define_fields_cfg80211_return_u32	16	static
trace.h:267:1:ftrace_define_fields_rdev_scan	16	static
trace.h:279:1:ftrace_define_fields_wiphy_only_evt	16	static
trace.h:1321:1:ftrace_define_fields_rdev_testmode_dump	16	static
trace.h:1948:1:perf_trace_cfg80211_return_bool	368	static
trace.h:2556:1:perf_trace_cfg80211_return_uint	368	static
trace.h:2568:1:perf_trace_cfg80211_return_u32	368	static
trace.h:215:1:perf_trace_rdev_suspend	368	static
trace.h:253:1:perf_trace_rdev_return_int	368	static
trace.h:267:1:perf_trace_rdev_scan	352	static
trace.h:279:1:perf_trace_wiphy_only_evt	352	static
trace.h:311:1:perf_trace_wiphy_enabled_evt	368	static
trace.h:724:1:perf_trace_rdev_return_int_station_info	368	static
trace.h:804:1:perf_trace_rdev_return_int_mpath_info	368	static
trace.h:842:1:perf_trace_rdev_return_int_mesh_config	368	static
trace.h:973:1:perf_trace_rdev_set_monitor_channel	368	static
trace.h:1249:1:perf_trace_rdev_set_wiphy_params	368	static
trace.h:1289:1:perf_trace_rdev_return_int_int	368	static
trace.h:1321:1:perf_trace_rdev_testmode_dump	352	static
trace.h:1373:1:perf_trace_rdev_return_int_tx_rx	384	static
trace.h:1392:1:perf_trace_rdev_return_void_tx_rx	384	static
trace.h:1415:1:perf_trace_tx_rx_evt	368	static
trace.h:1509:1:perf_trace_rdev_return_int_survey_info	368	static
trace.h:1635:1:perf_trace_rdev_return_int_cookie	368	static
trace.h:1722:1:perf_trace_rdev_return_chandef	368	static
trace.h:2218:1:perf_trace_cfg80211_reg_can_beacon	368	static
trace.h:2236:1:perf_trace_cfg80211_chandef_dfs_required	368	static
trace.h:2267:1:perf_trace_cfg80211_radar_event	368	static
trace.h:2403:1:perf_trace_cfg80211_report_obss_beacon	368	static
trace.h:215:1:ftrace_raw_event_rdev_suspend	96	static
trace.h:253:1:ftrace_raw_event_rdev_return_int	96	static
trace.h:267:1:ftrace_raw_event_rdev_scan	96	static
trace.h:279:1:ftrace_raw_event_wiphy_only_evt	96	static
trace.h:311:1:ftrace_raw_event_wiphy_enabled_evt	96	static
trace.h:724:1:ftrace_raw_event_rdev_return_int_station_info	112	static
trace.h:804:1:ftrace_raw_event_rdev_return_int_mpath_info	112	static
trace.h:842:1:ftrace_raw_event_rdev_return_int_mesh_config	112	static
trace.h:973:1:ftrace_raw_event_rdev_set_monitor_channel	96	static
trace.h:1249:1:ftrace_raw_event_rdev_set_wiphy_params	96	static
trace.h:1289:1:ftrace_raw_event_rdev_return_int_int	112	static
trace.h:1321:1:ftrace_raw_event_rdev_testmode_dump	96	static
trace.h:1373:1:ftrace_raw_event_rdev_return_int_tx_rx	112	static
trace.h:1392:1:ftrace_raw_event_rdev_return_void_tx_rx	128	static
trace.h:1415:1:ftrace_raw_event_tx_rx_evt	112	static
trace.h:1509:1:ftrace_raw_event_rdev_return_int_survey_info	112	static
trace.h:1635:1:ftrace_raw_event_rdev_return_int_cookie	112	static
trace.h:1722:1:ftrace_raw_event_rdev_return_chandef	112	static
trace.h:1948:1:ftrace_raw_event_cfg80211_return_bool	96	static
trace.h:2218:1:ftrace_raw_event_cfg80211_reg_can_beacon	112	static
trace.h:2236:1:ftrace_raw_event_cfg80211_chandef_dfs_required	96	static
trace.h:2267:1:ftrace_raw_event_cfg80211_radar_event	96	static
trace.h:2403:1:ftrace_raw_event_cfg80211_report_obss_beacon	112	static
trace.h:2556:1:ftrace_raw_event_cfg80211_return_uint	96	static
trace.h:2568:1:ftrace_raw_event_cfg80211_return_u32	96	static
trace.h:215:1:ftrace_raw_output_rdev_suspend	64	static
trace.h:253:1:ftrace_raw_output_rdev_return_int	32	static
trace.h:267:1:ftrace_raw_output_rdev_scan	32	static
trace.h:279:1:ftrace_raw_output_wiphy_only_evt	32	static
trace.h:311:1:ftrace_raw_output_wiphy_enabled_evt	32	static
trace.h:331:1:ftrace_raw_output_rdev_add_virtual_intf	32	static
trace.h:348:1:ftrace_raw_output_wiphy_wdev_evt	32	static
trace.h:372:1:ftrace_raw_output_rdev_change_virtual_intf	32	static
trace.h:390:1:ftrace_raw_output_key_handle	32	static
trace.h:431:1:ftrace_raw_output_rdev_set_default_key	32	static
trace.h:455:1:ftrace_raw_output_rdev_set_default_mgmt_key	32	static
trace.h:472:1:ftrace_raw_output_rdev_start_ap	112	static
trace.h:514:1:ftrace_raw_output_rdev_change_beacon	32	static
trace.h:559:1:ftrace_raw_output_wiphy_netdev_evt	32	static
trace.h:608:1:ftrace_raw_output_station_add_change	80	static
trace.h:666:1:ftrace_raw_output_wiphy_netdev_mac_evt	32	static
trace.h:703:1:ftrace_raw_output_rdev_dump_station	32	static
trace.h:724:1:ftrace_raw_output_rdev_return_int_station_info	32	static
trace.h:741:1:ftrace_raw_output_mpath_evt	32	static
trace.h:780:1:ftrace_raw_output_rdev_dump_mpath	32	static
trace.h:804:1:ftrace_raw_output_rdev_return_int_mpath_info	80	static
trace.h:842:1:ftrace_raw_output_rdev_return_int_mesh_config	32	static
trace.h:859:1:ftrace_raw_output_rdev_update_mesh_config	32	static
trace.h:879:1:ftrace_raw_output_rdev_join_mesh	32	static
trace.h:898:1:ftrace_raw_output_rdev_change_bss	48	static
trace.h:928:1:ftrace_raw_output_rdev_set_txq_params	48	static
trace.h:955:1:ftrace_raw_output_rdev_libertas_set_mesh_channel	32	static
trace.h:973:1:ftrace_raw_output_rdev_set_monitor_channel	32	static
trace.h:989:1:ftrace_raw_output_rdev_auth	32	static
trace.h:1013:1:ftrace_raw_output_rdev_assoc	48	static
trace.h:1043:1:ftrace_raw_output_rdev_deauth	32	static
trace.h:1064:1:ftrace_raw_output_rdev_disassoc	32	static
trace.h:1092:1:ftrace_raw_output_rdev_mgmt_tx_cancel_wait	32	static
trace.h:1110:1:ftrace_raw_output_rdev_set_power_mgmt	32	static
trace.h:1131:1:ftrace_raw_output_rdev_connect	64	static
trace.h:1164:1:ftrace_raw_output_rdev_set_cqm_rssi_config	32	static
trace.h:1187:1:ftrace_raw_output_rdev_set_cqm_txe_config	32	static
trace.h:1210:1:ftrace_raw_output_rdev_disconnect	32	static
trace.h:1228:1:ftrace_raw_output_rdev_join_ibss	32	static
trace.h:1249:1:ftrace_raw_output_rdev_set_wiphy_params	32	static
trace.h:1269:1:ftrace_raw_output_rdev_set_tx_power	32	static
trace.h:1289:1:ftrace_raw_output_rdev_return_int_int	32	static
trace.h:1307:1:ftrace_raw_output_rdev_testmode_cmd	32	static
trace.h:1321:1:ftrace_raw_output_rdev_testmode_dump	32	static
trace.h:1334:1:ftrace_raw_output_rdev_set_bitrate_mask	32	static
trace.h:1352:1:ftrace_raw_output_rdev_mgmt_frame_register	32	static
trace.h:1373:1:ftrace_raw_output_rdev_return_int_tx_rx	32	static
trace.h:1392:1:ftrace_raw_output_rdev_return_void_tx_rx	32	static
trace.h:1415:1:ftrace_raw_output_tx_rx_evt	32	static
trace.h:1437:1:ftrace_raw_output_rdev_sched_scan_start	32	static
trace.h:1453:1:ftrace_raw_output_rdev_tdls_mgmt	64	static
trace.h:1492:1:ftrace_raw_output_rdev_dump_survey	32	static
trace.h:1509:1:ftrace_raw_output_rdev_return_int_survey_info	80	static
trace.h:1546:1:ftrace_raw_output_rdev_tdls_oper	32	static
trace.h:1584:1:ftrace_raw_output_rdev_probe_client	32	static
trace.h:1566:1:ftrace_raw_output_rdev_pmksa	32	static
trace.h:1614:1:ftrace_raw_output_rdev_remain_on_channel	32	static
trace.h:1635:1:ftrace_raw_output_rdev_return_int_cookie	32	static
trace.h:1652:1:ftrace_raw_output_rdev_cancel_remain_on_channel	32	static
trace.h:1669:1:ftrace_raw_output_rdev_mgmt_tx	48	static
trace.h:1699:1:ftrace_raw_output_rdev_set_noack_map	32	static
trace.h:1722:1:ftrace_raw_output_rdev_return_chandef	48	static
trace.h:1753:1:ftrace_raw_output_rdev_set_mac_acl	32	static
trace.h:1771:1:ftrace_raw_output_rdev_update_ft_ies	32	static
trace.h:1791:1:ftrace_raw_output_rdev_crit_proto_start	32	static
trace.h:1811:1:ftrace_raw_output_rdev_crit_proto_stop	32	static
trace.h:1826:1:ftrace_raw_output_rdev_channel_switch	80	static
trace.h:1863:1:ftrace_raw_output_rdev_set_qos_map	32	static
trace.h:1881:1:ftrace_raw_output_rdev_set_ap_chanwidth	48	static
trace.h:1899:1:ftrace_raw_output_rdev_add_tx_ts	48	static
trace.h:1924:1:ftrace_raw_output_rdev_del_tx_ts	32	static
trace.h:1948:1:ftrace_raw_output_cfg80211_return_bool	32	static
trace.h:1960:1:ftrace_raw_output_cfg80211_netdev_mac_evt	32	static
trace.h:1980:1:ftrace_raw_output_netdev_evt_only	32	static
trace.h:1997:1:ftrace_raw_output_cfg80211_send_rx_assoc	32	static
trace.h:2014:1:ftrace_raw_output_netdev_frame_event	32	static
trace.h:2040:1:ftrace_raw_output_cfg80211_tx_mlme_mgmt	32	static
trace.h:2056:1:ftrace_raw_output_netdev_mac_evt	32	static
trace.h:2081:1:ftrace_raw_output_cfg80211_michael_mic_failure	32	static
trace.h:2105:1:ftrace_raw_output_cfg80211_ready_on_channel	32	static
trace.h:2127:1:ftrace_raw_output_cfg80211_ready_on_channel_expired	32	static
trace.h:2145:1:ftrace_raw_output_cfg80211_new_sta	32	static
trace.h:2168:1:ftrace_raw_output_cfg80211_rx_mgmt	32	static
trace.h:2185:1:ftrace_raw_output_cfg80211_mgmt_tx_status	32	static
trace.h:2202:1:ftrace_raw_output_cfg80211_cqm_rssi_notify	32	static
trace.h:2218:1:ftrace_raw_output_cfg80211_reg_can_beacon	48	static
trace.h:2236:1:ftrace_raw_output_cfg80211_chandef_dfs_required	32	static
trace.h:2251:1:ftrace_raw_output_cfg80211_ch_switch_notify	48	static
trace.h:2267:1:ftrace_raw_output_cfg80211_radar_event	32	static
trace.h:2282:1:ftrace_raw_output_cfg80211_cac_event	32	static
trace.h:2297:1:ftrace_raw_output_cfg80211_rx_evt	32	static
trace.h:2321:1:ftrace_raw_output_cfg80211_ibss_joined	32	static
trace.h:2339:1:ftrace_raw_output_cfg80211_probe_status	32	static
trace.h:2360:1:ftrace_raw_output_cfg80211_cqm_pktloss_notify	32	static
trace.h:2382:1:ftrace_raw_output_cfg80211_pmksa_candidate_notify	32	static
trace.h:2403:1:ftrace_raw_output_cfg80211_report_obss_beacon	32	static
trace.h:2421:1:ftrace_raw_output_cfg80211_tdls_oper_request	32	static
trace.h:2444:1:ftrace_raw_output_cfg80211_scan_done	32	static
trace.h:2484:1:ftrace_raw_output_cfg80211_get_bss	48	static
trace.h:2511:1:ftrace_raw_output_cfg80211_inform_bss_width_frame	32	static
trace.h:2537:1:ftrace_raw_output_cfg80211_bss_evt	32	static
trace.h:2556:1:ftrace_raw_output_cfg80211_return_uint	32	static
trace.h:2568:1:ftrace_raw_output_cfg80211_return_u32	32	static
trace.h:2580:1:ftrace_raw_output_cfg80211_report_wowlan_wakeup	32	static
trace.h:2618:1:ftrace_raw_output_cfg80211_ft_event	32	static
trace.h:2644:1:ftrace_raw_output_cfg80211_stop_iface	32	static
trace.h:331:1:perf_trace_rdev_add_virtual_intf	384	static
trace.h:331:1:ftrace_raw_event_rdev_add_virtual_intf	112	static
trace.h:2105:1:perf_trace_cfg80211_ready_on_channel	384	static
trace.h:2127:1:perf_trace_cfg80211_ready_on_channel_expired	384	static
trace.h:2168:1:perf_trace_cfg80211_rx_mgmt	384	static
trace.h:2185:1:perf_trace_cfg80211_mgmt_tx_status	384	static
trace.h:348:1:perf_trace_wiphy_wdev_evt	368	static
trace.h:1092:1:perf_trace_rdev_mgmt_tx_cancel_wait	368	static
trace.h:1269:1:perf_trace_rdev_set_tx_power	384	static
trace.h:1307:1:perf_trace_rdev_testmode_cmd	368	static
trace.h:1352:1:perf_trace_rdev_mgmt_frame_register	384	static
trace.h:1614:1:perf_trace_rdev_remain_on_channel	384	static
trace.h:1652:1:perf_trace_rdev_cancel_remain_on_channel	368	static
trace.h:1669:1:perf_trace_rdev_mgmt_tx	368	static
trace.h:1791:1:perf_trace_rdev_crit_proto_start	384	static
trace.h:1811:1:perf_trace_rdev_crit_proto_stop	368	static
trace.h:2644:1:perf_trace_cfg80211_stop_iface	368	static
trace.h:348:1:ftrace_raw_event_wiphy_wdev_evt	96	static
trace.h:1092:1:ftrace_raw_event_rdev_mgmt_tx_cancel_wait	112	static
trace.h:1269:1:ftrace_raw_event_rdev_set_tx_power	112	static
trace.h:1307:1:ftrace_raw_event_rdev_testmode_cmd	96	static
trace.h:1352:1:ftrace_raw_event_rdev_mgmt_frame_register	112	static
trace.h:1614:1:ftrace_raw_event_rdev_remain_on_channel	112	static
trace.h:1652:1:ftrace_raw_event_rdev_cancel_remain_on_channel	112	static
trace.h:1669:1:ftrace_raw_event_rdev_mgmt_tx	112	static
trace.h:1791:1:ftrace_raw_event_rdev_crit_proto_start	112	static
trace.h:1811:1:ftrace_raw_event_rdev_crit_proto_stop	96	static
trace.h:2105:1:ftrace_raw_event_cfg80211_ready_on_channel	112	static
trace.h:2127:1:ftrace_raw_event_cfg80211_ready_on_channel_expired	112	static
trace.h:2168:1:ftrace_raw_event_cfg80211_rx_mgmt	112	static
trace.h:2185:1:ftrace_raw_event_cfg80211_mgmt_tx_status	112	static
trace.h:2644:1:ftrace_raw_event_cfg80211_stop_iface	96	static
trace.h:372:1:perf_trace_rdev_change_virtual_intf	368	static
trace.h:372:1:ftrace_raw_event_rdev_change_virtual_intf	112	static
trace.h:390:1:perf_trace_key_handle	384	static
trace.h:390:1:ftrace_raw_event_key_handle	128	static
trace.h:431:1:perf_trace_rdev_set_default_key	384	static
trace.h:431:1:ftrace_raw_event_rdev_set_default_key	128	static
trace.h:455:1:perf_trace_rdev_set_default_mgmt_key	368	static
trace.h:455:1:ftrace_raw_event_rdev_set_default_mgmt_key	112	static
trace.h:472:1:perf_trace_rdev_start_ap	368	static
trace.h:472:1:ftrace_raw_event_rdev_start_ap	112	static
trace.h:514:1:perf_trace_rdev_change_beacon	464	static
trace.h:514:1:ftrace_raw_event_rdev_change_beacon	160	static
trace.h:559:1:perf_trace_wiphy_netdev_evt	368	static
trace.h:559:1:ftrace_raw_event_wiphy_netdev_evt	96	static
trace.h:608:1:perf_trace_station_add_change	384	static
trace.h:608:1:ftrace_raw_event_station_add_change	112	static
trace.h:666:1:perf_trace_wiphy_netdev_mac_evt	368	static
trace.h:666:1:ftrace_raw_event_wiphy_netdev_mac_evt	112	static
trace.h:703:1:perf_trace_rdev_dump_station	384	static
trace.h:703:1:ftrace_raw_event_rdev_dump_station	112	static
trace.h:741:1:perf_trace_mpath_evt	384	static
trace.h:741:1:ftrace_raw_event_mpath_evt	112	static
trace.h:780:1:perf_trace_rdev_dump_mpath	384	static
trace.h:780:1:ftrace_raw_event_rdev_dump_mpath	128	static
trace.h:859:1:perf_trace_rdev_update_mesh_config	384	static
trace.h:859:1:ftrace_raw_event_rdev_update_mesh_config	112	static
trace.h:879:1:perf_trace_rdev_join_mesh	368	static
trace.h:879:1:ftrace_raw_event_rdev_join_mesh	112	static
trace.h:898:1:perf_trace_rdev_change_bss	368	static
trace.h:898:1:ftrace_raw_event_rdev_change_bss	112	static
trace.h:928:1:perf_trace_rdev_set_txq_params	368	static
trace.h:928:1:ftrace_raw_event_rdev_set_txq_params	112	static
trace.h:955:1:perf_trace_rdev_libertas_set_mesh_channel	368	static
trace.h:955:1:ftrace_raw_event_rdev_libertas_set_mesh_channel	112	static
trace.h:989:1:perf_trace_rdev_auth	368	static
trace.h:989:1:ftrace_raw_event_rdev_auth	112	static
trace.h:1013:1:perf_trace_rdev_assoc	368	static
trace.h:1013:1:ftrace_raw_event_rdev_assoc	112	static
trace.h:1043:1:perf_trace_rdev_deauth	368	static
trace.h:1043:1:ftrace_raw_event_rdev_deauth	112	static
trace.h:1064:1:perf_trace_rdev_disassoc	368	static
trace.h:1064:1:ftrace_raw_event_rdev_disassoc	112	static
trace.h:1110:1:perf_trace_rdev_set_power_mgmt	384	static
trace.h:1110:1:ftrace_raw_event_rdev_set_power_mgmt	112	static
trace.h:1131:1:perf_trace_rdev_connect	368	static
trace.h:1131:1:ftrace_raw_event_rdev_connect	112	static
trace.h:1164:1:perf_trace_rdev_set_cqm_rssi_config	384	static
trace.h:1164:1:ftrace_raw_event_rdev_set_cqm_rssi_config	112	static
trace.h:1187:1:perf_trace_rdev_set_cqm_txe_config	384	static
trace.h:1187:1:ftrace_raw_event_rdev_set_cqm_txe_config	128	static
trace.h:1210:1:perf_trace_rdev_disconnect	368	static
trace.h:1210:1:ftrace_raw_event_rdev_disconnect	112	static
trace.h:1228:1:perf_trace_rdev_join_ibss	368	static
trace.h:1228:1:ftrace_raw_event_rdev_join_ibss	112	static
trace.h:1334:1:perf_trace_rdev_set_bitrate_mask	368	static
trace.h:1334:1:ftrace_raw_event_rdev_set_bitrate_mask	112	static
trace.h:1437:1:perf_trace_rdev_sched_scan_start	368	static
trace.h:1437:1:ftrace_raw_event_rdev_sched_scan_start	96	static
trace.h:1453:1:perf_trace_rdev_tdls_mgmt	416	static
trace.h:1453:1:ftrace_raw_event_rdev_tdls_mgmt	144	static
trace.h:1492:1:perf_trace_rdev_dump_survey	368	static
trace.h:1492:1:ftrace_raw_event_rdev_dump_survey	112	static
trace.h:1546:1:perf_trace_rdev_tdls_oper	384	static
trace.h:1546:1:ftrace_raw_event_rdev_tdls_oper	112	static
trace.h:1566:1:perf_trace_rdev_pmksa	368	static
trace.h:1566:1:ftrace_raw_event_rdev_pmksa	112	static
trace.h:1584:1:perf_trace_rdev_probe_client	368	static
trace.h:1584:1:ftrace_raw_event_rdev_probe_client	112	static
trace.h:1699:1:perf_trace_rdev_set_noack_map	368	static
trace.h:1699:1:ftrace_raw_event_rdev_set_noack_map	112	static
trace.h:1753:1:perf_trace_rdev_set_mac_acl	368	static
trace.h:1753:1:ftrace_raw_event_rdev_set_mac_acl	112	static
trace.h:1771:1:perf_trace_rdev_update_ft_ies	384	static
trace.h:1771:1:ftrace_raw_event_rdev_update_ft_ies	112	static
trace.h:1826:1:perf_trace_rdev_channel_switch	400	static
trace.h:1826:1:ftrace_raw_event_rdev_channel_switch	128	static
trace.h:1863:1:perf_trace_rdev_set_qos_map	368	static
trace.h:1863:1:ftrace_raw_event_rdev_set_qos_map	112	static
trace.h:1881:1:perf_trace_rdev_set_ap_chanwidth	368	static
trace.h:1881:1:ftrace_raw_event_rdev_set_ap_chanwidth	112	static
trace.h:1899:1:perf_trace_rdev_add_tx_ts	400	static
trace.h:1899:1:ftrace_raw_event_rdev_add_tx_ts	128	static
trace.h:1924:1:perf_trace_rdev_del_tx_ts	384	static
trace.h:1924:1:ftrace_raw_event_rdev_del_tx_ts	112	static
trace.h:1960:1:perf_trace_cfg80211_netdev_mac_evt	368	static
trace.h:1960:1:ftrace_raw_event_cfg80211_netdev_mac_evt	96	static
trace.h:1980:1:perf_trace_netdev_evt_only	368	static
trace.h:1980:1:ftrace_raw_event_netdev_evt_only	96	static
trace.h:1997:1:perf_trace_cfg80211_send_rx_assoc	368	static
trace.h:1997:1:ftrace_raw_event_cfg80211_send_rx_assoc	96	static
trace.h:2014:1:perf_trace_netdev_frame_event	368	static
trace.h:2014:1:ftrace_raw_event_netdev_frame_event	112	static
trace.h:2040:1:perf_trace_cfg80211_tx_mlme_mgmt	368	static
trace.h:2040:1:ftrace_raw_event_cfg80211_tx_mlme_mgmt	112	static
trace.h:2056:1:perf_trace_netdev_mac_evt	368	static
trace.h:2056:1:ftrace_raw_event_netdev_mac_evt	96	static
trace.h:2081:1:perf_trace_cfg80211_michael_mic_failure	400	static
trace.h:2081:1:ftrace_raw_event_cfg80211_michael_mic_failure	128	static
trace.h:2145:1:perf_trace_cfg80211_new_sta	384	static
trace.h:2145:1:ftrace_raw_event_cfg80211_new_sta	112	static
trace.h:2202:1:perf_trace_cfg80211_cqm_rssi_notify	368	static
trace.h:2202:1:ftrace_raw_event_cfg80211_cqm_rssi_notify	96	static
trace.h:2251:1:perf_trace_cfg80211_ch_switch_notify	368	static
trace.h:2251:1:ftrace_raw_event_cfg80211_ch_switch_notify	96	static
trace.h:2282:1:perf_trace_cfg80211_cac_event	368	static
trace.h:2282:1:ftrace_raw_event_cfg80211_cac_event	96	static
trace.h:2297:1:perf_trace_cfg80211_rx_evt	368	static
trace.h:2297:1:ftrace_raw_event_cfg80211_rx_evt	96	static
trace.h:2321:1:perf_trace_cfg80211_ibss_joined	384	static
trace.h:2321:1:ftrace_raw_event_cfg80211_ibss_joined	112	static
trace.h:2339:1:perf_trace_cfg80211_probe_status	384	static
trace.h:2339:1:ftrace_raw_event_cfg80211_probe_status	112	static
trace.h:2360:1:perf_trace_cfg80211_cqm_pktloss_notify	384	static
trace.h:2360:1:ftrace_raw_event_cfg80211_cqm_pktloss_notify	112	static
trace.h:2382:1:perf_trace_cfg80211_pmksa_candidate_notify	384	static
trace.h:2382:1:ftrace_raw_event_cfg80211_pmksa_candidate_notify	112	static
trace.h:2421:1:perf_trace_cfg80211_tdls_oper_request	384	static
trace.h:2421:1:ftrace_raw_event_cfg80211_tdls_oper_request	128	static
trace.h:2444:1:perf_trace_cfg80211_scan_done	384	static
trace.h:2444:1:ftrace_raw_event_cfg80211_scan_done	112	static
trace.h:2484:1:perf_trace_cfg80211_get_bss	416	static
trace.h:2484:1:ftrace_raw_event_cfg80211_get_bss	144	static
trace.h:2511:1:perf_trace_cfg80211_inform_bss_width_frame	400	static
trace.h:2511:1:ftrace_raw_event_cfg80211_inform_bss_width_frame	128	static
trace.h:2537:1:perf_trace_cfg80211_bss_evt	368	static
trace.h:2537:1:ftrace_raw_event_cfg80211_bss_evt	96	static
trace.h:2580:1:perf_trace_cfg80211_report_wowlan_wakeup	384	static
trace.h:2580:1:ftrace_raw_event_cfg80211_report_wowlan_wakeup	112	static
trace.h:2618:1:perf_trace_cfg80211_ft_event	400	static
trace.h:2618:1:ftrace_raw_event_cfg80211_ft_event	128	static
trace.h:215:1:ftrace_define_fields_rdev_suspend	32	static
trace.h:2105:1:ftrace_define_fields_cfg80211_ready_on_channel	32	static
trace.h:2127:1:ftrace_define_fields_cfg80211_ready_on_channel_expired	32	static
trace.h:2168:1:ftrace_define_fields_cfg80211_rx_mgmt	32	static
trace.h:2185:1:ftrace_define_fields_cfg80211_mgmt_tx_status	32	static
trace.h:253:1:ftrace_define_fields_rdev_return_int	32	static
trace.h:311:1:ftrace_define_fields_wiphy_enabled_evt	32	static
trace.h:331:1:ftrace_define_fields_rdev_add_virtual_intf	32	static
trace.h:348:1:ftrace_define_fields_wiphy_wdev_evt	32	static
trace.h:372:1:ftrace_define_fields_rdev_change_virtual_intf	32	static
trace.h:390:1:ftrace_define_fields_key_handle	32	static
trace.h:431:1:ftrace_define_fields_rdev_set_default_key	32	static
trace.h:455:1:ftrace_define_fields_rdev_set_default_mgmt_key	32	static
trace.h:472:1:ftrace_define_fields_rdev_start_ap	64	static
trace.h:514:1:ftrace_define_fields_rdev_change_beacon	32	static
trace.h:559:1:ftrace_define_fields_wiphy_netdev_evt	32	static
trace.h:608:1:ftrace_define_fields_station_add_change	48	static
trace.h:666:1:ftrace_define_fields_wiphy_netdev_mac_evt	32	static
trace.h:703:1:ftrace_define_fields_rdev_dump_station	32	static
trace.h:724:1:ftrace_define_fields_rdev_return_int_station_info	48	static
trace.h:741:1:ftrace_define_fields_mpath_evt	32	static
trace.h:780:1:ftrace_define_fields_rdev_dump_mpath	48	static
trace.h:804:1:ftrace_define_fields_rdev_return_int_mpath_info	32	static
trace.h:842:1:ftrace_define_fields_rdev_return_int_mesh_config	64	static
trace.h:859:1:ftrace_define_fields_rdev_update_mesh_config	64	static
trace.h:879:1:ftrace_define_fields_rdev_join_mesh	64	static
trace.h:898:1:ftrace_define_fields_rdev_change_bss	32	static
trace.h:928:1:ftrace_define_fields_rdev_set_txq_params	32	static
trace.h:955:1:ftrace_define_fields_rdev_libertas_set_mesh_channel	32	static
trace.h:973:1:ftrace_define_fields_rdev_set_monitor_channel	32	static
trace.h:989:1:ftrace_define_fields_rdev_auth	32	static
trace.h:1013:1:ftrace_define_fields_rdev_assoc	32	static
trace.h:1043:1:ftrace_define_fields_rdev_deauth	32	static
trace.h:1064:1:ftrace_define_fields_rdev_disassoc	32	static
trace.h:1092:1:ftrace_define_fields_rdev_mgmt_tx_cancel_wait	32	static
trace.h:1110:1:ftrace_define_fields_rdev_set_power_mgmt	32	static
trace.h:1131:1:ftrace_define_fields_rdev_connect	32	static
trace.h:1164:1:ftrace_define_fields_rdev_set_cqm_rssi_config	32	static
trace.h:1187:1:ftrace_define_fields_rdev_set_cqm_txe_config	32	static
trace.h:1210:1:ftrace_define_fields_rdev_disconnect	32	static
trace.h:1228:1:ftrace_define_fields_rdev_join_ibss	32	static
trace.h:1249:1:ftrace_define_fields_rdev_set_wiphy_params	32	static
trace.h:1269:1:ftrace_define_fields_rdev_set_tx_power	32	static
trace.h:1289:1:ftrace_define_fields_rdev_return_int_int	32	static
trace.h:1307:1:ftrace_define_fields_rdev_testmode_cmd	32	static
trace.h:1334:1:ftrace_define_fields_rdev_set_bitrate_mask	32	static
trace.h:1352:1:ftrace_define_fields_rdev_mgmt_frame_register	32	static
trace.h:1373:1:ftrace_define_fields_rdev_return_int_tx_rx	32	static
trace.h:1392:1:ftrace_define_fields_rdev_return_void_tx_rx	32	static
trace.h:1415:1:ftrace_define_fields_tx_rx_evt	32	static
trace.h:1437:1:ftrace_define_fields_rdev_sched_scan_start	32	static
trace.h:1453:1:ftrace_define_fields_rdev_tdls_mgmt	32	static
trace.h:1492:1:ftrace_define_fields_rdev_dump_survey	32	static
trace.h:1509:1:ftrace_define_fields_rdev_return_int_survey_info	32	static
trace.h:1546:1:ftrace_define_fields_rdev_tdls_oper	32	static
trace.h:1566:1:ftrace_define_fields_rdev_pmksa	32	static
trace.h:1584:1:ftrace_define_fields_rdev_probe_client	32	static
trace.h:1614:1:ftrace_define_fields_rdev_remain_on_channel	32	static
trace.h:1635:1:ftrace_define_fields_rdev_return_int_cookie	32	static
trace.h:1652:1:ftrace_define_fields_rdev_cancel_remain_on_channel	32	static
trace.h:1669:1:ftrace_define_fields_rdev_mgmt_tx	32	static
trace.h:1699:1:ftrace_define_fields_rdev_set_noack_map	32	static
trace.h:1722:1:ftrace_define_fields_rdev_return_chandef	32	static
trace.h:1753:1:ftrace_define_fields_rdev_set_mac_acl	32	static
trace.h:1771:1:ftrace_define_fields_rdev_update_ft_ies	32	static
trace.h:1791:1:ftrace_define_fields_rdev_crit_proto_start	32	static
trace.h:1811:1:ftrace_define_fields_rdev_crit_proto_stop	32	static
trace.h:1826:1:ftrace_define_fields_rdev_channel_switch	32	static
trace.h:1863:1:ftrace_define_fields_rdev_set_qos_map	32	static
trace.h:1881:1:ftrace_define_fields_rdev_set_ap_chanwidth	32	static
trace.h:1899:1:ftrace_define_fields_rdev_add_tx_ts	32	static
trace.h:1924:1:ftrace_define_fields_rdev_del_tx_ts	32	static
trace.h:1960:1:ftrace_define_fields_cfg80211_netdev_mac_evt	32	static
trace.h:1980:1:ftrace_define_fields_netdev_evt_only	32	static
trace.h:1997:1:ftrace_define_fields_cfg80211_send_rx_assoc	32	static
trace.h:2014:1:ftrace_define_fields_netdev_frame_event	32	static
trace.h:2040:1:ftrace_define_fields_cfg80211_tx_mlme_mgmt	32	static
trace.h:2056:1:ftrace_define_fields_netdev_mac_evt	32	static
trace.h:2081:1:ftrace_define_fields_cfg80211_michael_mic_failure	48	static
trace.h:2145:1:ftrace_define_fields_cfg80211_new_sta	48	static
trace.h:2202:1:ftrace_define_fields_cfg80211_cqm_rssi_notify	32	static
trace.h:2218:1:ftrace_define_fields_cfg80211_reg_can_beacon	32	static
trace.h:2236:1:ftrace_define_fields_cfg80211_chandef_dfs_required	32	static
trace.h:2251:1:ftrace_define_fields_cfg80211_ch_switch_notify	32	static
trace.h:2267:1:ftrace_define_fields_cfg80211_radar_event	32	static
trace.h:2282:1:ftrace_define_fields_cfg80211_cac_event	32	static
trace.h:2297:1:ftrace_define_fields_cfg80211_rx_evt	32	static
trace.h:2321:1:ftrace_define_fields_cfg80211_ibss_joined	32	static
trace.h:2339:1:ftrace_define_fields_cfg80211_probe_status	32	static
trace.h:2360:1:ftrace_define_fields_cfg80211_cqm_pktloss_notify	32	static
trace.h:2382:1:ftrace_define_fields_cfg80211_pmksa_candidate_notify	32	static
trace.h:2403:1:ftrace_define_fields_cfg80211_report_obss_beacon	32	static
trace.h:2421:1:ftrace_define_fields_cfg80211_tdls_oper_request	32	static
trace.h:2444:1:ftrace_define_fields_cfg80211_scan_done	32	static
trace.h:2484:1:ftrace_define_fields_cfg80211_get_bss	32	static
trace.h:2511:1:ftrace_define_fields_cfg80211_inform_bss_width_frame	32	static
trace.h:2537:1:ftrace_define_fields_cfg80211_bss_evt	32	static
trace.h:2580:1:ftrace_define_fields_cfg80211_report_wowlan_wakeup	48	static
trace.h:2618:1:ftrace_define_fields_cfg80211_ft_event	32	static
trace.h:2644:1:ftrace_define_fields_cfg80211_stop_iface	32	static
