util.c:1359:1:cfg80211_iter_sum_ifcombs	0	static
util.c:21:1:ieee80211_get_response_rate	0	static
util.c:39:5:ieee80211_mandatory_rates	16	static
util.c:68:5:ieee80211_channel_to_frequency	0	static
util.c:98:5:ieee80211_frequency_to_channel	0	static
util.c:116:27:__ieee80211_get_channel	0	static
util.c:199:6:ieee80211_set_bitrate_flags	64	static
util.c:208:6:cfg80211_supported_cipher_suite	0	static
util.c:217:5:cfg80211_validate_key_settings	16	static
util.c:296:34:ieee80211_hdrlen	0	static
util.c:331:14:ieee80211_get_hdrlen_from_skb	32	static
util.c:346:14:ieee80211_get_mesh_hdrlen	0	static
util.c:362:5:ieee80211_data_to_8023	96	static
util.c:479:5:ieee80211_data_from_8023	112	static
util.c:596:6:ieee80211_amsdu_to_8023s	144	static
util.c:695:14:cfg80211_classify8021d	32	static
util.c:761:11:ieee80211_bss_get_ie	16	static
util.c:773:6:cfg80211_upload_connect_keys	112	static
util.c:804:6:cfg80211_process_wdev_events	96	static
util.c:857:6:cfg80211_process_rdev_events	32	static
util.c:867:5:cfg80211_change_iface	96	static
util.c:1088:5:cfg80211_calculate_bitrate	32	static
util.c:1127:5:cfg80211_get_p2p_attr	128	static
util.c:1227:6:ieee80211_operating_class_to_band	0	static
util.c:1250:5:cfg80211_validate_beacon_int	0	static
util.c:1271:5:cfg80211_iter_combinations	128	static
util.c:1366:5:cfg80211_check_combinations	32	static
util.c:1385:5:cfg80211_can_use_iftype_chan	256	static
util.c:1499:5:ieee80211_get_ratemask	0	static
util.c:1537:14:ieee80211_get_num_supported_channels	0	static
util.c:1550:5:cfg80211_get_station	80	static
