addrconf.c:1896:12:__ipv6_isatap_ifid	0	static
addrconf.c:4629:15:inet6_get_link_af_size	0	static
addrconf.c:4099:12:put_cacheinfo	32	static
addrconf.c:4133:12:inet6_fill_ifaddr	80	static
addrconf.c:3652:13:if6_seq_stop	16	static
addrconf.c:282:13:addrconf_mod_dad_work	16	static
addrconf.c:3354:13:addrconf_dad_start	48	static
addrconf.c:3281:13:addrconf_dad_kick	32	static
addrconf.c:1983:13:__ipv6_regen_rndid	48	static
addrconf.c:274:13:addrconf_mod_rs_timer	16	static
addrconf.c:2012:13:ipv6_regen_rndid	32	static
addrconf.c:1798:13:addrconf_join_anycast	64	static
addrconf.c:1811:13:addrconf_leave_anycast	64	static
addrconf.c:950:1:check_cleanup_prefix_route	96	static
addrconf.c:5512:12:__addrconf_sysctl_register	96	static
addrconf.c:5079:5:addrconf_sysctl_mtu	144	static
addrconf.c:3699:24:if6_proc_net_exit	16	static
addrconf.c:3678:12:if6_seq_open	16	static
addrconf.c:3658:12:if6_seq_show	16	static
addrconf.c:3692:23:if6_proc_net_init	16	static
addrconf.c:4717:12:inet6_validate_link_af	96	static
addrconf.c:3886:25:extract_addr	48	static
addrconf.c:1935:12:ipv6_generate_eui64	32	static
addrconf.c:3636:14:if6_seq_start	48	static
addrconf.c:3643:14:if6_seq_next	0	static
addrconf.c:268:13:addrconf_del_dad_work	32	static
addrconf.c:1226:12:ipv6_get_saddr_eval	48	static
addrconf.c:2146:13:addrconf_add_mroute.isra.28	192	static
addrconf.c:5557:12:addrconf_sysctl_register	48	static
addrconf.c:324:26:ipv6_add_dev	64	static
addrconf.c:437:26:ipv6_find_idev	32	static
addrconf.c:2162:26:addrconf_add_dev	32	static
addrconf.c:5544:13:__addrconf_sysctl_unregister.isra.32	32	static
addrconf.c:5628:24:addrconf_exit_net	32	static
addrconf.c:5585:23:addrconf_init_net	48	static
addrconf.c:4728:12:inet6_set_link_af.part.36	16	static
addrconf.c:4313:12:inet6_dump_addr	160	static
addrconf.c:4374:12:inet6_dump_ifacaddr	16	static
addrconf.c:4366:12:inet6_dump_ifmcaddr	16	static
addrconf.c:4359:12:inet6_dump_ifaddr	16	static
addrconf.c:473:12:inet6_netconf_fill_devconf.constprop	80	static
addrconf.c:604:12:inet6_netconf_dump_devconf	80	static
addrconf.c:543:12:inet6_netconf_get_devconf	128	static
addrconf.c:4582:12:inet6_fill_ifla6_attrs	112	static
addrconf.c:4759:12:inet6_fill_ifinfo	80	static
addrconf.c:4801:12:inet6_dump_ifinfo	80	static
addrconf.c:4637:12:inet6_fill_link_af	16	static
addrconf.c:817:1:ipv6_add_addr	112	static
addrconf.c:513:6:inet6_netconf_notify_devconf	64	static
addrconf.c:5179:5:addrconf_sysctl_proxy_ndp	64	static
addrconf.c:676:13:dev_forward_change	48	static
addrconf.c:5053:5:addrconf_sysctl_forward	176	static
addrconf.c:766:6:inet6_ifa_finish_destroy	32	static
addrconf.c:1360:12:__ipv6_dev_get_saddr	112	static
addrconf.c:1065:12:ipv6_create_tempaddr	144	static
addrconf.c:1439:5:ipv6_dev_get_saddr	176	static
addrconf.c:1511:5:__ipv6_get_lladdr	0	static
addrconf.c:1530:5:ipv6_get_lladdr	80	static
addrconf.c:3228:13:addrconf_rs_timer	96	static
addrconf.c:1566:5:ipv6_chk_addr_and_flags	64	static
addrconf.c:1559:5:ipv6_chk_addr	16	static
addrconf.c:1618:6:ipv6_chk_custom_prefix	80	static
addrconf.c:1642:5:ipv6_chk_prefix	64	static
addrconf.c:1666:22:ipv6_get_ifaddr	64	static
addrconf.c:4381:12:inet6_rtm_getaddr	144	static
addrconf.c:1736:6:addrconf_dad_failure	64	static
addrconf.c:1774:6:addrconf_join_solict	32	static
addrconf.c:1786:6:addrconf_leave_solict	32	static
addrconf.c:2051:5:addrconf_rt_table	48	static
addrconf.c:2110:25:addrconf_get_prefix_route	80	static
addrconf.c:987:1:cleanup_prefix_route	32	static
addrconf.c:2081:1:addrconf_prefix_route	224	static
addrconf.c:4935:13:__ipv6_ifa_notify	80	static
addrconf.c:4981:13:ipv6_ifa_notify	48	static
addrconf.c:1009:13:ipv6_del_addr	64	static
addrconf.c:1692:13:addrconf_dad_stop	48	static
addrconf.c:3465:13:addrconf_dad_completed	64	static
addrconf.c:3369:13:addrconf_dad_work	80	static
addrconf.c:2182:13:manage_tempaddrs	112	static
addrconf.c:3747:13:addrconf_verify_rtnl	144	static
addrconf.c:3874:13:addrconf_verify_work	16	static
addrconf.c:2616:12:inet6_addr_del	64	static
addrconf.c:3913:1:inet6_rtm_deladdr	112	static
addrconf.c:2691:13:add_addr	32	static
addrconf.c:3108:12:addrconf_ifdown	112	static
addrconf.c:2536:12:inet6_addr_add	112	static
addrconf.c:2824:13:addrconf_add_linklocal	32	static
addrconf.c:4022:1:inet6_rtm_newaddr	192	static
addrconf.c:2249:6:addrconf_prefix_rcv	128	static
addrconf.c:2472:5:addrconf_set_dstaddr	208	static
addrconf.c:2654:5:addrconf_add_ifaddr	80	static
addrconf.c:2673:5:addrconf_del_ifaddr	80	static
addrconf.c:3709:12:if6_proc_init	16	static
addrconf.c:3714:6:if6_proc_exit	16	static
addrconf.c:3722:5:ipv6_chk_home_addr	48	static
addrconf.c:4840:6:inet6_ifinfo_notify	64	static
addrconf.c:2933:12:addrconf_notify	128	static
addrconf.c:5093:13:dev_disable_change	32	static
addrconf.c:5153:5:addrconf_sysctl_disable	160	static
addrconf.c:4728:12:inet6_set_link_af	160	static
addrconf.c:5657:12:addrconf_init	64	static
addrconf.c:5747:6:addrconf_cleanup	64	static
