ip6_fib.c:97:12:fib6_new_sernum	0	static
ip6_fib.c:129:15:addr_bit_set	0	static
ip6_fib.c:163:13:fib6_link_table	0	static
ip6_fib.c:1622:12:fib6_prune_clone	0	static
ip6_fib.c:1881:12:ipv6_route_yield	0	static
ip6_fib.c:1118:26:fib6_locate_1	80	static
ip6_fib.c:633:12:fib6_commit_metrics	48	static
ip6_fib.c:1022:26:fib6_lookup_1	80	static
ip6_fib.c:1428:12:fib6_walk_continue	48	static
ip6_fib.c:143:26:node_alloc	16	static
ip6_fib.c:90:13:fib6_walker_unlink	32	static
ip6_fib.c:1655:12:fib6_age	32	static
ip6_fib.c:268:12:fib6_dump_node	48	static
ip6_fib.c:1789:13:fib6_net_exit	32	static
ip6_fib.c:1734:23:fib6_net_init	48	static
ip6_fib.c:1856:12:ipv6_route_seq_show	48	static
ip6_fib.c:1898:13:ipv6_route_seq_setup_walk	32	static
ip6_fib.c:2006:13:ipv6_route_seq_stop	16	static
ip6_fib.c:157:13:rt6_release	16	static
ip6_fib.c:1943:14:ipv6_route_seq_next	64	static
ip6_fib.c:1512:12:fib6_walk	32	static
ip6_fib.c:1576:13:fib6_clean_tree	128	static
ip6_fib.c:1595:13:__fib6_clean_all	80	static
ip6_fib.c:1638:13:fib6_flush_trees	32	static
ip6_fib.c:350:12:inet6_dump_fib	128	static
ip6_fib.c:302:12:fib6_dump_done	32	static
ip6_fib.c:1982:14:ipv6_route_seq_start	48	static
ip6_fib.c:662:13:fib6_purge_rt	48	static
ip6_fib.c:421:26:fib6_add_1	112	static
ip6_fib.c:1199:26:fib6_repair_tree	96	static
ip6_fib.c:216:20:fib6_get_table	48	static
ip6_fib.c:199:20:fib6_new_table	48	static
ip6_fib.c:852:6:fib6_force_start_gc	16	static
ip6_fib.c:865:5:fib6_add	96	static
ip6_fib.c:1085:19:fib6_lookup	80	static
ip6_fib.c:1148:19:fib6_locate	48	static
ip6_fib.c:1361:5:fib6_del	64	static
ip6_fib.c:1526:12:fib6_clean_node	96	static
ip6_fib.c:1616:6:fib6_clean_all	16	static
ip6_fib.c:1701:6:fib6_run_gc	64	static
ip6_fib.c:1729:13:fib6_gc_timer_cb	16	static
ip6_fib.c:1809:12:fib6_init	48	static
ip6_fib.c:1840:6:fib6_gc_cleanup	16	static
ip6_fib.c:2024:5:ipv6_route_open	16	static
