sit.c:1320:12:ipip6_tunnel_change_mtu	0	static
sit.c:1355:13:ipip6_tunnel_setup	0	static
sit.c:1413:12:ipip6_validate	0	static
sit.c:1625:15:ipip6_get_size	0	static
sit.c:1854:20:sit_cleanup	32	static
sit.c:1765:24:sit_destroy_tunnels	64	static
sit.c:1837:24:sit_exit_net	64	static
sit.c:1042:13:ipip6_tunnel_bind_dev	96	static
sit.c:395:13:prl_list_destroy_rcu	32	static
sit.c:1105:12:ipip6_tunnel_update_6rd	80	static
sit.c:1472:13:ipip6_netlink_encap_parms	0	static
sit.c:1429:13:ipip6_netlink_parms	0	static
sit.c:1375:12:ipip6_tunnel_init	64	static
sit.c:1340:13:ipip6_dev_free	32	static
sit.c:1665:12:ipip6_fill_info	96	static
sit.c:1507:13:ipip6_netlink_6rd_parms	32	static
sit.c:126:33:__ipip6_bucket.isra.15	0	static
sit.c:1730:13:ipip6_dellink	48	static
sit.c:191:12:ipip6_tunnel_create	48	static
sit.c:221:26:ipip6_tunnel_locate	96	static
sit.c:1543:12:ipip6_newlink	80	static
sit.c:1864:19:sit_init	48	static
sit.c:759:13:check_6rd.constprop	0	static
sit.c:1019:20:sit_tunnel_xmit	176	static
sit.c:93:26:ipip6_tunnel_lookup.constprop	48	static
sit.c:666:12:ipip6_rcv	96	static
sit.c:728:12:ipip_rcv	32	static
sit.c:518:12:ipip6_err	64	static
sit.c:1082:13:ipip6_tunnel_update	48	static
sit.c:1579:12:ipip6_changelink	160	static
sit.c:467:13:ipip6_tunnel_uninit	64	static
sit.c:1138:1:ipip6_tunnel_ioctl	160	static
sit.c:1795:23:sit_init_net	64	static
