ethtool.c:282:12:__ethtool_get_flags	0	static
ethtool.c:300:12:__ethtool_set_flags	16	static
ethtool.c:358:12:ethtool_set_settings	80	static
ethtool.c:917:12:ethtool_set_wol	64	static
ethtool.c:951:12:ethtool_set_eee	80	static
ethtool.c:1112:31:ethtool_set_coalesce	128	static
ethtool.c:1140:12:ethtool_set_ringparam	80	static
ethtool.c:1168:31:ethtool_set_channels	80	static
ethtool.c:1196:12:ethtool_set_pauseparam	48	static
ethtool.c:1442:31:ethtool_flash_device	176	static
ethtool.c:141:12:ethtool_set_features	80	static
ethtool.c:473:31:ethtool_set_rxnfc	256	static
ethtool.c:881:12:ethtool_reset	64	static
ethtool.c:972:12:ethtool_get_link	48	static
ethtool.c:1097:31:ethtool_get_coalesce	128	static
ethtool.c:1153:31:ethtool_get_channels	80	static
ethtool.c:1379:12:ethtool_get_perm_addr	48	static
ethtool.c:1398:12:ethtool_get_value	48	static
ethtool.c:1472:12:ethtool_get_dump_flag	64	static
ethtool.c:1587:12:ethtool_get_module_info	96	static
ethtool.c:930:12:ethtool_get_eee	96	static
ethtool.c:1557:12:ethtool_get_ts_info	80	static
ethtool.c:103:12:ethtool_get_features	80	static
ethtool.c:371:31:ethtool_get_drvinfo	256	static
ethtool.c:845:12:ethtool_get_regs	80	static
ethtool.c:986:12:ethtool_get_any_eeprom	112	static
ethtool.c:1610:12:ethtool_get_module_eeprom	96	static
ethtool.c:1049:12:ethtool_set_eeprom	96	static
ethtool.c:1247:12:ethtool_get_strings	64	static
ethtool.c:577:31:ethtool_get_rxfh_indir	64	static
ethtool.c:505:31:ethtool_get_rxnfc	256	static
ethtool.c:679:31:ethtool_get_rxfh	112	static
ethtool.c:1675:12:ethtool_set_tunable	80	static
ethtool.c:1209:12:ethtool_self_test	64	static
ethtool.c:1341:12:ethtool_get_stats	64	static
ethtool.c:1494:12:ethtool_get_dump_data	96	static
ethtool.c:1281:12:ethtool_phys_id	112	static
ethtool.c:560:12:ethtool_copy_validate_indir.isra.3	48	static
ethtool.c:625:31:ethtool_set_rxfh_indir	288	static
ethtool.c:756:31:ethtool_set_rxfh	304	static
ethtool.c:1428:12:ethtool_set_value	48	static
ethtool.c:207:26:ethtool_get_feature_mask	16	static
ethtool.c:252:12:ethtool_set_one_feature	48	static
ethtool.c:238:12:ethtool_get_one_feature.isra.7	64	static
ethtool.c:1644:12:ethtool_get_tunable	64	static
ethtool.c:417:31:ethtool_get_sset_info	96	static
ethtool.c:35:5:ethtool_op_get_link	0	static
ethtool.c:41:5:ethtool_op_get_ts_info	0	static
ethtool.c:331:5:__ethtool_get_settings	32	static
ethtool.c:344:12:ethtool_get_settings	80	static
ethtool.c:1705:5:dev_ethtool	128	static
