mtk_ram_console.c:2756:12:mt_lastbus_dump	0	static
mtk_ram_console.c:516:12:ram_console_check_header	16	static
mtk_ram_console.c:782:5:ram_console_pstore_reserve_memory	16	static
mtk_ram_console.c:791:5:ram_console_binary_reserve_memory	16	static
mtk_ram_console.c:682:19:ram_console_early_init	64	static
mtk_ram_console.c:740:12:ram_console_file_open	16	static
mtk_ram_console.c:292:12:ram_console2_file_open	16	static
mtk_ram_console.c:2028:6:aee_rr_show_wdt_status	16	static
mtk_ram_console.c:2041:6:aee_rr_show_fiq_step	16	static
mtk_ram_console.c:2046:6:aee_rr_show_exp_type	16	static
mtk_ram_console.c:2054:6:aee_rr_show_last_irq_enter	16	static
mtk_ram_console.c:2059:6:aee_rr_show_jiffies_last_irq_enter	16	static
mtk_ram_console.c:2064:6:aee_rr_show_last_irq_exit	16	static
mtk_ram_console.c:2069:6:aee_rr_show_jiffies_last_irq_exit	16	static
mtk_ram_console.c:2074:6:aee_rr_show_hotplug_footprint	16	static
mtk_ram_console.c:2079:6:aee_rr_show_hotplug_status	16	static
mtk_ram_console.c:2087:6:aee_rr_show_hotplug_caller_callee_status	16	static
mtk_ram_console.c:2094:6:aee_rr_show_hotplug_up_prepare_ktime	16	static
mtk_ram_console.c:2099:6:aee_rr_show_hotplug_starting_ktime	16	static
mtk_ram_console.c:2104:6:aee_rr_show_hotplug_online_ktime	16	static
mtk_ram_console.c:2109:6:aee_rr_show_hotplug_down_prepare_ktime	16	static
mtk_ram_console.c:2114:6:aee_rr_show_hotplug_dying_ktime	16	static
mtk_ram_console.c:2119:6:aee_rr_show_hotplug_dead_ktime	16	static
mtk_ram_console.c:2124:6:aee_rr_show_hotplug_post_dead_ktime	16	static
mtk_ram_console.c:2128:6:aee_rr_show_mcdi	16	static
mtk_ram_console.c:2133:6:aee_rr_show_mcdi_r15	16	static
mtk_ram_console.c:2138:6:aee_rr_show_deepidle	16	static
mtk_ram_console.c:2143:6:aee_rr_show_sodi3	16	static
mtk_ram_console.c:2148:6:aee_rr_show_sodi	16	static
mtk_ram_console.c:2153:6:aee_rr_show_spm_suspend	16	static
mtk_ram_console.c:2158:6:aee_rr_show_spm_common_scenario	16	static
mtk_ram_console.c:2163:6:aee_rr_show_cpu_dormant	16	static
mtk_ram_console.c:2168:6:aee_rr_show_clk	48	static
mtk_ram_console.c:2176:6:aee_rr_show_vcore_dvfs_opp	16	static
mtk_ram_console.c:2181:6:aee_rr_show_vcore_dvfs_status	16	static
mtk_ram_console.c:2186:6:aee_rr_show_ppm_cluster_limit	48	static
mtk_ram_console.c:2194:6:aee_rr_show_ppm_step	16	static
mtk_ram_console.c:2199:6:aee_rr_show_ppm_cur_state	16	static
mtk_ram_console.c:2204:6:aee_rr_show_ppm_min_pwr_bgt	16	static
mtk_ram_console.c:2209:6:aee_rr_show_ppm_policy_mask	16	static
mtk_ram_console.c:2214:6:aee_rr_show_ppm_waiting_for_pbm	16	static
mtk_ram_console.c:2219:6:aee_rr_show_cpu_dvfs_vproc_big	16	static
mtk_ram_console.c:2224:6:aee_rr_show_cpu_dvfs_vproc_little	16	static
mtk_ram_console.c:2229:6:aee_rr_show_cpu_dvfs_oppidx	32	static
mtk_ram_console.c:2235:6:aee_rr_show_cpu_dvfs_cci_oppidx	16	static
mtk_ram_console.c:2240:6:aee_rr_show_cpu_dvfs_status	16	static
mtk_ram_console.c:2245:6:aee_rr_show_cpu_dvfs_step	16	static
mtk_ram_console.c:2250:6:aee_rr_show_cpu_dvfs_pbm_step	16	static
mtk_ram_console.c:2255:6:aee_rr_show_cpu_dvfs_cb	16	static
mtk_ram_console.c:2260:6:aee_rr_show_cpufreq_cb	16	static
mtk_ram_console.c:2265:6:aee_rr_show_gpu_dvfs_vgpu	16	static
mtk_ram_console.c:2270:6:aee_rr_show_gpu_dvfs_oppidx	16	static
mtk_ram_console.c:2275:6:aee_rr_show_gpu_dvfs_status	16	static
mtk_ram_console.c:2280:6:aee_rr_show_ptp_60	16	static
mtk_ram_console.c:2285:6:aee_rr_show_ptp_64	16	static
mtk_ram_console.c:2290:6:aee_rr_show_ptp_68	16	static
mtk_ram_console.c:2295:6:aee_rr_show_ptp_6C	16	static
mtk_ram_console.c:2300:6:aee_rr_show_ptp_78	16	static
mtk_ram_console.c:2305:6:aee_rr_show_ptp_7C	16	static
mtk_ram_console.c:2310:6:aee_rr_show_ptp_80	16	static
mtk_ram_console.c:2315:6:aee_rr_show_ptp_84	16	static
mtk_ram_console.c:2320:6:aee_rr_show_ptp_88	16	static
mtk_ram_console.c:2325:6:aee_rr_show_ptp_8C	16	static
mtk_ram_console.c:2330:6:aee_rr_show_ptp_9C	16	static
mtk_ram_console.c:2335:6:aee_rr_show_ptp_A0	16	static
mtk_ram_console.c:2340:6:aee_rr_show_ptp_vboot	48	static
mtk_ram_console.c:2349:6:aee_rr_show_ptp_cpu_big_volt	48	static
mtk_ram_console.c:2358:6:aee_rr_show_ptp_cpu_big_volt_1	48	static
mtk_ram_console.c:2367:6:aee_rr_show_ptp_cpu_big_volt_2	48	static
mtk_ram_console.c:2376:6:aee_rr_show_ptp_cpu_big_volt_3	48	static
mtk_ram_console.c:2385:6:aee_rr_show_ptp_cpu_2_little_volt	48	static
mtk_ram_console.c:2394:6:aee_rr_show_ptp_cpu_2_little_volt_1	48	static
mtk_ram_console.c:2403:6:aee_rr_show_ptp_cpu_2_little_volt_2	48	static
mtk_ram_console.c:2412:6:aee_rr_show_ptp_cpu_2_little_volt_3	48	static
mtk_ram_console.c:2421:6:aee_rr_show_ptp_cpu_little_volt	48	static
mtk_ram_console.c:2430:6:aee_rr_show_ptp_cpu_little_volt_1	48	static
mtk_ram_console.c:2439:6:aee_rr_show_ptp_cpu_little_volt_2	48	static
mtk_ram_console.c:2448:6:aee_rr_show_ptp_cpu_little_volt_3	48	static
mtk_ram_console.c:2457:6:aee_rr_show_ptp_cpu_cci_volt	48	static
mtk_ram_console.c:2466:6:aee_rr_show_ptp_cpu_cci_volt_1	48	static
mtk_ram_console.c:2475:6:aee_rr_show_ptp_cpu_cci_volt_2	48	static
mtk_ram_console.c:2484:6:aee_rr_show_ptp_cpu_cci_volt_3	48	static
mtk_ram_console.c:2493:6:aee_rr_show_ptp_gpu_volt	48	static
mtk_ram_console.c:2529:6:aee_rr_show_ptp_temp	32	static
mtk_ram_console.c:2536:6:aee_rr_show_thermal_temp	32	static
mtk_ram_console.c:2545:6:aee_rr_show_ptp_status	16	static
mtk_ram_console.c:2550:6:aee_rr_show_eem_pi_offset	16	static
mtk_ram_console.c:2555:6:aee_rr_show_idvfs_ctrl_reg	32	static
mtk_ram_console.c:2564:6:aee_rr_show_idvfs_enable_cnt	16	static
mtk_ram_console.c:2569:6:aee_rr_show_idvfs_swreq_cnt	16	static
mtk_ram_console.c:2574:6:aee_rr_show_idvfs_curr_volt	16	static
mtk_ram_console.c:2580:6:aee_rr_show_idvfs_sram_ldo	16	static
mtk_ram_console.c:2585:6:aee_rr_show_idvfs_swavg_curr_pct_x100	16	static
mtk_ram_console.c:2591:6:aee_rr_show_idvfs_swreq_curr_pct_x100	16	static
mtk_ram_console.c:2597:6:aee_rr_show_idvfs_swreq_next_pct_x100	16	static
mtk_ram_console.c:2603:6:aee_rr_show_idvfs_state_manchine	16	static
mtk_ram_console.c:2642:6:aee_rr_show_ocp_2_target_limit	16	static
mtk_ram_console.c:2647:6:aee_rr_show_ocp_2_enable	16	static
mtk_ram_console.c:2652:6:aee_rr_show_thermal_status	16	static
mtk_ram_console.c:2657:6:aee_rr_show_thermal_ATM_status	16	static
mtk_ram_console.c:2662:6:aee_rr_show_thermal_ktime	16	static
mtk_ram_console.c:2667:6:aee_rr_show_scp_pc	16	static
mtk_ram_console.c:2672:6:aee_rr_show_scp_lr	16	static
mtk_ram_console.c:2677:6:aee_rr_show_isr_el1	16	static
mtk_ram_console.c:2761:6:aee_rr_show_last_bus	32	static
mtk_ram_console.c:305:12:emmc_read_last_kmsg	48	static
mtk_ram_console.c:664:19:dt_get_ram_console	48	static
mtk_ram_console.c:753:19:ram_console_late_init	48	static
mtk_ram_console.c:242:14:ram_console_size	0	static
mtk_ram_console.c:254:6:last_kmsg_store_to_emmc	48	static
mtk_ram_console.c:362:6:sram_log_save	16	static
mtk_ram_console.c:487:6:ram_console_write	48	static
mtk_ram_console.c:367:6:pstore_console_show	96	static
mtk_ram_console.c:535:12:ram_console_lastk_show	48	static
mtk_ram_console.c:734:12:ram_console_show	16	static
mtk_ram_console.c:281:12:ram_console2_show	48	static
mtk_ram_console.c:446:6:aee_sram_fiq_save_bin	96	static
mtk_ram_console.c:460:6:aee_disable_ram_console_write	0	static
mtk_ram_console.c:465:6:aee_sram_fiq_log	48	static
mtk_ram_console.c:508:6:ram_console_enable_console	0	static
mtk_ram_console.c:825:6:aee_rr_rec_reboot_mode	0	static
mtk_ram_console.c:832:6:aee_rr_rec_kdump_params	0	static
mtk_ram_console.c:839:6:aee_rr_rec_fiq_step	0	static
mtk_ram_console.c:846:5:aee_rr_curr_fiq_step	0	static
mtk_ram_console.c:851:6:aee_rr_rec_exp_type	0	static
mtk_ram_console.c:859:14:aee_rr_curr_exp_type	0	static
mtk_ram_console.c:867:6:aee_rr_rec_last_irq_enter	48	static
mtk_ram_console.c:878:6:aee_rr_rec_last_irq_exit	48	static
mtk_ram_console.c:889:6:aee_rr_rec_last_sched_jiffies	48	static
mtk_ram_console.c:900:6:aee_rr_rec_hotplug_footprint	48	static
mtk_ram_console.c:908:6:aee_rr_rec_hotplug_cpu_event	0	static
mtk_ram_console.c:915:6:aee_rr_rec_hotplug_cb_index	0	static
mtk_ram_console.c:922:6:aee_rr_rec_hotplug_cb_fp	0	static
mtk_ram_console.c:929:6:aee_rr_rec_cpu_caller	0	static
mtk_ram_console.c:936:6:aee_rr_rec_cpu_callee	0	static
mtk_ram_console.c:943:6:aee_rr_rec_cpu_up_prepare_ktime	0	static
mtk_ram_console.c:950:6:aee_rr_rec_cpu_starting_ktime	0	static
mtk_ram_console.c:957:6:aee_rr_rec_cpu_online_ktime	0	static
mtk_ram_console.c:964:6:aee_rr_rec_cpu_down_prepare_ktime	0	static
mtk_ram_console.c:971:6:aee_rr_rec_cpu_dying_ktime	0	static
mtk_ram_console.c:978:6:aee_rr_rec_cpu_dead_ktime	0	static
mtk_ram_console.c:985:6:aee_rr_rec_cpu_post_dead_ktime	0	static
mtk_ram_console.c:991:6:aee_rr_rec_clk	0	static
mtk_ram_console.c:998:6:aee_rr_rec_deepidle_val	0	static
mtk_ram_console.c:1005:5:aee_rr_curr_deepidle_val	0	static
mtk_ram_console.c:1010:6:aee_rr_rec_mcdi_wfi_val	0	static
mtk_ram_console.c:1017:5:aee_rr_curr_mcdi_wfi_val	0	static
mtk_ram_console.c:1022:6:aee_rr_rec_mcdi_r15_val	0	static
mtk_ram_console.c:1029:6:aee_rr_rec_sodi_val	0	static
mtk_ram_console.c:1036:6:aee_rr_rec_sodi3_val	0	static
mtk_ram_console.c:1043:5:aee_rr_curr_sodi3_val	0	static
mtk_ram_console.c:1050:5:aee_rr_curr_sodi_val	0	static
mtk_ram_console.c:1055:6:aee_rr_rec_spm_suspend_val	0	static
mtk_ram_console.c:1062:5:aee_rr_curr_spm_suspend_val	0	static
mtk_ram_console.c:1067:6:aee_rr_rec_spm_common_scenario_val	0	static
mtk_ram_console.c:1074:5:aee_rr_curr_spm_common_scenario_val	0	static
mtk_ram_console.c:1080:15:aee_rr_rec_mcdi_wfi	0	static
mtk_ram_console.c:1091:16:aee_rr_rec_cpu_dormant	0	static
mtk_ram_console.c:1099:16:aee_rr_rec_cpu_dormant_pa	0	static
mtk_ram_console.c:1107:6:aee_rr_rec_vcore_dvfs_opp	0	static
mtk_ram_console.c:1114:5:aee_rr_curr_vcore_dvfs_opp	0	static
mtk_ram_console.c:1119:6:aee_rr_rec_vcore_dvfs_status	0	static
mtk_ram_console.c:1126:5:aee_rr_curr_vcore_dvfs_status	0	static
mtk_ram_console.c:1131:6:aee_rr_rec_ppm_cluster_limit	0	static
mtk_ram_console.c:1138:6:aee_rr_rec_ppm_step	0	static
mtk_ram_console.c:1145:6:aee_rr_rec_ppm_cur_state	0	static
mtk_ram_console.c:1152:6:aee_rr_rec_ppm_min_pwr_bgt	0	static
mtk_ram_console.c:1159:6:aee_rr_rec_ppm_policy_mask	0	static
mtk_ram_console.c:1166:6:aee_rr_rec_ppm_waiting_for_pbm	0	static
mtk_ram_console.c:1173:6:aee_rr_rec_cpu_dvfs_vproc_big	0	static
mtk_ram_console.c:1180:6:aee_rr_rec_cpu_dvfs_vproc_little	0	static
mtk_ram_console.c:1187:6:aee_rr_rec_cpu_dvfs_oppidx	0	static
mtk_ram_console.c:1194:6:aee_rr_rec_cpu_dvfs_cci_oppidx	0	static
mtk_ram_console.c:1201:4:aee_rr_curr_cpu_dvfs_oppidx	0	static
mtk_ram_console.c:1206:4:aee_rr_curr_cpu_dvfs_cci_oppidx	0	static
mtk_ram_console.c:1211:6:aee_rr_rec_cpu_dvfs_status	0	static
mtk_ram_console.c:1218:4:aee_rr_curr_cpu_dvfs_status	0	static
mtk_ram_console.c:1223:6:aee_rr_rec_cpu_dvfs_step	0	static
mtk_ram_console.c:1230:4:aee_rr_curr_cpu_dvfs_step	0	static
mtk_ram_console.c:1235:6:aee_rr_rec_cpu_dvfs_pbm_step	0	static
mtk_ram_console.c:1242:4:aee_rr_curr_cpu_dvfs_pbm_step	0	static
mtk_ram_console.c:1247:6:aee_rr_rec_cpu_dvfs_cb	0	static
mtk_ram_console.c:1254:4:aee_rr_curr_cpu_dvfs_cb	0	static
mtk_ram_console.c:1259:6:aee_rr_rec_cpufreq_cb	0	static
mtk_ram_console.c:1266:4:aee_rr_curr_cpufreq_cb	0	static
mtk_ram_console.c:1271:6:aee_rr_rec_gpu_dvfs_vgpu	0	static
mtk_ram_console.c:1278:6:aee_rr_rec_gpu_dvfs_oppidx	0	static
mtk_ram_console.c:1285:6:aee_rr_rec_gpu_dvfs_status	0	static
mtk_ram_console.c:1292:4:aee_rr_curr_gpu_dvfs_status	0	static
mtk_ram_console.c:1297:6:aee_rr_rec_ptp_60	0	static
mtk_ram_console.c:1304:6:aee_rr_rec_ptp_64	0	static
mtk_ram_console.c:1311:6:aee_rr_rec_ptp_68	0	static
mtk_ram_console.c:1318:6:aee_rr_rec_ptp_6C	0	static
mtk_ram_console.c:1325:6:aee_rr_rec_ptp_78	0	static
mtk_ram_console.c:1332:6:aee_rr_rec_ptp_7C	0	static
mtk_ram_console.c:1339:6:aee_rr_rec_ptp_80	0	static
mtk_ram_console.c:1346:6:aee_rr_rec_ptp_84	0	static
mtk_ram_console.c:1353:6:aee_rr_rec_ptp_88	0	static
mtk_ram_console.c:1360:6:aee_rr_rec_ptp_8C	0	static
mtk_ram_console.c:1367:6:aee_rr_rec_ptp_9C	0	static
mtk_ram_console.c:1374:6:aee_rr_rec_ptp_A0	0	static
mtk_ram_console.c:1381:6:aee_rr_rec_ptp_vboot	0	static
mtk_ram_console.c:1388:6:aee_rr_rec_ptp_cpu_big_volt	0	static
mtk_ram_console.c:1395:6:aee_rr_rec_ptp_cpu_big_volt_1	0	static
mtk_ram_console.c:1402:6:aee_rr_rec_ptp_cpu_big_volt_2	0	static
mtk_ram_console.c:1409:6:aee_rr_rec_ptp_cpu_big_volt_3	0	static
mtk_ram_console.c:1416:6:aee_rr_rec_ptp_cpu_2_little_volt	0	static
mtk_ram_console.c:1423:6:aee_rr_rec_ptp_cpu_2_little_volt_1	0	static
mtk_ram_console.c:1430:6:aee_rr_rec_ptp_cpu_2_little_volt_2	0	static
mtk_ram_console.c:1437:6:aee_rr_rec_ptp_cpu_2_little_volt_3	0	static
mtk_ram_console.c:1444:6:aee_rr_rec_ptp_cpu_little_volt	0	static
mtk_ram_console.c:1451:6:aee_rr_rec_ptp_cpu_little_volt_1	0	static
mtk_ram_console.c:1458:6:aee_rr_rec_ptp_cpu_little_volt_2	0	static
mtk_ram_console.c:1465:6:aee_rr_rec_ptp_cpu_little_volt_3	0	static
mtk_ram_console.c:1472:6:aee_rr_rec_ptp_cpu_cci_volt	0	static
mtk_ram_console.c:1479:6:aee_rr_rec_ptp_cpu_cci_volt_1	0	static
mtk_ram_console.c:1486:6:aee_rr_rec_ptp_cpu_cci_volt_2	0	static
mtk_ram_console.c:1493:6:aee_rr_rec_ptp_cpu_cci_volt_3	0	static
mtk_ram_console.c:1500:6:aee_rr_rec_ptp_gpu_volt	0	static
mtk_ram_console.c:1507:6:aee_rr_rec_ptp_gpu_volt_1	0	static
mtk_ram_console.c:1514:6:aee_rr_rec_ptp_gpu_volt_2	0	static
mtk_ram_console.c:1521:6:aee_rr_rec_ptp_gpu_volt_3	0	static
mtk_ram_console.c:1528:6:aee_rr_rec_ptp_temp	0	static
mtk_ram_console.c:1535:6:aee_rr_rec_ptp_status	0	static
mtk_ram_console.c:1542:6:aee_rr_rec_eem_pi_offset	0	static
mtk_ram_console.c:1549:6:aee_rr_rec_thermal_temp1	0	static
mtk_ram_console.c:1556:6:aee_rr_rec_thermal_temp2	0	static
mtk_ram_console.c:1563:6:aee_rr_rec_thermal_temp3	0	static
mtk_ram_console.c:1570:6:aee_rr_rec_thermal_temp4	0	static
mtk_ram_console.c:1577:6:aee_rr_rec_thermal_temp5	0	static
mtk_ram_console.c:1584:6:aee_rr_rec_thermal_status	0	static
mtk_ram_console.c:1591:6:aee_rr_rec_thermal_ATM_status	0	static
mtk_ram_console.c:1598:6:aee_rr_rec_thermal_ktime	0	static
mtk_ram_console.c:1605:6:aee_rr_rec_isr_el1	0	static
mtk_ram_console.c:1612:6:aee_rr_rec_idvfs_ctrl_reg	0	static
mtk_ram_console.c:1619:6:aee_rr_rec_idvfs_enable_cnt	0	static
mtk_ram_console.c:1626:6:aee_rr_rec_idvfs_swreq_cnt	0	static
mtk_ram_console.c:1633:6:aee_rr_rec_idvfs_curr_volt	0	static
mtk_ram_console.c:1640:6:aee_rr_rec_idvfs_sram_ldo	0	static
mtk_ram_console.c:1647:6:aee_rr_rec_idvfs_swavg_curr_pct_x100	0	static
mtk_ram_console.c:1654:6:aee_rr_rec_idvfs_swreq_curr_pct_x100	0	static
mtk_ram_console.c:1661:6:aee_rr_rec_idvfs_swreq_next_pct_x100	0	static
mtk_ram_console.c:1668:6:aee_rr_rec_idvfs_state_manchine	0	static
mtk_ram_console.c:1675:6:aee_rr_rec_ocp_2_target_limit	0	static
mtk_ram_console.c:1682:6:aee_rr_rec_ocp_2_enable	0	static
mtk_ram_console.c:1689:5:aee_rr_curr_ptp_60	0	static
mtk_ram_console.c:1694:5:aee_rr_curr_ptp_64	0	static
mtk_ram_console.c:1699:5:aee_rr_curr_ptp_68	0	static
mtk_ram_console.c:1704:5:aee_rr_curr_ptp_6C	0	static
mtk_ram_console.c:1709:5:aee_rr_curr_ptp_78	0	static
mtk_ram_console.c:1714:5:aee_rr_curr_ptp_7C	0	static
mtk_ram_console.c:1719:5:aee_rr_curr_ptp_80	0	static
mtk_ram_console.c:1724:5:aee_rr_curr_ptp_84	0	static
mtk_ram_console.c:1729:5:aee_rr_curr_ptp_88	0	static
mtk_ram_console.c:1734:5:aee_rr_curr_ptp_8C	0	static
mtk_ram_console.c:1739:5:aee_rr_curr_ptp_9C	0	static
mtk_ram_console.c:1744:5:aee_rr_curr_ptp_A0	0	static
mtk_ram_console.c:1749:5:aee_rr_curr_ptp_vboot	0	static
mtk_ram_console.c:1754:5:aee_rr_curr_ptp_cpu_big_volt	0	static
mtk_ram_console.c:1759:5:aee_rr_curr_ptp_cpu_big_volt_1	0	static
mtk_ram_console.c:1764:5:aee_rr_curr_ptp_cpu_big_volt_2	0	static
mtk_ram_console.c:1769:5:aee_rr_curr_ptp_cpu_big_volt_3	0	static
mtk_ram_console.c:1774:5:aee_rr_curr_ptp_cpu_2_little_volt	0	static
mtk_ram_console.c:1779:5:aee_rr_curr_ptp_cpu_2_little_volt_1	0	static
mtk_ram_console.c:1784:5:aee_rr_curr_ptp_cpu_2_little_volt_2	0	static
mtk_ram_console.c:1789:5:aee_rr_curr_ptp_cpu_2_little_volt_3	0	static
mtk_ram_console.c:1794:5:aee_rr_curr_ptp_cpu_little_volt	0	static
mtk_ram_console.c:1799:5:aee_rr_curr_ptp_cpu_little_volt_1	0	static
mtk_ram_console.c:1804:5:aee_rr_curr_ptp_cpu_little_volt_2	0	static
mtk_ram_console.c:1809:5:aee_rr_curr_ptp_cpu_little_volt_3	0	static
mtk_ram_console.c:1814:5:aee_rr_curr_ptp_cpu_cci_volt	0	static
mtk_ram_console.c:1819:5:aee_rr_curr_ptp_cpu_cci_volt_1	0	static
mtk_ram_console.c:1824:5:aee_rr_curr_ptp_cpu_cci_volt_2	0	static
mtk_ram_console.c:1829:5:aee_rr_curr_ptp_cpu_cci_volt_3	0	static
mtk_ram_console.c:1834:5:aee_rr_curr_ptp_gpu_volt	0	static
mtk_ram_console.c:1839:5:aee_rr_curr_ptp_gpu_volt_1	0	static
mtk_ram_console.c:1844:5:aee_rr_curr_ptp_gpu_volt_2	0	static
mtk_ram_console.c:1849:5:aee_rr_curr_ptp_gpu_volt_3	0	static
mtk_ram_console.c:1854:5:aee_rr_curr_ptp_temp	0	static
mtk_ram_console.c:1859:4:aee_rr_curr_ptp_status	0	static
mtk_ram_console.c:1864:4:aee_rr_curr_eem_pi_offset	0	static
mtk_ram_console.c:1869:4:aee_rr_curr_thermal_temp1	0	static
mtk_ram_console.c:1874:4:aee_rr_curr_thermal_temp2	0	static
mtk_ram_console.c:1879:4:aee_rr_curr_thermal_temp3	0	static
mtk_ram_console.c:1884:4:aee_rr_curr_thermal_temp4	0	static
mtk_ram_console.c:1889:4:aee_rr_curr_thermal_temp5	0	static
mtk_ram_console.c:1894:4:aee_rr_curr_thermal_status	0	static
mtk_ram_console.c:1899:4:aee_rr_curr_thermal_ATM_status	0	static
mtk_ram_console.c:1904:5:aee_rr_curr_thermal_ktime	0	static
mtk_ram_console.c:1909:4:aee_rr_curr_isr_el1	0	static
mtk_ram_console.c:1914:5:aee_rr_curr_idvfs_ctrl_reg	0	static
mtk_ram_console.c:1919:5:aee_rr_curr_idvfs_enable_cnt	0	static
mtk_ram_console.c:1924:5:aee_rr_curr_idvfs_swreq_cnt	0	static
mtk_ram_console.c:1929:5:aee_rr_curr_idvfs_curr_volt	0	static
mtk_ram_console.c:1934:5:aee_rr_curr_idvfs_sram_ldo	0	static
mtk_ram_console.c:1939:5:aee_rr_curr_idvfs_swavg_curr_pct_x100	0	static
mtk_ram_console.c:1944:5:aee_rr_curr_idvfs_swreq_curr_pct_x100	0	static
mtk_ram_console.c:1949:5:aee_rr_curr_idvfs_swreq_next_pct_x100	0	static
mtk_ram_console.c:1954:4:aee_rr_curr_idvfs_state_manchine	0	static
mtk_ram_console.c:1959:5:aee_rr_curr_ocp_2_target_limit	0	static
mtk_ram_console.c:1964:4:aee_rr_curr_ocp_2_enable	0	static
mtk_ram_console.c:1969:6:aee_rr_rec_scp_pc	0	static
mtk_ram_console.c:1976:10:aee_rr_curr_scp_pc	0	static
mtk_ram_console.c:1981:6:aee_rr_rec_scp_lr	0	static
mtk_ram_console.c:1988:10:aee_rr_curr_scp_lr	0	static
mtk_ram_console.c:1993:17:scp_dump_pc	0	static
mtk_ram_console.c:1998:17:scp_dump_lr	0	static
mtk_ram_console.c:2003:6:aee_rr_rec_scp	32	static
mtk_ram_console.c:2012:6:aee_rr_rec_suspend_debug_flag	0	static
mtk_ram_console.c:2020:5:aee_rr_last_fiq_step	0	static
mtk_ram_console.c:2502:6:aee_rr_show_ptp_gpu_volt_1	48	static
mtk_ram_console.c:2511:6:aee_rr_show_ptp_gpu_volt_2	48	static
mtk_ram_console.c:2520:6:aee_rr_show_ptp_gpu_volt_3	48	static
mtk_ram_console.c:2682:17:get_vcore_dvfs_sram_debug_regs	0	static
mtk_ram_console.c:2687:6:aee_rr_show_vcore_dvfs_debug_regs	48	static
mtk_ram_console.c:2697:17:get_suspend_debug_flag	0	static
mtk_ram_console.c:2702:6:aee_rr_show_suspend_debug_flag	32	static
mtk_ram_console.c:2709:17:get_suspend_debug_regs	0	static
mtk_ram_console.c:2714:6:aee_rr_show_suspend_debug_regs	48	static
mtk_ram_console.c:2724:14:get_spm_firmware_version	0	static
mtk_ram_console.c:2729:6:aee_rr_show_spm_firmware_version	48	static
mtk_ram_console.c:2740:12:mt_reg_dump	0	static
mtk_ram_console.c:2745:6:aee_rr_show_last_pc	32	static
mtk_ram_console.c:2892:5:aee_rr_reboot_reason_show	64	static
