gyroscope.c:442:16:gyro_store_flush	0	static
gyroscope.c:136:22:gyro_poll	16	static
gyroscope.c:178:12:gyro_real_enable	32	static
gyroscope.c:480:12:gyroscope_probe	32	static
gyroscope.c:39:13:startTimer	48	static
gyroscope.c:395:16:gyro_store_batch	48	static
gyroscope.c:338:16:gyro_show_active	64	static
gyroscope.c:436:16:gyro_show_batch	16	static
gyroscope.c:452:16:gyro_show_flush	16	static
gyroscope.c:352:16:gyro_store_delay	80	static
gyroscope.c:458:16:gyro_show_devnum	80	static
gyroscope.c:474:12:gyroscope_remove	16	static
gyroscope.c:280:16:gyro_show_enable_nodata	16	static
gyroscope.c:386:16:gyro_show_delay	16	static
gyroscope.c:799:19:gyro_init	112	static
gyroscope.c:313:16:gyro_store_active	64	static
gyroscope.c:259:5:gyro_enable_nodata	16	static
gyroscope.c:289:16:gyro_store_enable_nodata	48	static
gyroscope.c:530:5:gyro_driver_add	64	static
gyroscope.c:640:5:gyro_register_data_path	32	static
gyroscope.c:656:5:gyro_register_control_path	32	static
gyroscope.c:715:5:gyro_data_report	80	static
gyroscope.c:71:13:gyro_work_func	80	static
gyroscope.c:811:20:gyro_exit	32	static
