ddp_path.c:194:5:ddp_path_init	0	static
ddp_path.c:293:7:ddp_get_scenario_name	32	static
ddp_path.c:330:5:ddp_is_scenario_on_primary	48	static
ddp_path.c:361:7:ddp_get_mutex_sof_name	544	static
ddp_path.c:373:7:ddp_get_mode_name	32	static
ddp_path.c:386:12:ddp_get_module_num_l	32	static
ddp_path.c:400:13:ddp_connect_path_l	144	static
ddp_path.c:507:13:ddp_check_path_l	832	static
ddp_path.c:621:13:ddp_disconnect_path_l	96	static
ddp_path.c:668:12:ddp_get_mutex_src	64	static
ddp_path.c:708:12:ddp_mutex_set_l	128	static
ddp_path.c:742:13:ddp_check_mutex_l	624	static
ddp_path.c:777:12:ddp_mutex_enable_l	64	static
ddp_path.c:784:5:ddp_get_module_num	32	static
ddp_path.c:789:13:ddp_print_scenario	304	static
ddp_path.c:803:12:ddp_find_module_index	48	static
ddp_path.c:861:18:ddp_get_dst_module	48	static
ddp_path.c:818:5:ddp_set_dst_module	48	static
ddp_path.c:875:6:ddp_get_scenario_list	16	static
ddp_path.c:880:5:ddp_is_module_in_scenario	32	static
ddp_path.c:892:5:ddp_insert_module	64	static
ddp_path.c:931:5:ddp_remove_module	64	static
ddp_path.c:957:6:ddp_connect_path	32	static
ddp_path.c:977:6:ddp_disconnect_path	32	static
ddp_path.c:998:6:ddp_check_path	32	static
ddp_path.c:1019:6:ddp_check_mutex	32	static
ddp_path.c:1025:5:ddp_mutex_set	48	static
ddp_path.c:1033:5:ddp_mutex_Interrupt_enable	96	static
ddp_path.c:1043:5:ddp_mutex_Interrupt_disable	96	static
ddp_path.c:1051:5:ddp_mutex_reset	96	static
ddp_path.c:1060:5:ddp_is_moudule_in_mutex	576	static
ddp_path.c:1078:5:ddp_mutex_add_module	64	static
ddp_path.c:1093:5:ddp_mutex_remove_module	64	static
ddp_path.c:1109:5:ddp_mutex_clear	96	static
ddp_path.c:1120:5:ddp_mutex_enable	32	static
ddp_path.c:1125:5:ddp_mutex_disenable	64	static
ddp_path.c:1132:5:ddp_mutex_set_sof_wait	80	static
ddp_path.c:1144:5:ddp_check_engine_status	32	static
ddp_path.c:1153:5:ddp_path_top_clock_on	48	static
ddp_path.c:1181:5:ddp_path_top_clock_off	16	static
ddp_path.c:1206:5:disp_get_dst_module	32	static
ddp_path.c:1211:5:ddp_convert_ovl_input_to_rdma	64	static
