ddp_manager.c:377:12:_dpmgr_path_disconnect	64	static
ddp_manager.c:356:12:_dpmgr_path_connect	64	static
ddp_manager.c:150:29:_get_context	48	static
ddp_manager.c:182:12:path_top_clock_on	16	static
ddp_manager.c:164:12:path_top_clock_off	16	static
ddp_manager.c:1797:13:dpmgr_irq_handler	128	static
ddp_manager.c:301:5:dpmgr_path_set_video_mode	48	static
ddp_manager.c:313:18:dpmgr_create_path	112	static
ddp_manager.c:348:5:dpmgr_get_scenario	0	static
ddp_manager.c:399:5:dpmgr_modify_path_power_on_new_modules	112	static
ddp_manager.c:433:5:dpmgr_modify_path	96	static
ddp_manager.c:462:5:dpmgr_modify_path_power_off_old_modules	112	static
ddp_manager.c:487:5:dpmgr_destroy_path_handle	80	static
ddp_manager.c:521:5:dpmgr_destroy_path	32	static
ddp_manager.c:535:5:dpmgr_path_memout_clock	0	static
ddp_manager.c:568:5:dpmgr_path_add_memout	64	static
ddp_manager.c:621:5:dpmgr_path_remove_memout	64	static
ddp_manager.c:685:5:dpmgr_insert_ovl1_sub	48	static
ddp_manager.c:728:5:dpmgr_remove_ovl1_sub	48	static
ddp_manager.c:770:5:dpmgr_path_set_dst_module	64	static
ddp_manager.c:782:5:dpmgr_path_get_mutex	32	static
ddp_manager.c:791:18:dpmgr_path_get_dst_module	64	static
ddp_manager.c:806:22:dpmgr_path_get_dst_module_type	16	static
ddp_manager.c:818:5:dpmgr_path_connect	32	static
ddp_manager.c:834:5:dpmgr_path_disconnect	48	static
ddp_manager.c:851:5:dpmgr_path_init	112	static
ddp_manager.c:896:5:dpmgr_path_deinit	112	static
ddp_manager.c:935:5:dpmgr_path_start	112	static
ddp_manager.c:965:5:dpmgr_path_stop	112	static
ddp_manager.c:996:5:dpmgr_path_ioctl	80	static
ddp_manager.c:1025:5:dpmgr_path_enable_irq	128	static
ddp_manager.c:1062:5:dpmgr_path_reset	128	static
ddp_manager.c:1121:5:dpmgr_path_config	144	static
ddp_manager.c:1162:23:dpmgr_path_get_last_config_notclear	32	static
ddp_manager.c:1170:23:dpmgr_path_get_last_config	32	static
ddp_manager.c:1185:6:dpmgr_get_input_address	32	static
ddp_manager.c:1200:5:dpmgr_path_build_cmdq	80	static
ddp_manager.c:1241:5:dpmgr_path_trigger	96	static
ddp_manager.c:1271:5:dpmgr_path_flush	48	static
ddp_manager.c:1283:5:dpmgr_path_power_off	112	static
ddp_manager.c:1311:5:dpmgr_path_power_on	112	static
ddp_manager.c:1340:5:dpmgr_path_power_off_bypass_pwm	112	static
ddp_manager.c:1372:5:dpmgr_path_power_on_bypass_pwm	112	static
ddp_manager.c:1415:5:dpmgr_path_user_cmd	64	static
ddp_manager.c:1499:5:dpmgr_path_set_parameter	0	static
ddp_manager.c:1504:5:dpmgr_path_get_parameter	0	static
ddp_manager.c:1515:5:dpmgr_path_is_busy	64	static
ddp_manager.c:1509:5:dpmgr_path_is_idle	32	static
ddp_manager.c:1544:5:dpmgr_set_lcm_utils	96	static
ddp_manager.c:1571:5:dpmgr_enable_event	64	static
ddp_manager.c:1592:5:dpmgr_map_event_to_irq	80	static
ddp_manager.c:1612:5:dpmgr_disable_event	64	static
ddp_manager.c:1629:5:dpmgr_check_status	576	static
ddp_manager.c:1669:6:dpmgr_debug_path_status	32	static
ddp_manager.c:1693:5:dpmgr_wait_event_timeout	144	static
ddp_manager.c:1732:5:_dpmgr_wait_event	160	static
ddp_manager.c:1769:5:dpmgr_wait_event	16	static
ddp_manager.c:1774:5:dpmgr_wait_event_ts	16	static
ddp_manager.c:1779:5:dpmgr_signal_event	64	static
ddp_manager.c:226:5:dpmgr_module_notify	48	static
ddp_manager.c:1829:5:dpmgr_init	16	static
ddp_manager.c:1841:5:dpmgr_factory_mode_test	64	static
ddp_manager.c:1854:5:dpmgr_wait_ovl_available	0	static
