disp_recovery.c:115:21:_need_do_esd_check	16	static
disp_recovery.c:221:20:_esd_check_ext_te_irq_handler	32	static
disp_recovery.c:81:14:get_esd_check_mode	0	static
disp_recovery.c:86:6:set_esd_check_mode	0	static
disp_recovery.c:91:14:_can_switch_check_mode	16	static
disp_recovery.c:101:6:_can_do_read_reg	32	static
disp_recovery.c:132:5:_esd_check_config_handle_cmd	32	static
disp_recovery.c:173:5:_esd_check_config_handle_vdo	32	static
disp_recovery.c:293:5:primary_display_switch_esd_mode	48	static
disp_recovery.c:351:5:do_esd_check_eint	96	static
disp_recovery.c:366:5:do_esd_check_dsi_te	16	static
disp_recovery.c:580:5:primary_display_esd_recovery	80	static
disp_recovery.c:768:6:primary_display_esd_check_enable	48	static
disp_recovery.c:742:6:primary_display_check_recovery_init	32	static
disp_recovery.c:787:14:need_wait_esd_eof	32	static
disp_recovery.c:378:5:do_esd_check_read	48	static
disp_recovery.c:433:5:primary_display_esd_check	48	static
disp_recovery.c:520:12:primary_display_check_recovery_worker_kthread	144	static
