disp_lcm.c:27:5:_lcm_count	0	static
disp_lcm.c:32:5:_is_lcm_inited	16	static
disp_lcm.c:45:13:_get_lcm_params_by_handle	32	static
disp_lcm.c:53:13:_get_lcm_driver_by_handle	32	static
disp_lcm.c:61:6:_dump_lcm_info	64	static
disp_lcm.c:161:18:disp_lcm_probe	112	static
disp_lcm.c:338:13:disp_lcm_get_params	32	static
disp_lcm.c:347:18:disp_lcm_get_interface_id	32	static
disp_lcm.c:381:5:disp_lcm_esd_check	48	static
disp_lcm.c:404:5:disp_lcm_esd_recover	48	static
disp_lcm.c:425:5:disp_lcm_suspend	48	static
disp_lcm.c:448:5:disp_lcm_resume	48	static
disp_lcm.c:471:5:disp_lcm_set_backlight	48	static
disp_lcm.c:493:5:disp_lcm_set_cabc	64	static
disp_lcm.c:513:5:disp_lcm_set_inverse	64	static
disp_lcm.c:535:5:disp_lcm_set_hbm	64	static
disp_lcm.c:555:6:disp_lcm_param_is_supported	48	static
disp_lcm.c:592:5:disp_lcm_ioctl	0	static
disp_lcm.c:597:5:disp_lcm_is_inited	32	static
disp_lcm.c:276:5:disp_lcm_init	48	static
disp_lcm.c:605:14:disp_lcm_ATA	48	static
disp_lcm.c:627:7:disp_lcm_switch_mode	48	static
disp_lcm.c:651:5:disp_lcm_is_video_mode	32	static
disp_lcm.c:357:5:disp_lcm_update	80	static
disp_lcm.c:690:5:disp_lcm_set_lcm_cmd	64	static
