fm_cmd.c:714:8:fm_get_read_result	32	static
fm_cmd.c:24:8:fm_bop_write	32	static
fm_cmd.c:48:8:fm_bop_udelay	32	static
fm_cmd.c:73:8:fm_bop_rd_until	32	static
fm_cmd.c:100:8:fm_bop_modify	32	static
fm_cmd.c:127:8:fm_bop_top_write	48	static
fm_cmd.c:156:8:fm_bop_top_rd_until	80	static
fm_cmd.c:190:8:fm_op_seq_combine_cmd	32	static
fm_cmd.c:220:8:fm_patch_download	32	static
fm_cmd.c:267:8:fm_coeff_download	32	static
fm_cmd.c:314:8:fm_full_cqi_req	0	static
fm_cmd.c:359:8:fm_get_reg	32	static
fm_cmd.c:374:8:fm_set_reg	32	static
fm_cmd.c:392:8:fm_set_bits_reg	32	static
fm_cmd.c:411:8:fm_top_get_reg	32	static
fm_cmd.c:429:8:fm_top_set_reg	64	static
fm_cmd.c:452:8:fm_host_get_reg	48	static
fm_cmd.c:471:8:fm_host_set_reg	80	static
fm_cmd.c:494:8:fm_pmic_get_reg	32	static
fm_cmd.c:513:8:fm_pmic_set_reg	48	static
fm_cmd.c:536:8:fm_pmic_mod_reg	80	static
fm_cmd.c:564:8:fm_get_patch_path	64	static
fm_cmd.c:601:8:fm_get_coeff_path	64	static
fm_cmd.c:644:8:fm_download_patch	112	static
fm_cmd.c:725:8:fm_reg_read	48	static
fm_cmd.c:743:8:fm_reg_write	48	static
fm_cmd.c:757:8:fm_set_bits	64	static
fm_cmd.c:772:8:fm_top_reg_read	48	static
fm_cmd.c:790:8:fm_top_reg_write	64	static
fm_cmd.c:804:8:fm_host_reg_read	64	static
fm_cmd.c:822:8:fm_host_reg_write	48	static
