fm_utils.c:76:15:fm_event_clr	0	static
fm_utils.c:83:15:fm_event_get	0	static
fm_utils.c:89:15:fm_event_rst	0	static
fm_utils.c:396:15:fm_timer_init	0	static
fm_utils.c:446:15:fm_timer_control	0	static
fm_utils.c:516:15:fm_work_init	0	static
fm_utils.c:686:9:fm_fifo_is_full	0	static
fm_utils.c:691:9:fm_fifo_is_empty	0	static
fm_utils.c:696:8:fm_fifo_get_total_len	0	static
fm_utils.c:701:8:fm_fifo_get_valid_len	0	static
fm_utils.c:71:6:fm_event_wait_timeout	96	static
fm_utils.c:54:15:fm_event_wait	96	static
fm_utils.c:45:15:fm_event_send	32	static
fm_utils.c:159:15:fm_lock_try	96	static
fm_utils.c:192:15:fm_lock_lock	64	static
fm_utils.c:424:15:fm_timer_update	16	static
fm_utils.c:414:15:fm_timer_start	16	static
fm_utils.c:436:15:fm_timer_stop	16	static
fm_utils.c:706:8:fm_fifo_reset	32	static
fm_utils.c:316:15:fm_spin_lock_unlock	32	static
fm_utils.c:297:15:fm_spin_lock_lock	48	static
fm_utils.c:585:15:fm_workthread_add_work	16	static
fm_utils.c:649:8:fm_fifo_in	32	static
fm_utils.c:217:15:fm_lock_unlock	32	static
fm_utils.c:669:8:fm_fifo_out	32	static
fm_utils.c:30:8:fm_delayms	32	static
fm_utils.c:37:8:fm_delayus	32	static
fm_utils.c:94:23:fm_flag_event_create	48	static
fm_utils.c:129:8:fm_flag_event_get	32	static
fm_utils.c:139:8:fm_flag_event_put	32	static
fm_utils.c:237:17:fm_lock_create	48	static
fm_utils.c:267:8:fm_lock_get	32	static
fm_utils.c:277:8:fm_lock_put	32	static
fm_utils.c:334:17:fm_spin_lock_create	48	static
fm_utils.c:363:8:fm_spin_lock_get	32	static
fm_utils.c:373:8:fm_spin_lock_put	32	static
fm_utils.c:452:18:fm_timer_create	48	static
fm_utils.c:484:8:fm_timer_get	32	static
fm_utils.c:494:8:fm_timer_put	32	static
fm_utils.c:531:17:fm_work_create	48	static
fm_utils.c:556:8:fm_work_get	32	static
fm_utils.c:566:8:fm_work_put	32	static
fm_utils.c:600:23:fm_workthread_create	48	static
fm_utils.c:620:8:fm_workthread_get	32	static
fm_utils.c:630:8:fm_workthread_put	32	static
fm_utils.c:716:17:fm_fifo_init	32	static
fm_utils.c:739:17:fm_fifo_create	64	static
fm_utils.c:764:8:fm_fifo_release	32	static
