midi.c:487:13:snd_usbmidi_output_standard_packet	0	static
midi.c:504:13:snd_usbmidi_output_midiman_packet	0	static
midi.c:1858:12:roland_load_get	0	static
midi.c:190:12:snd_usbmidi_submit_urb	32	static
midi.c:201:12:snd_usbmidi_urb_error	16	static
midi.c:1865:12:roland_load_put	48	static
midi.c:618:13:snd_usbmidi_standard_output	80	static
midi.c:975:13:snd_usbmidi_emagic_output	112	static
midi.c:695:13:snd_usbmidi_akai_output	96	static
midi.c:381:12:send_bulk_static_data	64	static
midi.c:915:13:snd_usbmidi_emagic_finish_out	16	static
midi.c:898:13:snd_usbmidi_emagic_init_out	32	static
midi.c:307:13:snd_usbmidi_do_output	80	static
midi.c:344:13:snd_usbmidi_out_tasklet	16	static
midi.c:353:13:snd_usbmidi_error_timer	64	static
midi.c:1766:12:snd_usbmidi_get_ms_info	96	static
midi.c:1850:12:roland_load_info	16	static
midi.c:1183:13:snd_usbmidi_input_trigger	16	static
midi.c:1142:13:snd_usbmidi_output_drain	112	static
midi.c:253:13:snd_usbmidi_in_urb_complete	32	static
midi.c:277:13:snd_usbmidi_out_urb_complete	48	static
midi.c:1219:13:snd_usbmidi_in_endpoint_delete	48	static
midi.c:812:13:snd_usbmidi_raw_output	32	static
midi.c:776:13:snd_usbmidi_novation_output	48	static
midi.c:862:13:snd_usbmidi_us122l_output	32	static
midi.c:224:13:snd_usbmidi_input_data	16	static
midi.c:678:13:snd_usbmidi_akai_input	48	static
midi.c:402:13:snd_usbmidi_standard_input	64	static
midi.c:474:13:snd_usbmidi_cme_input	16	static
midi.c:931:13:snd_usbmidi_emagic_input	48	static
midi.c:806:13:snd_usbmidi_raw_input	16	static
midi.c:768:13:snd_usbmidi_novation_input	16	static
midi.c:416:13:snd_usbmidi_midiman_input	48	static
midi.c:433:13:snd_usbmidi_maudio_broken_running_status_input	64	static
midi.c:838:13:snd_usbmidi_ftdi_input	16	static
midi.c:850:13:snd_usbmidi_us122l_input	16	static
midi.c:1926:12:snd_usbmidi_detect_endpoints	48	static
midi.c:1974:12:snd_usbmidi_detect_per_port_endpoints	32	static
midi.c:1123:13:snd_usbmidi_output_trigger	32	static
midi.c:1233:12:snd_usbmidi_in_endpoint_create.isra.20	112	static
midi.c:1692:13:snd_usbmidi_init_substream	32	static
midi.c:1288:13:snd_usbmidi_out_endpoint_clear	48	static
midi.c:1466:13:snd_usbmidi_rawmidi_free	48	static
midi.c:1678:13:snd_usbmidi_get_port_info	0	static
midi.c:1309:12:snd_usbmidi_out_endpoint_create.isra.21	112	static
midi.c:1419:6:snd_usbmidi_disconnect	64	static
midi.c:2198:6:snd_usbmidi_input_stop	64	static
midi.c:2232:6:snd_usbmidi_input_start	64	static
midi.c:1049:12:substream_open.isra.25	64	static
midi.c:1178:12:snd_usbmidi_input_close	16	static
midi.c:1173:12:snd_usbmidi_input_open	16	static
midi.c:1118:12:snd_usbmidi_output_close	16	static
midi.c:1095:12:snd_usbmidi_output_open	16	static
midi.c:2249:6:snd_usbmidi_suspend	32	static
midi.c:2263:6:snd_usbmidi_resume	32	static
midi.c:2277:5:snd_usbmidi_create	160	static
